Archive member included to satisfy reference by file (symbol)

c:/st/stm32cubeide_1.7.0/stm32cubeide/plugins/com.st.stm32cube.ide.mcu.externaltools.gnu-tools-for-stm32.10.3-2021.10.win32_1.0.200.202301161003/tools/bin/../lib/gcc/arm-none-eabi/10.3.1/../../../../arm-none-eabi/lib/thumb/v7e-m/nofp\libc_nano.a(lib_a-errno.o)
                              ./src/bsp/syscalls.o (__errno)
c:/st/stm32cubeide_1.7.0/stm32cubeide/plugins/com.st.stm32cube.ide.mcu.externaltools.gnu-tools-for-stm32.10.3-2021.10.win32_1.0.200.202301161003/tools/bin/../lib/gcc/arm-none-eabi/10.3.1/../../../../arm-none-eabi/lib/thumb/v7e-m/nofp\libc_nano.a(lib_a-exit.o)
                              c:/st/stm32cubeide_1.7.0/stm32cubeide/plugins/com.st.stm32cube.ide.mcu.externaltools.gnu-tools-for-stm32.10.3-2021.10.win32_1.0.200.202301161003/tools/bin/../lib/gcc/arm-none-eabi/10.3.1/../../../../arm-none-eabi/lib/thumb/v7e-m/nofp/crt0.o (exit)
c:/st/stm32cubeide_1.7.0/stm32cubeide/plugins/com.st.stm32cube.ide.mcu.externaltools.gnu-tools-for-stm32.10.3-2021.10.win32_1.0.200.202301161003/tools/bin/../lib/gcc/arm-none-eabi/10.3.1/../../../../arm-none-eabi/lib/thumb/v7e-m/nofp\libc_nano.a(lib_a-impure.o)
                              c:/st/stm32cubeide_1.7.0/stm32cubeide/plugins/com.st.stm32cube.ide.mcu.externaltools.gnu-tools-for-stm32.10.3-2021.10.win32_1.0.200.202301161003/tools/bin/../lib/gcc/arm-none-eabi/10.3.1/../../../../arm-none-eabi/lib/thumb/v7e-m/nofp\libc_nano.a(lib_a-exit.o) (_global_impure_ptr)
c:/st/stm32cubeide_1.7.0/stm32cubeide/plugins/com.st.stm32cube.ide.mcu.externaltools.gnu-tools-for-stm32.10.3-2021.10.win32_1.0.200.202301161003/tools/bin/../lib/gcc/arm-none-eabi/10.3.1/../../../../arm-none-eabi/lib/thumb/v7e-m/nofp\libc_nano.a(lib_a-init.o)
                              c:/st/stm32cubeide_1.7.0/stm32cubeide/plugins/com.st.stm32cube.ide.mcu.externaltools.gnu-tools-for-stm32.10.3-2021.10.win32_1.0.200.202301161003/tools/bin/../lib/gcc/arm-none-eabi/10.3.1/../../../../arm-none-eabi/lib/thumb/v7e-m/nofp/crt0.o (__libc_init_array)
c:/st/stm32cubeide_1.7.0/stm32cubeide/plugins/com.st.stm32cube.ide.mcu.externaltools.gnu-tools-for-stm32.10.3-2021.10.win32_1.0.200.202301161003/tools/bin/../lib/gcc/arm-none-eabi/10.3.1/../../../../arm-none-eabi/lib/thumb/v7e-m/nofp\libc_nano.a(lib_a-memset.o)
                              c:/st/stm32cubeide_1.7.0/stm32cubeide/plugins/com.st.stm32cube.ide.mcu.externaltools.gnu-tools-for-stm32.10.3-2021.10.win32_1.0.200.202301161003/tools/bin/../lib/gcc/arm-none-eabi/10.3.1/../../../../arm-none-eabi/lib/thumb/v7e-m/nofp/crt0.o (memset)
c:/st/stm32cubeide_1.7.0/stm32cubeide/plugins/com.st.stm32cube.ide.mcu.externaltools.gnu-tools-for-stm32.10.3-2021.10.win32_1.0.200.202301161003/tools/bin/../lib/gcc/arm-none-eabi/10.3.1/../../../../arm-none-eabi/lib/thumb/v7e-m/nofp\libc_nano.a(lib_a-vsnprintf.o)
                              ./src/hw/core/uart.o (vsnprintf)
c:/st/stm32cubeide_1.7.0/stm32cubeide/plugins/com.st.stm32cube.ide.mcu.externaltools.gnu-tools-for-stm32.10.3-2021.10.win32_1.0.200.202301161003/tools/bin/../lib/gcc/arm-none-eabi/10.3.1/../../../../arm-none-eabi/lib/thumb/v7e-m/nofp\libc_nano.a(lib_a-nano-svfprintf.o)
                              c:/st/stm32cubeide_1.7.0/stm32cubeide/plugins/com.st.stm32cube.ide.mcu.externaltools.gnu-tools-for-stm32.10.3-2021.10.win32_1.0.200.202301161003/tools/bin/../lib/gcc/arm-none-eabi/10.3.1/../../../../arm-none-eabi/lib/thumb/v7e-m/nofp\libc_nano.a(lib_a-vsnprintf.o) (_svfprintf_r)
c:/st/stm32cubeide_1.7.0/stm32cubeide/plugins/com.st.stm32cube.ide.mcu.externaltools.gnu-tools-for-stm32.10.3-2021.10.win32_1.0.200.202301161003/tools/bin/../lib/gcc/arm-none-eabi/10.3.1/../../../../arm-none-eabi/lib/thumb/v7e-m/nofp\libc_nano.a(lib_a-nano-vfprintf_i.o)
                              c:/st/stm32cubeide_1.7.0/stm32cubeide/plugins/com.st.stm32cube.ide.mcu.externaltools.gnu-tools-for-stm32.10.3-2021.10.win32_1.0.200.202301161003/tools/bin/../lib/gcc/arm-none-eabi/10.3.1/../../../../arm-none-eabi/lib/thumb/v7e-m/nofp\libc_nano.a(lib_a-nano-svfprintf.o) (_printf_i)
c:/st/stm32cubeide_1.7.0/stm32cubeide/plugins/com.st.stm32cube.ide.mcu.externaltools.gnu-tools-for-stm32.10.3-2021.10.win32_1.0.200.202301161003/tools/bin/../lib/gcc/arm-none-eabi/10.3.1/../../../../arm-none-eabi/lib/thumb/v7e-m/nofp\libc_nano.a(lib_a-memchr.o)
                              c:/st/stm32cubeide_1.7.0/stm32cubeide/plugins/com.st.stm32cube.ide.mcu.externaltools.gnu-tools-for-stm32.10.3-2021.10.win32_1.0.200.202301161003/tools/bin/../lib/gcc/arm-none-eabi/10.3.1/../../../../arm-none-eabi/lib/thumb/v7e-m/nofp\libc_nano.a(lib_a-nano-svfprintf.o) (memchr)
c:/st/stm32cubeide_1.7.0/stm32cubeide/plugins/com.st.stm32cube.ide.mcu.externaltools.gnu-tools-for-stm32.10.3-2021.10.win32_1.0.200.202301161003/tools/bin/../lib/gcc/arm-none-eabi/10.3.1/../../../../arm-none-eabi/lib/thumb/v7e-m/nofp\libc_nano.a(lib_a-memcpy-stub.o)
[...]
Memory Configuration

Name             Origin             Length             Attributes
CCMRAM           0x0000000010000000 0x0000000000010000 xrw
RAM              0x0000000020000000 0x0000000000020000 xrw
FLASH            0x0000000008000000 0x0000000000100000 xr
*default*        0x0000000000000000 0xffffffffffffffff

Linker script and memory map

LOAD c:/st/stm32cubeide_1.7.0/stm32cubeide/plugins/com.st.stm32cube.ide.mcu.externaltools.gnu-tools-for-stm32.10.3-2021.10.win32_1.0.200.202301161003/tools/bin/../lib/gcc/arm-none-eabi/10.3.1/thumb/v7e-m/nofp/crti.o
LOAD c:/st/stm32cubeide_1.7.0/stm32cubeide/plugins/com.st.stm32cube.ide.mcu.externaltools.gnu-tools-for-stm32.10.3-2021.10.win32_1.0.200.202301161003/tools/bin/../lib/gcc/arm-none-eabi/10.3.1/thumb/v7e-m/nofp/crtbegin.o
LOAD c:/st/stm32cubeide_1.7.0/stm32cubeide/plugins/com.st.stm32cube.ide.mcu.externaltools.gnu-tools-for-stm32.10.3-2021.10.win32_1.0.200.202301161003/tools/bin/../lib/gcc/arm-none-eabi/10.3.1/../../../../arm-none-eabi/lib/thumb/v7e-m/nofp/crt0.o
LOAD ./src/ap/ap.o
LOAD ./src/bsp/bsp.o
LOAD ./src/bsp/stm32f4xx_hal_msp.o
LOAD ./src/bsp/stm32f4xx_it.o
LOAD ./src/bsp/syscalls.o
LOAD ./src/bsp/sysmem.o
LOAD ./src/bsp/system_stm32f4xx.o
LOAD ./src/bsp/startup/startup_stm32f407vgtx.o
LOAD ./src/common/core/qbuffer.o
LOAD ./src/hw/core/button.o
LOAD ./src/hw/core/led.o
LOAD ./src/hw/core/swtimer.o
LOAD ./src/hw/core/timer.o
LOAD ./src/hw/core/uart.o
LOAD ./src/hw/hw.o
LOAD ./src/lib/stm32f407vgt6_cube/Drivers/STM32F4xx_HAL_Driver/Src/stm32f4xx_hal.o
LOAD ./src/lib/stm32f407vgt6_cube/Drivers/STM32F4xx_HAL_Driver/Src/stm32f4xx_hal_cortex.o
LOAD ./src/lib/stm32f407vgt6_cube/Drivers/STM32F4xx_HAL_Driver/Src/stm32f4xx_hal_dma.o
LOAD ./src/lib/stm32f407vgt6_cube/Drivers/STM32F4xx_HAL_Driver/Src/stm32f4xx_hal_dma_ex.o
LOAD ./src/lib/stm32f407vgt6_cube/Drivers/STM32F4xx_HAL_Driver/Src/stm32f4xx_hal_exti.o
LOAD ./src/lib/stm32f407vgt6_cube/Drivers/STM32F4xx_HAL_Driver/Src/stm32f4xx_hal_flash.o
LOAD ./src/lib/stm32f407vgt6_cube/Drivers/STM32F4xx_HAL_Driver/Src/stm32f4xx_hal_flash_ex.o
LOAD ./src/lib/stm32f407vgt6_cube/Drivers/STM32F4xx_HAL_Driver/Src/stm32f4xx_hal_flash_ramfunc.o
LOAD ./src/lib/stm32f407vgt6_cube/Drivers/STM32F4xx_HAL_Driver/Src/stm32f4xx_hal_gpio.o
LOAD ./src/lib/stm32f407vgt6_cube/Drivers/STM32F4xx_HAL_Driver/Src/stm32f4xx_hal_pcd.o
LOAD ./src/lib/stm32f407vgt6_cube/Drivers/STM32F4xx_HAL_Driver/Src/stm32f4xx_hal_pcd_ex.o
LOAD ./src/lib/stm32f407vgt6_cube/Drivers/STM32F4xx_HAL_Driver/Src/stm32f4xx_hal_pwr.o
LOAD ./src/lib/stm32f407vgt6_cube/Drivers/STM32F4xx_HAL_Driver/Src/stm32f4xx_hal_pwr_ex.o
LOAD ./src/lib/stm32f407vgt6_cube/Drivers/STM32F4xx_HAL_Driver/Src/stm32f4xx_hal_rcc.o
LOAD ./src/lib/stm32f407vgt6_cube/Drivers/STM32F4xx_HAL_Driver/Src/stm32f4xx_hal_rcc_ex.o
LOAD ./src/lib/stm32f407vgt6_cube/Drivers/STM32F4xx_HAL_Driver/Src/stm32f4xx_hal_tim.o
LOAD ./src/lib/stm32f407vgt6_cube/Drivers/STM32F4xx_HAL_Driver/Src/stm32f4xx_hal_tim_ex.o
LOAD ./src/lib/stm32f407vgt6_cube/Drivers/STM32F4xx_HAL_Driver/Src/stm32f4xx_hal_uart.o
LOAD ./src/lib/stm32f407vgt6_cube/Drivers/STM32F4xx_HAL_Driver/Src/stm32f4xx_ll_usb.o
LOAD ./src/lib/stm32f407vgt6_cube/Middlewares/ST/STM32_USB_Device_Library/Class/CDC/Src/usbd_cdc.o
LOAD ./src/lib/stm32f407vgt6_cube/Middlewares/ST/STM32_USB_Device_Library/Core/Src/usbd_core.o
LOAD ./src/lib/stm32f407vgt6_cube/Middlewares/ST/STM32_USB_Device_Library/Core/Src/usbd_ctlreq.o
LOAD ./src/lib/stm32f407vgt6_cube/Middlewares/ST/STM32_USB_Device_Library/Core/Src/usbd_ioreq.o
LOAD ./src/lib/stm32f407vgt6_cube/USB_DEVICE/App/usb_device.o
LOAD ./src/lib/stm32f407vgt6_cube/USB_DEVICE/App/usbd_cdc_if.o
LOAD ./src/lib/stm32f407vgt6_cube/USB_DEVICE/App/usbd_desc.o
LOAD ./src/lib/stm32f407vgt6_cube/USB_DEVICE/Target/usbd_conf.o
LOAD ./src/main.o
START GROUP
LOAD c:/st/stm32cubeide_1.7.0/stm32cubeide/plugins/com.st.stm32cube.ide.mcu.externaltools.gnu-tools-for-stm32.10.3-2021.10.win32_1.0.200.202301161003/tools/bin/../lib/gcc/arm-none-eabi/10.3.1/../../../../arm-none-eabi/lib/thumb/v7e-m/nofp\libc_nano.a
LOAD c:/st/stm32cubeide_1.7.0/stm32cubeide/plugins/com.st.stm32cube.ide.mcu.externaltools.gnu-tools-for-stm32.10.3-2021.10.win32_1.0.200.202301161003/tools/bin/../lib/gcc/arm-none-eabi/10.3.1/../../../../arm-none-eabi/lib/thumb/v7e-m/nofp\libm.a
END GROUP
START GROUP
LOAD c:/st/stm32cubeide_1.7.0/stm32cubeide/plugins/com.st.stm32cube.ide.mcu.externaltools.gnu-tools-for-stm32.10.3-2021.10.win32_1.0.200.202301161003/tools/bin/../lib/gcc/arm-none-eabi/10.3.1/thumb/v7e-m/nofp\libgcc.a
LOAD c:/st/stm32cubeide_1.7.0/stm32cubeide/plugins/com.st.stm32cube.ide.mcu.externaltools.gnu-tools-for-stm32.10.3-2021.10.win32_1.0.200.202301161003/tools/bin/../lib/gcc/arm-none-eabi/10.3.1/../../../../arm-none-eabi/lib/thumb/v7e-m/nofp\libc_nano.a
END GROUP
START GROUP
LOAD c:/st/stm32cubeide_1.7.0/stm32cubeide/plugins/com.st.stm32cube.ide.mcu.externaltools.gnu-tools-for-stm32.10.3-2021.10.win32_1.0.200.202301161003/tools/bin/../lib/gcc/arm-none-eabi/10.3.1/thumb/v7e-m/nofp\libgcc.a
LOAD c:/st/stm32cubeide_1.7.0/stm32cubeide/plugins/com.st.stm32cube.ide.mcu.externaltools.gnu-tools-for-stm32.10.3-2021.10.win32_1.0.200.202301161003/tools/bin/../lib/gcc/arm-none-eabi/10.3.1/../../../../arm-none-eabi/lib/thumb/v7e-m/nofp\libc_nano.a
LOAD c:/st/stm32cubeide_1.7.0/stm32cubeide/plugins/com.st.stm32cube.ide.mcu.externaltools.gnu-tools-for-stm32.10.3-2021.10.win32_1.0.200.202301161003/tools/bin/../lib/gcc/arm-none-eabi/10.3.1/../../../../arm-none-eabi/lib/thumb/v7e-m/nofp\libnosys.a
END GROUP
START GROUP
LOAD c:/st/stm32cubeide_1.7.0/stm32cubeide/plugins/com.st.stm32cube.ide.mcu.externaltools.gnu-tools-for-stm32.10.3-2021.10.win32_1.0.200.202301161003/tools/bin/../lib/gcc/arm-none-eabi/10.3.1/thumb/v7e-m/nofp\libgcc.a
LOAD c:/st/stm32cubeide_1.7.0/stm32cubeide/plugins/com.st.stm32cube.ide.mcu.externaltools.gnu-tools-for-stm32.10.3-2021.10.win32_1.0.200.202301161003/tools/bin/../lib/gcc/arm-none-eabi/10.3.1/../../../../arm-none-eabi/lib/thumb/v7e-m/nofp\libc_nano.a
LOAD c:/st/stm32cubeide_1.7.0/stm32cubeide/plugins/com.st.stm32cube.ide.mcu.externaltools.gnu-tools-for-stm32.10.3-2021.10.win32_1.0.200.202301161003/tools/bin/../lib/gcc/arm-none-eabi/10.3.1/../../../../arm-none-eabi/lib/thumb/v7e-m/nofp\libnosys.a
END GROUP
LOAD c:/st/stm32cubeide_1.7.0/stm32cubeide/plugins/com.st.stm32cube.ide.mcu.externaltools.gnu-tools-for-stm32.10.3-2021.10.win32_1.0.200.202301161003/tools/bin/../lib/gcc/arm-none-eabi/10.3.1/thumb/v7e-m/nofp/crtend.o
LOAD c:/st/stm32cubeide_1.7.0/stm32cubeide/plugins/com.st.stm32cube.ide.mcu.externaltools.gnu-tools-for-stm32.10.3-2021.10.win32_1.0.200.202301161003/tools/bin/../lib/gcc/arm-none-eabi/10.3.1/thumb/v7e-m/nofp/crtn.o
                0x0000000020020000                _estack = (ORIGIN (RAM) + LENGTH (RAM))
                0x0000000000000200                _Min_Heap_Size = 0x200
                0x0000000000000400                _Min_Stack_Size = 0x400

.isr_vector     0x0000000008000000      0x188
                0x0000000008000000                . = ALIGN (0x4)
 *(.isr_vector)
 .isr_vector    0x0000000008000000      0x188 ./src/bsp/startup/startup_stm32f407vgtx.o
                0x0000000008000000                g_pfnVectors
                0x0000000008000188                . = ALIGN (0x4)

.text           0x0000000008000190     0xb454
                0x0000000008000190                . = ALIGN (0x4)
 *(.text)
 .text          0x0000000008000190       0x40 c:/st/stm32cubeide_1.7.0/stm32cubeide/plugins/com.st.stm32cube.ide.mcu.externaltools.gnu-tools-for-stm32.10.3-2021.10.win32_1.0.200.202301161003/tools/bin/../lib/gcc/arm-none-eabi/10.3.1/thumb/v7e-m/nofp/crtbegin.o
 .text          0x00000000080001d0       0xa0 c:/st/stm32cubeide_1.7.0/stm32cubeide/plugins/com.st.stm32cube.ide.mcu.externaltools.gnu-tools-for-stm32.10.3-2021.10.win32_1.0.200.202301161003/tools/bin/../lib/gcc/arm-none-eabi/10.3.1/../../../../arm-none-eabi/lib/thumb/v7e-m/nofp\libc_nano.a(lib_a-memchr.o)
                0x00000000080001d0                memchr
 .text          0x0000000008000270       0x30 c:/st/stm32cubeide_1.7.0/stm32cubeide/plugins/com.st.stm32cube.ide.mcu.externaltools.gnu-tools-for-stm32.10.3-2021.10.win32_1.0.200.202301161003/tools/bin/../lib/gcc/arm-none-eabi/10.3.1/thumb/v7e-m/nofp\libgcc.a(_aeabi_uldivmod.o)
                0x0000000008000270                __aeabi_uldivmod
 .text          0x00000000080002a0      0x2d0 c:/st/stm32cubeide_1.7.0/stm32cubeide/plugins/com.st.stm32cube.ide.mcu.externaltools.gnu-tools-for-stm32.10.3-2021.10.win32_1.0.200.202301161003/tools/bin/../lib/gcc/arm-none-eabi/10.3.1/thumb/v7e-m/nofp\libgcc.a(_udivmoddi4.o)
                0x00000000080002a0                __udivmoddi4
 .text          0x0000000008000570        0x4 c:/st/stm32cubeide_1.7.0/stm32cubeide/plugins/com.st.stm32cube.ide.mcu.externaltools.gnu-tools-for-stm32.10.3-2021.10.win32_1.0.200.202301161003/tools/bin/../lib/gcc/arm-none-eabi/10.3.1/thumb/v7e-m/nofp\libgcc.a(_dvmd_tls.o)
                0x0000000008000570                __aeabi_idiv0
                0x0000000008000570                __aeabi_ldiv0
 *(.text*)
 .text.ledISR   0x0000000008000574       0x16 ./src/ap/ap.o
                0x0000000008000574                ledISR
 *fill*         0x000000000800058a        0x2 
 .text.apInit   0x000000000800058c       0x74 ./src/ap/ap.o
                0x000000000800058c                apInit
 .text.apMain   0x0000000008000600       0xac ./src/ap/ap.o
                0x0000000008000600                apMain
 .text.bspInit  0x00000000080006ac       0xf0 ./src/bsp/bsp.o
                0x00000000080006ac                bspInit
 .text.delay    0x000000000800079c       0x16 ./src/bsp/bsp.o
                0x000000000800079c                delay
 .text.millis   0x00000000080007b2        0xe ./src/bsp/bsp.o
                0x00000000080007b2                millis
 .text.SystemClock_Config
                0x00000000080007c0       0xd4 ./src/bsp/bsp.o
 .text.Error_Handler
                0x0000000008000894        0x6 ./src/bsp/bsp.o
 *fill*         0x000000000800089a        0x2 
 .text.HAL_MspInit
                0x000000000800089c       0x4c ./src/bsp/stm32f4xx_hal_msp.o
                0x000000000800089c                HAL_MspInit
 .text.NMI_Handler
                0x00000000080008e8        0x6 ./src/bsp/stm32f4xx_it.o
                0x00000000080008e8                NMI_Handler
 .text.HardFault_Handler
                0x00000000080008ee        0x6 ./src/bsp/stm32f4xx_it.o
                0x00000000080008ee                HardFault_Handler
 .text.MemManage_Handler
                0x00000000080008f4        0x6 ./src/bsp/stm32f4xx_it.o
                0x00000000080008f4                MemManage_Handler
 .text.BusFault_Handler
                0x00000000080008fa        0x6 ./src/bsp/stm32f4xx_it.o
                0x00000000080008fa                BusFault_Handler
 .text.UsageFault_Handler
                0x0000000008000900        0x6 ./src/bsp/stm32f4xx_it.o
                0x0000000008000900                UsageFault_Handler
 .text.SVC_Handler
                0x0000000008000906        0xc ./src/bsp/stm32f4xx_it.o
                0x0000000008000906                SVC_Handler
 .text.DebugMon_Handler
                0x0000000008000912        0xc ./src/bsp/stm32f4xx_it.o
                0x0000000008000912                DebugMon_Handler
 .text.PendSV_Handler
                0x000000000800091e        0xc ./src/bsp/stm32f4xx_it.o
                0x000000000800091e                PendSV_Handler
 .text.SysTick_Handler
                0x000000000800092a        0xc ./src/bsp/stm32f4xx_it.o
                0x000000000800092a                SysTick_Handler
 *fill*         0x0000000008000936        0x2 
 .text.USART1_IRQHandler
                0x0000000008000938       0x14 ./src/bsp/stm32f4xx_it.o
                0x0000000008000938                USART1_IRQHandler
 .text.DMA2_Stream2_IRQHandler
                0x000000000800094c       0x14 ./src/bsp/stm32f4xx_it.o
                0x000000000800094c                DMA2_Stream2_IRQHandler
 .text.OTG_FS_IRQHandler
                0x0000000008000960       0x14 ./src/bsp/stm32f4xx_it.o
                0x0000000008000960                OTG_FS_IRQHandler
 .text._sbrk    0x0000000008000974       0x6c ./src/bsp/sysmem.o
                0x0000000008000974                _sbrk
 .text.SystemInit
                0x00000000080009e0        0xc ./src/bsp/system_stm32f4xx.o
                0x00000000080009e0                SystemInit
 .text.Reset_Handler
                0x00000000080009ec       0x50 ./src/bsp/startup/startup_stm32f407vgtx.o
                0x00000000080009ec                Reset_Handler
 .text.Default_Handler
                0x0000000008000a3c        0x2 ./src/bsp/startup/startup_stm32f407vgtx.o
                0x0000000008000a3c                RTC_Alarm_IRQHandler
                0x0000000008000a3c                HASH_RNG_IRQHandler
                0x0000000008000a3c                EXTI2_IRQHandler
                0x0000000008000a3c                TIM8_CC_IRQHandler
                0x0000000008000a3c                TIM1_CC_IRQHandler
                0x0000000008000a3c                DMA2_Stream5_IRQHandler
                0x0000000008000a3c                DMA1_Stream5_IRQHandler
                0x0000000008000a3c                PVD_IRQHandler
                0x0000000008000a3c                SDIO_IRQHandler
                0x0000000008000a3c                TAMP_STAMP_IRQHandler
                0x0000000008000a3c                CAN2_RX1_IRQHandler
                0x0000000008000a3c                EXTI3_IRQHandler
                0x0000000008000a3c                TIM8_TRG_COM_TIM14_IRQHandler
                0x0000000008000a3c                TIM1_UP_TIM10_IRQHandler
                0x0000000008000a3c                TIM8_UP_TIM13_IRQHandler
                0x0000000008000a3c                I2C3_ER_IRQHandler
                0x0000000008000a3c                EXTI0_IRQHandler
                0x0000000008000a3c                I2C2_EV_IRQHandler
                0x0000000008000a3c                DMA1_Stream2_IRQHandler
                0x0000000008000a3c                CAN1_RX0_IRQHandler
                0x0000000008000a3c                FPU_IRQHandler
                0x0000000008000a3c                OTG_HS_WKUP_IRQHandler
                0x0000000008000a3c                CAN2_SCE_IRQHandler
                0x0000000008000a3c                SPI1_IRQHandler
                0x0000000008000a3c                TIM6_DAC_IRQHandler
                0x0000000008000a3c                TIM1_BRK_TIM9_IRQHandler
                0x0000000008000a3c                DCMI_IRQHandler
                0x0000000008000a3c                CAN2_RX0_IRQHandler
                0x0000000008000a3c                DMA2_Stream3_IRQHandler
                0x0000000008000a3c                USART6_IRQHandler
                0x0000000008000a3c                USART3_IRQHandler
                0x0000000008000a3c                CAN1_RX1_IRQHandler
                0x0000000008000a3c                UART5_IRQHandler
                0x0000000008000a3c                DMA2_Stream0_IRQHandler
                0x0000000008000a3c                TIM4_IRQHandler
                0x0000000008000a3c                I2C1_EV_IRQHandler
                0x0000000008000a3c                DMA1_Stream6_IRQHandler
                0x0000000008000a3c                DMA1_Stream1_IRQHandler
                0x0000000008000a3c                UART4_IRQHandler
                0x0000000008000a3c                RCC_IRQHandler
                0x0000000008000a3c                TIM8_BRK_TIM12_IRQHandler
                0x0000000008000a3c                Default_Handler
                0x0000000008000a3c                EXTI15_10_IRQHandler
                0x0000000008000a3c                ADC_IRQHandler
                0x0000000008000a3c                DMA1_Stream7_IRQHandler
                0x0000000008000a3c                TIM7_IRQHandler
                0x0000000008000a3c                CAN2_TX_IRQHandler
                0x0000000008000a3c                TIM5_IRQHandler
                0x0000000008000a3c                DMA2_Stream7_IRQHandler
                0x0000000008000a3c                I2C3_EV_IRQHandler
                0x0000000008000a3c                EXTI9_5_IRQHandler
                0x0000000008000a3c                RTC_WKUP_IRQHandler
                0x0000000008000a3c                ETH_WKUP_IRQHandler
                0x0000000008000a3c                SPI2_IRQHandler
                0x0000000008000a3c                OTG_HS_EP1_IN_IRQHandler
                0x0000000008000a3c                DMA1_Stream0_IRQHandler
                0x0000000008000a3c                CAN1_TX_IRQHandler
                0x0000000008000a3c                EXTI4_IRQHandler
                0x0000000008000a3c                FSMC_IRQHandler
                0x0000000008000a3c                ETH_IRQHandler
                0x0000000008000a3c                OTG_HS_EP1_OUT_IRQHandler
                0x0000000008000a3c                WWDG_IRQHandler
                0x0000000008000a3c                TIM2_IRQHandler
                0x0000000008000a3c                OTG_FS_WKUP_IRQHandler
                0x0000000008000a3c                TIM1_TRG_COM_TIM11_IRQHandler
                0x0000000008000a3c                OTG_HS_IRQHandler
                0x0000000008000a3c                EXTI1_IRQHandler
                0x0000000008000a3c                USART2_IRQHandler
                0x0000000008000a3c                I2C2_ER_IRQHandler
                0x0000000008000a3c                DMA2_Stream1_IRQHandler
                0x0000000008000a3c                CAN1_SCE_IRQHandler
                0x0000000008000a3c                FLASH_IRQHandler
                0x0000000008000a3c                DMA2_Stream4_IRQHandler
                0x0000000008000a3c                SPI3_IRQHandler
                0x0000000008000a3c                DMA1_Stream4_IRQHandler
                0x0000000008000a3c                I2C1_ER_IRQHandler
                0x0000000008000a3c                DMA2_Stream6_IRQHandler
                0x0000000008000a3c                DMA1_Stream3_IRQHandler
 .text.qbufferCreate
                0x0000000008000a3e       0x46 ./src/common/core/qbuffer.o
                0x0000000008000a3e                qbufferCreate
 .text.qbufferWrite
                0x0000000008000a84       0x82 ./src/common/core/qbuffer.o
                0x0000000008000a84                qbufferWrite
 .text.qbufferRead
                0x0000000008000b06       0x78 ./src/common/core/qbuffer.o
                0x0000000008000b06                qbufferRead
 .text.qbufferAvailable
                0x0000000008000b7e       0x38 ./src/common/core/qbuffer.o
                0x0000000008000b7e                qbufferAvailable
 *fill*         0x0000000008000bb6        0x2 
 .text.buttonInit
                0x0000000008000bb8       0x70 ./src/hw/core/button.o
                0x0000000008000bb8                buttonInit
 .text.ledInit  0x0000000008000c28       0xa4 ./src/hw/core/led.o
                0x0000000008000c28                ledInit
 .text.ledOff   0x0000000008000ccc       0x40 ./src/hw/core/led.o
                0x0000000008000ccc                ledOff
 .text.ledToggle
                0x0000000008000d0c       0x38 ./src/hw/core/led.o
                0x0000000008000d0c                ledToggle
 .text.swtimerInit
                0x0000000008000d44       0x8c ./src/hw/core/swtimer.o
                0x0000000008000d44                swtimerInit
 .text.swtimerISR
                0x0000000008000dd0      0x108 ./src/hw/core/swtimer.o
                0x0000000008000dd0                swtimerISR
 .text.swtimerSet
                0x0000000008000ed8       0x84 ./src/hw/core/swtimer.o
                0x0000000008000ed8                swtimerSet
 .text.swtimerStart
                0x0000000008000f5c       0x54 ./src/hw/core/swtimer.o
                0x0000000008000f5c                swtimerStart
 .text.swtimerGetHandle
                0x0000000008000fb0       0x30 ./src/hw/core/swtimer.o
                0x0000000008000fb0                swtimerGetHandle
 .text.timerInit
                0x0000000008000fe0       0x78 ./src/hw/core/timer.o
                0x0000000008000fe0                timerInit
 .text.timerSetPeriod
                0x0000000008001058       0x6c ./src/hw/core/timer.o
                0x0000000008001058                timerSetPeriod
 .text.timerStart
                0x00000000080010c4       0xb0 ./src/hw/core/timer.o
                0x00000000080010c4                timerStart
 .text.timerCallBack
                0x0000000008001174       0x80 ./src/hw/core/timer.o
                0x0000000008001174                timerCallBack
 .text.TIM3_IRQHandler
                0x00000000080011f4       0x14 ./src/hw/core/timer.o
                0x00000000080011f4                TIM3_IRQHandler
 .text.HAL_TIM_OC_DelayElapsedCallback
                0x0000000008001208       0x1a ./src/hw/core/timer.o
                0x0000000008001208                HAL_TIM_OC_DelayElapsedCallback
 *fill*         0x0000000008001222        0x2 
 .text.HAL_TIM_OC_MspInit
                0x0000000008001224       0x50 ./src/hw/core/timer.o
                0x0000000008001224                HAL_TIM_OC_MspInit
 .text.uartInit
                0x0000000008001274       0x70 ./src/hw/core/uart.o
                0x0000000008001274                uartInit
 .text.uartOpen
                0x00000000080012e4      0x124 ./src/hw/core/uart.o
                0x00000000080012e4                uartOpen
 .text.uartStartRx
                0x0000000008001408       0x68 ./src/hw/core/uart.o
                0x0000000008001408                uartStartRx
 .text.uartAvailable
                0x0000000008001470       0x80 ./src/hw/core/uart.o
                0x0000000008001470                uartAvailable
 .text.uartWrite
                0x00000000080014f0       0x94 ./src/hw/core/uart.o
                0x00000000080014f0                uartWrite
 .text.uartRead
                0x0000000008001584       0x54 ./src/hw/core/uart.o
                0x0000000008001584                uartRead
 .text.uartPrintf
                0x00000000080015d8       0xa4 ./src/hw/core/uart.o
                0x00000000080015d8                uartPrintf
 .text.uartGetBaud
                0x000000000800167c       0x28 ./src/hw/core/uart.o
                0x000000000800167c                uartGetBaud
 .text.HAL_UART_RxCpltCallback
                0x00000000080016a4       0x44 ./src/hw/core/uart.o
                0x00000000080016a4                HAL_UART_RxCpltCallback
 .text.HAL_UART_MspInit
                0x00000000080016e8      0x118 ./src/hw/core/uart.o
                0x00000000080016e8                HAL_UART_MspInit
 .text.HAL_UART_MspDeInit
                0x0000000008001800       0x4c ./src/hw/core/uart.o
                0x0000000008001800                HAL_UART_MspDeInit
 .text.Error_Handler
                0x000000000800184c        0xa ./src/hw/core/uart.o
                0x000000000800184c                Error_Handler
 .text.hwInit   0x0000000008001856       0x20 ./src/hw/hw.o
                0x0000000008001856                hwInit
 *fill*         0x0000000008001876        0x2 
 .text.HAL_Init
                0x0000000008001878       0x44 ./src/lib/stm32f407vgt6_cube/Drivers/STM32F4xx_HAL_Driver/Src/stm32f4xx_hal.o
                0x0000000008001878                HAL_Init
 .text.HAL_InitTick
                0x00000000080018bc       0x60 ./src/lib/stm32f407vgt6_cube/Drivers/STM32F4xx_HAL_Driver/Src/stm32f4xx_hal.o
                0x00000000080018bc                HAL_InitTick
 .text.HAL_IncTick
                0x000000000800191c       0x24 ./src/lib/stm32f407vgt6_cube/Drivers/STM32F4xx_HAL_Driver/Src/stm32f4xx_hal.o
                0x000000000800191c                HAL_IncTick
 .text.HAL_GetTick
                0x0000000008001940       0x14 ./src/lib/stm32f407vgt6_cube/Drivers/STM32F4xx_HAL_Driver/Src/stm32f4xx_hal.o
                0x0000000008001940                HAL_GetTick
 .text.HAL_Delay
                0x0000000008001954       0x48 ./src/lib/stm32f407vgt6_cube/Drivers/STM32F4xx_HAL_Driver/Src/stm32f4xx_hal.o
                0x0000000008001954                HAL_Delay
 .text.__NVIC_SetPriorityGrouping
                0x000000000800199c       0x48 ./src/lib/stm32f407vgt6_cube/Drivers/STM32F4xx_HAL_Driver/Src/stm32f4xx_hal_cortex.o
 .text.__NVIC_GetPriorityGrouping
                0x00000000080019e4       0x1c ./src/lib/stm32f407vgt6_cube/Drivers/STM32F4xx_HAL_Driver/Src/stm32f4xx_hal_cortex.o
 .text.__NVIC_EnableIRQ
                0x0000000008001a00       0x38 ./src/lib/stm32f407vgt6_cube/Drivers/STM32F4xx_HAL_Driver/Src/stm32f4xx_hal_cortex.o
 .text.__NVIC_DisableIRQ
                0x0000000008001a38       0x48 ./src/lib/stm32f407vgt6_cube/Drivers/STM32F4xx_HAL_Driver/Src/stm32f4xx_hal_cortex.o
 .text.__NVIC_SetPriority
                0x0000000008001a80       0x54 ./src/lib/stm32f407vgt6_cube/Drivers/STM32F4xx_HAL_Driver/Src/stm32f4xx_hal_cortex.o
 .text.NVIC_EncodePriority
                0x0000000008001ad4       0x64 ./src/lib/stm32f407vgt6_cube/Drivers/STM32F4xx_HAL_Driver/Src/stm32f4xx_hal_cortex.o
 .text.SysTick_Config
                0x0000000008001b38       0x44 ./src/lib/stm32f407vgt6_cube/Drivers/STM32F4xx_HAL_Driver/Src/stm32f4xx_hal_cortex.o
 .text.HAL_NVIC_SetPriorityGrouping
                0x0000000008001b7c       0x16 ./src/lib/stm32f407vgt6_cube/Drivers/STM32F4xx_HAL_Driver/Src/stm32f4xx_hal_cortex.o
                0x0000000008001b7c                HAL_NVIC_SetPriorityGrouping
 .text.HAL_NVIC_SetPriority
                0x0000000008001b92       0x38 ./src/lib/stm32f407vgt6_cube/Drivers/STM32F4xx_HAL_Driver/Src/stm32f4xx_hal_cortex.o
                0x0000000008001b92                HAL_NVIC_SetPriority
 .text.HAL_NVIC_EnableIRQ
                0x0000000008001bca       0x1c ./src/lib/stm32f407vgt6_cube/Drivers/STM32F4xx_HAL_Driver/Src/stm32f4xx_hal_cortex.o
                0x0000000008001bca                HAL_NVIC_EnableIRQ
 .text.HAL_NVIC_DisableIRQ
                0x0000000008001be6       0x1c ./src/lib/stm32f407vgt6_cube/Drivers/STM32F4xx_HAL_Driver/Src/stm32f4xx_hal_cortex.o
                0x0000000008001be6                HAL_NVIC_DisableIRQ
 .text.HAL_SYSTICK_Config
                0x0000000008001c02       0x18 ./src/lib/stm32f407vgt6_cube/Drivers/STM32F4xx_HAL_Driver/Src/stm32f4xx_hal_cortex.o
                0x0000000008001c02                HAL_SYSTICK_Config
 *fill*         0x0000000008001c1a        0x2 
 .text.HAL_DMA_Init
                0x0000000008001c1c      0x15c ./src/lib/stm32f407vgt6_cube/Drivers/STM32F4xx_HAL_Driver/Src/stm32f4xx_hal_dma.o
                0x0000000008001c1c                HAL_DMA_Init
 .text.HAL_DMA_DeInit
                0x0000000008001d78       0xbc ./src/lib/stm32f407vgt6_cube/Drivers/STM32F4xx_HAL_Driver/Src/stm32f4xx_hal_dma.o
                0x0000000008001d78                HAL_DMA_DeInit
 .text.HAL_DMA_Start_IT
                0x0000000008001e34       0xb0 ./src/lib/stm32f407vgt6_cube/Drivers/STM32F4xx_HAL_Driver/Src/stm32f4xx_hal_dma.o
                0x0000000008001e34                HAL_DMA_Start_IT
 .text.HAL_DMA_Abort
                0x0000000008001ee4       0xe0 ./src/lib/stm32f407vgt6_cube/Drivers/STM32F4xx_HAL_Driver/Src/stm32f4xx_hal_dma.o
                0x0000000008001ee4                HAL_DMA_Abort
 .text.HAL_DMA_Abort_IT
                0x0000000008001fc4       0x42 ./src/lib/stm32f407vgt6_cube/Drivers/STM32F4xx_HAL_Driver/Src/stm32f4xx_hal_dma.o
                0x0000000008001fc4                HAL_DMA_Abort_IT
 *fill*         0x0000000008002006        0x2 
 .text.HAL_DMA_IRQHandler
                0x0000000008002008      0x314 ./src/lib/stm32f407vgt6_cube/Drivers/STM32F4xx_HAL_Driver/Src/stm32f4xx_hal_dma.o
                0x0000000008002008                HAL_DMA_IRQHandler
 .text.DMA_SetConfig
                0x000000000800231c       0x5a ./src/lib/stm32f407vgt6_cube/Drivers/STM32F4xx_HAL_Driver/Src/stm32f4xx_hal_dma.o
 *fill*         0x0000000008002376        0x2 
 .text.DMA_CalcBaseAndBitshift
                0x0000000008002378       0x68 ./src/lib/stm32f407vgt6_cube/Drivers/STM32F4xx_HAL_Driver/Src/stm32f4xx_hal_dma.o
 .text.DMA_CheckFifoParam
                0x00000000080023e0       0xf4 ./src/lib/stm32f407vgt6_cube/Drivers/STM32F4xx_HAL_Driver/Src/stm32f4xx_hal_dma.o
 .text.HAL_GPIO_Init
                0x00000000080024d4      0x334 ./src/lib/stm32f407vgt6_cube/Drivers/STM32F4xx_HAL_Driver/Src/stm32f4xx_hal_gpio.o
                0x00000000080024d4                HAL_GPIO_Init
 .text.HAL_GPIO_DeInit
                0x0000000008002808      0x1f4 ./src/lib/stm32f407vgt6_cube/Drivers/STM32F4xx_HAL_Driver/Src/stm32f4xx_hal_gpio.o
                0x0000000008002808                HAL_GPIO_DeInit
 .text.HAL_GPIO_WritePin
                0x00000000080029fc       0x30 ./src/lib/stm32f407vgt6_cube/Drivers/STM32F4xx_HAL_Driver/Src/stm32f4xx_hal_gpio.o
                0x00000000080029fc                HAL_GPIO_WritePin
 .text.HAL_GPIO_TogglePin
                0x0000000008002a2c       0x32 ./src/lib/stm32f407vgt6_cube/Drivers/STM32F4xx_HAL_Driver/Src/stm32f4xx_hal_gpio.o
                0x0000000008002a2c                HAL_GPIO_TogglePin
 .text.HAL_PCD_Init
                0x0000000008002a5e      0x23a ./src/lib/stm32f407vgt6_cube/Drivers/STM32F4xx_HAL_Driver/Src/stm32f4xx_hal_pcd.o
                0x0000000008002a5e                HAL_PCD_Init
 .text.HAL_PCD_Start
                0x0000000008002c98       0x66 ./src/lib/stm32f407vgt6_cube/Drivers/STM32F4xx_HAL_Driver/Src/stm32f4xx_hal_pcd.o
                0x0000000008002c98                HAL_PCD_Start
 .text.HAL_PCD_IRQHandler
                0x0000000008002cfe      0x93e ./src/lib/stm32f407vgt6_cube/Drivers/STM32F4xx_HAL_Driver/Src/stm32f4xx_hal_pcd.o
                0x0000000008002cfe                HAL_PCD_IRQHandler
 .text.HAL_PCD_SetAddress
                0x000000000800363c       0x4a ./src/lib/stm32f407vgt6_cube/Drivers/STM32F4xx_HAL_Driver/Src/stm32f4xx_hal_pcd.o
                0x000000000800363c                HAL_PCD_SetAddress
 .text.HAL_PCD_EP_Open
                0x0000000008003686       0xd0 ./src/lib/stm32f407vgt6_cube/Drivers/STM32F4xx_HAL_Driver/Src/stm32f4xx_hal_pcd.o
                0x0000000008003686                HAL_PCD_EP_Open
 .text.HAL_PCD_EP_Close
                0x0000000008003756       0x94 ./src/lib/stm32f407vgt6_cube/Drivers/STM32F4xx_HAL_Driver/Src/stm32f4xx_hal_pcd.o
                0x0000000008003756                HAL_PCD_EP_Close
 .text.HAL_PCD_EP_Receive
                0x00000000080037ea       0x96 ./src/lib/stm32f407vgt6_cube/Drivers/STM32F4xx_HAL_Driver/Src/stm32f4xx_hal_pcd.o
                0x00000000080037ea                HAL_PCD_EP_Receive
 .text.HAL_PCD_EP_GetRxCount
                0x0000000008003880       0x2e ./src/lib/stm32f407vgt6_cube/Drivers/STM32F4xx_HAL_Driver/Src/stm32f4xx_hal_pcd.o
                0x0000000008003880                HAL_PCD_EP_GetRxCount
 .text.HAL_PCD_EP_Transmit
                0x00000000080038ae       0x94 ./src/lib/stm32f407vgt6_cube/Drivers/STM32F4xx_HAL_Driver/Src/stm32f4xx_hal_pcd.o
                0x00000000080038ae                HAL_PCD_EP_Transmit
 .text.HAL_PCD_EP_SetStall
                0x0000000008003942       0xc8 ./src/lib/stm32f407vgt6_cube/Drivers/STM32F4xx_HAL_Driver/Src/stm32f4xx_hal_pcd.o
                0x0000000008003942                HAL_PCD_EP_SetStall
 .text.HAL_PCD_EP_ClrStall
                0x0000000008003a0a       0xac ./src/lib/stm32f407vgt6_cube/Drivers/STM32F4xx_HAL_Driver/Src/stm32f4xx_hal_pcd.o
                0x0000000008003a0a                HAL_PCD_EP_ClrStall
 .text.HAL_PCD_EP_Abort
                0x0000000008003ab6       0x62 ./src/lib/stm32f407vgt6_cube/Drivers/STM32F4xx_HAL_Driver/Src/stm32f4xx_hal_pcd.o
                0x0000000008003ab6                HAL_PCD_EP_Abort
 .text.PCD_WriteEmptyTxFifo
                0x0000000008003b18      0x11a ./src/lib/stm32f407vgt6_cube/Drivers/STM32F4xx_HAL_Driver/Src/stm32f4xx_hal_pcd.o
 *fill*         0x0000000008003c32        0x2 
 .text.PCD_EP_OutXfrComplete_int
                0x0000000008003c34      0x1d0 ./src/lib/stm32f407vgt6_cube/Drivers/STM32F4xx_HAL_Driver/Src/stm32f4xx_hal_pcd.o
 .text.PCD_EP_OutSetupPacket_int
                0x0000000008003e04       0x8c ./src/lib/stm32f407vgt6_cube/Drivers/STM32F4xx_HAL_Driver/Src/stm32f4xx_hal_pcd.o
 .text.HAL_PCDEx_SetTxFiFo
                0x0000000008003e90       0x8c ./src/lib/stm32f407vgt6_cube/Drivers/STM32F4xx_HAL_Driver/Src/stm32f4xx_hal_pcd_ex.o
                0x0000000008003e90                HAL_PCDEx_SetTxFiFo
 .text.HAL_PCDEx_SetRxFiFo
                0x0000000008003f1c       0x20 ./src/lib/stm32f407vgt6_cube/Drivers/STM32F4xx_HAL_Driver/Src/stm32f4xx_hal_pcd_ex.o
                0x0000000008003f1c                HAL_PCDEx_SetRxFiFo
 .text.HAL_PCDEx_LPM_Callback
                0x0000000008003f3c       0x16 ./src/lib/stm32f407vgt6_cube/Drivers/STM32F4xx_HAL_Driver/Src/stm32f4xx_hal_pcd_ex.o
                0x0000000008003f3c                HAL_PCDEx_LPM_Callback
 *fill*         0x0000000008003f52        0x2 
 .text.HAL_RCC_OscConfig
                0x0000000008003f54      0x4f0 ./src/lib/stm32f407vgt6_cube/Drivers/STM32F4xx_HAL_Driver/Src/stm32f4xx_hal_rcc.o
                0x0000000008003f54                HAL_RCC_OscConfig
 .text.HAL_RCC_ClockConfig
                0x0000000008004444      0x1cc ./src/lib/stm32f407vgt6_cube/Drivers/STM32F4xx_HAL_Driver/Src/stm32f4xx_hal_rcc.o
                0x0000000008004444                HAL_RCC_ClockConfig
 .text.HAL_RCC_GetSysClockFreq
                0x0000000008004610      0x18c ./src/lib/stm32f407vgt6_cube/Drivers/STM32F4xx_HAL_Driver/Src/stm32f4xx_hal_rcc.o
                0x0000000008004610                HAL_RCC_GetSysClockFreq
 .text.HAL_RCC_GetHCLKFreq
                0x000000000800479c       0x14 ./src/lib/stm32f407vgt6_cube/Drivers/STM32F4xx_HAL_Driver/Src/stm32f4xx_hal_rcc.o
                0x000000000800479c                HAL_RCC_GetHCLKFreq
 .text.HAL_RCC_GetPCLK1Freq
                0x00000000080047b0       0x28 ./src/lib/stm32f407vgt6_cube/Drivers/STM32F4xx_HAL_Driver/Src/stm32f4xx_hal_rcc.o
                0x00000000080047b0                HAL_RCC_GetPCLK1Freq
 .text.HAL_RCC_GetPCLK2Freq
                0x00000000080047d8       0x28 ./src/lib/stm32f407vgt6_cube/Drivers/STM32F4xx_HAL_Driver/Src/stm32f4xx_hal_rcc.o
                0x00000000080047d8                HAL_RCC_GetPCLK2Freq
 .text.HAL_TIM_OC_Init
                0x0000000008004800       0x9e ./src/lib/stm32f407vgt6_cube/Drivers/STM32F4xx_HAL_Driver/Src/stm32f4xx_hal_tim.o
                0x0000000008004800                HAL_TIM_OC_Init
 *fill*         0x000000000800489e        0x2 
 .text.HAL_TIM_OC_Start_IT
                0x00000000080048a0      0x22c ./src/lib/stm32f407vgt6_cube/Drivers/STM32F4xx_HAL_Driver/Src/stm32f4xx_hal_tim.o
                0x00000000080048a0                HAL_TIM_OC_Start_IT
 .text.HAL_TIM_IRQHandler
                0x0000000008004acc      0x210 ./src/lib/stm32f407vgt6_cube/Drivers/STM32F4xx_HAL_Driver/Src/stm32f4xx_hal_tim.o
                0x0000000008004acc                HAL_TIM_IRQHandler
 .text.HAL_TIM_OC_ConfigChannel
                0x0000000008004cdc       0xb8 ./src/lib/stm32f407vgt6_cube/Drivers/STM32F4xx_HAL_Driver/Src/stm32f4xx_hal_tim.o
                0x0000000008004cdc                HAL_TIM_OC_ConfigChannel
 .text.HAL_TIM_PeriodElapsedCallback
                0x0000000008004d94       0x12 ./src/lib/stm32f407vgt6_cube/Drivers/STM32F4xx_HAL_Driver/Src/stm32f4xx_hal_tim.o
                0x0000000008004d94                HAL_TIM_PeriodElapsedCallback
 .text.HAL_TIM_IC_CaptureCallback
                0x0000000008004da6       0x12 ./src/lib/stm32f407vgt6_cube/Drivers/STM32F4xx_HAL_Driver/Src/stm32f4xx_hal_tim.o
                0x0000000008004da6                HAL_TIM_IC_CaptureCallback
 .text.HAL_TIM_PWM_PulseFinishedCallback
                0x0000000008004db8       0x12 ./src/lib/stm32f407vgt6_cube/Drivers/STM32F4xx_HAL_Driver/Src/stm32f4xx_hal_tim.o
                0x0000000008004db8                HAL_TIM_PWM_PulseFinishedCallback
 .text.HAL_TIM_TriggerCallback
                0x0000000008004dca       0x12 ./src/lib/stm32f407vgt6_cube/Drivers/STM32F4xx_HAL_Driver/Src/stm32f4xx_hal_tim.o
                0x0000000008004dca                HAL_TIM_TriggerCallback
 .text.TIM_Base_SetConfig
                0x0000000008004ddc      0x13c ./src/lib/stm32f407vgt6_cube/Drivers/STM32F4xx_HAL_Driver/Src/stm32f4xx_hal_tim.o
                0x0000000008004ddc                TIM_Base_SetConfig
 .text.TIM_OC1_SetConfig
                0x0000000008004f18       0xe0 ./src/lib/stm32f407vgt6_cube/Drivers/STM32F4xx_HAL_Driver/Src/stm32f4xx_hal_tim.o
 .text.TIM_OC2_SetConfig
                0x0000000008004ff8       0xe8 ./src/lib/stm32f407vgt6_cube/Drivers/STM32F4xx_HAL_Driver/Src/stm32f4xx_hal_tim.o
                0x0000000008004ff8                TIM_OC2_SetConfig
 .text.TIM_OC3_SetConfig
                0x00000000080050e0       0xe8 ./src/lib/stm32f407vgt6_cube/Drivers/STM32F4xx_HAL_Driver/Src/stm32f4xx_hal_tim.o
 .text.TIM_OC4_SetConfig
                0x00000000080051c8       0xa8 ./src/lib/stm32f407vgt6_cube/Drivers/STM32F4xx_HAL_Driver/Src/stm32f4xx_hal_tim.o
 .text.TIM_CCxChannelCmd
                0x0000000008005270       0x48 ./src/lib/stm32f407vgt6_cube/Drivers/STM32F4xx_HAL_Driver/Src/stm32f4xx_hal_tim.o
                0x0000000008005270                TIM_CCxChannelCmd
 .text.HAL_TIMEx_CommutCallback
                0x00000000080052b8       0x12 ./src/lib/stm32f407vgt6_cube/Drivers/STM32F4xx_HAL_Driver/Src/stm32f4xx_hal_tim_ex.o
                0x00000000080052b8                HAL_TIMEx_CommutCallback
 .text.HAL_TIMEx_BreakCallback
                0x00000000080052ca       0x12 ./src/lib/stm32f407vgt6_cube/Drivers/STM32F4xx_HAL_Driver/Src/stm32f4xx_hal_tim_ex.o
                0x00000000080052ca                HAL_TIMEx_BreakCallback
 .text.HAL_UART_Init
                0x00000000080052dc       0x9a ./src/lib/stm32f407vgt6_cube/Drivers/STM32F4xx_HAL_Driver/Src/stm32f4xx_hal_uart.o
                0x00000000080052dc                HAL_UART_Init
 .text.HAL_UART_DeInit
                0x0000000008005376       0x5e ./src/lib/stm32f407vgt6_cube/Drivers/STM32F4xx_HAL_Driver/Src/stm32f4xx_hal_uart.o
                0x0000000008005376                HAL_UART_DeInit
 .text.HAL_UART_Transmit
                0x00000000080053d4      0x124 ./src/lib/stm32f407vgt6_cube/Drivers/STM32F4xx_HAL_Driver/Src/stm32f4xx_hal_uart.o
                0x00000000080053d4                HAL_UART_Transmit
 .text.HAL_UART_Receive_IT
                0x00000000080054f8       0x60 ./src/lib/stm32f407vgt6_cube/Drivers/STM32F4xx_HAL_Driver/Src/stm32f4xx_hal_uart.o
                0x00000000080054f8                HAL_UART_Receive_IT
 .text.HAL_UART_Receive_DMA
                0x0000000008005558       0x60 ./src/lib/stm32f407vgt6_cube/Drivers/STM32F4xx_HAL_Driver/Src/stm32f4xx_hal_uart.o
                0x0000000008005558                HAL_UART_Receive_DMA
 .text.HAL_UART_IRQHandler
                0x00000000080055b8      0x51c ./src/lib/stm32f407vgt6_cube/Drivers/STM32F4xx_HAL_Driver/Src/stm32f4xx_hal_uart.o
                0x00000000080055b8                HAL_UART_IRQHandler
 .text.HAL_UART_TxCpltCallback
                0x0000000008005ad4       0x12 ./src/lib/stm32f407vgt6_cube/Drivers/STM32F4xx_HAL_Driver/Src/stm32f4xx_hal_uart.o
                0x0000000008005ad4                HAL_UART_TxCpltCallback
 .text.HAL_UART_RxHalfCpltCallback
                0x0000000008005ae6       0x12 ./src/lib/stm32f407vgt6_cube/Drivers/STM32F4xx_HAL_Driver/Src/stm32f4xx_hal_uart.o
                0x0000000008005ae6                HAL_UART_RxHalfCpltCallback
 .text.HAL_UART_ErrorCallback
                0x0000000008005af8       0x12 ./src/lib/stm32f407vgt6_cube/Drivers/STM32F4xx_HAL_Driver/Src/stm32f4xx_hal_uart.o
                0x0000000008005af8                HAL_UART_ErrorCallback
 .text.HAL_UARTEx_RxEventCallback
                0x0000000008005b0a       0x16 ./src/lib/stm32f407vgt6_cube/Drivers/STM32F4xx_HAL_Driver/Src/stm32f4xx_hal_uart.o
                0x0000000008005b0a                HAL_UARTEx_RxEventCallback
 .text.UART_DMAReceiveCplt
                0x0000000008005b20      0x126 ./src/lib/stm32f407vgt6_cube/Drivers/STM32F4xx_HAL_Driver/Src/stm32f4xx_hal_uart.o
 .text.UART_DMARxHalfCplt
                0x0000000008005c46       0x36 ./src/lib/stm32f407vgt6_cube/Drivers/STM32F4xx_HAL_Driver/Src/stm32f4xx_hal_uart.o
 .text.UART_DMAError
                0x0000000008005c7c       0x94 ./src/lib/stm32f407vgt6_cube/Drivers/STM32F4xx_HAL_Driver/Src/stm32f4xx_hal_uart.o
 .text.UART_WaitOnFlagUntilTimeout
                0x0000000008005d10       0xdc ./src/lib/stm32f407vgt6_cube/Drivers/STM32F4xx_HAL_Driver/Src/stm32f4xx_hal_uart.o
 .text.UART_Start_Receive_IT
                0x0000000008005dec       0x7a ./src/lib/stm32f407vgt6_cube/Drivers/STM32F4xx_HAL_Driver/Src/stm32f4xx_hal_uart.o
                0x0000000008005dec                UART_Start_Receive_IT
 *fill*         0x0000000008005e66        0x2 
 .text.UART_Start_Receive_DMA
                0x0000000008005e68      0x13c ./src/lib/stm32f407vgt6_cube/Drivers/STM32F4xx_HAL_Driver/Src/stm32f4xx_hal_uart.o
                0x0000000008005e68                UART_Start_Receive_DMA
 .text.UART_EndTxTransfer
                0x0000000008005fa4       0x4e ./src/lib/stm32f407vgt6_cube/Drivers/STM32F4xx_HAL_Driver/Src/stm32f4xx_hal_uart.o
 .text.UART_EndRxTransfer
                0x0000000008005ff2       0xc4 ./src/lib/stm32f407vgt6_cube/Drivers/STM32F4xx_HAL_Driver/Src/stm32f4xx_hal_uart.o
 .text.UART_DMAAbortOnError
                0x00000000080060b6       0x28 ./src/lib/stm32f407vgt6_cube/Drivers/STM32F4xx_HAL_Driver/Src/stm32f4xx_hal_uart.o
 .text.UART_Transmit_IT
                0x00000000080060de       0x9e ./src/lib/stm32f407vgt6_cube/Drivers/STM32F4xx_HAL_Driver/Src/stm32f4xx_hal_uart.o
 .text.UART_EndTransmit_IT
                0x000000000800617c       0x30 ./src/lib/stm32f407vgt6_cube/Drivers/STM32F4xx_HAL_Driver/Src/stm32f4xx_hal_uart.o
 .text.UART_Receive_IT
                0x00000000080061ac      0x176 ./src/lib/stm32f407vgt6_cube/Drivers/STM32F4xx_HAL_Driver/Src/stm32f4xx_hal_uart.o
 *fill*         0x0000000008006322        0x2 
 .text.UART_SetConfig
                0x0000000008006324      0x4f8 ./src/lib/stm32f407vgt6_cube/Drivers/STM32F4xx_HAL_Driver/Src/stm32f4xx_hal_uart.o
 .text.USB_CoreInit
                0x000000000800681c       0xc2 ./src/lib/stm32f407vgt6_cube/Drivers/STM32F4xx_HAL_Driver/Src/stm32f4xx_ll_usb.o
                0x000000000800681c                USB_CoreInit
 *fill*         0x00000000080068de        0x2 
 .text.USB_SetTurnaroundTime
                0x00000000080068e0      0x144 ./src/lib/stm32f407vgt6_cube/Drivers/STM32F4xx_HAL_Driver/Src/stm32f4xx_ll_usb.o
                0x00000000080068e0                USB_SetTurnaroundTime
 .text.USB_EnableGlobalInt
                0x0000000008006a24       0x20 ./src/lib/stm32f407vgt6_cube/Drivers/STM32F4xx_HAL_Driver/Src/stm32f4xx_ll_usb.o
                0x0000000008006a24                USB_EnableGlobalInt
 .text.USB_DisableGlobalInt
                0x0000000008006a44       0x20 ./src/lib/stm32f407vgt6_cube/Drivers/STM32F4xx_HAL_Driver/Src/stm32f4xx_ll_usb.o
                0x0000000008006a44                USB_DisableGlobalInt
 .text.USB_SetCurrentMode
                0x0000000008006a64       0x98 ./src/lib/stm32f407vgt6_cube/Drivers/STM32F4xx_HAL_Driver/Src/stm32f4xx_ll_usb.o
                0x0000000008006a64                USB_SetCurrentMode
 .text.USB_DevInit
                0x0000000008006afc      0x2c8 ./src/lib/stm32f407vgt6_cube/Drivers/STM32F4xx_HAL_Driver/Src/stm32f4xx_ll_usb.o
                0x0000000008006afc                USB_DevInit
 .text.USB_FlushTxFifo
                0x0000000008006dc4       0x68 ./src/lib/stm32f407vgt6_cube/Drivers/STM32F4xx_HAL_Driver/Src/stm32f4xx_ll_usb.o
                0x0000000008006dc4                USB_FlushTxFifo
 .text.USB_FlushRxFifo
                0x0000000008006e2c       0x60 ./src/lib/stm32f407vgt6_cube/Drivers/STM32F4xx_HAL_Driver/Src/stm32f4xx_ll_usb.o
                0x0000000008006e2c                USB_FlushRxFifo
 .text.USB_SetDevSpeed
                0x0000000008006e8c       0x30 ./src/lib/stm32f407vgt6_cube/Drivers/STM32F4xx_HAL_Driver/Src/stm32f4xx_ll_usb.o
                0x0000000008006e8c                USB_SetDevSpeed
 .text.USB_GetDevSpeed
                0x0000000008006ebc       0x48 ./src/lib/stm32f407vgt6_cube/Drivers/STM32F4xx_HAL_Driver/Src/stm32f4xx_ll_usb.o
                0x0000000008006ebc                USB_GetDevSpeed
 .text.USB_ActivateEndpoint
                0x0000000008006f04      0x10c ./src/lib/stm32f407vgt6_cube/Drivers/STM32F4xx_HAL_Driver/Src/stm32f4xx_ll_usb.o
                0x0000000008006f04                USB_ActivateEndpoint
 .text.USB_DeactivateEndpoint
                0x0000000008007010      0x1b8 ./src/lib/stm32f407vgt6_cube/Drivers/STM32F4xx_HAL_Driver/Src/stm32f4xx_ll_usb.o
                0x0000000008007010                USB_DeactivateEndpoint
 .text.USB_EPStartXfer
                0x00000000080071c8      0x490 ./src/lib/stm32f407vgt6_cube/Drivers/STM32F4xx_HAL_Driver/Src/stm32f4xx_ll_usb.o
                0x00000000080071c8                USB_EPStartXfer
 .text.USB_EP0StartXfer
                0x0000000008007658      0x2ae ./src/lib/stm32f407vgt6_cube/Drivers/STM32F4xx_HAL_Driver/Src/stm32f4xx_ll_usb.o
                0x0000000008007658                USB_EP0StartXfer
 .text.USB_EPStopXfer
                0x0000000008007906      0x152 ./src/lib/stm32f407vgt6_cube/Drivers/STM32F4xx_HAL_Driver/Src/stm32f4xx_ll_usb.o
                0x0000000008007906                USB_EPStopXfer
 .text.USB_WritePacket
                0x0000000008007a58       0x7a ./src/lib/stm32f407vgt6_cube/Drivers/STM32F4xx_HAL_Driver/Src/stm32f4xx_ll_usb.o
                0x0000000008007a58                USB_WritePacket
 .text.USB_ReadPacket
                0x0000000008007ad2       0xae ./src/lib/stm32f407vgt6_cube/Drivers/STM32F4xx_HAL_Driver/Src/stm32f4xx_ll_usb.o
                0x0000000008007ad2                USB_ReadPacket
 .text.USB_EPSetStall
                0x0000000008007b80       0xda ./src/lib/stm32f407vgt6_cube/Drivers/STM32F4xx_HAL_Driver/Src/stm32f4xx_ll_usb.o
                0x0000000008007b80                USB_EPSetStall
 .text.USB_EPClearStall
                0x0000000008007c5a       0xca ./src/lib/stm32f407vgt6_cube/Drivers/STM32F4xx_HAL_Driver/Src/stm32f4xx_ll_usb.o
                0x0000000008007c5a                USB_EPClearStall
 .text.USB_SetDevAddress
                0x0000000008007d24       0x4a ./src/lib/stm32f407vgt6_cube/Drivers/STM32F4xx_HAL_Driver/Src/stm32f4xx_ll_usb.o
                0x0000000008007d24                USB_SetDevAddress
 .text.USB_DevConnect
                0x0000000008007d6e       0x40 ./src/lib/stm32f407vgt6_cube/Drivers/STM32F4xx_HAL_Driver/Src/stm32f4xx_ll_usb.o
                0x0000000008007d6e                USB_DevConnect
 .text.USB_DevDisconnect
                0x0000000008007dae       0x40 ./src/lib/stm32f407vgt6_cube/Drivers/STM32F4xx_HAL_Driver/Src/stm32f4xx_ll_usb.o
                0x0000000008007dae                USB_DevDisconnect
 .text.USB_ReadInterrupts
                0x0000000008007dee       0x24 ./src/lib/stm32f407vgt6_cube/Drivers/STM32F4xx_HAL_Driver/Src/stm32f4xx_ll_usb.o
                0x0000000008007dee                USB_ReadInterrupts
 .text.USB_ReadDevAllOutEpInterrupt
                0x0000000008007e12       0x32 ./src/lib/stm32f407vgt6_cube/Drivers/STM32F4xx_HAL_Driver/Src/stm32f4xx_ll_usb.o
                0x0000000008007e12                USB_ReadDevAllOutEpInterrupt
 .text.USB_ReadDevAllInEpInterrupt
                0x0000000008007e44       0x32 ./src/lib/stm32f407vgt6_cube/Drivers/STM32F4xx_HAL_Driver/Src/stm32f4xx_ll_usb.o
                0x0000000008007e44                USB_ReadDevAllInEpInterrupt
 .text.USB_ReadDevOutEPInterrupt
                0x0000000008007e76       0x3a ./src/lib/stm32f407vgt6_cube/Drivers/STM32F4xx_HAL_Driver/Src/stm32f4xx_ll_usb.o
                0x0000000008007e76                USB_ReadDevOutEPInterrupt
 .text.USB_ReadDevInEPInterrupt
                0x0000000008007eb0       0x5a ./src/lib/stm32f407vgt6_cube/Drivers/STM32F4xx_HAL_Driver/Src/stm32f4xx_ll_usb.o
                0x0000000008007eb0                USB_ReadDevInEPInterrupt
 .text.USB_GetMode
                0x0000000008007f0a       0x1a ./src/lib/stm32f407vgt6_cube/Drivers/STM32F4xx_HAL_Driver/Src/stm32f4xx_ll_usb.o
                0x0000000008007f0a                USB_GetMode
 .text.USB_ActivateSetup
                0x0000000008007f24       0x44 ./src/lib/stm32f407vgt6_cube/Drivers/STM32F4xx_HAL_Driver/Src/stm32f4xx_ll_usb.o
                0x0000000008007f24                USB_ActivateSetup
 .text.USB_EP0_OutStart
                0x0000000008007f68       0xb8 ./src/lib/stm32f407vgt6_cube/Drivers/STM32F4xx_HAL_Driver/Src/stm32f4xx_ll_usb.o
                0x0000000008007f68                USB_EP0_OutStart
 .text.USB_CoreReset
                0x0000000008008020       0x64 ./src/lib/stm32f407vgt6_cube/Drivers/STM32F4xx_HAL_Driver/Src/stm32f4xx_ll_usb.o
 .text.USBD_CDC_Init
                0x0000000008008084      0x1f0 ./src/lib/stm32f407vgt6_cube/Middlewares/ST/STM32_USB_Device_Library/Class/CDC/Src/usbd_cdc.o
 .text.USBD_CDC_DeInit
                0x0000000008008274      0x104 ./src/lib/stm32f407vgt6_cube/Middlewares/ST/STM32_USB_Device_Library/Class/CDC/Src/usbd_cdc.o
 .text.USBD_CDC_Setup
                0x0000000008008378      0x1b8 ./src/lib/stm32f407vgt6_cube/Middlewares/ST/STM32_USB_Device_Library/Class/CDC/Src/usbd_cdc.o
 .text.USBD_CDC_DataIn
                0x0000000008008530       0xfe ./src/lib/stm32f407vgt6_cube/Middlewares/ST/STM32_USB_Device_Library/Class/CDC/Src/usbd_cdc.o
 .text.USBD_CDC_DataOut
                0x000000000800862e       0x70 ./src/lib/stm32f407vgt6_cube/Middlewares/ST/STM32_USB_Device_Library/Class/CDC/Src/usbd_cdc.o
 .text.USBD_CDC_EP0_RxReady
                0x000000000800869e       0x76 ./src/lib/stm32f407vgt6_cube/Middlewares/ST/STM32_USB_Device_Library/Class/CDC/Src/usbd_cdc.o
 .text.USBD_CDC_GetFSCfgDesc
                0x0000000008008714       0x70 ./src/lib/stm32f407vgt6_cube/Middlewares/ST/STM32_USB_Device_Library/Class/CDC/Src/usbd_cdc.o
 .text.USBD_CDC_GetHSCfgDesc
                0x0000000008008784       0x70 ./src/lib/stm32f407vgt6_cube/Middlewares/ST/STM32_USB_Device_Library/Class/CDC/Src/usbd_cdc.o
 .text.USBD_CDC_GetOtherSpeedCfgDesc
                0x00000000080087f4       0x70 ./src/lib/stm32f407vgt6_cube/Middlewares/ST/STM32_USB_Device_Library/Class/CDC/Src/usbd_cdc.o
 .text.USBD_CDC_GetDeviceQualifierDescriptor
                0x0000000008008864       0x20 ./src/lib/stm32f407vgt6_cube/Middlewares/ST/STM32_USB_Device_Library/Class/CDC/Src/usbd_cdc.o
                0x0000000008008864                USBD_CDC_GetDeviceQualifierDescriptor
 .text.USBD_CDC_RegisterInterface
                0x0000000008008884       0x32 ./src/lib/stm32f407vgt6_cube/Middlewares/ST/STM32_USB_Device_Library/Class/CDC/Src/usbd_cdc.o
                0x0000000008008884                USBD_CDC_RegisterInterface
 .text.USBD_CDC_SetTxBuffer
                0x00000000080088b6       0x42 ./src/lib/stm32f407vgt6_cube/Middlewares/ST/STM32_USB_Device_Library/Class/CDC/Src/usbd_cdc.o
                0x00000000080088b6                USBD_CDC_SetTxBuffer
 .text.USBD_CDC_SetRxBuffer
                0x00000000080088f8       0x38 ./src/lib/stm32f407vgt6_cube/Middlewares/ST/STM32_USB_Device_Library/Class/CDC/Src/usbd_cdc.o
                0x00000000080088f8                USBD_CDC_SetRxBuffer
 .text.USBD_CDC_TransmitPacket
                0x0000000008008930       0x8c ./src/lib/stm32f407vgt6_cube/Middlewares/ST/STM32_USB_Device_Library/Class/CDC/Src/usbd_cdc.o
                0x0000000008008930                USBD_CDC_TransmitPacket
 .text.USBD_CDC_ReceivePacket
                0x00000000080089bc       0x6c ./src/lib/stm32f407vgt6_cube/Middlewares/ST/STM32_USB_Device_Library/Class/CDC/Src/usbd_cdc.o
                0x00000000080089bc                USBD_CDC_ReceivePacket
 .text.USBD_Init
                0x0000000008008a28       0x60 ./src/lib/stm32f407vgt6_cube/Middlewares/ST/STM32_USB_Device_Library/Core/Src/usbd_core.o
                0x0000000008008a28                USBD_Init
 .text.USBD_RegisterClass
                0x0000000008008a88       0x6c ./src/lib/stm32f407vgt6_cube/Middlewares/ST/STM32_USB_Device_Library/Core/Src/usbd_core.o
                0x0000000008008a88                USBD_RegisterClass
 .text.USBD_Start
                0x0000000008008af4       0x18 ./src/lib/stm32f407vgt6_cube/Middlewares/ST/STM32_USB_Device_Library/Core/Src/usbd_core.o
                0x0000000008008af4                USBD_Start
 .text.USBD_RunTestMode
                0x0000000008008b0c       0x14 ./src/lib/stm32f407vgt6_cube/Middlewares/ST/STM32_USB_Device_Library/Core/Src/usbd_core.o
                0x0000000008008b0c                USBD_RunTestMode
 .text.USBD_SetClassConfig
                0x0000000008008b20       0x38 ./src/lib/stm32f407vgt6_cube/Middlewares/ST/STM32_USB_Device_Library/Core/Src/usbd_core.o
                0x0000000008008b20                USBD_SetClassConfig
 .text.USBD_ClrClassConfig
                0x0000000008008b58       0x34 ./src/lib/stm32f407vgt6_cube/Middlewares/ST/STM32_USB_Device_Library/Core/Src/usbd_core.o
                0x0000000008008b58                USBD_ClrClassConfig
 .text.USBD_LL_SetupStage
                0x0000000008008b8c       0xaa ./src/lib/stm32f407vgt6_cube/Middlewares/ST/STM32_USB_Device_Library/Core/Src/usbd_core.o
                0x0000000008008b8c                USBD_LL_SetupStage
 .text.USBD_LL_DataOutStage
                0x0000000008008c36      0x166 ./src/lib/stm32f407vgt6_cube/Middlewares/ST/STM32_USB_Device_Library/Core/Src/usbd_core.o
                0x0000000008008c36                USBD_LL_DataOutStage
 .text.USBD_LL_DataInStage
                0x0000000008008d9c      0x164 ./src/lib/stm32f407vgt6_cube/Middlewares/ST/STM32_USB_Device_Library/Core/Src/usbd_core.o
                0x0000000008008d9c                USBD_LL_DataInStage
 .text.USBD_LL_Reset
                0x0000000008008f00       0xa4 ./src/lib/stm32f407vgt6_cube/Middlewares/ST/STM32_USB_Device_Library/Core/Src/usbd_core.o
                0x0000000008008f00                USBD_LL_Reset
 .text.USBD_LL_SetSpeed
                0x0000000008008fa4       0x1e ./src/lib/stm32f407vgt6_cube/Middlewares/ST/STM32_USB_Device_Library/Core/Src/usbd_core.o
                0x0000000008008fa4                USBD_LL_SetSpeed
 .text.USBD_LL_Suspend
                0x0000000008008fc2       0x2a ./src/lib/stm32f407vgt6_cube/Middlewares/ST/STM32_USB_Device_Library/Core/Src/usbd_core.o
                0x0000000008008fc2                USBD_LL_Suspend
 .text.USBD_LL_Resume
                0x0000000008008fec       0x2e ./src/lib/stm32f407vgt6_cube/Middlewares/ST/STM32_USB_Device_Library/Core/Src/usbd_core.o
                0x0000000008008fec                USBD_LL_Resume
 .text.USBD_LL_SOF
                0x000000000800901a       0x40 ./src/lib/stm32f407vgt6_cube/Middlewares/ST/STM32_USB_Device_Library/Core/Src/usbd_core.o
                0x000000000800901a                USBD_LL_SOF
 .text.USBD_LL_IsoINIncomplete
                0x000000000800905a       0x64 ./src/lib/stm32f407vgt6_cube/Middlewares/ST/STM32_USB_Device_Library/Core/Src/usbd_core.o
                0x000000000800905a                USBD_LL_IsoINIncomplete
 .text.USBD_LL_IsoOUTIncomplete
                0x00000000080090be       0x64 ./src/lib/stm32f407vgt6_cube/Middlewares/ST/STM32_USB_Device_Library/Core/Src/usbd_core.o
                0x00000000080090be                USBD_LL_IsoOUTIncomplete
 .text.USBD_LL_DevConnected
                0x0000000008009122       0x14 ./src/lib/stm32f407vgt6_cube/Middlewares/ST/STM32_USB_Device_Library/Core/Src/usbd_core.o
                0x0000000008009122                USBD_LL_DevConnected
 .text.USBD_LL_DevDisconnected
                0x0000000008009136       0x46 ./src/lib/stm32f407vgt6_cube/Middlewares/ST/STM32_USB_Device_Library/Core/Src/usbd_core.o
                0x0000000008009136                USBD_LL_DevDisconnected
 .text.USBD_CoreFindIF
                0x000000000800917c       0x18 ./src/lib/stm32f407vgt6_cube/Middlewares/ST/STM32_USB_Device_Library/Core/Src/usbd_core.o
                0x000000000800917c                USBD_CoreFindIF
 .text.USBD_CoreFindEP
                0x0000000008009194       0x18 ./src/lib/stm32f407vgt6_cube/Middlewares/ST/STM32_USB_Device_Library/Core/Src/usbd_core.o
                0x0000000008009194                USBD_CoreFindEP
 .text.USBD_GetEpDesc
                0x00000000080091ac       0x74 ./src/lib/stm32f407vgt6_cube/Middlewares/ST/STM32_USB_Device_Library/Core/Src/usbd_core.o
                0x00000000080091ac                USBD_GetEpDesc
 .text.USBD_GetNextDesc
                0x0000000008009220       0x38 ./src/lib/stm32f407vgt6_cube/Middlewares/ST/STM32_USB_Device_Library/Core/Src/usbd_core.o
                0x0000000008009220                USBD_GetNextDesc
 .text.SWAPBYTE
                0x0000000008009258       0x3a ./src/lib/stm32f407vgt6_cube/Middlewares/ST/STM32_USB_Device_Library/Core/Src/usbd_ctlreq.o
 *fill*         0x0000000008009292        0x2 
 .text.USBD_StdDevReq
                0x0000000008009294       0xe4 ./src/lib/stm32f407vgt6_cube/Middlewares/ST/STM32_USB_Device_Library/Core/Src/usbd_ctlreq.o
                0x0000000008009294                USBD_StdDevReq
 .text.USBD_StdItfReq
                0x0000000008009378       0xd8 ./src/lib/stm32f407vgt6_cube/Middlewares/ST/STM32_USB_Device_Library/Core/Src/usbd_ctlreq.o
                0x0000000008009378                USBD_StdItfReq
 .text.USBD_StdEPReq
                0x0000000008009450      0x33a ./src/lib/stm32f407vgt6_cube/Middlewares/ST/STM32_USB_Device_Library/Core/Src/usbd_ctlreq.o
                0x0000000008009450                USBD_StdEPReq
 *fill*         0x000000000800978a        0x2 
 .text.USBD_GetDescriptor
                0x000000000800978c      0x2d4 ./src/lib/stm32f407vgt6_cube/Middlewares/ST/STM32_USB_Device_Library/Core/Src/usbd_ctlreq.o
 .text.USBD_SetAddress
                0x0000000008009a60       0x88 ./src/lib/stm32f407vgt6_cube/Middlewares/ST/STM32_USB_Device_Library/Core/Src/usbd_ctlreq.o
 .text.USBD_SetConfig
                0x0000000008009ae8      0x154 ./src/lib/stm32f407vgt6_cube/Middlewares/ST/STM32_USB_Device_Library/Core/Src/usbd_ctlreq.o
 .text.USBD_GetConfig
                0x0000000008009c3c       0x6c ./src/lib/stm32f407vgt6_cube/Middlewares/ST/STM32_USB_Device_Library/Core/Src/usbd_ctlreq.o
 .text.USBD_GetStatus
                0x0000000008009ca8       0x68 ./src/lib/stm32f407vgt6_cube/Middlewares/ST/STM32_USB_Device_Library/Core/Src/usbd_ctlreq.o
 .text.USBD_SetFeature
                0x0000000008009d10       0x52 ./src/lib/stm32f407vgt6_cube/Middlewares/ST/STM32_USB_Device_Library/Core/Src/usbd_ctlreq.o
 .text.USBD_ClrFeature
                0x0000000008009d62       0x44 ./src/lib/stm32f407vgt6_cube/Middlewares/ST/STM32_USB_Device_Library/Core/Src/usbd_ctlreq.o
 .text.USBD_ParseSetupRequest
                0x0000000008009da6       0x74 ./src/lib/stm32f407vgt6_cube/Middlewares/ST/STM32_USB_Device_Library/Core/Src/usbd_ctlreq.o
                0x0000000008009da6                USBD_ParseSetupRequest
 .text.USBD_CtlError
                0x0000000008009e1a       0x22 ./src/lib/stm32f407vgt6_cube/Middlewares/ST/STM32_USB_Device_Library/Core/Src/usbd_ctlreq.o
                0x0000000008009e1a                USBD_CtlError
 .text.USBD_GetString
                0x0000000008009e3c       0x8c ./src/lib/stm32f407vgt6_cube/Middlewares/ST/STM32_USB_Device_Library/Core/Src/usbd_ctlreq.o
                0x0000000008009e3c                USBD_GetString
 .text.USBD_GetLen
                0x0000000008009ec8       0x32 ./src/lib/stm32f407vgt6_cube/Middlewares/ST/STM32_USB_Device_Library/Core/Src/usbd_ctlreq.o
 .text.USBD_CtlSendData
                0x0000000008009efa       0x36 ./src/lib/stm32f407vgt6_cube/Middlewares/ST/STM32_USB_Device_Library/Core/Src/usbd_ioreq.o
                0x0000000008009efa                USBD_CtlSendData
 .text.USBD_CtlContinueSendData
                0x0000000008009f30       0x22 ./src/lib/stm32f407vgt6_cube/Middlewares/ST/STM32_USB_Device_Library/Core/Src/usbd_ioreq.o
                0x0000000008009f30                USBD_CtlContinueSendData
 .text.USBD_CtlPrepareRx
                0x0000000008009f52       0x3a ./src/lib/stm32f407vgt6_cube/Middlewares/ST/STM32_USB_Device_Library/Core/Src/usbd_ioreq.o
                0x0000000008009f52                USBD_CtlPrepareRx
 .text.USBD_CtlContinueRx
                0x0000000008009f8c       0x22 ./src/lib/stm32f407vgt6_cube/Middlewares/ST/STM32_USB_Device_Library/Core/Src/usbd_ioreq.o
                0x0000000008009f8c                USBD_CtlContinueRx
 .text.USBD_CtlSendStatus
                0x0000000008009fae       0x26 ./src/lib/stm32f407vgt6_cube/Middlewares/ST/STM32_USB_Device_Library/Core/Src/usbd_ioreq.o
                0x0000000008009fae                USBD_CtlSendStatus
 .text.USBD_CtlReceiveStatus
                0x0000000008009fd4       0x26 ./src/lib/stm32f407vgt6_cube/Middlewares/ST/STM32_USB_Device_Library/Core/Src/usbd_ioreq.o
                0x0000000008009fd4                USBD_CtlReceiveStatus
 *fill*         0x0000000008009ffa        0x2 
 .text.MX_USB_DEVICE_Init
                0x0000000008009ffc       0x60 ./src/lib/stm32f407vgt6_cube/USB_DEVICE/App/usb_device.o
                0x0000000008009ffc                MX_USB_DEVICE_Init
 .text.cdcAvailable
                0x000000000800a05c       0x38 ./src/lib/stm32f407vgt6_cube/USB_DEVICE/App/usbd_cdc_if.o
                0x000000000800a05c                cdcAvailable
 .text.cdcRead  0x000000000800a094       0x50 ./src/lib/stm32f407vgt6_cube/USB_DEVICE/App/usbd_cdc_if.o
                0x000000000800a094                cdcRead
 .text.cdcDataIn
                0x000000000800a0e4       0x54 ./src/lib/stm32f407vgt6_cube/USB_DEVICE/App/usbd_cdc_if.o
                0x000000000800a0e4                cdcDataIn
 .text.cdcWrite
                0x000000000800a138       0x50 ./src/lib/stm32f407vgt6_cube/USB_DEVICE/App/usbd_cdc_if.o
                0x000000000800a138                cdcWrite
 .text.cdcGetBaud
                0x000000000800a188       0x14 ./src/lib/stm32f407vgt6_cube/USB_DEVICE/App/usbd_cdc_if.o
                0x000000000800a188                cdcGetBaud
 .text.CDC_Init_FS
                0x000000000800a19c       0x28 ./src/lib/stm32f407vgt6_cube/USB_DEVICE/App/usbd_cdc_if.o
 .text.CDC_DeInit_FS
                0x000000000800a1c4        0xe ./src/lib/stm32f407vgt6_cube/USB_DEVICE/App/usbd_cdc_if.o
 *fill*         0x000000000800a1d2        0x2 
 .text.CDC_Control_FS
                0x000000000800a1d4      0x170 ./src/lib/stm32f407vgt6_cube/USB_DEVICE/App/usbd_cdc_if.o
 .text.CDC_Receive_FS
                0x000000000800a344       0x4c ./src/lib/stm32f407vgt6_cube/USB_DEVICE/App/usbd_cdc_if.o
 .text.CDC_Transmit_FS
                0x000000000800a390       0x4c ./src/lib/stm32f407vgt6_cube/USB_DEVICE/App/usbd_cdc_if.o
                0x000000000800a390                CDC_Transmit_FS
 .text.CDC_TransmitCplt_FS
                0x000000000800a3dc       0x20 ./src/lib/stm32f407vgt6_cube/USB_DEVICE/App/usbd_cdc_if.o
 .text.USBD_FS_DeviceDescriptor
                0x000000000800a3fc       0x24 ./src/lib/stm32f407vgt6_cube/USB_DEVICE/App/usbd_desc.o
                0x000000000800a3fc                USBD_FS_DeviceDescriptor
 .text.USBD_FS_LangIDStrDescriptor
                0x000000000800a420       0x24 ./src/lib/stm32f407vgt6_cube/USB_DEVICE/App/usbd_desc.o
                0x000000000800a420                USBD_FS_LangIDStrDescriptor
 .text.USBD_FS_ProductStrDescriptor
                0x000000000800a444       0x3c ./src/lib/stm32f407vgt6_cube/USB_DEVICE/App/usbd_desc.o
                0x000000000800a444                USBD_FS_ProductStrDescriptor
 .text.USBD_FS_ManufacturerStrDescriptor
                0x000000000800a480       0x28 ./src/lib/stm32f407vgt6_cube/USB_DEVICE/App/usbd_desc.o
                0x000000000800a480                USBD_FS_ManufacturerStrDescriptor
 .text.USBD_FS_SerialStrDescriptor
                0x000000000800a4a8       0x24 ./src/lib/stm32f407vgt6_cube/USB_DEVICE/App/usbd_desc.o
                0x000000000800a4a8                USBD_FS_SerialStrDescriptor
 .text.USBD_FS_ConfigStrDescriptor
                0x000000000800a4cc       0x3c ./src/lib/stm32f407vgt6_cube/USB_DEVICE/App/usbd_desc.o
                0x000000000800a4cc                USBD_FS_ConfigStrDescriptor
 .text.USBD_FS_InterfaceStrDescriptor
                0x000000000800a508       0x3c ./src/lib/stm32f407vgt6_cube/USB_DEVICE/App/usbd_desc.o
                0x000000000800a508                USBD_FS_InterfaceStrDescriptor
 .text.Get_SerialNum
                0x000000000800a544       0x58 ./src/lib/stm32f407vgt6_cube/USB_DEVICE/App/usbd_desc.o
 .text.IntToUnicode
                0x000000000800a59c       0x7c ./src/lib/stm32f407vgt6_cube/USB_DEVICE/App/usbd_desc.o
 .text.HAL_PCD_MspInit
                0x000000000800a618       0xa8 ./src/lib/stm32f407vgt6_cube/USB_DEVICE/Target/usbd_conf.o
                0x000000000800a618                HAL_PCD_MspInit
 .text.HAL_PCD_SetupStageCallback
                0x000000000800a6c0       0x24 ./src/lib/stm32f407vgt6_cube/USB_DEVICE/Target/usbd_conf.o
                0x000000000800a6c0                HAL_PCD_SetupStageCallback
 .text.HAL_PCD_DataOutStageCallback
                0x000000000800a6e4       0x36 ./src/lib/stm32f407vgt6_cube/USB_DEVICE/Target/usbd_conf.o
                0x000000000800a6e4                HAL_PCD_DataOutStageCallback
 .text.HAL_PCD_DataInStageCallback
                0x000000000800a71a       0x34 ./src/lib/stm32f407vgt6_cube/USB_DEVICE/Target/usbd_conf.o
                0x000000000800a71a                HAL_PCD_DataInStageCallback
 .text.HAL_PCD_SOFCallback
                0x000000000800a74e       0x1c ./src/lib/stm32f407vgt6_cube/USB_DEVICE/Target/usbd_conf.o
                0x000000000800a74e                HAL_PCD_SOFCallback
 .text.HAL_PCD_ResetCallback
                0x000000000800a76a       0x50 ./src/lib/stm32f407vgt6_cube/USB_DEVICE/Target/usbd_conf.o
                0x000000000800a76a                HAL_PCD_ResetCallback
 *fill*         0x000000000800a7ba        0x2 
 .text.HAL_PCD_SuspendCallback
                0x000000000800a7bc       0x4c ./src/lib/stm32f407vgt6_cube/USB_DEVICE/Target/usbd_conf.o
                0x000000000800a7bc                HAL_PCD_SuspendCallback
 .text.HAL_PCD_ResumeCallback
                0x000000000800a808       0x1c ./src/lib/stm32f407vgt6_cube/USB_DEVICE/Target/usbd_conf.o
                0x000000000800a808                HAL_PCD_ResumeCallback
 .text.HAL_PCD_ISOOUTIncompleteCallback
                0x000000000800a824       0x24 ./src/lib/stm32f407vgt6_cube/USB_DEVICE/Target/usbd_conf.o
                0x000000000800a824                HAL_PCD_ISOOUTIncompleteCallback
 .text.HAL_PCD_ISOINIncompleteCallback
                0x000000000800a848       0x24 ./src/lib/stm32f407vgt6_cube/USB_DEVICE/Target/usbd_conf.o
                0x000000000800a848                HAL_PCD_ISOINIncompleteCallback
 .text.HAL_PCD_ConnectCallback
                0x000000000800a86c       0x1c ./src/lib/stm32f407vgt6_cube/USB_DEVICE/Target/usbd_conf.o
                0x000000000800a86c                HAL_PCD_ConnectCallback
 .text.HAL_PCD_DisconnectCallback
                0x000000000800a888       0x1c ./src/lib/stm32f407vgt6_cube/USB_DEVICE/Target/usbd_conf.o
                0x000000000800a888                HAL_PCD_DisconnectCallback
 .text.USBD_LL_Init
                0x000000000800a8a4       0x98 ./src/lib/stm32f407vgt6_cube/USB_DEVICE/Target/usbd_conf.o
                0x000000000800a8a4                USBD_LL_Init
 .text.USBD_LL_Start
                0x000000000800a93c       0x36 ./src/lib/stm32f407vgt6_cube/USB_DEVICE/Target/usbd_conf.o
                0x000000000800a93c                USBD_LL_Start
 .text.USBD_LL_OpenEP
                0x000000000800a972       0x4c ./src/lib/stm32f407vgt6_cube/USB_DEVICE/Target/usbd_conf.o
                0x000000000800a972                USBD_LL_OpenEP
 .text.USBD_LL_CloseEP
                0x000000000800a9be       0x3e ./src/lib/stm32f407vgt6_cube/USB_DEVICE/Target/usbd_conf.o
                0x000000000800a9be                USBD_LL_CloseEP
 .text.USBD_LL_StallEP
                0x000000000800a9fc       0x3e ./src/lib/stm32f407vgt6_cube/USB_DEVICE/Target/usbd_conf.o
                0x000000000800a9fc                USBD_LL_StallEP
 .text.USBD_LL_ClearStallEP
                0x000000000800aa3a       0x3e ./src/lib/stm32f407vgt6_cube/USB_DEVICE/Target/usbd_conf.o
                0x000000000800aa3a                USBD_LL_ClearStallEP
 .text.USBD_LL_IsStallEP
                0x000000000800aa78       0x56 ./src/lib/stm32f407vgt6_cube/USB_DEVICE/Target/usbd_conf.o
                0x000000000800aa78                USBD_LL_IsStallEP
 .text.USBD_LL_SetUSBAddress
                0x000000000800aace       0x3e ./src/lib/stm32f407vgt6_cube/USB_DEVICE/Target/usbd_conf.o
                0x000000000800aace                USBD_LL_SetUSBAddress
 .text.USBD_LL_Transmit
                0x000000000800ab0c       0x42 ./src/lib/stm32f407vgt6_cube/USB_DEVICE/Target/usbd_conf.o
                0x000000000800ab0c                USBD_LL_Transmit
 .text.USBD_LL_PrepareReceive
                0x000000000800ab4e       0x42 ./src/lib/stm32f407vgt6_cube/USB_DEVICE/Target/usbd_conf.o
                0x000000000800ab4e                USBD_LL_PrepareReceive
 .text.USBD_LL_GetRxDataSize
                0x000000000800ab90       0x26 ./src/lib/stm32f407vgt6_cube/USB_DEVICE/Target/usbd_conf.o
                0x000000000800ab90                USBD_LL_GetRxDataSize
 *fill*         0x000000000800abb6        0x2 
 .text.USBD_static_malloc
                0x000000000800abb8       0x18 ./src/lib/stm32f407vgt6_cube/USB_DEVICE/Target/usbd_conf.o
                0x000000000800abb8                USBD_static_malloc
 .text.USBD_static_free
                0x000000000800abd0       0x12 ./src/lib/stm32f407vgt6_cube/USB_DEVICE/Target/usbd_conf.o
                0x000000000800abd0                USBD_static_free
 *fill*         0x000000000800abe2        0x2 
 .text.USBD_Get_USB_Status
                0x000000000800abe4       0x58 ./src/lib/stm32f407vgt6_cube/USB_DEVICE/Target/usbd_conf.o
                0x000000000800abe4                USBD_Get_USB_Status
 .text.main     0x000000000800ac3c       0x20 ./src/main.o
                0x000000000800ac3c                main
 .text.__errno  0x000000000800ac5c        0xc c:/st/stm32cubeide_1.7.0/stm32cubeide/plugins/com.st.stm32cube.ide.mcu.externaltools.gnu-tools-for-stm32.10.3-2021.10.win32_1.0.200.202301161003/tools/bin/../lib/gcc/arm-none-eabi/10.3.1/../../../../arm-none-eabi/lib/thumb/v7e-m/nofp\libc_nano.a(lib_a-errno.o)
                0x000000000800ac5c                __errno
 .text.__libc_init_array
                0x000000000800ac68       0x48 c:/st/stm32cubeide_1.7.0/stm32cubeide/plugins/com.st.stm32cube.ide.mcu.externaltools.gnu-tools-for-stm32.10.3-2021.10.win32_1.0.200.202301161003/tools/bin/../lib/gcc/arm-none-eabi/10.3.1/../../../../arm-none-eabi/lib/thumb/v7e-m/nofp\libc_nano.a(lib_a-init.o)
                0x000000000800ac68                __libc_init_array
 .text.memset   0x000000000800acb0       0x10 c:/st/stm32cubeide_1.7.0/stm32cubeide/plugins/com.st.stm32cube.ide.mcu.externaltools.gnu-tools-for-stm32.10.3-2021.10.win32_1.0.200.202301161003/tools/bin/../lib/gcc/arm-none-eabi/10.3.1/../../../../arm-none-eabi/lib/thumb/v7e-m/nofp\libc_nano.a(lib_a-memset.o)
                0x000000000800acb0                memset
 .text._vsnprintf_r
                0x000000000800acc0       0x56 c:/st/stm32cubeide_1.7.0/stm32cubeide/plugins/com.st.stm32cube.ide.mcu.externaltools.gnu-tools-for-stm32.10.3-2021.10.win32_1.0.200.202301161003/tools/bin/../lib/gcc/arm-none-eabi/10.3.1/../../../../arm-none-eabi/lib/thumb/v7e-m/nofp\libc_nano.a(lib_a-vsnprintf.o)
                0x000000000800acc0                _vsniprintf_r
                0x000000000800acc0                _vsnprintf_r
 *fill*         0x000000000800ad16        0x2 
 .text.vsnprintf
                0x000000000800ad18       0x1c c:/st/stm32cubeide_1.7.0/stm32cubeide/plugins/com.st.stm32cube.ide.mcu.externaltools.gnu-tools-for-stm32.10.3-2021.10.win32_1.0.200.202301161003/tools/bin/../lib/gcc/arm-none-eabi/10.3.1/../../../../arm-none-eabi/lib/thumb/v7e-m/nofp\libc_nano.a(lib_a-vsnprintf.o)
                0x000000000800ad18                vsniprintf
                0x000000000800ad18                vsnprintf
 .text.__ssputs_r
                0x000000000800ad34       0xb6 c:/st/stm32cubeide_1.7.0/stm32cubeide/plugins/com.st.stm32cube.ide.mcu.externaltools.gnu-tools-for-stm32.10.3-2021.10.win32_1.0.200.202301161003/tools/bin/../lib/gcc/arm-none-eabi/10.3.1/../../../../arm-none-eabi/lib/thumb/v7e-m/nofp\libc_nano.a(lib_a-nano-svfprintf.o)
                0x000000000800ad34                __ssputs_r
 *fill*         0x000000000800adea        0x2 
 .text._svfprintf_r
                0x000000000800adec      0x200 c:/st/stm32cubeide_1.7.0/stm32cubeide/plugins/com.st.stm32cube.ide.mcu.externaltools.gnu-tools-for-stm32.10.3-2021.10.win32_1.0.200.202301161003/tools/bin/../lib/gcc/arm-none-eabi/10.3.1/../../../../arm-none-eabi/lib/thumb/v7e-m/nofp\libc_nano.a(lib_a-nano-svfprintf.o)
                0x000000000800adec                _svfiprintf_r
                0x000000000800adec                _svfprintf_r
 .text._printf_common
                0x000000000800afec       0xda c:/st/stm32cubeide_1.7.0/stm32cubeide/plugins/com.st.stm32cube.ide.mcu.externaltools.gnu-tools-for-stm32.10.3-2021.10.win32_1.0.200.202301161003/tools/bin/../lib/gcc/arm-none-eabi/10.3.1/../../../../arm-none-eabi/lib/thumb/v7e-m/nofp\libc_nano.a(lib_a-nano-vfprintf_i.o)
                0x000000000800afec                _printf_common
 *fill*         0x000000000800b0c6        0x2 
 .text._printf_i
                0x000000000800b0c8      0x24c c:/st/stm32cubeide_1.7.0/stm32cubeide/plugins/com.st.stm32cube.ide.mcu.externaltools.gnu-tools-for-stm32.10.3-2021.10.win32_1.0.200.202301161003/tools/bin/../lib/gcc/arm-none-eabi/10.3.1/../../../../arm-none-eabi/lib/thumb/v7e-m/nofp\libc_nano.a(lib_a-nano-vfprintf_i.o)
                0x000000000800b0c8                _printf_i
 .text.memcpy   0x000000000800b314       0x1c c:/st/stm32cubeide_1.7.0/stm32cubeide/plugins/com.st.stm32cube.ide.mcu.externaltools.gnu-tools-for-stm32.10.3-2021.10.win32_1.0.200.202301161003/tools/bin/../lib/gcc/arm-none-eabi/10.3.1/../../../../arm-none-eabi/lib/thumb/v7e-m/nofp\libc_nano.a(lib_a-memcpy-stub.o)
                0x000000000800b314                memcpy
 .text.memmove  0x000000000800b330       0x34 c:/st/stm32cubeide_1.7.0/stm32cubeide/plugins/com.st.stm32cube.ide.mcu.externaltools.gnu-tools-for-stm32.10.3-2021.10.win32_1.0.200.202301161003/tools/bin/../lib/gcc/arm-none-eabi/10.3.1/../../../../arm-none-eabi/lib/thumb/v7e-m/nofp\libc_nano.a(lib_a-memmove.o)
                0x000000000800b330                memmove
 .text._free_r  0x000000000800b364       0x94 c:/st/stm32cubeide_1.7.0/stm32cubeide/plugins/com.st.stm32cube.ide.mcu.externaltools.gnu-tools-for-stm32.10.3-2021.10.win32_1.0.200.202301161003/tools/bin/../lib/gcc/arm-none-eabi/10.3.1/../../../../arm-none-eabi/lib/thumb/v7e-m/nofp\libc_nano.a(lib_a-nano-freer.o)
                0x000000000800b364                _free_r
 .text.sbrk_aligned
                0x000000000800b3f8       0x40 c:/st/stm32cubeide_1.7.0/stm32cubeide/plugins/com.st.stm32cube.ide.mcu.externaltools.gnu-tools-for-stm32.10.3-2021.10.win32_1.0.200.202301161003/tools/bin/../lib/gcc/arm-none-eabi/10.3.1/../../../../arm-none-eabi/lib/thumb/v7e-m/nofp\libc_nano.a(lib_a-nano-mallocr.o)
 .text._malloc_r
                0x000000000800b438       0xe8 c:/st/stm32cubeide_1.7.0/stm32cubeide/plugins/com.st.stm32cube.ide.mcu.externaltools.gnu-tools-for-stm32.10.3-2021.10.win32_1.0.200.202301161003/tools/bin/../lib/gcc/arm-none-eabi/10.3.1/../../../../arm-none-eabi/lib/thumb/v7e-m/nofp\libc_nano.a(lib_a-nano-mallocr.o)
                0x000000000800b438                _malloc_r
 .text._realloc_r
                0x000000000800b520       0x5e c:/st/stm32cubeide_1.7.0/stm32cubeide/plugins/com.st.stm32cube.ide.mcu.externaltools.gnu-tools-for-stm32.10.3-2021.10.win32_1.0.200.202301161003/tools/bin/../lib/gcc/arm-none-eabi/10.3.1/../../../../arm-none-eabi/lib/thumb/v7e-m/nofp\libc_nano.a(lib_a-nano-reallocr.o)
                0x000000000800b520                _realloc_r
 *fill*         0x000000000800b57e        0x2 
 .text._sbrk_r  0x000000000800b580       0x20 c:/st/stm32cubeide_1.7.0/stm32cubeide/plugins/com.st.stm32cube.ide.mcu.externaltools.gnu-tools-for-stm32.10.3-2021.10.win32_1.0.200.202301161003/tools/bin/../lib/gcc/arm-none-eabi/10.3.1/../../../../arm-none-eabi/lib/thumb/v7e-m/nofp\libc_nano.a(lib_a-sbrkr.o)
                0x000000000800b580                _sbrk_r
 .text.__malloc_lock
                0x000000000800b5a0        0xc c:/st/stm32cubeide_1.7.0/stm32cubeide/plugins/com.st.stm32cube.ide.mcu.externaltools.gnu-tools-for-stm32.10.3-2021.10.win32_1.0.200.202301161003/tools/bin/../lib/gcc/arm-none-eabi/10.3.1/../../../../arm-none-eabi/lib/thumb/v7e-m/nofp\libc_nano.a(lib_a-mlock.o)
                0x000000000800b5a0                __malloc_lock
 .text.__malloc_unlock
                0x000000000800b5ac        0xc c:/st/stm32cubeide_1.7.0/stm32cubeide/plugins/com.st.stm32cube.ide.mcu.externaltools.gnu-tools-for-stm32.10.3-2021.10.win32_1.0.200.202301161003/tools/bin/../lib/gcc/arm-none-eabi/10.3.1/../../../../arm-none-eabi/lib/thumb/v7e-m/nofp\libc_nano.a(lib_a-mlock.o)
                0x000000000800b5ac                __malloc_unlock
 .text._malloc_usable_size_r
                0x000000000800b5b8       0x10 c:/st/stm32cubeide_1.7.0/stm32cubeide/plugins/com.st.stm32cube.ide.mcu.externaltools.gnu-tools-for-stm32.10.3-2021.10.win32_1.0.200.202301161003/tools/bin/../lib/gcc/arm-none-eabi/10.3.1/../../../../arm-none-eabi/lib/thumb/v7e-m/nofp\libc_nano.a(lib_a-nano-msizer.o)
                0x000000000800b5b8                _malloc_usable_size_r
 .text.__retarget_lock_acquire_recursive
                0x000000000800b5c8        0x2 c:/st/stm32cubeide_1.7.0/stm32cubeide/plugins/com.st.stm32cube.ide.mcu.externaltools.gnu-tools-for-stm32.10.3-2021.10.win32_1.0.200.202301161003/tools/bin/../lib/gcc/arm-none-eabi/10.3.1/../../../../arm-none-eabi/lib/thumb/v7e-m/nofp\libc_nano.a(lib_a-lock.o)
                0x000000000800b5c8                __retarget_lock_acquire_recursive
 .text.__retarget_lock_release_recursive
                0x000000000800b5ca        0x2 c:/st/stm32cubeide_1.7.0/stm32cubeide/plugins/com.st.stm32cube.ide.mcu.externaltools.gnu-tools-for-stm32.10.3-2021.10.win32_1.0.200.202301161003/tools/bin/../lib/gcc/arm-none-eabi/10.3.1/../../../../arm-none-eabi/lib/thumb/v7e-m/nofp\libc_nano.a(lib_a-lock.o)
                0x000000000800b5ca                __retarget_lock_release_recursive
 *(.glue_7)
 .glue_7        0x000000000800b5cc        0x0 linker stubs
 *(.glue_7t)
 .glue_7t       0x000000000800b5cc        0x0 linker stubs
 *(.eh_frame)
 .eh_frame      0x000000000800b5cc        0x0 c:/st/stm32cubeide_1.7.0/stm32cubeide/plugins/com.st.stm32cube.ide.mcu.externaltools.gnu-tools-for-stm32.10.3-2021.10.win32_1.0.200.202301161003/tools/bin/../lib/gcc/arm-none-eabi/10.3.1/thumb/v7e-m/nofp/crtbegin.o
 *(.init)
 .init          0x000000000800b5cc        0x4 c:/st/stm32cubeide_1.7.0/stm32cubeide/plugins/com.st.stm32cube.ide.mcu.externaltools.gnu-tools-for-stm32.10.3-2021.10.win32_1.0.200.202301161003/tools/bin/../lib/gcc/arm-none-eabi/10.3.1/thumb/v7e-m/nofp/crti.o
                0x000000000800b5cc                _init
 .init          0x000000000800b5d0        0x8 c:/st/stm32cubeide_1.7.0/stm32cubeide/plugins/com.st.stm32cube.ide.mcu.externaltools.gnu-tools-for-stm32.10.3-2021.10.win32_1.0.200.202301161003/tools/bin/../lib/gcc/arm-none-eabi/10.3.1/thumb/v7e-m/nofp/crtn.o
 *(.fini)
 .fini          0x000000000800b5d8        0x4 c:/st/stm32cubeide_1.7.0/stm32cubeide/plugins/com.st.stm32cube.ide.mcu.externaltools.gnu-tools-for-stm32.10.3-2021.10.win32_1.0.200.202301161003/tools/bin/../lib/gcc/arm-none-eabi/10.3.1/thumb/v7e-m/nofp/crti.o
                0x000000000800b5d8                _fini
 .fini          0x000000000800b5dc        0x8 c:/st/stm32cubeide_1.7.0/stm32cubeide/plugins/com.st.stm32cube.ide.mcu.externaltools.gnu-tools-for-stm32.10.3-2021.10.win32_1.0.200.202301161003/tools/bin/../lib/gcc/arm-none-eabi/10.3.1/thumb/v7e-m/nofp/crtn.o
                0x000000000800b5e4                . = ALIGN (0x4)
                0x000000000800b5e4                _etext = .

.vfp11_veneer   0x000000000800b5e4        0x0
 .vfp11_veneer  0x000000000800b5e4        0x0 linker stubs

.v4_bx          0x000000000800b5e4        0x0
 .v4_bx         0x000000000800b5e4        0x0 linker stubs

.iplt           0x000000000800b5e4        0x0
 .iplt          0x000000000800b5e4        0x0 c:/st/stm32cubeide_1.7.0/stm32cubeide/plugins/com.st.stm32cube.ide.mcu.externaltools.gnu-tools-for-stm32.10.3-2021.10.win32_1.0.200.202301161003/tools/bin/../lib/gcc/arm-none-eabi/10.3.1/thumb/v7e-m/nofp/crtbegin.o

.rodata         0x000000000800b5e4      0x11c
                0x000000000800b5e4                . = ALIGN (0x4)
 *(.rodata)
 .rodata        0x000000000800b5e4       0x80 ./src/ap/ap.o
 .rodata        0x000000000800b664       0x46 ./src/lib/stm32f407vgt6_cube/USB_DEVICE/App/usbd_desc.o
 *(.rodata*)
 *fill*         0x000000000800b6aa        0x2 
 .rodata.AHBPrescTable
                0x000000000800b6ac       0x10 ./src/bsp/system_stm32f4xx.o
                0x000000000800b6ac                AHBPrescTable
 .rodata.APBPrescTable
                0x000000000800b6bc        0x8 ./src/bsp/system_stm32f4xx.o
                0x000000000800b6bc                APBPrescTable
 .rodata.flagBitshiftOffset.0
                0x000000000800b6c4        0x8 ./src/lib/stm32f407vgt6_cube/Drivers/STM32F4xx_HAL_Driver/Src/stm32f4xx_hal_dma.o
 .rodata._svfprintf_r.str1.1
                0x000000000800b6cc       0x11 c:/st/stm32cubeide_1.7.0/stm32cubeide/plugins/com.st.stm32cube.ide.mcu.externaltools.gnu-tools-for-stm32.10.3-2021.10.win32_1.0.200.202301161003/tools/bin/../lib/gcc/arm-none-eabi/10.3.1/../../../../arm-none-eabi/lib/thumb/v7e-m/nofp\libc_nano.a(lib_a-nano-svfprintf.o)
 .rodata._printf_i.str1.1
                0x000000000800b6dd       0x22 c:/st/stm32cubeide_1.7.0/stm32cubeide/plugins/com.st.stm32cube.ide.mcu.externaltools.gnu-tools-for-stm32.10.3-2021.10.win32_1.0.200.202301161003/tools/bin/../lib/gcc/arm-none-eabi/10.3.1/../../../../arm-none-eabi/lib/thumb/v7e-m/nofp\libc_nano.a(lib_a-nano-vfprintf_i.o)
                0x000000000800b700                . = ALIGN (0x4)
 *fill*         0x000000000800b6ff        0x1 

.ARM.extab      0x000000000800b700        0x0
                0x000000000800b700                . = ALIGN (0x4)
 *(.ARM.extab* .gnu.linkonce.armextab.*)
                0x000000000800b700                . = ALIGN (0x4)

.ARM            0x000000000800b700        0x8
                0x000000000800b700                . = ALIGN (0x4)
                0x000000000800b700                __exidx_start = .
 *(.ARM.exidx*)
 .ARM.exidx     0x000000000800b700        0x8 c:/st/stm32cubeide_1.7.0/stm32cubeide/plugins/com.st.stm32cube.ide.mcu.externaltools.gnu-tools-for-stm32.10.3-2021.10.win32_1.0.200.202301161003/tools/bin/../lib/gcc/arm-none-eabi/10.3.1/thumb/v7e-m/nofp\libgcc.a(_udivmoddi4.o)
                0x000000000800b708                __exidx_end = .
                0x000000000800b708                . = ALIGN (0x4)

.rel.dyn        0x000000000800b708        0x0
 .rel.iplt      0x000000000800b708        0x0 c:/st/stm32cubeide_1.7.0/stm32cubeide/plugins/com.st.stm32cube.ide.mcu.externaltools.gnu-tools-for-stm32.10.3-2021.10.win32_1.0.200.202301161003/tools/bin/../lib/gcc/arm-none-eabi/10.3.1/thumb/v7e-m/nofp/crtbegin.o

.preinit_array  0x000000000800b708        0x0
                0x000000000800b708                . = ALIGN (0x4)
                0x000000000800b708                PROVIDE (__preinit_array_start = .)
 *(.preinit_array*)
                0x000000000800b708                PROVIDE (__preinit_array_end = .)
                0x000000000800b708                . = ALIGN (0x4)

.init_array     0x000000000800b708        0x4
                0x000000000800b708                . = ALIGN (0x4)
                0x000000000800b708                PROVIDE (__init_array_start = .)
 *(SORT_BY_NAME(.init_array.*))
 *(.init_array*)
 .init_array    0x000000000800b708        0x4 c:/st/stm32cubeide_1.7.0/stm32cubeide/plugins/com.st.stm32cube.ide.mcu.externaltools.gnu-tools-for-stm32.10.3-2021.10.win32_1.0.200.202301161003/tools/bin/../lib/gcc/arm-none-eabi/10.3.1/thumb/v7e-m/nofp/crtbegin.o
                0x000000000800b70c                PROVIDE (__init_array_end = .)
                0x000000000800b70c                . = ALIGN (0x4)

.fini_array     0x000000000800b70c        0x4
                0x000000000800b70c                . = ALIGN (0x4)
                [!provide]                        PROVIDE (__fini_array_start = .)
 *(SORT_BY_NAME(.fini_array.*))
 *(.fini_array*)
 .fini_array    0x000000000800b70c        0x4 c:/st/stm32cubeide_1.7.0/stm32cubeide/plugins/com.st.stm32cube.ide.mcu.externaltools.gnu-tools-for-stm32.10.3-2021.10.win32_1.0.200.202301161003/tools/bin/../lib/gcc/arm-none-eabi/10.3.1/thumb/v7e-m/nofp/crtbegin.o
                [!provide]                        PROVIDE (__fini_array_end = .)
                0x000000000800b710                . = ALIGN (0x4)
                0x000000000800b710                _sidata = LOADADDR (.data)

.data           0x0000000020000000      0x1cc load address 0x000000000800b710
                0x0000000020000000                . = ALIGN (0x4)
                0x0000000020000000                _sdata = .
 *(.data)
 *(.data*)
 .data.SystemCoreClock
                0x0000000020000000        0x4 ./src/bsp/system_stm32f4xx.o
                0x0000000020000000                SystemCoreClock
 .data.button_tbl
                0x0000000020000004       0x18 ./src/hw/core/button.o
                0x0000000020000004                button_tbl
 .data.led_tbl  0x000000002000001c       0x28 ./src/hw/core/led.o
                0x000000002000001c                led_tbl
 .data.hwtimer_index
                0x0000000020000044       0x20 ./src/hw/core/timer.o
 .data.uwTickPrio
                0x0000000020000064        0x4 ./src/lib/stm32f407vgt6_cube/Drivers/STM32F4xx_HAL_Driver/Src/stm32f4xx_hal.o
                0x0000000020000064                uwTickPrio
 .data.uwTickFreq
                0x0000000020000068        0x1 ./src/lib/stm32f407vgt6_cube/Drivers/STM32F4xx_HAL_Driver/Src/stm32f4xx_hal.o
                0x0000000020000068                uwTickFreq
 *fill*         0x0000000020000069        0x3 
 .data.USBD_CDC_DeviceQualifierDesc
                0x000000002000006c        0xa ./src/lib/stm32f407vgt6_cube/Middlewares/ST/STM32_USB_Device_Library/Class/CDC/Src/usbd_cdc.o
 *fill*         0x0000000020000076        0x2 
 .data.USBD_CDC
                0x0000000020000078       0x38 ./src/lib/stm32f407vgt6_cube/Middlewares/ST/STM32_USB_Device_Library/Class/CDC/Src/usbd_cdc.o
                0x0000000020000078                USBD_CDC
 .data.USBD_CDC_CfgDesc
                0x00000000200000b0       0x43 ./src/lib/stm32f407vgt6_cube/Middlewares/ST/STM32_USB_Device_Library/Class/CDC/Src/usbd_cdc.o
 .data.CDCInEpAdd
                0x00000000200000f3        0x1 ./src/lib/stm32f407vgt6_cube/Middlewares/ST/STM32_USB_Device_Library/Class/CDC/Src/usbd_cdc.o
 .data.CDCOutEpAdd
                0x00000000200000f4        0x1 ./src/lib/stm32f407vgt6_cube/Middlewares/ST/STM32_USB_Device_Library/Class/CDC/Src/usbd_cdc.o
 .data.CDCCmdEpAdd
                0x00000000200000f5        0x1 ./src/lib/stm32f407vgt6_cube/Middlewares/ST/STM32_USB_Device_Library/Class/CDC/Src/usbd_cdc.o
 *fill*         0x00000000200000f6        0x2 
 .data.LineCoding
                0x00000000200000f8        0x8 ./src/lib/stm32f407vgt6_cube/USB_DEVICE/App/usbd_cdc_if.o
                0x00000000200000f8                LineCoding
 .data.rx_len   0x0000000020000100        0x4 ./src/lib/stm32f407vgt6_cube/USB_DEVICE/App/usbd_cdc_if.o
                0x0000000020000100                rx_len
 .data.USBD_Interface_fops_FS
                0x0000000020000104       0x14 ./src/lib/stm32f407vgt6_cube/USB_DEVICE/App/usbd_cdc_if.o
                0x0000000020000104                USBD_Interface_fops_FS
 .data.FS_Desc  0x0000000020000118       0x1c ./src/lib/stm32f407vgt6_cube/USB_DEVICE/App/usbd_desc.o
                0x0000000020000118                FS_Desc
 .data.USBD_FS_DeviceDesc
                0x0000000020000134       0x12 ./src/lib/stm32f407vgt6_cube/USB_DEVICE/App/usbd_desc.o
                0x0000000020000134                USBD_FS_DeviceDesc
 *fill*         0x0000000020000146        0x2 
 .data.USBD_LangIDDesc
                0x0000000020000148        0x4 ./src/lib/stm32f407vgt6_cube/USB_DEVICE/App/usbd_desc.o
                0x0000000020000148                USBD_LangIDDesc
 .data.USBD_StringSerial
                0x000000002000014c       0x1a ./src/lib/stm32f407vgt6_cube/USB_DEVICE/App/usbd_desc.o
                0x000000002000014c                USBD_StringSerial
 *fill*         0x0000000020000166        0x2 
 .data._impure_ptr
                0x0000000020000168        0x4 c:/st/stm32cubeide_1.7.0/stm32cubeide/plugins/com.st.stm32cube.ide.mcu.externaltools.gnu-tools-for-stm32.10.3-2021.10.win32_1.0.200.202301161003/tools/bin/../lib/gcc/arm-none-eabi/10.3.1/../../../../arm-none-eabi/lib/thumb/v7e-m/nofp\libc_nano.a(lib_a-impure.o)
                0x0000000020000168                _impure_ptr
 .data.impure_data
                0x000000002000016c       0x60 c:/st/stm32cubeide_1.7.0/stm32cubeide/plugins/com.st.stm32cube.ide.mcu.externaltools.gnu-tools-for-stm32.10.3-2021.10.win32_1.0.200.202301161003/tools/bin/../lib/gcc/arm-none-eabi/10.3.1/../../../../arm-none-eabi/lib/thumb/v7e-m/nofp\libc_nano.a(lib_a-impure.o)
 *(.RamFunc)
 *(.RamFunc*)
                0x00000000200001cc                . = ALIGN (0x4)
                0x00000000200001cc                _edata = .
                0x000000000800b8dc                _siccmram = LOADADDR (.ccmram)

.igot.plt       0x00000000200001cc        0x0 load address 0x000000000800b8dc
 .igot.plt      0x00000000200001cc        0x0 c:/st/stm32cubeide_1.7.0/stm32cubeide/plugins/com.st.stm32cube.ide.mcu.externaltools.gnu-tools-for-stm32.10.3-2021.10.win32_1.0.200.202301161003/tools/bin/../lib/gcc/arm-none-eabi/10.3.1/thumb/v7e-m/nofp/crtbegin.o

.ccmram         0x0000000010000000        0x0 load address 0x000000000800b8dc
                0x0000000010000000                . = ALIGN (0x4)
                0x0000000010000000                _sccmram = .
 *(.ccmram)
 *(.ccmram*)
                0x0000000010000000                . = ALIGN (0x4)
                0x0000000010000000                _eccmram = .
                0x0000000010000000                . = ALIGN (0x4)

.bss            0x00000000200001cc     0x226c
                0x00000000200001cc                _sbss = .
                0x00000000200001cc                __bss_start__ = _sbss
 *(.bss)
 .bss           0x00000000200001cc       0x1c c:/st/stm32cubeide_1.7.0/stm32cubeide/plugins/com.st.stm32cube.ide.mcu.externaltools.gnu-tools-for-stm32.10.3-2021.10.win32_1.0.200.202301161003/tools/bin/../lib/gcc/arm-none-eabi/10.3.1/thumb/v7e-m/nofp/crtbegin.o
 *(.bss*)
 .bss.__sbrk_heap_end
                0x00000000200001e8        0x4 ./src/bsp/sysmem.o
 .bss.GPIO_InitStruct
                0x00000000200001ec       0x14 ./src/hw/core/button.o
 .bss.GPIO_InitStruct
                0x0000000020000200       0x14 ./src/hw/core/led.o
 .bss.sw_timer_counter
                0x0000000020000214        0x4 ./src/hw/core/swtimer.o
 .bss.sw_timer_handle_index
                0x0000000020000218        0x2 ./src/hw/core/swtimer.o
 *fill*         0x000000002000021a        0x2 
 .bss.swtimer_tbl
                0x000000002000021c       0xa0 ./src/hw/core/swtimer.o
 .bss.excute.0  0x00000000200002bc        0x1 ./src/hw/core/swtimer.o
 *fill*         0x00000000200002bd        0x3 
 .bss.timer_tbl
                0x00000000200002c0       0xcc ./src/hw/core/timer.o
 .bss.huart1    0x000000002000038c       0x44 ./src/hw/core/uart.o
                0x000000002000038c                huart1
 .bss.hdma_usart1_rx
                0x00000000200003d0       0x60 ./src/hw/core/uart.o
                0x00000000200003d0                hdma_usart1_rx
 .bss.qbuffer   0x0000000020000430       0x20 ./src/hw/core/uart.o
 .bss.uart_tbl  0x0000000020000450      0x1a0 ./src/hw/core/uart.o
                0x0000000020000450                uart_tbl
 .bss.uart_rx_qbuf
                0x00000000200005f0       0x20 ./src/hw/core/uart.o
                0x00000000200005f0                uart_rx_qbuf
 .bss.uwTick    0x0000000020000610        0x4 ./src/lib/stm32f407vgt6_cube/Drivers/STM32F4xx_HAL_Driver/Src/stm32f4xx_hal.o
                0x0000000020000610                uwTick
 .bss.cfgidx.0  0x0000000020000614        0x1 ./src/lib/stm32f407vgt6_cube/Middlewares/ST/STM32_USB_Device_Library/Core/Src/usbd_ctlreq.o
 *fill*         0x0000000020000615        0x3 
 .bss.hUsbDeviceFS
                0x0000000020000618      0x2dc ./src/lib/stm32f407vgt6_cube/USB_DEVICE/App/usb_device.o
                0x0000000020000618                hUsbDeviceFS
 .bss.ptr_in    0x00000000200008f4        0x4 ./src/lib/stm32f407vgt6_cube/USB_DEVICE/App/usbd_cdc_if.o
                0x00000000200008f4                ptr_in
 .bss.ptr_out   0x00000000200008f8        0x4 ./src/lib/stm32f407vgt6_cube/USB_DEVICE/App/usbd_cdc_if.o
                0x00000000200008f8                ptr_out
 .bss.rx_buf    0x00000000200008fc      0x200 ./src/lib/stm32f407vgt6_cube/USB_DEVICE/App/usbd_cdc_if.o
                0x00000000200008fc                rx_buf
 .bss.UserRxBufferFS