../src/lib/stm32f407vgt6_cube/USB_DEVICE/App/usbd_cdc_if.c:57:6:cdcFlush	4	static
../src/lib/stm32f407vgt6_cube/USB_DEVICE/App/usbd_cdc_if.c:66:10:cdcAvailable	16	static
../src/lib/stm32f407vgt6_cube/USB_DEVICE/App/usbd_cdc_if.c:79:9:cdcRead	16	static
../src/lib/stm32f407vgt6_cube/USB_DEVICE/App/usbd_cdc_if.c:97:6:cdcDataIn	24	static
../src/lib/stm32f407vgt6_cube/USB_DEVICE/App/usbd_cdc_if.c:118:10:cdcWrite	24	static
../src/lib/stm32f407vgt6_cube/USB_DEVICE/App/usbd_cdc_if.c:154:10:cdcGetBaud	4	static
../src/lib/stm32f407vgt6_cube/USB_DEVICE/App/usbd_cdc_if.c:285:15:CDC_Init_FS	8	static
../src/lib/stm32f407vgt6_cube/USB_DEVICE/App/usbd_cdc_if.c:299:15:CDC_DeInit_FS	4	static
../src/lib/stm32f407vgt6_cube/USB_DEVICE/App/usbd_cdc_if.c:313:15:CDC_Control_FS	16	static
../src/lib/stm32f407vgt6_cube/USB_DEVICE/App/usbd_cdc_if.c:414:15:CDC_Receive_FS	24	static
../src/lib/stm32f407vgt6_cube/USB_DEVICE/App/usbd_cdc_if.c:441:9:CDC_Transmit_FS	24	static
../src/lib/stm32f407vgt6_cube/USB_DEVICE/App/usbd_cdc_if.c:467:15:CDC_TransmitCplt_FS	32	static
