Archive member included to satisfy reference by file (symbol)

c:/st/stm32cubeide_1.7.0/stm32cubeide/plugins/com.st.stm32cube.ide.mcu.externaltools.gnu-tools-for-stm32.10.3-2021.10.win32_1.0.200.202301161003/tools/bin/../lib/gcc/arm-none-eabi/10.3.1/../../../../arm-none-eabi/lib/thumb/v7e-m/nofp\libc_nano.a(lib_a-errno.o)
                              ./src/bsp/syscalls.o (__errno)
c:/st/stm32cubeide_1.7.0/stm32cubeide/plugins/com.st.stm32cube.ide.mcu.externaltools.gnu-tools-for-stm32.10.3-2021.10.win32_1.0.200.202301161003/tools/bin/../lib/gcc/arm-none-eabi/10.3.1/../../../../arm-none-eabi/lib/thumb/v7e-m/nofp\libc_nano.a(lib_a-exit.o)
                              c:/st/stm32cubeide_1.7.0/stm32cubeide/plugins/com.st.stm32cube.ide.mcu.externaltools.gnu-tools-for-stm32.10.3-2021.10.win32_1.0.200.202301161003/tools/bin/../lib/gcc/arm-none-eabi/10.3.1/../../../../arm-none-eabi/lib/thumb/v7e-m/nofp/crt0.o (exit)
c:/st/stm32cubeide_1.7.0/stm32cubeide/plugins/com.st.stm32cube.ide.mcu.externaltools.gnu-tools-for-stm32.10.3-2021.10.win32_1.0.200.202301161003/tools/bin/../lib/gcc/arm-none-eabi/10.3.1/../../../../arm-none-eabi/lib/thumb/v7e-m/nofp\libc_nano.a(lib_a-impure.o)
                              c:/st/stm32cubeide_1.7.0/stm32cubeide/plugins/com.st.stm32cube.ide.mcu.externaltools.gnu-tools-for-stm32.10.3-2021.10.win32_1.0.200.202301161003/tools/bin/../lib/gcc/arm-none-eabi/10.3.1/../../../../arm-none-eabi/lib/thumb/v7e-m/nofp\libc_nano.a(lib_a-exit.o) (_global_impure_ptr)
c:/st/stm32cubeide_1.7.0/stm32cubeide/plugins/com.st.stm32cube.ide.mcu.externaltools.gnu-tools-for-stm32.10.3-2021.10.win32_1.0.200.202301161003/tools/bin/../lib/gcc/arm-none-eabi/10.3.1/../../../../arm-none-eabi/lib/thumb/v7e-m/nofp\libc_nano.a(lib_a-init.o)
                              c:/st/stm32cubeide_1.7.0/stm32cubeide/plugins/com.st.stm32cube.ide.mcu.externaltools.gnu-tools-for-stm32.10.3-2021.10.win32_1.0.200.202301161003/tools/bin/../lib/gcc/arm-none-eabi/10.3.1/../../../../arm-none-eabi/lib/thumb/v7e-m/nofp/crt0.o (__libc_init_array)
c:/st/stm32cubeide_1.7.0/stm32cubeide/plugins/com.st.stm32cube.ide.mcu.externaltools.gnu-tools-for-stm32.10.3-2021.10.win32_1.0.200.202301161003/tools/bin/../lib/gcc/arm-none-eabi/10.3.1/../../../../arm-none-eabi/lib/thumb/v7e-m/nofp\libc_nano.a(lib_a-memset.o)
                              c:/st/stm32cubeide_1.7.0/stm32cubeide/plugins/com.st.stm32cube.ide.mcu.externaltools.gnu-tools-for-stm32.10.3-2021.10.win32_1.0.200.202301161003/tools/bin/../lib/gcc/arm-none-eabi/10.3.1/../../../../arm-none-eabi/lib/thumb/v7e-m/nofp/crt0.o (memset)
c:/st/stm32cubeide_1.7.0/stm32cubeide/plugins/com.st.stm32cube.ide.mcu.externaltools.gnu-tools-for-stm32.10.3-2021.10.win32_1.0.200.202301161003/tools/bin/../lib/gcc/arm-none-eabi/10.3.1/../../../../arm-none-eabi/lib/thumb/v7e-m/nofp\libc_nano.a(lib_a-vsnprintf.o)
                              ./src/hw/core/uart.o (vsnprintf)
c:/st/stm32cubeide_1.7.0/stm32cubeide/plugins/com.st.stm32cube.ide.mcu.externaltools.gnu-tools-for-stm32.10.3-2021.10.win32_1.0.200.202301161003/tools/bin/../lib/gcc/arm-none-eabi/10.3.1/../../../../arm-none-eabi/lib/thumb/v7e-m/nofp\libc_nano.a(lib_a-nano-svfprintf.o)
                              c:/st/stm32cubeide_1.7.0/stm32cubeide/plugins/com.st.stm32cube.ide.mcu.externaltools.gnu-tools-for-stm32.10.3-2021.10.win32_1.0.200.202301161003/tools/bin/../lib/gcc/arm-none-eabi/10.3.1/../../../../arm-none-eabi/lib/thumb/v7e-m/nofp\libc_nano.a(lib_a-vsnprintf.o) (_svfprintf_r)
c:/st/stm32cubeide_1.7.0/stm32cubeide/plugins/com.st.stm32cube.ide.mcu.externaltools.gnu-tools-for-stm32.10.3-2021.10.win32_1.0.200.202301161003/tools/bin/../lib/gcc/arm-none-eabi/10.3.1/../../../../arm-none-eabi/lib/thumb/v7e-m/nofp\libc_nano.a(lib_a-nano-vfprintf_i.o)
                              c:/st/stm32cubeide_1.7.0/stm32cubeide/plugins/com.st.stm32cube.ide.mcu.externaltools.gnu-tools-for-stm32.10.3-2021.10.win32_1.0.200.202301161003/tools/bin/../lib/gcc/arm-none-eabi/10.3.1/../../../../arm-none-eabi/lib/thumb/v7e-m/nofp\libc_nano.a(lib_a-nano-svfprintf.o) (_printf_i)
c:/st/stm32cubeide_1.7.0/stm32cubeide/plugins/com.st.stm32cube.ide.mcu.externaltools.gnu-tools-for-stm32.10.3-2021.10.win32_1.0.200.202301161003/tools/bin/../lib/gcc/arm-none-eabi/10.3.1/../../../../arm-none-eabi/lib/thumb/v7e-m/nofp\libc_nano.a(lib_a-memchr.o)
                              c:/st/stm32cubeide_1.7.0/stm32cubeide/plugins/com.st.stm32cube.ide.mcu.externaltools.gnu-tools-for-stm32.10.3-2021.10.win32_1.0.200.202301161003/tools/bin/../lib/gcc/arm-none-eabi/10.3.1/../../../../arm-none-eabi/lib/thumb/v7e-m/nofp\libc_nano.a(lib_a-nano-svfprintf.o) (memchr)
c:/st/stm32cubeide_1.7.0/stm32cubeide/plugins/com.st.stm32cube.ide.mcu.externaltools.gnu-tools-for-stm32.10.3-2021.10.win32_1.0.200.202301161003/tools/bin/../lib/gcc/arm-none-eabi/10.3.1/../../../../arm-none-eabi/lib/thumb/v7e-m/nofp\libc_nano.a(lib_a-memcpy-stub.o)
[...]
Memory Configuration

Name             Origin             Length             Attributes
CCMRAM           0x0000000010000000 0x0000000000010000 xrw
RAM              0x0000000020000000 0x0000000000020000 xrw
FLASH            0x0000000008000000 0x0000000000100000 xr
*default*        0x0000000000000000 0xffffffffffffffff

Linker script and memory map

LOAD c:/st/stm32cubeide_1.7.0/stm32cubeide/plugins/com.st.stm32cube.ide.mcu.externaltools.gnu-tools-for-stm32.10.3-2021.10.win32_1.0.200.202301161003/tools/bin/../lib/gcc/arm-none-eabi/10.3.1/thumb/v7e-m/nofp/crti.o
LOAD c:/st/stm32cubeide_1.7.0/stm32cubeide/plugins/com.st.stm32cube.ide.mcu.externaltools.gnu-tools-for-stm32.10.3-2021.10.win32_1.0.200.202301161003/tools/bin/../lib/gcc/arm-none-eabi/10.3.1/thumb/v7e-m/nofp/crtbegin.o
LOAD c:/st/stm32cubeide_1.7.0/stm32cubeide/plugins/com.st.stm32cube.ide.mcu.externaltools.gnu-tools-for-stm32.10.3-2021.10.win32_1.0.200.202301161003/tools/bin/../lib/gcc/arm-none-eabi/10.3.1/../../../../arm-none-eabi/lib/thumb/v7e-m/nofp/crt0.o
LOAD ./src/ap/ap.o
LOAD ./src/bsp/bsp.o
LOAD ./src/bsp/stm32f4xx_hal_msp.o
LOAD ./src/bsp/stm32f4xx_it.o
LOAD ./src/bsp/syscalls.o
LOAD ./src/bsp/sysmem.o
LOAD ./src/bsp/system_stm32f4xx.o
LOAD ./src/bsp/startup/startup_stm32f407vgtx.o
LOAD ./src/common/core/qbuffer.o
LOAD ./src/hw/core/button.o
LOAD ./src/hw/core/led.o
LOAD ./src/hw/core/swtimer.o
LOAD ./src/hw/core/timer.o
LOAD ./src/hw/core/uart.o
LOAD ./src/hw/hw.o
LOAD ./src/lib/stm32f407vgt6_cube/Drivers/STM32F4xx_HAL_Driver/Src/stm32f4xx_hal.o
LOAD ./src/lib/stm32f407vgt6_cube/Drivers/STM32F4xx_HAL_Driver/Src/stm32f4xx_hal_cortex.o
LOAD ./src/lib/stm32f407vgt6_cube/Drivers/STM32F4xx_HAL_Driver/Src/stm32f4xx_hal_dma.o
LOAD ./src/lib/stm32f407vgt6_cube/Drivers/STM32F4xx_HAL_Driver/Src/stm32f4xx_hal_dma_ex.o
LOAD ./src/lib/stm32f407vgt6_cube/Drivers/STM32F4xx_HAL_Driver/Src/stm32f4xx_hal_exti.o
LOAD ./src/lib/stm32f407vgt6_cube/Drivers/STM32F4xx_HAL_Driver/Src/stm32f4xx_hal_flash.o
LOAD ./src/lib/stm32f407vgt6_cube/Drivers/STM32F4xx_HAL_Driver/Src/stm32f4xx_hal_flash_ex.o
LOAD ./src/lib/stm32f407vgt6_cube/Drivers/STM32F4xx_HAL_Driver/Src/stm32f4xx_hal_flash_ramfunc.o
LOAD ./src/lib/stm32f407vgt6_cube/Drivers/STM32F4xx_HAL_Driver/Src/stm32f4xx_hal_gpio.o
LOAD ./src/lib/stm32f407vgt6_cube/Drivers/STM32F4xx_HAL_Driver/Src/stm32f4xx_hal_pcd.o
LOAD ./src/lib/stm32f407vgt6_cube/Drivers/STM32F4xx_HAL_Driver/Src/stm32f4xx_hal_pcd_ex.o
LOAD ./src/lib/stm32f407vgt6_cube/Drivers/STM32F4xx_HAL_Driver/Src/stm32f4xx_hal_pwr.o
LOAD ./src/lib/stm32f407vgt6_cube/Drivers/STM32F4xx_HAL_Driver/Src/stm32f4xx_hal_pwr_ex.o
LOAD ./src/lib/stm32f407vgt6_cube/Drivers/STM32F4xx_HAL_Driver/Src/stm32f4xx_hal_rcc.o
LOAD ./src/lib/stm32f407vgt6_cube/Drivers/STM32F4xx_HAL_Driver/Src/stm32f4xx_hal_rcc_ex.o
LOAD ./src/lib/stm32f407vgt6_cube/Drivers/STM32F4xx_HAL_Driver/Src/stm32f4xx_hal_tim.o
LOAD ./src/lib/stm32f407vgt6_cube/Drivers/STM32F4xx_HAL_Driver/Src/stm32f4xx_hal_tim_ex.o
LOAD ./src/lib/stm32f407vgt6_cube/Drivers/STM32F4xx_HAL_Driver/Src/stm32f4xx_hal_uart.o
LOAD ./src/lib/stm32f407vgt6_cube/Drivers/STM32F4xx_HAL_Driver/Src/stm32f4xx_ll_usb.o
LOAD ./src/lib/stm32f407vgt6_cube/Middlewares/ST/STM32_USB_Device_Library/Class/CDC/Src/usbd_cdc.o
LOAD ./src/lib/stm32f407vgt6_cube/Middlewares/ST/STM32_USB_Device_Library/Core/Src/usbd_core.o
LOAD ./src/lib/stm32f407vgt6_cube/Middlewares/ST/STM32_USB_Device_Library/Core/Src/usbd_ctlreq.o
LOAD ./src/lib/stm32f407vgt6_cube/Middlewares/ST/STM32_USB_Device_Library/Core/Src/usbd_ioreq.o
LOAD ./src/lib/stm32f407vgt6_cube/USB_DEVICE/App/usb_device.o
LOAD ./src/lib/stm32f407vgt6_cube/USB_DEVICE/App/usbd_cdc_if.o
LOAD ./src/lib/stm32f407vgt6_cube/USB_DEVICE/App/usbd_desc.o
LOAD ./src/lib/stm32f407vgt6_cube/USB_DEVICE/Target/usbd_conf.o
LOAD ./src/main.o
START GROUP
LOAD c:/st/stm32cubeide_1.7.0/stm32cubeide/plugins/com.st.stm32cube.ide.mcu.externaltools.gnu-tools-for-stm32.10.3-2021.10.win32_1.0.200.202301161003/tools/bin/../lib/gcc/arm-none-eabi/10.3.1/../../../../arm-none-eabi/lib/thumb/v7e-m/nofp\libc_nano.a
LOAD c:/st/stm32cubeide_1.7.0/stm32cubeide/plugins/com.st.stm32cube.ide.mcu.externaltools.gnu-tools-for-stm32.10.3-2021.10.win32_1.0.200.202301161003/tools/bin/../lib/gcc/arm-none-eabi/10.3.1/../../../../arm-none-eabi/lib/thumb/v7e-m/nofp\libm.a
END GROUP
START GROUP
LOAD c:/st/stm32cubeide_1.7.0/stm32cubeide/plugins/com.st.stm32cube.ide.mcu.externaltools.gnu-tools-for-stm32.10.3-2021.10.win32_1.0.200.202301161003/tools/bin/../lib/gcc/arm-none-eabi/10.3.1/thumb/v7e-m/nofp\libgcc.a
LOAD c:/st/stm32cubeide_1.7.0/stm32cubeide/plugins/com.st.stm32cube.ide.mcu.externaltools.gnu-tools-for-stm32.10.3-2021.10.win32_1.0.200.202301161003/tools/bin/../lib/gcc/arm-none-eabi/10.3.1/../../../../arm-none-eabi/lib/thumb/v7e-m/nofp\libc_nano.a
END GROUP
START GROUP
LOAD c:/st/stm32cubeide_1.7.0/stm32cubeide/plugins/com.st.stm32cube.ide.mcu.externaltools.gnu-tools-for-stm32.10.3-2021.10.win32_1.0.200.202301161003/tools/bin/../lib/gcc/arm-none-eabi/10.3.1/thumb/v7e-m/nofp\libgcc.a
LOAD c:/st/stm32cubeide_1.7.0/stm32cubeide/plugins/com.st.stm32cube.ide.mcu.externaltools.gnu-tools-for-stm32.10.3-2021.10.win32_1.0.200.202301161003/tools/bin/../lib/gcc/arm-none-eabi/10.3.1/../../../../arm-none-eabi/lib/thumb/v7e-m/nofp\libc_nano.a
LOAD c:/st/stm32cubeide_1.7.0/stm32cubeide/plugins/com.st.stm32cube.ide.mcu.externaltools.gnu-tools-for-stm32.10.3-2021.10.win32_1.0.200.202301161003/tools/bin/../lib/gcc/arm-none-eabi/10.3.1/../../../../arm-none-eabi/lib/thumb/v7e-m/nofp\libnosys.a
END GROUP
START GROUP
LOAD c:/st/stm32cubeide_1.7.0/stm32cubeide/plugins/com.st.stm32cube.ide.mcu.externaltools.gnu-tools-for-stm32.10.3-2021.10.win32_1.0.200.202301161003/tools/bin/../lib/gcc/arm-none-eabi/10.3.1/thumb/v7e-m/nofp\libgcc.a
LOAD c:/st/stm32cubeide_1.7.0/stm32cubeide/plugins/com.st.stm32cube.ide.mcu.externaltools.gnu-tools-for-stm32.10.3-2021.10.win32_1.0.200.202301161003/tools/bin/../lib/gcc/arm-none-eabi/10.3.1/../../../../arm-none-eabi/lib/thumb/v7e-m/nofp\libc_nano.a
LOAD c:/st/stm32cubeide_1.7.0/stm32cubeide/plugins/com.st.stm32cube.ide.mcu.externaltools.gnu-tools-for-stm32.10.3-2021.10.win32_1.0.200.202301161003/tools/bin/../lib/gcc/arm-none-eabi/10.3.1/../../../../arm-none-eabi/lib/thumb/v7e-m/nofp\libnosys.a
END GROUP
LOAD c:/st/stm32cubeide_1.7.0/stm32cubeide/plugins/com.st.stm32cube.ide.mcu.externaltools.gnu-tools-for-stm32.10.3-2021.10.win32_1.0.200.202301161003/tools/bin/../lib/gcc/arm-none-eabi/10.3.1/thumb/v7e-m/nofp/crtend.o
LOAD c:/st/stm32cubeide_1.7.0/stm32cubeide/plugins/com.st.stm32cube.ide.mcu.externaltools.gnu-tools-for-stm32.10.3-2021.10.win32_1.0.200.202301161003/tools/bin/../lib/gcc/arm-none-eabi/10.3.1/thumb/v7e-m/nofp/crtn.o
                0x0000000020020000                _estack = (ORIGIN (RAM) + LENGTH (RAM))
                0x0000000000000200                _Min_Heap_Size = 0x200
                0x0000000000000400                _Min_Stack_Size = 0x400

.isr_vector     0x0000000008000000      0x188
                0x0000000008000000                . = ALIGN (0x4)
 *(.isr_vector)
 .isr_vector    0x0000000008000000      0x188 ./src/bsp/startup/startup_stm32f407vgtx.o
                0x0000000008000000                g_pfnVectors
                0x0000000008000188                . = ALIGN (0x4)

.text           0x0000000008000190     0xafc4
                0x0000000008000190                . = ALIGN (0x4)
 *(.text)
 .text          0x0000000008000190       0x40 c:/st/stm32cubeide_1.7.0/stm32cubeide/plugins/com.st.stm32cube.ide.mcu.externaltools.gnu-tools-for-stm32.10.3-2021.10.win32_1.0.200.202301161003/tools/bin/../lib/gcc/arm-none-eabi/10.3.1/thumb/v7e-m/nofp/crtbegin.o
 .text          0x00000000080001d0       0xa0 c:/st/stm32cubeide_1.7.0/stm32cubeide/plugins/com.st.stm32cube.ide.mcu.externaltools.gnu-tools-for-stm32.10.3-2021.10.win32_1.0.200.202301161003/tools/bin/../lib/gcc/arm-none-eabi/10.3.1/../../../../arm-none-eabi/lib/thumb/v7e-m/nofp\libc_nano.a(lib_a-memchr.o)
                0x00000000080001d0                memchr
 .text          0x0000000008000270       0x30 c:/st/stm32cubeide_1.7.0/stm32cubeide/plugins/com.st.stm32cube.ide.mcu.externaltools.gnu-tools-for-stm32.10.3-2021.10.win32_1.0.200.202301161003/tools/bin/../lib/gcc/arm-none-eabi/10.3.1/thumb/v7e-m/nofp\libgcc.a(_aeabi_uldivmod.o)
                0x0000000008000270                __aeabi_uldivmod
 .text          0x00000000080002a0      0x2d0 c:/st/stm32cubeide_1.7.0/stm32cubeide/plugins/com.st.stm32cube.ide.mcu.externaltools.gnu-tools-for-stm32.10.3-2021.10.win32_1.0.200.202301161003/tools/bin/../lib/gcc/arm-none-eabi/10.3.1/thumb/v7e-m/nofp\libgcc.a(_udivmoddi4.o)
                0x00000000080002a0                __udivmoddi4
 .text          0x0000000008000570        0x4 c:/st/stm32cubeide_1.7.0/stm32cubeide/plugins/com.st.stm32cube.ide.mcu.externaltools.gnu-tools-for-stm32.10.3-2021.10.win32_1.0.200.202301161003/tools/bin/../lib/gcc/arm-none-eabi/10.3.1/thumb/v7e-m/nofp\libgcc.a(_dvmd_tls.o)
                0x0000000008000570                __aeabi_idiv0
                0x0000000008000570                __aeabi_ldiv0
 *(.text*)
 .text.ledISR   0x0000000008000574       0x16 ./src/ap/ap.o
                0x0000000008000574                ledISR
 *fill*         0x000000000800058a        0x2 
 .text.apInit   0x000000000800058c       0x60 ./src/ap/ap.o
                0x000000000800058c                apInit
 .text.apMain   0x00000000080005ec       0x38 ./src/ap/ap.o
                0x00000000080005ec                apMain
 .text.bspInit  0x0000000008000624       0xf0 ./src/bsp/bsp.o
                0x0000000008000624                bspInit
 .text.delay    0x0000000008000714       0x16 ./src/bsp/bsp.o
                0x0000000008000714                delay
 .text.millis   0x000000000800072a        0xe ./src/bsp/bsp.o
                0x000000000800072a                millis
 .text.SystemClock_Config
                0x0000000008000738       0xd4 ./src/bsp/bsp.o
 .text.Error_Handler
                0x000000000800080c        0x6 ./src/bsp/bsp.o
 *fill*         0x0000000008000812        0x2 
 .text.HAL_MspInit
                0x0000000008000814       0x4c ./src/bsp/stm32f4xx_hal_msp.o
                0x0000000008000814                HAL_MspInit
 .text.NMI_Handler
                0x0000000008000860        0x6 ./src/bsp/stm32f4xx_it.o
                0x0000000008000860                NMI_Handler
 .text.HardFault_Handler
                0x0000000008000866        0x6 ./src/bsp/stm32f4xx_it.o
                0x0000000008000866                HardFault_Handler
 .text.MemManage_Handler
                0x000000000800086c        0x6 ./src/bsp/stm32f4xx_it.o
                0x000000000800086c                MemManage_Handler
 .text.BusFault_Handler
                0x0000000008000872        0x6 ./src/bsp/stm32f4xx_it.o
                0x0000000008000872                BusFault_Handler
 .text.UsageFault_Handler
                0x0000000008000878        0x6 ./src/bsp/stm32f4xx_it.o
                0x0000000008000878                UsageFault_Handler
 .text.SVC_Handler
                0x000000000800087e        0xc ./src/bsp/stm32f4xx_it.o
                0x000000000800087e                SVC_Handler
 .text.DebugMon_Handler
                0x000000000800088a        0xc ./src/bsp/stm32f4xx_it.o
                0x000000000800088a                DebugMon_Handler
 .text.PendSV_Handler
                0x0000000008000896        0xc ./src/bsp/stm32f4xx_it.o
                0x0000000008000896                PendSV_Handler
 .text.SysTick_Handler
                0x00000000080008a2        0xc ./src/bsp/stm32f4xx_it.o
                0x00000000080008a2                SysTick_Handler
 *fill*         0x00000000080008ae        0x2 
 .text.USART1_IRQHandler
                0x00000000080008b0       0x14 ./src/bsp/stm32f4xx_it.o
                0x00000000080008b0                USART1_IRQHandler
 .text.DMA2_Stream2_IRQHandler
                0x00000000080008c4       0x14 ./src/bsp/stm32f4xx_it.o
                0x00000000080008c4                DMA2_Stream2_IRQHandler
 .text.OTG_FS_IRQHandler
                0x00000000080008d8       0x14 ./src/bsp/stm32f4xx_it.o
                0x00000000080008d8                OTG_FS_IRQHandler
 .text._sbrk    0x00000000080008ec       0x6c ./src/bsp/sysmem.o
                0x00000000080008ec                _sbrk
 .text.SystemInit
                0x0000000008000958        0xc ./src/bsp/system_stm32f4xx.o
                0x0000000008000958                SystemInit
 .text.Reset_Handler
                0x0000000008000964       0x50 ./src/bsp/startup/startup_stm32f407vgtx.o
                0x0000000008000964                Reset_Handler
 .text.Default_Handler
                0x00000000080009b4        0x2 ./src/bsp/startup/startup_stm32f407vgtx.o
                0x00000000080009b4                RTC_Alarm_IRQHandler
                0x00000000080009b4                HASH_RNG_IRQHandler
                0x00000000080009b4                EXTI2_IRQHandler
                0x00000000080009b4                TIM8_CC_IRQHandler
                0x00000000080009b4                TIM1_CC_IRQHandler
                0x00000000080009b4                DMA2_Stream5_IRQHandler
                0x00000000080009b4                DMA1_Stream5_IRQHandler
                0x00000000080009b4                PVD_IRQHandler
                0x00000000080009b4                SDIO_IRQHandler
                0x00000000080009b4                TAMP_STAMP_IRQHandler
                0x00000000080009b4                CAN2_RX1_IRQHandler
                0x00000000080009b4                EXTI3_IRQHandler
                0x00000000080009b4                TIM8_TRG_COM_TIM14_IRQHandler
                0x00000000080009b4                TIM1_UP_TIM10_IRQHandler
                0x00000000080009b4                TIM8_UP_TIM13_IRQHandler
                0x00000000080009b4                I2C3_ER_IRQHandler
                0x00000000080009b4                EXTI0_IRQHandler
                0x00000000080009b4                I2C2_EV_IRQHandler
                0x00000000080009b4                DMA1_Stream2_IRQHandler
                0x00000000080009b4                CAN1_RX0_IRQHandler
                0x00000000080009b4                FPU_IRQHandler
                0x00000000080009b4                OTG_HS_WKUP_IRQHandler
                0x00000000080009b4                CAN2_SCE_IRQHandler
                0x00000000080009b4                SPI1_IRQHandler
                0x00000000080009b4                TIM6_DAC_IRQHandler
                0x00000000080009b4                TIM1_BRK_TIM9_IRQHandler
                0x00000000080009b4                DCMI_IRQHandler
                0x00000000080009b4                CAN2_RX0_IRQHandler
                0x00000000080009b4                DMA2_Stream3_IRQHandler
                0x00000000080009b4                USART6_IRQHandler
                0x00000000080009b4                USART3_IRQHandler
                0x00000000080009b4                CAN1_RX1_IRQHandler
                0x00000000080009b4                UART5_IRQHandler
                0x00000000080009b4                DMA2_Stream0_IRQHandler
                0x00000000080009b4                TIM4_IRQHandler
                0x00000000080009b4                I2C1_EV_IRQHandler
                0x00000000080009b4                DMA1_Stream6_IRQHandler
                0x00000000080009b4                DMA1_Stream1_IRQHandler
                0x00000000080009b4                UART4_IRQHandler
                0x00000000080009b4                RCC_IRQHandler
                0x00000000080009b4                TIM8_BRK_TIM12_IRQHandler
                0x00000000080009b4                Default_Handler
                0x00000000080009b4                EXTI15_10_IRQHandler
                0x00000000080009b4                ADC_IRQHandler
                0x00000000080009b4                DMA1_Stream7_IRQHandler
                0x00000000080009b4                TIM7_IRQHandler
                0x00000000080009b4                CAN2_TX_IRQHandler
                0x00000000080009b4                TIM5_IRQHandler
                0x00000000080009b4                DMA2_Stream7_IRQHandler
                0x00000000080009b4                I2C3_EV_IRQHandler
                0x00000000080009b4                EXTI9_5_IRQHandler
                0x00000000080009b4                RTC_WKUP_IRQHandler
                0x00000000080009b4                ETH_WKUP_IRQHandler
                0x00000000080009b4                SPI2_IRQHandler
                0x00000000080009b4                OTG_HS_EP1_IN_IRQHandler
                0x00000000080009b4                DMA1_Stream0_IRQHandler
                0x00000000080009b4                CAN1_TX_IRQHandler
                0x00000000080009b4                EXTI4_IRQHandler
                0x00000000080009b4                FSMC_IRQHandler
                0x00000000080009b4                ETH_IRQHandler
                0x00000000080009b4                OTG_HS_EP1_OUT_IRQHandler
                0x00000000080009b4                WWDG_IRQHandler
                0x00000000080009b4                TIM2_IRQHandler
                0x00000000080009b4                OTG_FS_WKUP_IRQHandler
                0x00000000080009b4                TIM1_TRG_COM_TIM11_IRQHandler
                0x00000000080009b4                OTG_HS_IRQHandler
                0x00000000080009b4                EXTI1_IRQHandler
                0x00000000080009b4                USART2_IRQHandler
                0x00000000080009b4                I2C2_ER_IRQHandler
                0x00000000080009b4                DMA2_Stream1_IRQHandler
                0x00000000080009b4                CAN1_SCE_IRQHandler
                0x00000000080009b4                FLASH_IRQHandler
                0x00000000080009b4                DMA2_Stream4_IRQHandler
                0x00000000080009b4                SPI3_IRQHandler
                0x00000000080009b4                DMA1_Stream4_IRQHandler
                0x00000000080009b4                I2C1_ER_IRQHandler
                0x00000000080009b4                DMA2_Stream6_IRQHandler
                0x00000000080009b4                DMA1_Stream3_IRQHandler
 .text.qbufferCreate
                0x00000000080009b6       0x46 ./src/common/core/qbuffer.o
                0x00000000080009b6                qbufferCreate
 .text.qbufferWrite
                0x00000000080009fc       0x82 ./src/common/core/qbuffer.o
                0x00000000080009fc                qbufferWrite
 *fill*         0x0000000008000a7e        0x2 
 .text.buttonInit
                0x0000000008000a80       0x70 ./src/hw/core/button.o
                0x0000000008000a80                buttonInit
 .text.ledInit  0x0000000008000af0       0xa4 ./src/hw/core/led.o
                0x0000000008000af0                ledInit
 .text.ledOff   0x0000000008000b94       0x40 ./src/hw/core/led.o
                0x0000000008000b94                ledOff
 .text.ledToggle
                0x0000000008000bd4       0x38 ./src/hw/core/led.o
                0x0000000008000bd4                ledToggle
 .text.swtimerInit
                0x0000000008000c0c       0x8c ./src/hw/core/swtimer.o
                0x0000000008000c0c                swtimerInit
 .text.swtimerISR
                0x0000000008000c98      0x108 ./src/hw/core/swtimer.o
                0x0000000008000c98                swtimerISR
 .text.swtimerSet
                0x0000000008000da0       0x84 ./src/hw/core/swtimer.o
                0x0000000008000da0                swtimerSet
 .text.swtimerStart
                0x0000000008000e24       0x54 ./src/hw/core/swtimer.o
                0x0000000008000e24                swtimerStart
 .text.swtimerGetHandle
                0x0000000008000e78       0x30 ./src/hw/core/swtimer.o
                0x0000000008000e78                swtimerGetHandle
 .text.timerInit
                0x0000000008000ea8       0x78 ./src/hw/core/timer.o
                0x0000000008000ea8                timerInit
 .text.timerSetPeriod
                0x0000000008000f20       0x6c ./src/hw/core/timer.o
                0x0000000008000f20                timerSetPeriod
 .text.timerStart
                0x0000000008000f8c       0xb0 ./src/hw/core/timer.o
                0x0000000008000f8c                timerStart
 .text.timerCallBack
                0x000000000800103c       0x80 ./src/hw/core/timer.o
                0x000000000800103c                timerCallBack
 .text.TIM3_IRQHandler
                0x00000000080010bc       0x14 ./src/hw/core/timer.o
                0x00000000080010bc                TIM3_IRQHandler
 .text.HAL_TIM_OC_DelayElapsedCallback
                0x00000000080010d0       0x1a ./src/hw/core/timer.o
                0x00000000080010d0                HAL_TIM_OC_DelayElapsedCallback
 *fill*         0x00000000080010ea        0x2 
 .text.HAL_TIM_OC_MspInit
                0x00000000080010ec       0x50 ./src/hw/core/timer.o
                0x00000000080010ec                HAL_TIM_OC_MspInit
 .text.uartInit
                0x000000000800113c       0x70 ./src/hw/core/uart.o
                0x000000000800113c                uartInit
 .text.uartOpen
                0x00000000080011ac       0xfc ./src/hw/core/uart.o
                0x00000000080011ac                uartOpen
 .text.uartStartRx
                0x00000000080012a8       0xa0 ./src/hw/core/uart.o
                0x00000000080012a8                uartStartRx
 .text.uartWrite
                0x0000000008001348       0x7c ./src/hw/core/uart.o
                0x0000000008001348                uartWrite
 .text.uartPrintf
                0x00000000080013c4       0x76 ./src/hw/core/uart.o
                0x00000000080013c4                uartPrintf
 *fill*         0x000000000800143a        0x2 
 .text.HAL_UART_RxCpltCallback
                0x000000000800143c       0x44 ./src/hw/core/uart.o
                0x000000000800143c                HAL_UART_RxCpltCallback
 .text.HAL_UART_MspInit
                0x0000000008001480      0x108 ./src/hw/core/uart.o
                0x0000000008001480                HAL_UART_MspInit
 .text.HAL_UART_MspDeInit
                0x0000000008001588       0x4c ./src/hw/core/uart.o
                0x0000000008001588                HAL_UART_MspDeInit
 .text.Error_Handler
                0x00000000080015d4        0xa ./src/hw/core/uart.o
                0x00000000080015d4                Error_Handler
 .text.hwInit   0x00000000080015de       0x20 ./src/hw/hw.o
                0x00000000080015de                hwInit
 *fill*         0x00000000080015fe        0x2 
 .text.HAL_Init
                0x0000000008001600       0x44 ./src/lib/stm32f407vgt6_cube/Drivers/STM32F4xx_HAL_Driver/Src/stm32f4xx_hal.o
                0x0000000008001600                HAL_Init
 .text.HAL_InitTick
                0x0000000008001644       0x60 ./src/lib/stm32f407vgt6_cube/Drivers/STM32F4xx_HAL_Driver/Src/stm32f4xx_hal.o
                0x0000000008001644                HAL_InitTick
 .text.HAL_IncTick
                0x00000000080016a4       0x24 ./src/lib/stm32f407vgt6_cube/Drivers/STM32F4xx_HAL_Driver/Src/stm32f4xx_hal.o
                0x00000000080016a4                HAL_IncTick
 .text.HAL_GetTick
                0x00000000080016c8       0x14 ./src/lib/stm32f407vgt6_cube/Drivers/STM32F4xx_HAL_Driver/Src/stm32f4xx_hal.o
                0x00000000080016c8                HAL_GetTick
 .text.HAL_Delay
                0x00000000080016dc       0x48 ./src/lib/stm32f407vgt6_cube/Drivers/STM32F4xx_HAL_Driver/Src/stm32f4xx_hal.o
                0x00000000080016dc                HAL_Delay
 .text.__NVIC_SetPriorityGrouping
                0x0000000008001724       0x48 ./src/lib/stm32f407vgt6_cube/Drivers/STM32F4xx_HAL_Driver/Src/stm32f4xx_hal_cortex.o
 .text.__NVIC_GetPriorityGrouping
                0x000000000800176c       0x1c ./src/lib/stm32f407vgt6_cube/Drivers/STM32F4xx_HAL_Driver/Src/stm32f4xx_hal_cortex.o
 .text.__NVIC_EnableIRQ
                0x0000000008001788       0x38 ./src/lib/stm32f407vgt6_cube/Drivers/STM32F4xx_HAL_Driver/Src/stm32f4xx_hal_cortex.o
 .text.__NVIC_DisableIRQ
                0x00000000080017c0       0x48 ./src/lib/stm32f407vgt6_cube/Drivers/STM32F4xx_HAL_Driver/Src/stm32f4xx_hal_cortex.o
 .text.__NVIC_SetPriority
                0x0000000008001808       0x54 ./src/lib/stm32f407vgt6_cube/Drivers/STM32F4xx_HAL_Driver/Src/stm32f4xx_hal_cortex.o
 .text.NVIC_EncodePriority
                0x000000000800185c       0x64 ./src/lib/stm32f407vgt6_cube/Drivers/STM32F4xx_HAL_Driver/Src/stm32f4xx_hal_cortex.o
 .text.SysTick_Config
                0x00000000080018c0       0x44 ./src/lib/stm32f407vgt6_cube/Drivers/STM32F4xx_HAL_Driver/Src/stm32f4xx_hal_cortex.o
 .text.HAL_NVIC_SetPriorityGrouping
                0x0000000008001904       0x16 ./src/lib/stm32f407vgt6_cube/Drivers/STM32F4xx_HAL_Driver/Src/stm32f4xx_hal_cortex.o
                0x0000000008001904                HAL_NVIC_SetPriorityGrouping
 .text.HAL_NVIC_SetPriority
                0x000000000800191a       0x38 ./src/lib/stm32f407vgt6_cube/Drivers/STM32F4xx_HAL_Driver/Src/stm32f4xx_hal_cortex.o
                0x000000000800191a                HAL_NVIC_SetPriority
 .text.HAL_NVIC_EnableIRQ
                0x0000000008001952       0x1c ./src/lib/stm32f407vgt6_cube/Drivers/STM32F4xx_HAL_Driver/Src/stm32f4xx_hal_cortex.o
                0x0000000008001952                HAL_NVIC_EnableIRQ
 .text.HAL_NVIC_DisableIRQ
                0x000000000800196e       0x1c ./src/lib/stm32f407vgt6_cube/Drivers/STM32F4xx_HAL_Driver/Src/stm32f4xx_hal_cortex.o
                0x000000000800196e                HAL_NVIC_DisableIRQ
 .text.HAL_SYSTICK_Config
                0x000000000800198a       0x18 ./src/lib/stm32f407vgt6_cube/Drivers/STM32F4xx_HAL_Driver/Src/stm32f4xx_hal_cortex.o
                0x000000000800198a                HAL_SYSTICK_Config
 *fill*         0x00000000080019a2        0x2 
 .text.HAL_DMA_Init
                0x00000000080019a4      0x15c ./src/lib/stm32f407vgt6_cube/Drivers/STM32F4xx_HAL_Driver/Src/stm32f4xx_hal_dma.o
                0x00000000080019a4                HAL_DMA_Init
 .text.HAL_DMA_DeInit
                0x0000000008001b00       0xbc ./src/lib/stm32f407vgt6_cube/Drivers/STM32F4xx_HAL_Driver/Src/stm32f4xx_hal_dma.o
                0x0000000008001b00                HAL_DMA_DeInit
 .text.HAL_DMA_Start_IT
                0x0000000008001bbc       0xb0 ./src/lib/stm32f407vgt6_cube/Drivers/STM32F4xx_HAL_Driver/Src/stm32f4xx_hal_dma.o
                0x0000000008001bbc                HAL_DMA_Start_IT
 .text.HAL_DMA_Abort
                0x0000000008001c6c       0xe0 ./src/lib/stm32f407vgt6_cube/Drivers/STM32F4xx_HAL_Driver/Src/stm32f4xx_hal_dma.o
                0x0000000008001c6c                HAL_DMA_Abort
 .text.HAL_DMA_Abort_IT
                0x0000000008001d4c       0x42 ./src/lib/stm32f407vgt6_cube/Drivers/STM32F4xx_HAL_Driver/Src/stm32f4xx_hal_dma.o
                0x0000000008001d4c                HAL_DMA_Abort_IT
 *fill*         0x0000000008001d8e        0x2 
 .text.HAL_DMA_IRQHandler
                0x0000000008001d90      0x314 ./src/lib/stm32f407vgt6_cube/Drivers/STM32F4xx_HAL_Driver/Src/stm32f4xx_hal_dma.o
                0x0000000008001d90                HAL_DMA_IRQHandler
 .text.DMA_SetConfig
                0x00000000080020a4       0x5a ./src/lib/stm32f407vgt6_cube/Drivers/STM32F4xx_HAL_Driver/Src/stm32f4xx_hal_dma.o
 *fill*         0x00000000080020fe        0x2 
 .text.DMA_CalcBaseAndBitshift
                0x0000000008002100       0x68 ./src/lib/stm32f407vgt6_cube/Drivers/STM32F4xx_HAL_Driver/Src/stm32f4xx_hal_dma.o
 .text.DMA_CheckFifoParam
                0x0000000008002168       0xf4 ./src/lib/stm32f407vgt6_cube/Drivers/STM32F4xx_HAL_Driver/Src/stm32f4xx_hal_dma.o
 .text.HAL_GPIO_Init
                0x000000000800225c      0x334 ./src/lib/stm32f407vgt6_cube/Drivers/STM32F4xx_HAL_Driver/Src/stm32f4xx_hal_gpio.o
                0x000000000800225c                HAL_GPIO_Init
 .text.HAL_GPIO_DeInit
                0x0000000008002590      0x1f4 ./src/lib/stm32f407vgt6_cube/Drivers/STM32F4xx_HAL_Driver/Src/stm32f4xx_hal_gpio.o
                0x0000000008002590                HAL_GPIO_DeInit
 .text.HAL_GPIO_WritePin
                0x0000000008002784       0x30 ./src/lib/stm32f407vgt6_cube/Drivers/STM32F4xx_HAL_Driver/Src/stm32f4xx_hal_gpio.o
                0x0000000008002784                HAL_GPIO_WritePin
 .text.HAL_GPIO_TogglePin
                0x00000000080027b4       0x32 ./src/lib/stm32f407vgt6_cube/Drivers/STM32F4xx_HAL_Driver/Src/stm32f4xx_hal_gpio.o
                0x00000000080027b4                HAL_GPIO_TogglePin
 .text.HAL_PCD_Init
                0x00000000080027e6      0x23a ./src/lib/stm32f407vgt6_cube/Drivers/STM32F4xx_HAL_Driver/Src/stm32f4xx_hal_pcd.o
                0x00000000080027e6                HAL_PCD_Init
 .text.HAL_PCD_Start
                0x0000000008002a20       0x66 ./src/lib/stm32f407vgt6_cube/Drivers/STM32F4xx_HAL_Driver/Src/stm32f4xx_hal_pcd.o
                0x0000000008002a20                HAL_PCD_Start
 .text.HAL_PCD_IRQHandler
                0x0000000008002a86      0x93e ./src/lib/stm32f407vgt6_cube/Drivers/STM32F4xx_HAL_Driver/Src/stm32f4xx_hal_pcd.o
                0x0000000008002a86                HAL_PCD_IRQHandler
 .text.HAL_PCD_SetAddress
                0x00000000080033c4       0x4a ./src/lib/stm32f407vgt6_cube/Drivers/STM32F4xx_HAL_Driver/Src/stm32f4xx_hal_pcd.o
                0x00000000080033c4                HAL_PCD_SetAddress
 .text.HAL_PCD_EP_Open
                0x000000000800340e       0xd0 ./src/lib/stm32f407vgt6_cube/Drivers/STM32F4xx_HAL_Driver/Src/stm32f4xx_hal_pcd.o
                0x000000000800340e                HAL_PCD_EP_Open
 .text.HAL_PCD_EP_Close
                0x00000000080034de       0x94 ./src/lib/stm32f407vgt6_cube/Drivers/STM32F4xx_HAL_Driver/Src/stm32f4xx_hal_pcd.o
                0x00000000080034de                HAL_PCD_EP_Close
 .text.HAL_PCD_EP_Receive
                0x0000000008003572       0x96 ./src/lib/stm32f407vgt6_cube/Drivers/STM32F4xx_HAL_Driver/Src/stm32f4xx_hal_pcd.o
                0x0000000008003572                HAL_PCD_EP_Receive
 .text.HAL_PCD_EP_GetRxCount
                0x0000000008003608       0x2e ./src/lib/stm32f407vgt6_cube/Drivers/STM32F4xx_HAL_Driver/Src/stm32f4xx_hal_pcd.o
                0x0000000008003608                HAL_PCD_EP_GetRxCount
 .text.HAL_PCD_EP_Transmit
                0x0000000008003636       0x94 ./src/lib/stm32f407vgt6_cube/Drivers/STM32F4xx_HAL_Driver/Src/stm32f4xx_hal_pcd.o
                0x0000000008003636                HAL_PCD_EP_Transmit
 .text.HAL_PCD_EP_SetStall
                0x00000000080036ca       0xc8 ./src/lib/stm32f407vgt6_cube/Drivers/STM32F4xx_HAL_Driver/Src/stm32f4xx_hal_pcd.o
                0x00000000080036ca                HAL_PCD_EP_SetStall
 .text.HAL_PCD_EP_ClrStall
                0x0000000008003792       0xac ./src/lib/stm32f407vgt6_cube/Drivers/STM32F4xx_HAL_Driver/Src/stm32f4xx_hal_pcd.o
                0x0000000008003792                HAL_PCD_EP_ClrStall
 .text.HAL_PCD_EP_Abort
                0x000000000800383e       0x62 ./src/lib/stm32f407vgt6_cube/Drivers/STM32F4xx_HAL_Driver/Src/stm32f4xx_hal_pcd.o
                0x000000000800383e                HAL_PCD_EP_Abort
 .text.PCD_WriteEmptyTxFifo
                0x00000000080038a0      0x11a ./src/lib/stm32f407vgt6_cube/Drivers/STM32F4xx_HAL_Driver/Src/stm32f4xx_hal_pcd.o
 *fill*         0x00000000080039ba        0x2 
 .text.PCD_EP_OutXfrComplete_int
                0x00000000080039bc      0x1d0 ./src/lib/stm32f407vgt6_cube/Drivers/STM32F4xx_HAL_Driver/Src/stm32f4xx_hal_pcd.o
 .text.PCD_EP_OutSetupPacket_int
                0x0000000008003b8c       0x8c ./src/lib/stm32f407vgt6_cube/Drivers/STM32F4xx_HAL_Driver/Src/stm32f4xx_hal_pcd.o
 .text.HAL_PCDEx_SetTxFiFo
                0x0000000008003c18       0x8c ./src/lib/stm32f407vgt6_cube/Drivers/STM32F4xx_HAL_Driver/Src/stm32f4xx_hal_pcd_ex.o
                0x0000000008003c18                HAL_PCDEx_SetTxFiFo
 .text.HAL_PCDEx_SetRxFiFo
                0x0000000008003ca4       0x20 ./src/lib/stm32f407vgt6_cube/Drivers/STM32F4xx_HAL_Driver/Src/stm32f4xx_hal_pcd_ex.o
                0x0000000008003ca4                HAL_PCDEx_SetRxFiFo
 .text.HAL_PCDEx_LPM_Callback
                0x0000000008003cc4       0x16 ./src/lib/stm32f407vgt6_cube/Drivers/STM32F4xx_HAL_Driver/Src/stm32f4xx_hal_pcd_ex.o
                0x0000000008003cc4                HAL_PCDEx_LPM_Callback
 *fill*         0x0000000008003cda        0x2 
 .text.HAL_RCC_OscConfig
                0x0000000008003cdc      0x4f0 ./src/lib/stm32f407vgt6_cube/Drivers/STM32F4xx_HAL_Driver/Src/stm32f4xx_hal_rcc.o
                0x0000000008003cdc                HAL_RCC_OscConfig
 .text.HAL_RCC_ClockConfig
                0x00000000080041cc      0x1cc ./src/lib/stm32f407vgt6_cube/Drivers/STM32F4xx_HAL_Driver/Src/stm32f4xx_hal_rcc.o
                0x00000000080041cc                HAL_RCC_ClockConfig
 .text.HAL_RCC_GetSysClockFreq
                0x0000000008004398      0x18c ./src/lib/stm32f407vgt6_cube/Drivers/STM32F4xx_HAL_Driver/Src/stm32f4xx_hal_rcc.o
                0x0000000008004398                HAL_RCC_GetSysClockFreq
 .text.HAL_RCC_GetHCLKFreq
                0x0000000008004524       0x14 ./src/lib/stm32f407vgt6_cube/Drivers/STM32F4xx_HAL_Driver/Src/stm32f4xx_hal_rcc.o
                0x0000000008004524                HAL_RCC_GetHCLKFreq
 .text.HAL_RCC_GetPCLK1Freq
                0x0000000008004538       0x28 ./src/lib/stm32f407vgt6_cube/Drivers/STM32F4xx_HAL_Driver/Src/stm32f4xx_hal_rcc.o
                0x0000000008004538                HAL_RCC_GetPCLK1Freq
 .text.HAL_RCC_GetPCLK2Freq
                0x0000000008004560       0x28 ./src/lib/stm32f407vgt6_cube/Drivers/STM32F4xx_HAL_Driver/Src/stm32f4xx_hal_rcc.o
                0x0000000008004560                HAL_RCC_GetPCLK2Freq
 .text.HAL_TIM_OC_Init
                0x0000000008004588       0x9e ./src/lib/stm32f407vgt6_cube/Drivers/STM32F4xx_HAL_Driver/Src/stm32f4xx_hal_tim.o
                0x0000000008004588                HAL_TIM_OC_Init
 *fill*         0x0000000008004626        0x2 
 .text.HAL_TIM_OC_Start_IT
                0x0000000008004628      0x22c ./src/lib/stm32f407vgt6_cube/Drivers/STM32F4xx_HAL_Driver/Src/stm32f4xx_hal_tim.o
                0x0000000008004628                HAL_TIM_OC_Start_IT
 .text.HAL_TIM_IRQHandler
                0x0000000008004854      0x210 ./src/lib/stm32f407vgt6_cube/Drivers/STM32F4xx_HAL_Driver/Src/stm32f4xx_hal_tim.o
                0x0000000008004854                HAL_TIM_IRQHandler
 .text.HAL_TIM_OC_ConfigChannel
                0x0000000008004a64       0xb8 ./src/lib/stm32f407vgt6_cube/Drivers/STM32F4xx_HAL_Driver/Src/stm32f4xx_hal_tim.o
                0x0000000008004a64                HAL_TIM_OC_ConfigChannel
 .text.HAL_TIM_PeriodElapsedCallback
                0x0000000008004b1c       0x12 ./src/lib/stm32f407vgt6_cube/Drivers/STM32F4xx_HAL_Driver/Src/stm32f4xx_hal_tim.o
                0x0000000008004b1c                HAL_TIM_PeriodElapsedCallback
 .text.HAL_TIM_IC_CaptureCallback
                0x0000000008004b2e       0x12 ./src/lib/stm32f407vgt6_cube/Drivers/STM32F4xx_HAL_Driver/Src/stm32f4xx_hal_tim.o
                0x0000000008004b2e                HAL_TIM_IC_CaptureCallback
 .text.HAL_TIM_PWM_PulseFinishedCallback
                0x0000000008004b40       0x12 ./src/lib/stm32f407vgt6_cube/Drivers/STM32F4xx_HAL_Driver/Src/stm32f4xx_hal_tim.o
                0x0000000008004b40                HAL_TIM_PWM_PulseFinishedCallback
 .text.HAL_TIM_TriggerCallback
                0x0000000008004b52       0x12 ./src/lib/stm32f407vgt6_cube/Drivers/STM32F4xx_HAL_Driver/Src/stm32f4xx_hal_tim.o
                0x0000000008004b52                HAL_TIM_TriggerCallback
 .text.TIM_Base_SetConfig
                0x0000000008004b64      0x13c ./src/lib/stm32f407vgt6_cube/Drivers/STM32F4xx_HAL_Driver/Src/stm32f4xx_hal_tim.o
                0x0000000008004b64                TIM_Base_SetConfig
 .text.TIM_OC1_SetConfig
                0x0000000008004ca0       0xe0 ./src/lib/stm32f407vgt6_cube/Drivers/STM32F4xx_HAL_Driver/Src/stm32f4xx_hal_tim.o
 .text.TIM_OC2_SetConfig
                0x0000000008004d80       0xe8 ./src/lib/stm32f407vgt6_cube/Drivers/STM32F4xx_HAL_Driver/Src/stm32f4xx_hal_tim.o
                0x0000000008004d80                TIM_OC2_SetConfig
 .text.TIM_OC3_SetConfig
                0x0000000008004e68       0xe8 ./src/lib/stm32f407vgt6_cube/Drivers/STM32F4xx_HAL_Driver/Src/stm32f4xx_hal_tim.o
 .text.TIM_OC4_SetConfig
                0x0000000008004f50       0xa8 ./src/lib/stm32f407vgt6_cube/Drivers/STM32F4xx_HAL_Driver/Src/stm32f4xx_hal_tim.o
 .text.TIM_CCxChannelCmd
                0x0000000008004ff8       0x48 ./src/lib/stm32f407vgt6_cube/Drivers/STM32F4xx_HAL_Driver/Src/stm32f4xx_hal_tim.o
                0x0000000008004ff8                TIM_CCxChannelCmd
 .text.HAL_TIMEx_CommutCallback
                0x0000000008005040       0x12 ./src/lib/stm32f407vgt6_cube/Drivers/STM32F4xx_HAL_Driver/Src/stm32f4xx_hal_tim_ex.o
                0x0000000008005040                HAL_TIMEx_CommutCallback
 .text.HAL_TIMEx_BreakCallback
                0x0000000008005052       0x12 ./src/lib/stm32f407vgt6_cube/Drivers/STM32F4xx_HAL_Driver/Src/stm32f4xx_hal_tim_ex.o
                0x0000000008005052                HAL_TIMEx_BreakCallback
 .text.HAL_UART_Init
                0x0000000008005064       0x9a ./src/lib/stm32f407vgt6_cube/Drivers/STM32F4xx_HAL_Driver/Src/stm32f4xx_hal_uart.o
                0x0000000008005064                HAL_UART_Init
 .text.HAL_UART_DeInit
                0x00000000080050fe       0x5e ./src/lib/stm32f407vgt6_cube/Drivers/STM32F4xx_HAL_Driver/Src/stm32f4xx_hal_uart.o
                0x00000000080050fe                HAL_UART_DeInit
 .text.HAL_UART_Transmit
                0x000000000800515c      0x124 ./src/lib/stm32f407vgt6_cube/Drivers/STM32F4xx_HAL_Driver/Src/stm32f4xx_hal_uart.o
                0x000000000800515c                HAL_UART_Transmit
 .text.HAL_UART_Receive_IT
                0x0000000008005280       0x60 ./src/lib/stm32f407vgt6_cube/Drivers/STM32F4xx_HAL_Driver/Src/stm32f4xx_hal_uart.o
                0x0000000008005280                HAL_UART_Receive_IT
 .text.HAL_UART_Receive_DMA
                0x00000000080052e0       0x60 ./src/lib/stm32f407vgt6_cube/Drivers/STM32F4xx_HAL_Driver/Src/stm32f4xx_hal_uart.o
                0x00000000080052e0                HAL_UART_Receive_DMA
 .text.HAL_UART_IRQHandler
                0x0000000008005340      0x51c ./src/lib/stm32f407vgt6_cube/Drivers/STM32F4xx_HAL_Driver/Src/stm32f4xx_hal_uart.o
                0x0000000008005340                HAL_UART_IRQHandler
 .text.HAL_UART_TxCpltCallback
                0x000000000800585c       0x12 ./src/lib/stm32f407vgt6_cube/Drivers/STM32F4xx_HAL_Driver/Src/stm32f4xx_hal_uart.o
                0x000000000800585c                HAL_UART_TxCpltCallback
 .text.HAL_UART_RxHalfCpltCallback
                0x000000000800586e       0x12 ./src/lib/stm32f407vgt6_cube/Drivers/STM32F4xx_HAL_Driver/Src/stm32f4xx_hal_uart.o
                0x000000000800586e                HAL_UART_RxHalfCpltCallback
 .text.HAL_UART_ErrorCallback
                0x0000000008005880       0x12 ./src/lib/stm32f407vgt6_cube/Drivers/STM32F4xx_HAL_Driver/Src/stm32f4xx_hal_uart.o
                0x0000000008005880                HAL_UART_ErrorCallback
 .text.HAL_UARTEx_RxEventCallback
                0x0000000008005892       0x16 ./src/lib/stm32f407vgt6_cube/Drivers/STM32F4xx_HAL_Driver/Src/stm32f4xx_hal_uart.o
                0x0000000008005892                HAL_UARTEx_RxEventCallback
 .text.UART_DMAReceiveCplt
                0x00000000080058a8      0x126 ./src/lib/stm32f407vgt6_cube/Drivers/STM32F4xx_HAL_Driver/Src/stm32f4xx_hal_uart.o
 .text.UART_DMARxHalfCplt
                0x00000000080059ce       0x36 ./src/lib/stm32f407vgt6_cube/Drivers/STM32F4xx_HAL_Driver/Src/stm32f4xx_hal_uart.o
 .text.UART_DMAError
                0x0000000008005a04       0x94 ./src/lib/stm32f407vgt6_cube/Drivers/STM32F4xx_HAL_Driver/Src/stm32f4xx_hal_uart.o
 .text.UART_WaitOnFlagUntilTimeout
                0x0000000008005a98       0xdc ./src/lib/stm32f407vgt6_cube/Drivers/STM32F4xx_HAL_Driver/Src/stm32f4xx_hal_uart.o
 .text.UART_Start_Receive_IT
                0x0000000008005b74       0x7a ./src/lib/stm32f407vgt6_cube/Drivers/STM32F4xx_HAL_Driver/Src/stm32f4xx_hal_uart.o
                0x0000000008005b74                UART_Start_Receive_IT
 *fill*         0x0000000008005bee        0x2 
 .text.UART_Start_Receive_DMA
                0x0000000008005bf0      0x13c ./src/lib/stm32f407vgt6_cube/Drivers/STM32F4xx_HAL_Driver/Src/stm32f4xx_hal_uart.o
                0x0000000008005bf0                UART_Start_Receive_DMA
 .text.UART_EndTxTransfer
                0x0000000008005d2c       0x4e ./src/lib/stm32f407vgt6_cube/Drivers/STM32F4xx_HAL_Driver/Src/stm32f4xx_hal_uart.o
 .text.UART_EndRxTransfer
                0x0000000008005d7a       0xc4 ./src/lib/stm32f407vgt6_cube/Drivers/STM32F4xx_HAL_Driver/Src/stm32f4xx_hal_uart.o
 .text.UART_DMAAbortOnError
                0x0000000008005e3e       0x28 ./src/lib/stm32f407vgt6_cube/Drivers/STM32F4xx_HAL_Driver/Src/stm32f4xx_hal_uart.o
 .text.UART_Transmit_IT
                0x0000000008005e66       0x9e ./src/lib/stm32f407vgt6_cube/Drivers/STM32F4xx_HAL_Driver/Src/stm32f4xx_hal_uart.o
 .text.UART_EndTransmit_IT
                0x0000000008005f04       0x30 ./src/lib/stm32f407vgt6_cube/Drivers/STM32F4xx_HAL_Driver/Src/stm32f4xx_hal_uart.o
 .text.UART_Receive_IT
                0x0000000008005f34      0x176 ./src/lib/stm32f407vgt6_cube/Drivers/STM32F4xx_HAL_Driver/Src/stm32f4xx_hal_uart.o
 *fill*         0x00000000080060aa        0x2 
 .text.UART_SetConfig
                0x00000000080060ac      0x4f8 ./src/lib/stm32f407vgt6_cube/Drivers/STM32F4xx_HAL_Driver/Src/stm32f4xx_hal_uart.o
 .text.USB_CoreInit
                0x00000000080065a4       0xc2 ./src/lib/stm32f407vgt6_cube/Drivers/STM32F4xx_HAL_Driver/Src/stm32f4xx_ll_usb.o
                0x00000000080065a4                USB_CoreInit
 *fill*         0x0000000008006666        0x2 
 .text.USB_SetTurnaroundTime
                0x0000000008006668      0x144 ./src/lib/stm32f407vgt6_cube/Drivers/STM32F4xx_HAL_Driver/Src/stm32f4xx_ll_usb.o
                0x0000000008006668                USB_SetTurnaroundTime
 .text.USB_EnableGlobalInt
                0x00000000080067ac       0x20 ./src/lib/stm32f407vgt6_cube/Drivers/STM32F4xx_HAL_Driver/Src/stm32f4xx_ll_usb.o
                0x00000000080067ac                USB_EnableGlobalInt
 .text.USB_DisableGlobalInt
                0x00000000080067cc       0x20 ./src/lib/stm32f407vgt6_cube/Drivers/STM32F4xx_HAL_Driver/Src/stm32f4xx_ll_usb.o
                0x00000000080067cc                USB_DisableGlobalInt
 .text.USB_SetCurrentMode
                0x00000000080067ec       0x98 ./src/lib/stm32f407vgt6_cube/Drivers/STM32F4xx_HAL_Driver/Src/stm32f4xx_ll_usb.o
                0x00000000080067ec                USB_SetCurrentMode
 .text.USB_DevInit
                0x0000000008006884      0x2c8 ./src/lib/stm32f407vgt6_cube/Drivers/STM32F4xx_HAL_Driver/Src/stm32f4xx_ll_usb.o
                0x0000000008006884                USB_DevInit
 .text.USB_FlushTxFifo
                0x0000000008006b4c       0x68 ./src/lib/stm32f407vgt6_cube/Drivers/STM32F4xx_HAL_Driver/Src/stm32f4xx_ll_usb.o
                0x0000000008006b4c                USB_FlushTxFifo
 .text.USB_FlushRxFifo
                0x0000000008006bb4       0x60 ./src/lib/stm32f407vgt6_cube/Drivers/STM32F4xx_HAL_Driver/Src/stm32f4xx_ll_usb.o
                0x0000000008006bb4                USB_FlushRxFifo
 .text.USB_SetDevSpeed
                0x0000000008006c14       0x30 ./src/lib/stm32f407vgt6_cube/Drivers/STM32F4xx_HAL_Driver/Src/stm32f4xx_ll_usb.o
                0x0000000008006c14                USB_SetDevSpeed
 .text.USB_GetDevSpeed
                0x0000000008006c44       0x48 ./src/lib/stm32f407vgt6_cube/Drivers/STM32F4xx_HAL_Driver/Src/stm32f4xx_ll_usb.o
                0x0000000008006c44                USB_GetDevSpeed
 .text.USB_ActivateEndpoint
                0x0000000008006c8c      0x10c ./src/lib/stm32f407vgt6_cube/Drivers/STM32F4xx_HAL_Driver/Src/stm32f4xx_ll_usb.o
                0x0000000008006c8c                USB_ActivateEndpoint
 .text.USB_DeactivateEndpoint
                0x0000000008006d98      0x1b8 ./src/lib/stm32f407vgt6_cube/Drivers/STM32F4xx_HAL_Driver/Src/stm32f4xx_ll_usb.o
                0x0000000008006d98                USB_DeactivateEndpoint
 .text.USB_EPStartXfer
                0x0000000008006f50      0x490 ./src/lib/stm32f407vgt6_cube/Drivers/STM32F4xx_HAL_Driver/Src/stm32f4xx_ll_usb.o
                0x0000000008006f50                USB_EPStartXfer
 .text.USB_EP0StartXfer
                0x00000000080073e0      0x2ae ./src/lib/stm32f407vgt6_cube/Drivers/STM32F4xx_HAL_Driver/Src/stm32f4xx_ll_usb.o
                0x00000000080073e0                USB_EP0StartXfer
 .text.USB_EPStopXfer
                0x000000000800768e      0x152 ./src/lib/stm32f407vgt6_cube/Drivers/STM32F4xx_HAL_Driver/Src/stm32f4xx_ll_usb.o
                0x000000000800768e                USB_EPStopXfer
 .text.USB_WritePacket
                0x00000000080077e0       0x7a ./src/lib/stm32f407vgt6_cube/Drivers/STM32F4xx_HAL_Driver/Src/stm32f4xx_ll_usb.o
                0x00000000080077e0                USB_WritePacket
 .text.USB_ReadPacket
                0x000000000800785a       0xae ./src/lib/stm32f407vgt6_cube/Drivers/STM32F4xx_HAL_Driver/Src/stm32f4xx_ll_usb.o
                0x000000000800785a                USB_ReadPacket
 .text.USB_EPSetStall
                0x0000000008007908       0xda ./src/lib/stm32f407vgt6_cube/Drivers/STM32F4xx_HAL_Driver/Src/stm32f4xx_ll_usb.o
                0x0000000008007908                USB_EPSetStall
 .text.USB_EPClearStall
                0x00000000080079e2       0xca ./src/lib/stm32f407vgt6_cube/Drivers/STM32F4xx_HAL_Driver/Src/stm32f4xx_ll_usb.o
                0x00000000080079e2                USB_EPClearStall
 .text.USB_SetDevAddress
                0x0000000008007aac       0x4a ./src/lib/stm32f407vgt6_cube/Drivers/STM32F4xx_HAL_Driver/Src/stm32f4xx_ll_usb.o
                0x0000000008007aac                USB_SetDevAddress
 .text.USB_DevConnect
                0x0000000008007af6       0x40 ./src/lib/stm32f407vgt6_cube/Drivers/STM32F4xx_HAL_Driver/Src/stm32f4xx_ll_usb.o
                0x0000000008007af6                USB_DevConnect
 .text.USB_DevDisconnect
                0x0000000008007b36       0x40 ./src/lib/stm32f407vgt6_cube/Drivers/STM32F4xx_HAL_Driver/Src/stm32f4xx_ll_usb.o
                0x0000000008007b36                USB_DevDisconnect
 .text.USB_ReadInterrupts
                0x0000000008007b76       0x24 ./src/lib/stm32f407vgt6_cube/Drivers/STM32F4xx_HAL_Driver/Src/stm32f4xx_ll_usb.o
                0x0000000008007b76                USB_ReadInterrupts
 .text.USB_ReadDevAllOutEpInterrupt
                0x0000000008007b9a       0x32 ./src/lib/stm32f407vgt6_cube/Drivers/STM32F4xx_HAL_Driver/Src/stm32f4xx_ll_usb.o
                0x0000000008007b9a                USB_ReadDevAllOutEpInterrupt
 .text.USB_ReadDevAllInEpInterrupt
                0x0000000008007bcc       0x32 ./src/lib/stm32f407vgt6_cube/Drivers/STM32F4xx_HAL_Driver/Src/stm32f4xx_ll_usb.o
                0x0000000008007bcc                USB_ReadDevAllInEpInterrupt
 .text.USB_ReadDevOutEPInterrupt
                0x0000000008007bfe       0x3a ./src/lib/stm32f407vgt6_cube/Drivers/STM32F4xx_HAL_Driver/Src/stm32f4xx_ll_usb.o
                0x0000000008007bfe                USB_ReadDevOutEPInterrupt
 .text.USB_ReadDevInEPInterrupt
                0x0000000008007c38       0x5a ./src/lib/stm32f407vgt6_cube/Drivers/STM32F4xx_HAL_Driver/Src/stm32f4xx_ll_usb.o
                0x0000000008007c38                USB_ReadDevInEPInterrupt
 .text.USB_GetMode
                0x0000000008007c92       0x1a ./src/lib/stm32f407vgt6_cube/Drivers/STM32F4xx_HAL_Driver/Src/stm32f4xx_ll_usb.o
                0x0000000008007c92                USB_GetMode
 .text.USB_ActivateSetup
                0x0000000008007cac       0x44 ./src/lib/stm32f407vgt6_cube/Drivers/STM32F4xx_HAL_Driver/Src/stm32f4xx_ll_usb.o
                0x0000000008007cac                USB_ActivateSetup
 .text.USB_EP0_OutStart
                0x0000000008007cf0       0xb8 ./src/lib/stm32f407vgt6_cube/Drivers/STM32F4xx_HAL_Driver/Src/stm32f4xx_ll_usb.o
                0x0000000008007cf0                USB_EP0_OutStart
 .text.USB_CoreReset
                0x0000000008007da8       0x64 ./src/lib/stm32f407vgt6_cube/Drivers/STM32F4xx_HAL_Driver/Src/stm32f4xx_ll_usb.o
 .text.USBD_CDC_Init
                0x0000000008007e0c      0x1f0 ./src/lib/stm32f407vgt6_cube/Middlewares/ST/STM32_USB_Device_Library/Class/CDC/Src/usbd_cdc.o
 .text.USBD_CDC_DeInit
                0x0000000008007ffc      0x104 ./src/lib/stm32f407vgt6_cube/Middlewares/ST/STM32_USB_Device_Library/Class/CDC/Src/usbd_cdc.o
 .text.USBD_CDC_Setup
                0x0000000008008100      0x1b8 ./src/lib/stm32f407vgt6_cube/Middlewares/ST/STM32_USB_Device_Library/Class/CDC/Src/usbd_cdc.o
 .text.USBD_CDC_DataIn
                0x00000000080082b8       0xfe ./src/lib/stm32f407vgt6_cube/Middlewares/ST/STM32_USB_Device_Library/Class/CDC/Src/usbd_cdc.o
 .text.USBD_CDC_DataOut
                0x00000000080083b6       0x70 ./src/lib/stm32f407vgt6_cube/Middlewares/ST/STM32_USB_Device_Library/Class/CDC/Src/usbd_cdc.o
 .text.USBD_CDC_EP0_RxReady
                0x0000000008008426       0x76 ./src/lib/stm32f407vgt6_cube/Middlewares/ST/STM32_USB_Device_Library/Class/CDC/Src/usbd_cdc.o
 .text.USBD_CDC_GetFSCfgDesc
                0x000000000800849c       0x70 ./src/lib/stm32f407vgt6_cube/Middlewares/ST/STM32_USB_Device_Library/Class/CDC/Src/usbd_cdc.o
 .text.USBD_CDC_GetHSCfgDesc
                0x000000000800850c       0x70 ./src/lib/stm32f407vgt6_cube/Middlewares/ST/STM32_USB_Device_Library/Class/CDC/Src/usbd_cdc.o
 .text.USBD_CDC_GetOtherSpeedCfgDesc
                0x000000000800857c       0x70 ./src/lib/stm32f407vgt6_cube/Middlewares/ST/STM32_USB_Device_Library/Class/CDC/Src/usbd_cdc.o
 .text.USBD_CDC_GetDeviceQualifierDescriptor
                0x00000000080085ec       0x20 ./src/lib/stm32f407vgt6_cube/Middlewares/ST/STM32_USB_Device_Library/Class/CDC/Src/usbd_cdc.o
                0x00000000080085ec                USBD_CDC_GetDeviceQualifierDescriptor
 .text.USBD_CDC_RegisterInterface
                0x000000000800860c       0x32 ./src/lib/stm32f407vgt6_cube/Middlewares/ST/STM32_USB_Device_Library/Class/CDC/Src/usbd_cdc.o
                0x000000000800860c                USBD_CDC_RegisterInterface
 .text.USBD_CDC_SetTxBuffer
                0x000000000800863e       0x42 ./src/lib/stm32f407vgt6_cube/Middlewares/ST/STM32_USB_Device_Library/Class/CDC/Src/usbd_cdc.o
                0x000000000800863e                USBD_CDC_SetTxBuffer
 .text.USBD_CDC_SetRxBuffer
                0x0000000008008680       0x38 ./src/lib/stm32f407vgt6_cube/Middlewares/ST/STM32_USB_Device_Library/Class/CDC/Src/usbd_cdc.o
                0x0000000008008680                USBD_CDC_SetRxBuffer
 .text.USBD_CDC_TransmitPacket
                0x00000000080086b8       0x8c ./src/lib/stm32f407vgt6_cube/Middlewares/ST/STM32_USB_Device_Library/Class/CDC/Src/usbd_cdc.o
                0x00000000080086b8                USBD_CDC_TransmitPacket
 .text.USBD_CDC_ReceivePacket
                0x0000000008008744       0x6c ./src/lib/stm32f407vgt6_cube/Middlewares/ST/STM32_USB_Device_Library/Class/CDC/Src/usbd_cdc.o
                0x0000000008008744                USBD_CDC_ReceivePacket
 .text.USBD_Init
                0x00000000080087b0       0x60 ./src/lib/stm32f407vgt6_cube/Middlewares/ST/STM32_USB_Device_Library/Core/Src/usbd_core.o
                0x00000000080087b0                USBD_Init
 .text.USBD_RegisterClass
                0x0000000008008810       0x6c ./src/lib/stm32f407vgt6_cube/Middlewares/ST/STM32_USB_Device_Library/Core/Src/usbd_core.o
                0x0000000008008810                USBD_RegisterClass
 .text.USBD_Start
                0x000000000800887c       0x18 ./src/lib/stm32f407vgt6_cube/Middlewares/ST/STM32_USB_Device_Library/Core/Src/usbd_core.o
                0x000000000800887c                USBD_Start
 .text.USBD_RunTestMode
                0x0000000008008894       0x14 ./src/lib/stm32f407vgt6_cube/Middlewares/ST/STM32_USB_Device_Library/Core/Src/usbd_core.o
                0x0000000008008894                USBD_RunTestMode
 .text.USBD_SetClassConfig
                0x00000000080088a8       0x38 ./src/lib/stm32f407vgt6_cube/Middlewares/ST/STM32_USB_Device_Library/Core/Src/usbd_core.o
                0x00000000080088a8                USBD_SetClassConfig
 .text.USBD_ClrClassConfig
                0x00000000080088e0       0x34 ./src/lib/stm32f407vgt6_cube/Middlewares/ST/STM32_USB_Device_Library/Core/Src/usbd_core.o
                0x00000000080088e0                USBD_ClrClassConfig
 .text.USBD_LL_SetupStage
                0x0000000008008914       0xaa ./src/lib/stm32f407vgt6_cube/Middlewares/ST/STM32_USB_Device_Library/Core/Src/usbd_core.o
                0x0000000008008914                USBD_LL_SetupStage
 .text.USBD_LL_DataOutStage
                0x00000000080089be      0x166 ./src/lib/stm32f407vgt6_cube/Middlewares/ST/STM32_USB_Device_Library/Core/Src/usbd_core.o
                0x00000000080089be                USBD_LL_DataOutStage
 .text.USBD_LL_DataInStage
                0x0000000008008b24      0x164 ./src/lib/stm32f407vgt6_cube/Middlewares/ST/STM32_USB_Device_Library/Core/Src/usbd_core.o
                0x0000000008008b24                USBD_LL_DataInStage
 .text.USBD_LL_Reset
                0x0000000008008c88       0xa4 ./src/lib/stm32f407vgt6_cube/Middlewares/ST/STM32_USB_Device_Library/Core/Src/usbd_core.o
                0x0000000008008c88                USBD_LL_Reset
 .text.USBD_LL_SetSpeed
                0x0000000008008d2c       0x1e ./src/lib/stm32f407vgt6_cube/Middlewares/ST/STM32_USB_Device_Library/Core/Src/usbd_core.o
                0x0000000008008d2c                USBD_LL_SetSpeed
 .text.USBD_LL_Suspend
                0x0000000008008d4a       0x2a ./src/lib/stm32f407vgt6_cube/Middlewares/ST/STM32_USB_Device_Library/Core/Src/usbd_core.o
                0x0000000008008d4a                USBD_LL_Suspend
 .text.USBD_LL_Resume
                0x0000000008008d74       0x2e ./src/lib/stm32f407vgt6_cube/Middlewares/ST/STM32_USB_Device_Library/Core/Src/usbd_core.o
                0x0000000008008d74                USBD_LL_Resume
 .text.USBD_LL_SOF
                0x0000000008008da2       0x40 ./src/lib/stm32f407vgt6_cube/Middlewares/ST/STM32_USB_Device_Library/Core/Src/usbd_core.o
                0x0000000008008da2                USBD_LL_SOF
 .text.USBD_LL_IsoINIncomplete
                0x0000000008008de2       0x64 ./src/lib/stm32f407vgt6_cube/Middlewares/ST/STM32_USB_Device_Library/Core/Src/usbd_core.o
                0x0000000008008de2                USBD_LL_IsoINIncomplete
 .text.USBD_LL_IsoOUTIncomplete
                0x0000000008008e46       0x64 ./src/lib/stm32f407vgt6_cube/Middlewares/ST/STM32_USB_Device_Library/Core/Src/usbd_core.o
                0x0000000008008e46                USBD_LL_IsoOUTIncomplete
 .text.USBD_LL_DevConnected
                0x0000000008008eaa       0x14 ./src/lib/stm32f407vgt6_cube/Middlewares/ST/STM32_USB_Device_Library/Core/Src/usbd_core.o
                0x0000000008008eaa                USBD_LL_DevConnected
 .text.USBD_LL_DevDisconnected
                0x0000000008008ebe       0x46 ./src/lib/stm32f407vgt6_cube/Middlewares/ST/STM32_USB_Device_Library/Core/Src/usbd_core.o
                0x0000000008008ebe                USBD_LL_DevDisconnected
 .text.USBD_CoreFindIF
                0x0000000008008f04       0x18 ./src/lib/stm32f407vgt6_cube/Middlewares/ST/STM32_USB_Device_Library/Core/Src/usbd_core.o
                0x0000000008008f04                USBD_CoreFindIF
 .text.USBD_CoreFindEP
                0x0000000008008f1c       0x18 ./src/lib/stm32f407vgt6_cube/Middlewares/ST/STM32_USB_Device_Library/Core/Src/usbd_core.o
                0x0000000008008f1c                USBD_CoreFindEP
 .text.USBD_GetEpDesc
                0x0000000008008f34       0x74 ./src/lib/stm32f407vgt6_cube/Middlewares/ST/STM32_USB_Device_Library/Core/Src/usbd_core.o
                0x0000000008008f34                USBD_GetEpDesc
 .text.USBD_GetNextDesc
                0x0000000008008fa8       0x38 ./src/lib/stm32f407vgt6_cube/Middlewares/ST/STM32_USB_Device_Library/Core/Src/usbd_core.o
                0x0000000008008fa8                USBD_GetNextDesc
 .text.SWAPBYTE
                0x0000000008008fe0       0x3a ./src/lib/stm32f407vgt6_cube/Middlewares/ST/STM32_USB_Device_Library/Core/Src/usbd_ctlreq.o
 *fill*         0x000000000800901a        0x2 
 .text.USBD_StdDevReq
                0x000000000800901c       0xe4 ./src/lib/stm32f407vgt6_cube/Middlewares/ST/STM32_USB_Device_Library/Core/Src/usbd_ctlreq.o
                0x000000000800901c                USBD_StdDevReq
 .text.USBD_StdItfReq
                0x0000000008009100       0xd8 ./src/lib/stm32f407vgt6_cube/Middlewares/ST/STM32_USB_Device_Library/Core/Src/usbd_ctlreq.o
                0x0000000008009100                USBD_StdItfReq
 .text.USBD_StdEPReq
                0x00000000080091d8      0x33a ./src/lib/stm32f407vgt6_cube/Middlewares/ST/STM32_USB_Device_Library/Core/Src/usbd_ctlreq.o
                0x00000000080091d8                USBD_StdEPReq
 *fill*         0x0000000008009512        0x2 
 .text.USBD_GetDescriptor
                0x0000000008009514      0x2d4 ./src/lib/stm32f407vgt6_cube/Middlewares/ST/STM32_USB_Device_Library/Core/Src/usbd_ctlreq.o
 .text.USBD_SetAddress
                0x00000000080097e8       0x88 ./src/lib/stm32f407vgt6_cube/Middlewares/ST/STM32_USB_Device_Library/Core/Src/usbd_ctlreq.o
 .text.USBD_SetConfig
                0x0000000008009870      0x154 ./src/lib/stm32f407vgt6_cube/Middlewares/ST/STM32_USB_Device_Library/Core/Src/usbd_ctlreq.o
 .text.USBD_GetConfig
                0x00000000080099c4       0x6c ./src/lib/stm32f407vgt6_cube/Middlewares/ST/STM32_USB_Device_Library/Core/Src/usbd_ctlreq.o
 .text.USBD_GetStatus
                0x0000000008009a30       0x68 ./src/lib/stm32f407vgt6_cube/Middlewares/ST/STM32_USB_Device_Library/Core/Src/usbd_ctlreq.o
 .text.USBD_SetFeature
                0x0000000008009a98       0x52 ./src/lib/stm32f407vgt6_cube/Middlewares/ST/STM32_USB_Device_Library/Core/Src/usbd_ctlreq.o
 .text.USBD_ClrFeature
                0x0000000008009aea       0x44 ./src/lib/stm32f407vgt6_cube/Middlewares/ST/STM32_USB_Device_Library/Core/Src/usbd_ctlreq.o
 .text.USBD_ParseSetupRequest
                0x0000000008009b2e       0x74 ./src/lib/stm32f407vgt6_cube/Middlewares/ST/STM32_USB_Device_Library/Core/Src/usbd_ctlreq.o
                0x0000000008009b2e                USBD_ParseSetupRequest
 .text.USBD_CtlError
                0x0000000008009ba2       0x22 ./src/lib/stm32f407vgt6_cube/Middlewares/ST/STM32_USB_Device_Library/Core/Src/usbd_ctlreq.o
                0x0000000008009ba2                USBD_CtlError
 .text.USBD_GetString
                0x0000000008009bc4       0x8c ./src/lib/stm32f407vgt6_cube/Middlewares/ST/STM32_USB_Device_Library/Core/Src/usbd_ctlreq.o
                0x0000000008009bc4                USBD_GetString
 .text.USBD_GetLen
                0x0000000008009c50       0x32 ./src/lib/stm32f407vgt6_cube/Middlewares/ST/STM32_USB_Device_Library/Core/Src/usbd_ctlreq.o
 .text.USBD_CtlSendData
                0x0000000008009c82       0x36 ./src/lib/stm32f407vgt6_cube/Middlewares/ST/STM32_USB_Device_Library/Core/Src/usbd_ioreq.o
                0x0000000008009c82                USBD_CtlSendData
 .text.USBD_CtlContinueSendData
                0x0000000008009cb8       0x22 ./src/lib/stm32f407vgt6_cube/Middlewares/ST/STM32_USB_Device_Library/Core/Src/usbd_ioreq.o
                0x0000000008009cb8                USBD_CtlContinueSendData
 .text.USBD_CtlPrepareRx
                0x0000000008009cda       0x3a ./src/lib/stm32f407vgt6_cube/Middlewares/ST/STM32_USB_Device_Library/Core/Src/usbd_ioreq.o
                0x0000000008009cda                USBD_CtlPrepareRx
 .text.USBD_CtlContinueRx
                0x0000000008009d14       0x22 ./src/lib/stm32f407vgt6_cube/Middlewares/ST/STM32_USB_Device_Library/Core/Src/usbd_ioreq.o
                0x0000000008009d14                USBD_CtlContinueRx
 .text.USBD_CtlSendStatus
                0x0000000008009d36       0x26 ./src/lib/stm32f407vgt6_cube/Middlewares/ST/STM32_USB_Device_Library/Core/Src/usbd_ioreq.o
                0x0000000008009d36                USBD_CtlSendStatus
 .text.USBD_CtlReceiveStatus
                0x0000000008009d5c       0x26 ./src/lib/stm32f407vgt6_cube/Middlewares/ST/STM32_USB_Device_Library/Core/Src/usbd_ioreq.o
                0x0000000008009d5c                USBD_CtlReceiveStatus
 *fill*         0x0000000008009d82        0x2 
 .text.MX_USB_DEVICE_Init
                0x0000000008009d84       0x60 ./src/lib/stm32f407vgt6_cube/USB_DEVICE/App/usb_device.o
                0x0000000008009d84                MX_USB_DEVICE_Init
 .text.CDC_Init_FS
                0x0000000008009de4       0x28 ./src/lib/stm32f407vgt6_cube/USB_DEVICE/App/usbd_cdc_if.o
 .text.CDC_DeInit_FS
                0x0000000008009e0c        0xe ./src/lib/stm32f407vgt6_cube/USB_DEVICE/App/usbd_cdc_if.o
 *fill*         0x0000000008009e1a        0x2 
 .text.CDC_Control_FS
                0x0000000008009e1c       0xbc ./src/lib/stm32f407vgt6_cube/USB_DEVICE/App/usbd_cdc_if.o
 .text.CDC_Receive_FS
                0x0000000008009ed8       0x28 ./src/lib/stm32f407vgt6_cube/USB_DEVICE/App/usbd_cdc_if.o
 .text.CDC_Transmit_FS
                0x0000000008009f00       0x4c ./src/lib/stm32f407vgt6_cube/USB_DEVICE/App/usbd_cdc_if.o
                0x0000000008009f00                CDC_Transmit_FS
 .text.CDC_TransmitCplt_FS
                0x0000000008009f4c       0x20 ./src/lib/stm32f407vgt6_cube/USB_DEVICE/App/usbd_cdc_if.o
 .text.USBD_FS_DeviceDescriptor
                0x0000000008009f6c       0x24 ./src/lib/stm32f407vgt6_cube/USB_DEVICE/App/usbd_desc.o
                0x0000000008009f6c                USBD_FS_DeviceDescriptor
 .text.USBD_FS_LangIDStrDescriptor
                0x0000000008009f90       0x24 ./src/lib/stm32f407vgt6_cube/USB_DEVICE/App/usbd_desc.o
                0x0000000008009f90                USBD_FS_LangIDStrDescriptor
 .text.USBD_FS_ProductStrDescriptor
                0x0000000008009fb4       0x3c ./src/lib/stm32f407vgt6_cube/USB_DEVICE/App/usbd_desc.o
                0x0000000008009fb4                USBD_FS_ProductStrDescriptor
 .text.USBD_FS_ManufacturerStrDescriptor
                0x0000000008009ff0       0x28 ./src/lib/stm32f407vgt6_cube/USB_DEVICE/App/usbd_desc.o
                0x0000000008009ff0                USBD_FS_ManufacturerStrDescriptor
 .text.USBD_FS_SerialStrDescriptor
                0x000000000800a018       0x24 ./src/lib/stm32f407vgt6_cube/USB_DEVICE/App/usbd_desc.o
                0x000000000800a018                USBD_FS_SerialStrDescriptor
 .text.USBD_FS_ConfigStrDescriptor
                0x000000000800a03c       0x3c ./src/lib/stm32f407vgt6_cube/USB_DEVICE/App/usbd_desc.o
                0x000000000800a03c                USBD_FS_ConfigStrDescriptor
 .text.USBD_FS_InterfaceStrDescriptor
                0x000000000800a078       0x3c ./src/lib/stm32f407vgt6_cube/USB_DEVICE/App/usbd_desc.o
                0x000000000800a078                USBD_FS_InterfaceStrDescriptor
 .text.Get_SerialNum
                0x000000000800a0b4       0x58 ./src/lib/stm32f407vgt6_cube/USB_DEVICE/App/usbd_desc.o
 .text.IntToUnicode
                0x000000000800a10c       0x7c ./src/lib/stm32f407vgt6_cube/USB_DEVICE/App/usbd_desc.o
 .text.HAL_PCD_MspInit
                0x000000000800a188       0xa8 ./src/lib/stm32f407vgt6_cube/USB_DEVICE/Target/usbd_conf.o
                0x000000000800a188                HAL_PCD_MspInit
 .text.HAL_PCD_SetupStageCallback
                0x000000000800a230       0x24 ./src/lib/stm32f407vgt6_cube/USB_DEVICE/Target/usbd_conf.o
                0x000000000800a230                HAL_PCD_SetupStageCallback
 .text.HAL_PCD_DataOutStageCallback
                0x000000000800a254       0x36 ./src/lib/stm32f407vgt6_cube/USB_DEVICE/Target/usbd_conf.o
                0x000000000800a254                HAL_PCD_DataOutStageCallback
 .text.HAL_PCD_DataInStageCallback
                0x000000000800a28a       0x34 ./src/lib/stm32f407vgt6_cube/USB_DEVICE/Target/usbd_conf.o
                0x000000000800a28a                HAL_PCD_DataInStageCallback
 .text.HAL_PCD_SOFCallback
                0x000000000800a2be       0x1c ./src/lib/stm32f407vgt6_cube/USB_DEVICE/Target/usbd_conf.o
                0x000000000800a2be                HAL_PCD_SOFCallback
 .text.HAL_PCD_ResetCallback
                0x000000000800a2da       0x50 ./src/lib/stm32f407vgt6_cube/USB_DEVICE/Target/usbd_conf.o
                0x000000000800a2da                HAL_PCD_ResetCallback
 *fill*         0x000000000800a32a        0x2 
 .text.HAL_PCD_SuspendCallback
                0x000000000800a32c       0x4c ./src/lib/stm32f407vgt6_cube/USB_DEVICE/Target/usbd_conf.o
                0x000000000800a32c                HAL_PCD_SuspendCallback
 .text.HAL_PCD_ResumeCallback
                0x000000000800a378       0x1c ./src/lib/stm32f407vgt6_cube/USB_DEVICE/Target/usbd_conf.o
                0x000000000800a378                HAL_PCD_ResumeCallback
 .text.HAL_PCD_ISOOUTIncompleteCallback
                0x000000000800a394       0x24 ./src/lib/stm32f407vgt6_cube/USB_DEVICE/Target/usbd_conf.o
                0x000000000800a394                HAL_PCD_ISOOUTIncompleteCallback
 .text.HAL_PCD_ISOINIncompleteCallback
                0x000000000800a3b8       0x24 ./src/lib/stm32f407vgt6_cube/USB_DEVICE/Target/usbd_conf.o
                0x000000000800a3b8                HAL_PCD_ISOINIncompleteCallback
 .text.HAL_PCD_ConnectCallback
                0x000000000800a3dc       0x1c ./src/lib/stm32f407vgt6_cube/USB_DEVICE/Target/usbd_conf.o
                0x000000000800a3dc                HAL_PCD_ConnectCallback
 .text.HAL_PCD_DisconnectCallback
                0x000000000800a3f8       0x1c ./src/lib/stm32f407vgt6_cube/USB_DEVICE/Target/usbd_conf.o
                0x000000000800a3f8                HAL_PCD_DisconnectCallback
 .text.USBD_LL_Init
                0x000000000800a414       0x98 ./src/lib/stm32f407vgt6_cube/USB_DEVICE/Target/usbd_conf.o
                0x000000000800a414                USBD_LL_Init
 .text.USBD_LL_Start
                0x000000000800a4ac       0x36 ./src/lib/stm32f407vgt6_cube/USB_DEVICE/Target/usbd_conf.o
                0x000000000800a4ac                USBD_LL_Start
 .text.USBD_LL_OpenEP
                0x000000000800a4e2       0x4c ./src/lib/stm32f407vgt6_cube/USB_DEVICE/Target/usbd_conf.o
                0x000000000800a4e2                USBD_LL_OpenEP
 .text.USBD_LL_CloseEP
                0x000000000800a52e       0x3e ./src/lib/stm32f407vgt6_cube/USB_DEVICE/Target/usbd_conf.o
                0x000000000800a52e                USBD_LL_CloseEP
 .text.USBD_LL_StallEP
                0x000000000800a56c       0x3e ./src/lib/stm32f407vgt6_cube/USB_DEVICE/Target/usbd_conf.o
                0x000000000800a56c                USBD_LL_StallEP
 .text.USBD_LL_ClearStallEP
                0x000000000800a5aa       0x3e ./src/lib/stm32f407vgt6_cube/USB_DEVICE/Target/usbd_conf.o
                0x000000000800a5aa                USBD_LL_ClearStallEP
 .text.USBD_LL_IsStallEP
                0x000000000800a5e8       0x56 ./src/lib/stm32f407vgt6_cube/USB_DEVICE/Target/usbd_conf.o
                0x000000000800a5e8                USBD_LL_IsStallEP
 .text.USBD_LL_SetUSBAddress
                0x000000000800a63e       0x3e ./src/lib/stm32f407vgt6_cube/USB_DEVICE/Target/usbd_conf.o
                0x000000000800a63e                USBD_LL_SetUSBAddress
 .text.USBD_LL_Transmit
                0x000000000800a67c       0x42 ./src/lib/stm32f407vgt6_cube/USB_DEVICE/Target/usbd_conf.o
                0x000000000800a67c                USBD_LL_Transmit
 .text.USBD_LL_PrepareReceive
                0x000000000800a6be       0x42 ./src/lib/stm32f407vgt6_cube/USB_DEVICE/Target/usbd_conf.o
                0x000000000800a6be                USBD_LL_PrepareReceive
 .text.USBD_LL_GetRxDataSize
                0x000000000800a700       0x26 ./src/lib/stm32f407vgt6_cube/USB_DEVICE/Target/usbd_conf.o
                0x000000000800a700                USBD_LL_GetRxDataSize
 *fill*         0x000000000800a726        0x2 
 .text.USBD_static_malloc
                0x000000000800a728       0x18 ./src/lib/stm32f407vgt6_cube/USB_DEVICE/Target/usbd_conf.o
                0x000000000800a728                USBD_static_malloc
 .text.USBD_static_free
                0x000000000800a740       0x12 ./src/lib/stm32f407vgt6_cube/USB_DEVICE/Target/usbd_conf.o
                0x000000000800a740                USBD_static_free
 *fill*         0x000000000800a752        0x2 
 .text.USBD_Get_USB_Status
                0x000000000800a754       0x58 ./src/lib/stm32f407vgt6_cube/USB_DEVICE/Target/usbd_conf.o
                0x000000000800a754                USBD_Get_USB_Status
 .text.main     0x000000000800a7ac       0x20 ./src/main.o
                0x000000000800a7ac                main
 .text.__errno  0x000000000800a7cc        0xc c:/st/stm32cubeide_1.7.0/stm32cubeide/plugins/com.st.stm32cube.ide.mcu.externaltools.gnu-tools-for-stm32.10.3-2021.10.win32_1.0.200.202301161003/tools/bin/../lib/gcc/arm-none-eabi/10.3.1/../../../../arm-none-eabi/lib/thumb/v7e-m/nofp\libc_nano.a(lib_a-errno.o)
                0x000000000800a7cc                __errno
 .text.__libc_init_array
                0x000000000800a7d8       0x48 c:/st/stm32cubeide_1.7.0/stm32cubeide/plugins/com.st.stm32cube.ide.mcu.externaltools.gnu-tools-for-stm32.10.3-2021.10.win32_1.0.200.202301161003/tools/bin/../lib/gcc/arm-none-eabi/10.3.1/../../../../arm-none-eabi/lib/thumb/v7e-m/nofp\libc_nano.a(lib_a-init.o)
                0x000000000800a7d8                __libc_init_array
 .text.memset   0x000000000800a820       0x10 c:/st/stm32cubeide_1.7.0/stm32cubeide/plugins/com.st.stm32cube.ide.mcu.externaltools.gnu-tools-for-stm32.10.3-2021.10.win32_1.0.200.202301161003/tools/bin/../lib/gcc/arm-none-eabi/10.3.1/../../../../arm-none-eabi/lib/thumb/v7e-m/nofp\libc_nano.a(lib_a-memset.o)
                0x000000000800a820                memset
 .text._vsnprintf_r
                0x000000000800a830       0x56 c:/st/stm32cubeide_1.7.0/stm32cubeide/plugins/com.st.stm32cube.ide.mcu.externaltools.gnu-tools-for-stm32.10.3-2021.10.win32_1.0.200.202301161003/tools/bin/../lib/gcc/arm-none-eabi/10.3.1/../../../../arm-none-eabi/lib/thumb/v7e-m/nofp\libc_nano.a(lib_a-vsnprintf.o)
                0x000000000800a830                _vsniprintf_r
                0x000000000800a830                _vsnprintf_r
 *fill*         0x000000000800a886        0x2 
 .text.vsnprintf
                0x000000000800a888       0x1c c:/st/stm32cubeide_1.7.0/stm32cubeide/plugins/com.st.stm32cube.ide.mcu.externaltools.gnu-tools-for-stm32.10.3-2021.10.win32_1.0.200.202301161003/tools/bin/../lib/gcc/arm-none-eabi/10.3.1/../../../../arm-none-eabi/lib/thumb/v7e-m/nofp\libc_nano.a(lib_a-vsnprintf.o)
                0x000000000800a888                vsniprintf
                0x000000000800a888                vsnprintf
 .text.__ssputs_r
                0x000000000800a8a4       0xb6 c:/st/stm32cubeide_1.7.0/stm32cubeide/plugins/com.st.stm32cube.ide.mcu.externaltools.gnu-tools-for-stm32.10.3-2021.10.win32_1.0.200.202301161003/tools/bin/../lib/gcc/arm-none-eabi/10.3.1/../../../../arm-none-eabi/lib/thumb/v7e-m/nofp\libc_nano.a(lib_a-nano-svfprintf.o)
                0x000000000800a8a4                __ssputs_r
 *fill*         0x000000000800a95a        0x2 
 .text._svfprintf_r
                0x000000000800a95c      0x200 c:/st/stm32cubeide_1.7.0/stm32cubeide/plugins/com.st.stm32cube.ide.mcu.externaltools.gnu-tools-for-stm32.10.3-2021.10.win32_1.0.200.202301161003/tools/bin/../lib/gcc/arm-none-eabi/10.3.1/../../../../arm-none-eabi/lib/thumb/v7e-m/nofp\libc_nano.a(lib_a-nano-svfprintf.o)
                0x000000000800a95c                _svfiprintf_r
                0x000000000800a95c                _svfprintf_r
 .text._printf_common
                0x000000000800ab5c       0xda c:/st/stm32cubeide_1.7.0/stm32cubeide/plugins/com.st.stm32cube.ide.mcu.externaltools.gnu-tools-for-stm32.10.3-2021.10.win32_1.0.200.202301161003/tools/bin/../lib/gcc/arm-none-eabi/10.3.1/../../../../arm-none-eabi/lib/thumb/v7e-m/nofp\libc_nano.a(lib_a-nano-vfprintf_i.o)
                0x000000000800ab5c                _printf_common
 *fill*         0x000000000800ac36        0x2 
 .text._printf_i
                0x000000000800ac38      0x24c c:/st/stm32cubeide_1.7.0/stm32cubeide/plugins/com.st.stm32cube.ide.mcu.externaltools.gnu-tools-for-stm32.10.3-2021.10.win32_1.0.200.202301161003/tools/bin/../lib/gcc/arm-none-eabi/10.3.1/../../../../arm-none-eabi/lib/thumb/v7e-m/nofp\libc_nano.a(lib_a-nano-vfprintf_i.o)
                0x000000000800ac38                _printf_i
 .text.memcpy   0x000000000800ae84       0x1c c:/st/stm32cubeide_1.7.0/stm32cubeide/plugins/com.st.stm32cube.ide.mcu.externaltools.gnu-tools-for-stm32.10.3-2021.10.win32_1.0.200.202301161003/tools/bin/../lib/gcc/arm-none-eabi/10.3.1/../../../../arm-none-eabi/lib/thumb/v7e-m/nofp\libc_nano.a(lib_a-memcpy-stub.o)
                0x000000000800ae84                memcpy
 .text.memmove  0x000000000800aea0       0x34 c:/st/stm32cubeide_1.7.0/stm32cubeide/plugins/com.st.stm32cube.ide.mcu.externaltools.gnu-tools-for-stm32.10.3-2021.10.win32_1.0.200.202301161003/tools/bin/../lib/gcc/arm-none-eabi/10.3.1/../../../../arm-none-eabi/lib/thumb/v7e-m/nofp\libc_nano.a(lib_a-memmove.o)
                0x000000000800aea0                memmove
 .text._free_r  0x000000000800aed4       0x94 c:/st/stm32cubeide_1.7.0/stm32cubeide/plugins/com.st.stm32cube.ide.mcu.externaltools.gnu-tools-for-stm32.10.3-2021.10.win32_1.0.200.202301161003/tools/bin/../lib/gcc/arm-none-eabi/10.3.1/../../../../arm-none-eabi/lib/thumb/v7e-m/nofp\libc_nano.a(lib_a-nano-freer.o)
                0x000000000800aed4                _free_r
 .text.sbrk_aligned
                0x000000000800af68       0x40 c:/st/stm32cubeide_1.7.0/stm32cubeide/plugins/com.st.stm32cube.ide.mcu.externaltools.gnu-tools-for-stm32.10.3-2021.10.win32_1.0.200.202301161003/tools/bin/../lib/gcc/arm-none-eabi/10.3.1/../../../../arm-none-eabi/lib/thumb/v7e-m/nofp\libc_nano.a(lib_a-nano-mallocr.o)
 .text._malloc_r
                0x000000000800afa8       0xe8 c:/st/stm32cubeide_1.7.0/stm32cubeide/plugins/com.st.stm32cube.ide.mcu.externaltools.gnu-tools-for-stm32.10.3-2021.10.win32_1.0.200.202301161003/tools/bin/../lib/gcc/arm-none-eabi/10.3.1/../../../../arm-none-eabi/lib/thumb/v7e-m/nofp\libc_nano.a(lib_a-nano-mallocr.o)
                0x000000000800afa8                _malloc_r
 .text._realloc_r
                0x000000000800b090       0x5e c:/st/stm32cubeide_1.7.0/stm32cubeide/plugins/com.st.stm32cube.ide.mcu.externaltools.gnu-tools-for-stm32.10.3-2021.10.win32_1.0.200.202301161003/tools/bin/../lib/gcc/arm-none-eabi/10.3.1/../../../../arm-none-eabi/lib/thumb/v7e-m/nofp\libc_nano.a(lib_a-nano-reallocr.o)
                0x000000000800b090                _realloc_r
 *fill*         0x000000000800b0ee        0x2 
 .text._sbrk_r  0x000000000800b0f0       0x20 c:/st/stm32cubeide_1.7.0/stm32cubeide/plugins/com.st.stm32cube.ide.mcu.externaltools.gnu-tools-for-stm32.10.3-2021.10.win32_1.0.200.202301161003/tools/bin/../lib/gcc/arm-none-eabi/10.3.1/../../../../arm-none-eabi/lib/thumb/v7e-m/nofp\libc_nano.a(lib_a-sbrkr.o)
                0x000000000800b0f0                _sbrk_r
 .text.__malloc_lock
                0x000000000800b110        0xc c:/st/stm32cubeide_1.7.0/stm32cubeide/plugins/com.st.stm32cube.ide.mcu.externaltools.gnu-tools-for-stm32.10.3-2021.10.win32_1.0.200.202301161003/tools/bin/../lib/gcc/arm-none-eabi/10.3.1/../../../../arm-none-eabi/lib/thumb/v7e-m/nofp\libc_nano.a(lib_a-mlock.o)
                0x000000000800b110                __malloc_lock
 .text.__malloc_unlock
                0x000000000800b11c        0xc c:/st/stm32cubeide_1.7.0/stm32cubeide/plugins/com.st.stm32cube.ide.mcu.externaltools.gnu-tools-for-stm32.10.3-2021.10.win32_1.0.200.202301161003/tools/bin/../lib/gcc/arm-none-eabi/10.3.1/../../../../arm-none-eabi/lib/thumb/v7e-m/nofp\libc_nano.a(lib_a-mlock.o)
                0x000000000800b11c                __malloc_unlock
 .text._malloc_usable_size_r
                0x000000000800b128       0x10 c:/st/stm32cubeide_1.7.0/stm32cubeide/plugins/com.st.stm32cube.ide.mcu.externaltools.gnu-tools-for-stm32.10.3-2021.10.win32_1.0.200.202301161003/tools/bin/../lib/gcc/arm-none-eabi/10.3.1/../../../../arm-none-eabi/lib/thumb/v7e-m/nofp\libc_nano.a(lib_a-nano-msizer.o)
                0x000000000800b128                _malloc_usable_size_r
 .text.__retarget_lock_acquire_recursive
                0x000000000800b138        0x2 c:/st/stm32cubeide_1.7.0/stm32cubeide/plugins/com.st.stm32cube.ide.mcu.externaltools.gnu-tools-for-stm32.10.3-2021.10.win32_1.0.200.202301161003/tools/bin/../lib/gcc/arm-none-eabi/10.3.1/../../../../arm-none-eabi/lib/thumb/v7e-m/nofp\libc_nano.a(lib_a-lock.o)
                0x000000000800b138                __retarget_lock_acquire_recursive
 .text.__retarget_lock_release_recursive
                0x000000000800b13a        0x2 c:/st/stm32cubeide_1.7.0/stm32cubeide/plugins/com.st.stm32cube.ide.mcu.externaltools.gnu-tools-for-stm32.10.3-2021.10.win32_1.0.200.202301161003/tools/bin/../lib/gcc/arm-none-eabi/10.3.1/../../../../arm-none-eabi/lib/thumb/v7e-m/nofp\libc_nano.a(lib_a-lock.o)
                0x000000000800b13a                __retarget_lock_release_recursive
 *(.glue_7)
 .glue_7        0x000000000800b13c        0x0 linker stubs
 *(.glue_7t)
 .glue_7t       0x000000000800b13c        0x0 linker stubs
 *(.eh_frame)
 .eh_frame      0x000000000800b13c        0x0 c:/st/stm32cubeide_1.7.0/stm32cubeide/plugins/com.st.stm32cube.ide.mcu.externaltools.gnu-tools-for-stm32.10.3-2021.10.win32_1.0.200.202301161003/tools/bin/../lib/gcc/arm-none-eabi/10.3.1/thumb/v7e-m/nofp/crtbegin.o
 *(.init)
 .init          0x000000000800b13c        0x4 c:/st/stm32cubeide_1.7.0/stm32cubeide/plugins/com.st.stm32cube.ide.mcu.externaltools.gnu-tools-for-stm32.10.3-2021.10.win32_1.0.200.202301161003/tools/bin/../lib/gcc/arm-none-eabi/10.3.1/thumb/v7e-m/nofp/crti.o
                0x000000000800b13c                _init
 .init          0x000000000800b140        0x8 c:/st/stm32cubeide_1.7.0/stm32cubeide/plugins/com.st.stm32cube.ide.mcu.externaltools.gnu-tools-for-stm32.10.3-2021.10.win32_1.0.200.202301161003/tools/bin/../lib/gcc/arm-none-eabi/10.3.1/thumb/v7e-m/nofp/crtn.o
 *(.fini)
 .fini          0x000000000800b148        0x4 c:/st/stm32cubeide_1.7.0/stm32cubeide/plugins/com.st.stm32cube.ide.mcu.externaltools.gnu-tools-for-stm32.10.3-2021.10.win32_1.0.200.202301161003/tools/bin/../lib/gcc/arm-none-eabi/10.3.1/thumb/v7e-m/nofp/crti.o
                0x000000000800b148                _fini
 .fini          0x000000000800b14c        0x8 c:/st/stm32cubeide_1.7.0/stm32cubeide/plugins/com.st.stm32cube.ide.mcu.externaltools.gnu-tools-for-stm32.10.3-2021.10.win32_1.0.200.202301161003/tools/bin/../lib/gcc/arm-none-eabi/10.3.1/thumb/v7e-m/nofp/crtn.o
                0x000000000800b154                . = ALIGN (0x4)
                0x000000000800b154                _etext = .

.vfp11_veneer   0x000000000800b154        0x0
 .vfp11_veneer  0x000000000800b154        0x0 linker stubs

.v4_bx          0x000000000800b154        0x0
 .v4_bx         0x000000000800b154        0x0 linker stubs

.iplt           0x000000000800b154        0x0
 .iplt          0x000000000800b154        0x0 c:/st/stm32cubeide_1.7.0/stm32cubeide/plugins/com.st.stm32cube.ide.mcu.externaltools.gnu-tools-for-stm32.10.3-2021.10.win32_1.0.200.202301161003/tools/bin/../lib/gcc/arm-none-eabi/10.3.1/thumb/v7e-m/nofp/crtbegin.o

.rodata         0x000000000800b154       0xb8
                0x000000000800b154                . = ALIGN (0x4)
 *(.rodata)
 .rodata        0x000000000800b154       0x1b ./src/ap/ap.o
 *fill*         0x000000000800b16f        0x1 
 .rodata        0x000000000800b170       0x46 ./src/lib/stm32f407vgt6_cube/USB_DEVICE/App/usbd_desc.o
 *(.rodata*)
 *fill*         0x000000000800b1b6        0x2 
 .rodata.AHBPrescTable
                0x000000000800b1b8       0x10 ./src/bsp/system_stm32f4xx.o
                0x000000000800b1b8                AHBPrescTable
 .rodata.APBPrescTable
                0x000000000800b1c8        0x8 ./src/bsp/system_stm32f4xx.o
                0x000000000800b1c8                APBPrescTable
 .rodata.flagBitshiftOffset.0
                0x000000000800b1d0        0x8 ./src/lib/stm32f407vgt6_cube/Drivers/STM32F4xx_HAL_Driver/Src/stm32f4xx_hal_dma.o
 .rodata._svfprintf_r.str1.1
                0x000000000800b1d8       0x11 c:/st/stm32cubeide_1.7.0/stm32cubeide/plugins/com.st.stm32cube.ide.mcu.externaltools.gnu-tools-for-stm32.10.3-2021.10.win32_1.0.200.202301161003/tools/bin/../lib/gcc/arm-none-eabi/10.3.1/../../../../arm-none-eabi/lib/thumb/v7e-m/nofp\libc_nano.a(lib_a-nano-svfprintf.o)
 .rodata._printf_i.str1.1
                0x000000000800b1e9       0x22 c:/st/stm32cubeide_1.7.0/stm32cubeide/plugins/com.st.stm32cube.ide.mcu.externaltools.gnu-tools-for-stm32.10.3-2021.10.win32_1.0.200.202301161003/tools/bin/../lib/gcc/arm-none-eabi/10.3.1/../../../../arm-none-eabi/lib/thumb/v7e-m/nofp\libc_nano.a(lib_a-nano-vfprintf_i.o)
                0x000000000800b20c                . = ALIGN (0x4)
 *fill*         0x000000000800b20b        0x1 

.ARM.extab      0x000000000800b20c        0x0
                0x000000000800b20c                . = ALIGN (0x4)
 *(.ARM.extab* .gnu.linkonce.armextab.*)
                0x000000000800b20c                . = ALIGN (0x4)

.ARM            0x000000000800b20c        0x8
                0x000000000800b20c                . = ALIGN (0x4)
                0x000000000800b20c                __exidx_start = .
 *(.ARM.exidx*)
 .ARM.exidx     0x000000000800b20c        0x8 c:/st/stm32cubeide_1.7.0/stm32cubeide/plugins/com.st.stm32cube.ide.mcu.externaltools.gnu-tools-for-stm32.10.3-2021.10.win32_1.0.200.202301161003/tools/bin/../lib/gcc/arm-none-eabi/10.3.1/thumb/v7e-m/nofp\libgcc.a(_udivmoddi4.o)
                0x000000000800b214                __exidx_end = .
                0x000000000800b214                . = ALIGN (0x4)

.rel.dyn        0x000000000800b214        0x0
 .rel.iplt      0x000000000800b214        0x0 c:/st/stm32cubeide_1.7.0/stm32cubeide/plugins/com.st.stm32cube.ide.mcu.externaltools.gnu-tools-for-stm32.10.3-2021.10.win32_1.0.200.202301161003/tools/bin/../lib/gcc/arm-none-eabi/10.3.1/thumb/v7e-m/nofp/crtbegin.o

.preinit_array  0x000000000800b214        0x0
                0x000000000800b214                . = ALIGN (0x4)
                0x000000000800b214                PROVIDE (__preinit_array_start = .)
 *(.preinit_array*)
                0x000000000800b214                PROVIDE (__preinit_array_end = .)
                0x000000000800b214                . = ALIGN (0x4)

.init_array     0x000000000800b214        0x4
                0x000000000800b214                . = ALIGN (0x4)
                0x000000000800b214                PROVIDE (__init_array_start = .)
 *(SORT_BY_NAME(.init_array.*))
 *(.init_array*)
 .init_array    0x000000000800b214        0x4 c:/st/stm32cubeide_1.7.0/stm32cubeide/plugins/com.st.stm32cube.ide.mcu.externaltools.gnu-tools-for-stm32.10.3-2021.10.win32_1.0.200.202301161003/tools/bin/../lib/gcc/arm-none-eabi/10.3.1/thumb/v7e-m/nofp/crtbegin.o
                0x000000000800b218                PROVIDE (__init_array_end = .)
                0x000000000800b218                . = ALIGN (0x4)

.fini_array     0x000000000800b218        0x4
                0x000000000800b218                . = ALIGN (0x4)
                [!provide]                        PROVIDE (__fini_array_start = .)
 *(SORT_BY_NAME(.fini_array.*))
 *(.fini_array*)
 .fini_array    0x000000000800b218        0x4 c:/st/stm32cubeide_1.7.0/stm32cubeide/plugins/com.st.stm32cube.ide.mcu.externaltools.gnu-tools-for-stm32.10.3-2021.10.win32_1.0.200.202301161003/tools/bin/../lib/gcc/arm-none-eabi/10.3.1/thumb/v7e-m/nofp/crtbegin.o
                [!provide]                        PROVIDE (__fini_array_end = .)
                0x000000000800b21c                . = ALIGN (0x4)
                0x000000000800b21c                _sidata = LOADADDR (.data)

.data           0x0000000020000000      0x1c0 load address 0x000000000800b21c
                0x0000000020000000                . = ALIGN (0x4)
                0x0000000020000000                _sdata = .
 *(.data)
 *(.data*)
 .data.SystemCoreClock
                0x0000000020000000        0x4 ./src/bsp/system_stm32f4xx.o
                0x0000000020000000                SystemCoreClock
 .data.button_tbl
                0x0000000020000004       0x18 ./src/hw/core/button.o
                0x0000000020000004                button_tbl
 .data.led_tbl  0x000000002000001c       0x28 ./src/hw/core/led.o
                0x000000002000001c                led_tbl
 .data.hwtimer_index
                0x0000000020000044       0x20 ./src/hw/core/timer.o
 .data.uwTickPrio
                0x0000000020000064        0x4 ./src/lib/stm32f407vgt6_cube/Drivers/STM32F4xx_HAL_Driver/Src/stm32f4xx_hal.o
                0x0000000020000064                uwTickPrio
 .data.uwTickFreq
                0x0000000020000068        0x1 ./src/lib/stm32f407vgt6_cube/Drivers/STM32F4xx_HAL_Driver/Src/stm32f4xx_hal.o
                0x0000000020000068                uwTickFreq
 *fill*         0x0000000020000069        0x3 
 .data.USBD_CDC_DeviceQualifierDesc
                0x000000002000006c        0xa ./src/lib/stm32f407vgt6_cube/Middlewares/ST/STM32_USB_Device_Library/Class/CDC/Src/usbd_cdc.o
 *fill*         0x0000000020000076        0x2 
 .data.USBD_CDC
                0x0000000020000078       0x38 ./src/lib/stm32f407vgt6_cube/Middlewares/ST/STM32_USB_Device_Library/Class/CDC/Src/usbd_cdc.o
                0x0000000020000078                USBD_CDC
 .data.USBD_CDC_CfgDesc
                0x00000000200000b0       0x43 ./src/lib/stm32f407vgt6_cube/Middlewares/ST/STM32_USB_Device_Library/Class/CDC/Src/usbd_cdc.o
 .data.CDCInEpAdd
                0x00000000200000f3        0x1 ./src/lib/stm32f407vgt6_cube/Middlewares/ST/STM32_USB_Device_Library/Class/CDC/Src/usbd_cdc.o
 .data.CDCOutEpAdd
                0x00000000200000f4        0x1 ./src/lib/stm32f407vgt6_cube/Middlewares/ST/STM32_USB_Device_Library/Class/CDC/Src/usbd_cdc.o
 .data.CDCCmdEpAdd
                0x00000000200000f5        0x1 ./src/lib/stm32f407vgt6_cube/Middlewares/ST/STM32_USB_Device_Library/Class/CDC/Src/usbd_cdc.o
 *fill*         0x00000000200000f6        0x2 
 .data.USBD_Interface_fops_FS
                0x00000000200000f8       0x14 ./src/lib/stm32f407vgt6_cube/USB_DEVICE/App/usbd_cdc_if.o
                0x00000000200000f8                USBD_Interface_fops_FS
 .data.FS_Desc  0x000000002000010c       0x1c ./src/lib/stm32f407vgt6_cube/USB_DEVICE/App/usbd_desc.o
                0x000000002000010c                FS_Desc
 .data.USBD_FS_DeviceDesc
                0x0000000020000128       0x12 ./src/lib/stm32f407vgt6_cube/USB_DEVICE/App/usbd_desc.o
                0x0000000020000128                USBD_FS_DeviceDesc
 *fill*         0x000000002000013a        0x2 
 .data.USBD_LangIDDesc
                0x000000002000013c        0x4 ./src/lib/stm32f407vgt6_cube/USB_DEVICE/App/usbd_desc.o
                0x000000002000013c                USBD_LangIDDesc
 .data.USBD_StringSerial
                0x0000000020000140       0x1a ./src/lib/stm32f407vgt6_cube/USB_DEVICE/App/usbd_desc.o
                0x0000000020000140                USBD_StringSerial
 *fill*         0x000000002000015a        0x2 
 .data._impure_ptr
                0x000000002000015c        0x4 c:/st/stm32cubeide_1.7.0/stm32cubeide/plugins/com.st.stm32cube.ide.mcu.externaltools.gnu-tools-for-stm32.10.3-2021.10.win32_1.0.200.202301161003/tools/bin/../lib/gcc/arm-none-eabi/10.3.1/../../../../arm-none-eabi/lib/thumb/v7e-m/nofp\libc_nano.a(lib_a-impure.o)
                0x000000002000015c                _impure_ptr
 .data.impure_data
                0x0000000020000160       0x60 c:/st/stm32cubeide_1.7.0/stm32cubeide/plugins/com.st.stm32cube.ide.mcu.externaltools.gnu-tools-for-stm32.10.3-2021.10.win32_1.0.200.202301161003/tools/bin/../lib/gcc/arm-none-eabi/10.3.1/../../../../arm-none-eabi/lib/thumb/v7e-m/nofp\libc_nano.a(lib_a-impure.o)
 *(.RamFunc)
 *(.RamFunc*)
                0x00000000200001c0                . = ALIGN (0x4)
                0x00000000200001c0                _edata = .
                0x000000000800b3dc                _siccmram = LOADADDR (.ccmram)

.igot.plt       0x00000000200001c0        0x0 load address 0x000000000800b3dc
 .igot.plt      0x00000000200001c0        0x0 c:/st/stm32cubeide_1.7.0/stm32cubeide/plugins/com.st.stm32cube.ide.mcu.externaltools.gnu-tools-for-stm32.10.3-2021.10.win32_1.0.200.202301161003/tools/bin/../lib/gcc/arm-none-eabi/10.3.1/thumb/v7e-m/nofp/crtbegin.o

.ccmram         0x0000000010000000        0x0 load address 0x000000000800b3dc
                0x0000000010000000                . = ALIGN (0x4)
                0x0000000010000000                _sccmram = .
 *(.ccmram)
 *(.ccmram*)
                0x0000000010000000                . = ALIGN (0x4)
                0x0000000010000000                _eccmram = .
                0x0000000010000000                . = ALIGN (0x4)

.bss            0x00000000200001c0     0x2064
                0x00000000200001c0                _sbss = .
                0x00000000200001c0                __bss_start__ = _sbss
 *(.bss)
 .bss           0x00000000200001c0       0x1c c:/st/stm32cubeide_1.7.0/stm32cubeide/plugins/com.st.stm32cube.ide.mcu.externaltools.gnu-tools-for-stm32.10.3-2021.10.win32_1.0.200.202301161003/tools/bin/../lib/gcc/arm-none-eabi/10.3.1/thumb/v7e-m/nofp/crtbegin.o
 *(.bss*)
 .bss.__sbrk_heap_end
                0x00000000200001dc        0x4 ./src/bsp/sysmem.o
 .bss.GPIO_InitStruct
                0x00000000200001e0       0x14 ./src/hw/core/button.o
 .bss.GPIO_InitStruct
                0x00000000200001f4       0x14 ./src/hw/core/led.o
 .bss.sw_timer_counter
                0x0000000020000208        0x4 ./src/hw/core/swtimer.o
 .bss.sw_timer_handle_index
                0x000000002000020c        0x2 ./src/hw/core/swtimer.o
 *fill*         0x000000002000020e        0x2 
 .bss.swtimer_tbl
                0x0000000020000210       0xa0 ./src/hw/core/swtimer.o
 .bss.excute.0  0x00000000200002b0        0x1 ./src/hw/core/swtimer.o
 *fill*         0x00000000200002b1        0x3 
 .bss.timer_tbl
                0x00000000200002b4       0xcc ./src/hw/core/timer.o
 .bss.huart1    0x0000000020000380       0x44 ./src/hw/core/uart.o
                0x0000000020000380                huart1
 .bss.hdma_usart1_rx
                0x00000000200003c4       0x60 ./src/hw/core/uart.o
                0x00000000200003c4                hdma_usart1_rx
 .bss.qbuffer   0x0000000020000424       0x10 ./src/hw/core/uart.o
 .bss.uart_tbl  0x0000000020000434       0xd0 ./src/hw/core/uart.o
                0x0000000020000434                uart_tbl
 .bss.uart_rx_qbuf
                0x0000000020000504      0x100 ./src/hw/core/uart.o
 .bss.uwTick    0x0000000020000604        0x4 ./src/lib/stm32f407vgt6_cube/Drivers/STM32F4xx_HAL_Driver/Src/stm32f4xx_hal.o
                0x0000000020000604                uwTick
 .bss.cfgidx.0  0x0000000020000608        0x1 ./src/lib/stm32f407vgt6_cube/Middlewares/ST/STM32_USB_Device_Library/Core/Src/usbd_ctlreq.o
 *fill*         0x0000000020000609        0x3 
 .bss.hUsbDeviceFS
                0x000000002000060c      0x2dc ./src/lib/stm32f407vgt6_cube/USB_DEVICE/App/usb_device.o
                0x000000002000060c                hUsbDeviceFS
 .bss.UserRxBufferFS
                0x00000000200008e8      0x800 ./src/lib/stm32f407vgt6_cube/USB_DEVICE/App/usbd_cdc_if.o
                0x00000000200008e8                UserRxBufferFS
 .bss.UserTxBufferFS
                0x00000000200010e8      0x800 ./src/lib/stm32f407vgt6_cube/USB_DEVICE/App/usbd_cdc_if.o
                0x00000000200010e8                UserTxBufferFS
 .bss.USBD_StrDesc
                0x00000000200018e8      0x200 ./src/lib/stm32f407vgt6_cube/USB_DEVICE/App/usbd_desc.o
                0x00000000200018e8                USBD_StrDesc
 .bss.hpcd_USB_OTG_FS
                0x0000000020001ae8      0x50c ./src/lib/stm32f407vgt6_cube/USB_DEVICE/Target/usbd_conf.o
                0x0000000020001ae8                hpcd_USB_OTG_FS
 .bss.mem.0     0x0000000020001ff4      0x220 ./src/lib/stm32f407vgt6_cube/USB_DEVICE/Target/usbd_conf.o
 .bss.__malloc_free_list
                0x0000000020002214        0x4 c:/st/stm32cubeide_1.7.0/stm32cubeide/plugins/com.st.stm32cube.ide.mcu.externaltools.gnu-tools-for-stm32.10.3-2021.10.win32_1.0.200.202301161003/tools/bin/../lib/gcc/arm-none-eabi/10.3.1/../../../../arm-none-eabi/lib/thumb/v7e-m/nofp\libc_nano.a(lib_a-nano-mallocr.o)
                0x0000000020002214                __malloc_free_list
 .bss.__malloc_sbrk_start
                0x0000000020002218        0x4 c:/st/stm32cubeide_1.7.0/stm32cubeide/plugins/com.st.stm32cube.ide.mcu.externaltools.gnu-tools-for-stm32.10.3-2021.10.win32_1.0.200.202301161003/tools/bin/../lib/gcc/arm-none-eabi/10.3.1/../../../../arm-none-eabi/lib/thumb/v7e-m/nofp\libc_nano.a(lib_a-nano-mallocr.o)
                0x0000000020002218                __malloc_sbrk_start
 .bss.errno     0x000000002000221c        0x4 c:/st/stm32cubeide_1.7.0/stm32cubeide/plugins/com.st.stm32cube.ide.mcu.externaltools.gnu-tools-for-stm32.10.3-2021.10.win32_1.0.200.202301161003/tools/bin/../lib/gcc/arm-none-eabi/10.3.1/../../../../arm-none-eabi/lib/thumb/v7e-m/nofp\libc_nano.a(lib_a-reent.o)
                0x000000002000221c                errno
 .bss.__lock___malloc_recursive_mutex
                0x0000000020002220        0x1 c:/st/stm32cubeide_1.7.0/stm32cubeide/plugins/com.st.stm32cube.ide.mcu.externaltools.gnu-tools-for-stm32.10.3-2021.10.win32_1.0.200.202301161003/tools/bin/../lib/gcc/arm-none-eabi/10.3.1/../../../../arm-none-eabi/lib/thumb/v7e-m/nofp\libc_nano.a(lib_a-lock.o)
                0x0000000020002220                __lock___malloc_recursive_mutex
 *(COMMON)
                0x0000000020002224                . = ALIGN (0x4)