../src/lib/stm32f407vgt6_cube/USB_DEVICE/App/usbd_cdc_if.c:34:10:cdcAvailable	16	static
../src/lib/stm32f407vgt6_cube/USB_DEVICE/App/usbd_cdc_if.c:47:9:cdcRead	16	static
../src/lib/stm32f407vgt6_cube/USB_DEVICE/App/usbd_cdc_if.c:65:6:cdcDataIn	24	static
../src/lib/stm32f407vgt6_cube/USB_DEVICE/App/usbd_cdc_if.c:86:10:cdcWrite	24	static
../src/lib/stm32f407vgt6_cube/USB_DEVICE/App/usbd_cdc_if.c:244:15:CDC_Init_FS	8	static
../src/lib/stm32f407vgt6_cube/USB_DEVICE/App/usbd_cdc_if.c:258:15:CDC_DeInit_FS	4	static
../src/lib/stm32f407vgt6_cube/USB_DEVICE/App/usbd_cdc_if.c:272:15:CDC_Control_FS	16	static
../src/lib/stm32f407vgt6_cube/USB_DEVICE/App/usbd_cdc_if.c:353:15:CDC_Receive_FS	24	static
../src/lib/stm32f407vgt6_cube/USB_DEVICE/App/usbd_cdc_if.c:380:9:CDC_Transmit_FS	24	static
../src/lib/stm32f407vgt6_cube/USB_DEVICE/App/usbd_cdc_if.c:406:15:CDC_TransmitCplt_FS	32	static
