../src/hw/core/timer.c:55:6:timerInit	4	static
../src/hw/core/timer.c:79:6:timerStop	24	static
../src/hw/core/timer.c:94:6:timerSetPeriod	32	static
../src/hw/core/timer.c:126:6:timerAttachInterrupt	24	static
../src/hw/core/timer.c:144:6:timerDetachInterrupt	24	static
../src/hw/core/timer.c:158:6:timerStart	24	static
../src/hw/core/timer.c:194:6:timerCallBack	32	static
../src/hw/core/timer.c:219:6:TIM3_IRQHandler	8	static
../src/hw/core/timer.c:224:6:HAL_TIM_OC_DelayElapsedCallback	16	static
../src/hw/core/timer.c:229:6:HAL_TIM_Base_MspInit	24	static
../src/hw/core/timer.c:240:6:HAL_TIM_Base_MspDeInit	16	static
../src/hw/core/timer.c:248:6:HAL_TIM_OC_MspInit	24	static
../src/hw/core/timer.c:261:6:HAL_TIM_OC_MspDeInit	16	static
