Archive member included to satisfy reference by file (symbol)

c:/st/stm32cubeide_1.7.0/stm32cubeide/plugins/com.st.stm32cube.ide.mcu.externaltools.gnu-tools-for-stm32.10.3-2021.10.win32_1.0.200.202301161003/tools/bin/../lib/gcc/arm-none-eabi/10.3.1/../../../../arm-none-eabi/lib/thumb/v7e-m/nofp\libc_nano.a(lib_a-errno.o)
                              ./src/bsp/syscalls.o (__errno)
c:/st/stm32cubeide_1.7.0/stm32cubeide/plugins/com.st.stm32cube.ide.mcu.externaltools.gnu-tools-for-stm32.10.3-2021.10.win32_1.0.200.202301161003/tools/bin/../lib/gcc/arm-none-eabi/10.3.1/../../../../arm-none-eabi/lib/thumb/v7e-m/nofp\libc_nano.a(lib_a-exit.o)
                              c:/st/stm32cubeide_1.7.0/stm32cubeide/plugins/com.st.stm32cube.ide.mcu.externaltools.gnu-tools-for-stm32.10.3-2021.10.win32_1.0.200.202301161003/tools/bin/../lib/gcc/arm-none-eabi/10.3.1/../../../../arm-none-eabi/lib/thumb/v7e-m/nofp/crt0.o (exit)
c:/st/stm32cubeide_1.7.0/stm32cubeide/plugins/com.st.stm32cube.ide.mcu.externaltools.gnu-tools-for-stm32.10.3-2021.10.win32_1.0.200.202301161003/tools/bin/../lib/gcc/arm-none-eabi/10.3.1/../../../../arm-none-eabi/lib/thumb/v7e-m/nofp\libc_nano.a(lib_a-impure.o)
                              c:/st/stm32cubeide_1.7.0/stm32cubeide/plugins/com.st.stm32cube.ide.mcu.externaltools.gnu-tools-for-stm32.10.3-2021.10.win32_1.0.200.202301161003/tools/bin/../lib/gcc/arm-none-eabi/10.3.1/../../../../arm-none-eabi/lib/thumb/v7e-m/nofp\libc_nano.a(lib_a-exit.o) (_global_impure_ptr)
c:/st/stm32cubeide_1.7.0/stm32cubeide/plugins/com.st.stm32cube.ide.mcu.externaltools.gnu-tools-for-stm32.10.3-2021.10.win32_1.0.200.202301161003/tools/bin/../lib/gcc/arm-none-eabi/10.3.1/../../../../arm-none-eabi/lib/thumb/v7e-m/nofp\libc_nano.a(lib_a-init.o)
                              c:/st/stm32cubeide_1.7.0/stm32cubeide/plugins/com.st.stm32cube.ide.mcu.externaltools.gnu-tools-for-stm32.10.3-2021.10.win32_1.0.200.202301161003/tools/bin/../lib/gcc/arm-none-eabi/10.3.1/../../../../arm-none-eabi/lib/thumb/v7e-m/nofp/crt0.o (__libc_init_array)
c:/st/stm32cubeide_1.7.0/stm32cubeide/plugins/com.st.stm32cube.ide.mcu.externaltools.gnu-tools-for-stm32.10.3-2021.10.win32_1.0.200.202301161003/tools/bin/../lib/gcc/arm-none-eabi/10.3.1/../../../../arm-none-eabi/lib/thumb/v7e-m/nofp\libc_nano.a(lib_a-memset.o)
                              c:/st/stm32cubeide_1.7.0/stm32cubeide/plugins/com.st.stm32cube.ide.mcu.externaltools.gnu-tools-for-stm32.10.3-2021.10.win32_1.0.200.202301161003/tools/bin/../lib/gcc/arm-none-eabi/10.3.1/../../../../arm-none-eabi/lib/thumb/v7e-m/nofp/crt0.o (memset)
c:/st/stm32cubeide_1.7.0/stm32cubeide/plugins/com.st.stm32cube.ide.mcu.externaltools.gnu-tools-for-stm32.10.3-2021.10.win32_1.0.200.202301161003/tools/bin/../lib/gcc/arm-none-eabi/10.3.1/../../../../arm-none-eabi/lib/thumb/v7e-m/nofp\libc_nano.a(lib_a-vsnprintf.o)
                              ./src/hw/core/uart.o (vsnprintf)
c:/st/stm32cubeide_1.7.0/stm32cubeide/plugins/com.st.stm32cube.ide.mcu.externaltools.gnu-tools-for-stm32.10.3-2021.10.win32_1.0.200.202301161003/tools/bin/../lib/gcc/arm-none-eabi/10.3.1/../../../../arm-none-eabi/lib/thumb/v7e-m/nofp\libc_nano.a(lib_a-nano-svfprintf.o)
                              c:/st/stm32cubeide_1.7.0/stm32cubeide/plugins/com.st.stm32cube.ide.mcu.externaltools.gnu-tools-for-stm32.10.3-2021.10.win32_1.0.200.202301161003/tools/bin/../lib/gcc/arm-none-eabi/10.3.1/../../../../arm-none-eabi/lib/thumb/v7e-m/nofp\libc_nano.a(lib_a-vsnprintf.o) (_svfprintf_r)
c:/st/stm32cubeide_1.7.0/stm32cubeide/plugins/com.st.stm32cube.ide.mcu.externaltools.gnu-tools-for-stm32.10.3-2021.10.win32_1.0.200.202301161003/tools/bin/../lib/gcc/arm-none-eabi/10.3.1/../../../../arm-none-eabi/lib/thumb/v7e-m/nofp\libc_nano.a(lib_a-nano-vfprintf_i.o)
                              c:/st/stm32cubeide_1.7.0/stm32cubeide/plugins/com.st.stm32cube.ide.mcu.externaltools.gnu-tools-for-stm32.10.3-2021.10.win32_1.0.200.202301161003/tools/bin/../lib/gcc/arm-none-eabi/10.3.1/../../../../arm-none-eabi/lib/thumb/v7e-m/nofp\libc_nano.a(lib_a-nano-svfprintf.o) (_printf_i)
c:/st/stm32cubeide_1.7.0/stm32cubeide/plugins/com.st.stm32cube.ide.mcu.externaltools.gnu-tools-for-stm32.10.3-2021.10.win32_1.0.200.202301161003/tools/bin/../lib/gcc/arm-none-eabi/10.3.1/../../../../arm-none-eabi/lib/thumb/v7e-m/nofp\libc_nano.a(lib_a-memchr.o)
                              c:/st/stm32cubeide_1.7.0/stm32cubeide/plugins/com.st.stm32cube.ide.mcu.externaltools.gnu-tools-for-stm32.10.3-2021.10.win32_1.0.200.202301161003/tools/bin/../lib/gcc/arm-none-eabi/10.3.1/../../../../arm-none-eabi/lib/thumb/v7e-m/nofp\libc_nano.a(lib_a-nano-svfprintf.o) (memchr)
c:/st/stm32cubeide_1.7.0/stm32cubeide/plugins/com.st.stm32cube.ide.mcu.externaltools.gnu-tools-for-stm32.10.3-2021.10.win32_1.0.200.202301161003/tools/bin/../lib/gcc/arm-none-eabi/10.3.1/../../../../arm-none-eabi/lib/thumb/v7e-m/nofp\libc_nano.a(lib_a-memcpy-stub.o)
[...]
Memory Configuration

Name             Origin             Length             Attributes
CCMRAM           0x0000000010000000 0x0000000000010000 xrw
RAM              0x0000000020000000 0x0000000000020000 xrw
FLASH            0x0000000008000000 0x0000000000100000 xr
*default*        0x0000000000000000 0xffffffffffffffff

Linker script and memory map

LOAD c:/st/stm32cubeide_1.7.0/stm32cubeide/plugins/com.st.stm32cube.ide.mcu.externaltools.gnu-tools-for-stm32.10.3-2021.10.win32_1.0.200.202301161003/tools/bin/../lib/gcc/arm-none-eabi/10.3.1/thumb/v7e-m/nofp/crti.o
LOAD c:/st/stm32cubeide_1.7.0/stm32cubeide/plugins/com.st.stm32cube.ide.mcu.externaltools.gnu-tools-for-stm32.10.3-2021.10.win32_1.0.200.202301161003/tools/bin/../lib/gcc/arm-none-eabi/10.3.1/thumb/v7e-m/nofp/crtbegin.o
LOAD c:/st/stm32cubeide_1.7.0/stm32cubeide/plugins/com.st.stm32cube.ide.mcu.externaltools.gnu-tools-for-stm32.10.3-2021.10.win32_1.0.200.202301161003/tools/bin/../lib/gcc/arm-none-eabi/10.3.1/../../../../arm-none-eabi/lib/thumb/v7e-m/nofp/crt0.o
LOAD ./src/ap/ap.o
LOAD ./src/bsp/bsp.o
LOAD ./src/bsp/stm32f4xx_hal_msp.o
LOAD ./src/bsp/stm32f4xx_it.o
LOAD ./src/bsp/syscalls.o
LOAD ./src/bsp/sysmem.o
LOAD ./src/bsp/system_stm32f4xx.o
LOAD ./src/bsp/startup/startup_stm32f407vgtx.o
LOAD ./src/common/core/qbuffer.o
LOAD ./src/hw/core/button.o
LOAD ./src/hw/core/led.o
LOAD ./src/hw/core/swtimer.o
LOAD ./src/hw/core/timer.o
LOAD ./src/hw/core/uart.o
LOAD ./src/hw/hw.o
LOAD ./src/lib/stm32f407vgt6_cube/Drivers/STM32F4xx_HAL_Driver/Src/stm32f4xx_hal.o
LOAD ./src/lib/stm32f407vgt6_cube/Drivers/STM32F4xx_HAL_Driver/Src/stm32f4xx_hal_cortex.o
LOAD ./src/lib/stm32f407vgt6_cube/Drivers/STM32F4xx_HAL_Driver/Src/stm32f4xx_hal_dma.o
LOAD ./src/lib/stm32f407vgt6_cube/Drivers/STM32F4xx_HAL_Driver/Src/stm32f4xx_hal_dma_ex.o
LOAD ./src/lib/stm32f407vgt6_cube/Drivers/STM32F4xx_HAL_Driver/Src/stm32f4xx_hal_exti.o
LOAD ./src/lib/stm32f407vgt6_cube/Drivers/STM32F4xx_HAL_Driver/Src/stm32f4xx_hal_flash.o
LOAD ./src/lib/stm32f407vgt6_cube/Drivers/STM32F4xx_HAL_Driver/Src/stm32f4xx_hal_flash_ex.o
LOAD ./src/lib/stm32f407vgt6_cube/Drivers/STM32F4xx_HAL_Driver/Src/stm32f4xx_hal_flash_ramfunc.o
LOAD ./src/lib/stm32f407vgt6_cube/Drivers/STM32F4xx_HAL_Driver/Src/stm32f4xx_hal_gpio.o
LOAD ./src/lib/stm32f407vgt6_cube/Drivers/STM32F4xx_HAL_Driver/Src/stm32f4xx_hal_pwr.o
LOAD ./src/lib/stm32f407vgt6_cube/Drivers/STM32F4xx_HAL_Driver/Src/stm32f4xx_hal_pwr_ex.o
LOAD ./src/lib/stm32f407vgt6_cube/Drivers/STM32F4xx_HAL_Driver/Src/stm32f4xx_hal_rcc.o
LOAD ./src/lib/stm32f407vgt6_cube/Drivers/STM32F4xx_HAL_Driver/Src/stm32f4xx_hal_rcc_ex.o
LOAD ./src/lib/stm32f407vgt6_cube/Drivers/STM32F4xx_HAL_Driver/Src/stm32f4xx_hal_tim.o
LOAD ./src/lib/stm32f407vgt6_cube/Drivers/STM32F4xx_HAL_Driver/Src/stm32f4xx_hal_tim_ex.o
LOAD ./src/lib/stm32f407vgt6_cube/Drivers/STM32F4xx_HAL_Driver/Src/stm32f4xx_hal_uart.o
LOAD ./src/main.o
START GROUP
LOAD c:/st/stm32cubeide_1.7.0/stm32cubeide/plugins/com.st.stm32cube.ide.mcu.externaltools.gnu-tools-for-stm32.10.3-2021.10.win32_1.0.200.202301161003/tools/bin/../lib/gcc/arm-none-eabi/10.3.1/../../../../arm-none-eabi/lib/thumb/v7e-m/nofp\libc_nano.a
LOAD c:/st/stm32cubeide_1.7.0/stm32cubeide/plugins/com.st.stm32cube.ide.mcu.externaltools.gnu-tools-for-stm32.10.3-2021.10.win32_1.0.200.202301161003/tools/bin/../lib/gcc/arm-none-eabi/10.3.1/../../../../arm-none-eabi/lib/thumb/v7e-m/nofp\libm.a
END GROUP
START GROUP
LOAD c:/st/stm32cubeide_1.7.0/stm32cubeide/plugins/com.st.stm32cube.ide.mcu.externaltools.gnu-tools-for-stm32.10.3-2021.10.win32_1.0.200.202301161003/tools/bin/../lib/gcc/arm-none-eabi/10.3.1/thumb/v7e-m/nofp\libgcc.a
LOAD c:/st/stm32cubeide_1.7.0/stm32cubeide/plugins/com.st.stm32cube.ide.mcu.externaltools.gnu-tools-for-stm32.10.3-2021.10.win32_1.0.200.202301161003/tools/bin/../lib/gcc/arm-none-eabi/10.3.1/../../../../arm-none-eabi/lib/thumb/v7e-m/nofp\libc_nano.a
END GROUP
START GROUP
LOAD c:/st/stm32cubeide_1.7.0/stm32cubeide/plugins/com.st.stm32cube.ide.mcu.externaltools.gnu-tools-for-stm32.10.3-2021.10.win32_1.0.200.202301161003/tools/bin/../lib/gcc/arm-none-eabi/10.3.1/thumb/v7e-m/nofp\libgcc.a
LOAD c:/st/stm32cubeide_1.7.0/stm32cubeide/plugins/com.st.stm32cube.ide.mcu.externaltools.gnu-tools-for-stm32.10.3-2021.10.win32_1.0.200.202301161003/tools/bin/../lib/gcc/arm-none-eabi/10.3.1/../../../../arm-none-eabi/lib/thumb/v7e-m/nofp\libc_nano.a
LOAD c:/st/stm32cubeide_1.7.0/stm32cubeide/plugins/com.st.stm32cube.ide.mcu.externaltools.gnu-tools-for-stm32.10.3-2021.10.win32_1.0.200.202301161003/tools/bin/../lib/gcc/arm-none-eabi/10.3.1/../../../../arm-none-eabi/lib/thumb/v7e-m/nofp\libnosys.a
END GROUP
START GROUP
LOAD c:/st/stm32cubeide_1.7.0/stm32cubeide/plugins/com.st.stm32cube.ide.mcu.externaltools.gnu-tools-for-stm32.10.3-2021.10.win32_1.0.200.202301161003/tools/bin/../lib/gcc/arm-none-eabi/10.3.1/thumb/v7e-m/nofp\libgcc.a
LOAD c:/st/stm32cubeide_1.7.0/stm32cubeide/plugins/com.st.stm32cube.ide.mcu.externaltools.gnu-tools-for-stm32.10.3-2021.10.win32_1.0.200.202301161003/tools/bin/../lib/gcc/arm-none-eabi/10.3.1/../../../../arm-none-eabi/lib/thumb/v7e-m/nofp\libc_nano.a
LOAD c:/st/stm32cubeide_1.7.0/stm32cubeide/plugins/com.st.stm32cube.ide.mcu.externaltools.gnu-tools-for-stm32.10.3-2021.10.win32_1.0.200.202301161003/tools/bin/../lib/gcc/arm-none-eabi/10.3.1/../../../../arm-none-eabi/lib/thumb/v7e-m/nofp\libnosys.a
END GROUP
LOAD c:/st/stm32cubeide_1.7.0/stm32cubeide/plugins/com.st.stm32cube.ide.mcu.externaltools.gnu-tools-for-stm32.10.3-2021.10.win32_1.0.200.202301161003/tools/bin/../lib/gcc/arm-none-eabi/10.3.1/thumb/v7e-m/nofp/crtend.o
LOAD c:/st/stm32cubeide_1.7.0/stm32cubeide/plugins/com.st.stm32cube.ide.mcu.externaltools.gnu-tools-for-stm32.10.3-2021.10.win32_1.0.200.202301161003/tools/bin/../lib/gcc/arm-none-eabi/10.3.1/thumb/v7e-m/nofp/crtn.o
                0x0000000020020000                _estack = (ORIGIN (RAM) + LENGTH (RAM))
                0x0000000000000200                _Min_Heap_Size = 0x200
                0x0000000000000400                _Min_Stack_Size = 0x400

.isr_vector     0x0000000008000000      0x188
                0x0000000008000000                . = ALIGN (0x4)
 *(.isr_vector)
 .isr_vector    0x0000000008000000      0x188 ./src/bsp/startup/startup_stm32f407vgtx.o
                0x0000000008000000                g_pfnVectors
                0x0000000008000188                . = ALIGN (0x4)

.text           0x0000000008000190     0x596c
                0x0000000008000190                . = ALIGN (0x4)
 *(.text)
 .text          0x0000000008000190       0x40 c:/st/stm32cubeide_1.7.0/stm32cubeide/plugins/com.st.stm32cube.ide.mcu.externaltools.gnu-tools-for-stm32.10.3-2021.10.win32_1.0.200.202301161003/tools/bin/../lib/gcc/arm-none-eabi/10.3.1/thumb/v7e-m/nofp/crtbegin.o
 .text          0x00000000080001d0       0xa0 c:/st/stm32cubeide_1.7.0/stm32cubeide/plugins/com.st.stm32cube.ide.mcu.externaltools.gnu-tools-for-stm32.10.3-2021.10.win32_1.0.200.202301161003/tools/bin/../lib/gcc/arm-none-eabi/10.3.1/../../../../arm-none-eabi/lib/thumb/v7e-m/nofp\libc_nano.a(lib_a-memchr.o)
                0x00000000080001d0                memchr
 .text          0x0000000008000270       0x30 c:/st/stm32cubeide_1.7.0/stm32cubeide/plugins/com.st.stm32cube.ide.mcu.externaltools.gnu-tools-for-stm32.10.3-2021.10.win32_1.0.200.202301161003/tools/bin/../lib/gcc/arm-none-eabi/10.3.1/thumb/v7e-m/nofp\libgcc.a(_aeabi_uldivmod.o)
                0x0000000008000270                __aeabi_uldivmod
 .text          0x00000000080002a0      0x2d0 c:/st/stm32cubeide_1.7.0/stm32cubeide/plugins/com.st.stm32cube.ide.mcu.externaltools.gnu-tools-for-stm32.10.3-2021.10.win32_1.0.200.202301161003/tools/bin/../lib/gcc/arm-none-eabi/10.3.1/thumb/v7e-m/nofp\libgcc.a(_udivmoddi4.o)
                0x00000000080002a0                __udivmoddi4
 .text          0x0000000008000570        0x4 c:/st/stm32cubeide_1.7.0/stm32cubeide/plugins/com.st.stm32cube.ide.mcu.externaltools.gnu-tools-for-stm32.10.3-2021.10.win32_1.0.200.202301161003/tools/bin/../lib/gcc/arm-none-eabi/10.3.1/thumb/v7e-m/nofp\libgcc.a(_dvmd_tls.o)
                0x0000000008000570                __aeabi_idiv0
                0x0000000008000570                __aeabi_ldiv0
 *(.text*)
 .text.ledISR   0x0000000008000574       0x16 ./src/ap/ap.o
                0x0000000008000574                ledISR
 *fill*         0x000000000800058a        0x2 
 .text.apInit   0x000000000800058c       0x60 ./src/ap/ap.o
                0x000000000800058c                apInit
 .text.apMain   0x00000000080005ec       0x4c ./src/ap/ap.o
                0x00000000080005ec                apMain
 .text.bspInit  0x0000000008000638       0x70 ./src/bsp/bsp.o
                0x0000000008000638                bspInit
 .text.millis   0x00000000080006a8        0xe ./src/bsp/bsp.o
                0x00000000080006a8                millis
 *fill*         0x00000000080006b6        0x2 
 .text.SystemClock_Config
                0x00000000080006b8       0xd4 ./src/bsp/bsp.o
 .text.Error_Handler
                0x000000000800078c        0x6 ./src/bsp/bsp.o
 *fill*         0x0000000008000792        0x2 
 .text.HAL_MspInit
                0x0000000008000794       0x4c ./src/bsp/stm32f4xx_hal_msp.o
                0x0000000008000794                HAL_MspInit
 .text.NMI_Handler
                0x00000000080007e0        0x6 ./src/bsp/stm32f4xx_it.o
                0x00000000080007e0                NMI_Handler
 .text.HardFault_Handler
                0x00000000080007e6        0x6 ./src/bsp/stm32f4xx_it.o
                0x00000000080007e6                HardFault_Handler
 .text.MemManage_Handler
                0x00000000080007ec        0x6 ./src/bsp/stm32f4xx_it.o
                0x00000000080007ec                MemManage_Handler
 .text.BusFault_Handler
                0x00000000080007f2        0x6 ./src/bsp/stm32f4xx_it.o
                0x00000000080007f2                BusFault_Handler
 .text.UsageFault_Handler
                0x00000000080007f8        0x6 ./src/bsp/stm32f4xx_it.o
                0x00000000080007f8                UsageFault_Handler
 .text.SVC_Handler
                0x00000000080007fe        0xc ./src/bsp/stm32f4xx_it.o
                0x00000000080007fe                SVC_Handler
 .text.DebugMon_Handler
                0x000000000800080a        0xc ./src/bsp/stm32f4xx_it.o
                0x000000000800080a                DebugMon_Handler
 .text.PendSV_Handler
                0x0000000008000816        0xc ./src/bsp/stm32f4xx_it.o
                0x0000000008000816                PendSV_Handler
 .text.SysTick_Handler
                0x0000000008000822        0xc ./src/bsp/stm32f4xx_it.o
                0x0000000008000822                SysTick_Handler
 *fill*         0x000000000800082e        0x2 
 .text.USART1_IRQHandler
                0x0000000008000830       0x14 ./src/bsp/stm32f4xx_it.o
                0x0000000008000830                USART1_IRQHandler
 .text.DMA2_Stream2_IRQHandler
                0x0000000008000844       0x14 ./src/bsp/stm32f4xx_it.o
                0x0000000008000844                DMA2_Stream2_IRQHandler
 .text._sbrk    0x0000000008000858       0x6c ./src/bsp/sysmem.o
                0x0000000008000858                _sbrk
 .text.SystemInit
                0x00000000080008c4        0xc ./src/bsp/system_stm32f4xx.o
                0x00000000080008c4                SystemInit
 .text.Reset_Handler
                0x00000000080008d0       0x50 ./src/bsp/startup/startup_stm32f407vgtx.o
                0x00000000080008d0                Reset_Handler
 .text.Default_Handler
                0x0000000008000920        0x2 ./src/bsp/startup/startup_stm32f407vgtx.o
                0x0000000008000920                RTC_Alarm_IRQHandler
                0x0000000008000920                HASH_RNG_IRQHandler
                0x0000000008000920                EXTI2_IRQHandler
                0x0000000008000920                TIM8_CC_IRQHandler
                0x0000000008000920                TIM1_CC_IRQHandler
                0x0000000008000920                DMA2_Stream5_IRQHandler
                0x0000000008000920                DMA1_Stream5_IRQHandler
                0x0000000008000920                PVD_IRQHandler
                0x0000000008000920                SDIO_IRQHandler
                0x0000000008000920                TAMP_STAMP_IRQHandler
                0x0000000008000920                CAN2_RX1_IRQHandler
                0x0000000008000920                EXTI3_IRQHandler
                0x0000000008000920                TIM8_TRG_COM_TIM14_IRQHandler
                0x0000000008000920                TIM1_UP_TIM10_IRQHandler
                0x0000000008000920                TIM8_UP_TIM13_IRQHandler
                0x0000000008000920                I2C3_ER_IRQHandler
                0x0000000008000920                EXTI0_IRQHandler
                0x0000000008000920                I2C2_EV_IRQHandler
                0x0000000008000920                DMA1_Stream2_IRQHandler
                0x0000000008000920                CAN1_RX0_IRQHandler
                0x0000000008000920                FPU_IRQHandler
                0x0000000008000920                OTG_HS_WKUP_IRQHandler
                0x0000000008000920                CAN2_SCE_IRQHandler
                0x0000000008000920                SPI1_IRQHandler
                0x0000000008000920                TIM6_DAC_IRQHandler
                0x0000000008000920                TIM1_BRK_TIM9_IRQHandler
                0x0000000008000920                DCMI_IRQHandler
                0x0000000008000920                CAN2_RX0_IRQHandler
                0x0000000008000920                DMA2_Stream3_IRQHandler
                0x0000000008000920                USART6_IRQHandler
                0x0000000008000920                USART3_IRQHandler
                0x0000000008000920                CAN1_RX1_IRQHandler
                0x0000000008000920                UART5_IRQHandler
                0x0000000008000920                DMA2_Stream0_IRQHandler
                0x0000000008000920                TIM4_IRQHandler
                0x0000000008000920                I2C1_EV_IRQHandler
                0x0000000008000920                DMA1_Stream6_IRQHandler
                0x0000000008000920                DMA1_Stream1_IRQHandler
                0x0000000008000920                UART4_IRQHandler
                0x0000000008000920                RCC_IRQHandler
                0x0000000008000920                TIM8_BRK_TIM12_IRQHandler
                0x0000000008000920                Default_Handler
                0x0000000008000920                EXTI15_10_IRQHandler
                0x0000000008000920                ADC_IRQHandler
                0x0000000008000920                DMA1_Stream7_IRQHandler
                0x0000000008000920                TIM7_IRQHandler
                0x0000000008000920                CAN2_TX_IRQHandler
                0x0000000008000920                TIM5_IRQHandler
                0x0000000008000920                DMA2_Stream7_IRQHandler
                0x0000000008000920                I2C3_EV_IRQHandler
                0x0000000008000920                EXTI9_5_IRQHandler
                0x0000000008000920                RTC_WKUP_IRQHandler
                0x0000000008000920                ETH_WKUP_IRQHandler
                0x0000000008000920                SPI2_IRQHandler
                0x0000000008000920                OTG_HS_EP1_IN_IRQHandler
                0x0000000008000920                DMA1_Stream0_IRQHandler
                0x0000000008000920                CAN1_TX_IRQHandler
                0x0000000008000920                EXTI4_IRQHandler
                0x0000000008000920                FSMC_IRQHandler
                0x0000000008000920                ETH_IRQHandler
                0x0000000008000920                OTG_HS_EP1_OUT_IRQHandler
                0x0000000008000920                WWDG_IRQHandler
                0x0000000008000920                TIM2_IRQHandler
                0x0000000008000920                OTG_FS_WKUP_IRQHandler
                0x0000000008000920                TIM1_TRG_COM_TIM11_IRQHandler
                0x0000000008000920                OTG_HS_IRQHandler
                0x0000000008000920                EXTI1_IRQHandler
                0x0000000008000920                USART2_IRQHandler
                0x0000000008000920                I2C2_ER_IRQHandler
                0x0000000008000920                DMA2_Stream1_IRQHandler
                0x0000000008000920                CAN1_SCE_IRQHandler
                0x0000000008000920                FLASH_IRQHandler
                0x0000000008000920                DMA2_Stream4_IRQHandler
                0x0000000008000920                OTG_FS_IRQHandler
                0x0000000008000920                SPI3_IRQHandler
                0x0000000008000920                DMA1_Stream4_IRQHandler
                0x0000000008000920                I2C1_ER_IRQHandler
                0x0000000008000920                DMA2_Stream6_IRQHandler
                0x0000000008000920                DMA1_Stream3_IRQHandler
 .text.qbufferCreate
                0x0000000008000922       0x46 ./src/common/core/qbuffer.o
                0x0000000008000922                qbufferCreate
 .text.qbufferWrite
                0x0000000008000968       0x82 ./src/common/core/qbuffer.o
                0x0000000008000968                qbufferWrite
 .text.qbufferRead
                0x00000000080009ea       0x78 ./src/common/core/qbuffer.o
                0x00000000080009ea                qbufferRead
 .text.qbufferAvailable
                0x0000000008000a62       0x38 ./src/common/core/qbuffer.o
                0x0000000008000a62                qbufferAvailable
 *fill*         0x0000000008000a9a        0x2 
 .text.buttonInit
                0x0000000008000a9c       0x70 ./src/hw/core/button.o
                0x0000000008000a9c                buttonInit
 .text.ledInit  0x0000000008000b0c       0xa4 ./src/hw/core/led.o
                0x0000000008000b0c                ledInit
 .text.ledOff   0x0000000008000bb0       0x40 ./src/hw/core/led.o
                0x0000000008000bb0                ledOff
 .text.ledToggle
                0x0000000008000bf0       0x38 ./src/hw/core/led.o
                0x0000000008000bf0                ledToggle
 .text.swtimerInit
                0x0000000008000c28       0x8c ./src/hw/core/swtimer.o
                0x0000000008000c28                swtimerInit
 .text.swtimerISR
                0x0000000008000cb4      0x108 ./src/hw/core/swtimer.o
                0x0000000008000cb4                swtimerISR
 .text.swtimerSet
                0x0000000008000dbc       0x84 ./src/hw/core/swtimer.o
                0x0000000008000dbc                swtimerSet
 .text.swtimerStart
                0x0000000008000e40       0x54 ./src/hw/core/swtimer.o
                0x0000000008000e40                swtimerStart
 .text.swtimerGetHandle
                0x0000000008000e94       0x30 ./src/hw/core/swtimer.o
                0x0000000008000e94                swtimerGetHandle
 .text.timerInit
                0x0000000008000ec4       0x78 ./src/hw/core/timer.o
                0x0000000008000ec4                timerInit
 .text.timerSetPeriod
                0x0000000008000f3c       0x6c ./src/hw/core/timer.o
                0x0000000008000f3c                timerSetPeriod
 .text.timerStart
                0x0000000008000fa8       0xb0 ./src/hw/core/timer.o
                0x0000000008000fa8                timerStart
 .text.timerCallBack
                0x0000000008001058       0x80 ./src/hw/core/timer.o
                0x0000000008001058                timerCallBack
 .text.TIM3_IRQHandler
                0x00000000080010d8       0x14 ./src/hw/core/timer.o
                0x00000000080010d8                TIM3_IRQHandler
 .text.HAL_TIM_OC_DelayElapsedCallback
                0x00000000080010ec       0x1a ./src/hw/core/timer.o
                0x00000000080010ec                HAL_TIM_OC_DelayElapsedCallback
 *fill*         0x0000000008001106        0x2 
 .text.HAL_TIM_OC_MspInit
                0x0000000008001108       0x50 ./src/hw/core/timer.o
                0x0000000008001108                HAL_TIM_OC_MspInit
 .text.uartInit
                0x0000000008001158       0x70 ./src/hw/core/uart.o
                0x0000000008001158                uartInit
 .text.uartOpen
                0x00000000080011c8       0xfc ./src/hw/core/uart.o
                0x00000000080011c8                uartOpen
 .text.uartStartRx
                0x00000000080012c4       0xa0 ./src/hw/core/uart.o
                0x00000000080012c4                uartStartRx
 .text.uartAvailable
                0x0000000008001364       0x7c ./src/hw/core/uart.o
                0x0000000008001364                uartAvailable
 .text.uartWrite
                0x00000000080013e0       0x7c ./src/hw/core/uart.o
                0x00000000080013e0                uartWrite
 .text.uartRead
                0x000000000800145c       0x4c ./src/hw/core/uart.o
                0x000000000800145c                uartRead
 .text.uartPrintf
                0x00000000080014a8       0x76 ./src/hw/core/uart.o
                0x00000000080014a8                uartPrintf
 *fill*         0x000000000800151e        0x2 
 .text.HAL_UART_RxCpltCallback
                0x0000000008001520       0x44 ./src/hw/core/uart.o
                0x0000000008001520                HAL_UART_RxCpltCallback
 .text.HAL_UART_MspInit
                0x0000000008001564      0x108 ./src/hw/core/uart.o
                0x0000000008001564                HAL_UART_MspInit
 .text.HAL_UART_MspDeInit
                0x000000000800166c       0x4c ./src/hw/core/uart.o
                0x000000000800166c                HAL_UART_MspDeInit
 .text.Error_Handler
                0x00000000080016b8        0xa ./src/hw/core/uart.o
                0x00000000080016b8                Error_Handler
 .text.hwInit   0x00000000080016c2       0x20 ./src/hw/hw.o
                0x00000000080016c2                hwInit
 *fill*         0x00000000080016e2        0x2 
 .text.HAL_Init
                0x00000000080016e4       0x44 ./src/lib/stm32f407vgt6_cube/Drivers/STM32F4xx_HAL_Driver/Src/stm32f4xx_hal.o
                0x00000000080016e4                HAL_Init
 .text.HAL_InitTick
                0x0000000008001728       0x60 ./src/lib/stm32f407vgt6_cube/Drivers/STM32F4xx_HAL_Driver/Src/stm32f4xx_hal.o
                0x0000000008001728                HAL_InitTick
 .text.HAL_IncTick
                0x0000000008001788       0x24 ./src/lib/stm32f407vgt6_cube/Drivers/STM32F4xx_HAL_Driver/Src/stm32f4xx_hal.o
                0x0000000008001788                HAL_IncTick
 .text.HAL_GetTick
                0x00000000080017ac       0x14 ./src/lib/stm32f407vgt6_cube/Drivers/STM32F4xx_HAL_Driver/Src/stm32f4xx_hal.o
                0x00000000080017ac                HAL_GetTick
 .text.HAL_GetREVID
                0x00000000080017c0       0x18 ./src/lib/stm32f407vgt6_cube/Drivers/STM32F4xx_HAL_Driver/Src/stm32f4xx_hal.o
                0x00000000080017c0                HAL_GetREVID
 .text.__NVIC_SetPriorityGrouping
                0x00000000080017d8       0x48 ./src/lib/stm32f407vgt6_cube/Drivers/STM32F4xx_HAL_Driver/Src/stm32f4xx_hal_cortex.o
 .text.__NVIC_GetPriorityGrouping
                0x0000000008001820       0x1c ./src/lib/stm32f407vgt6_cube/Drivers/STM32F4xx_HAL_Driver/Src/stm32f4xx_hal_cortex.o
 .text.__NVIC_EnableIRQ
                0x000000000800183c       0x38 ./src/lib/stm32f407vgt6_cube/Drivers/STM32F4xx_HAL_Driver/Src/stm32f4xx_hal_cortex.o
 .text.__NVIC_DisableIRQ
                0x0000000008001874       0x48 ./src/lib/stm32f407vgt6_cube/Drivers/STM32F4xx_HAL_Driver/Src/stm32f4xx_hal_cortex.o
 .text.__NVIC_SetPriority
                0x00000000080018bc       0x54 ./src/lib/stm32f407vgt6_cube/Drivers/STM32F4xx_HAL_Driver/Src/stm32f4xx_hal_cortex.o
 .text.NVIC_EncodePriority
                0x0000000008001910       0x64 ./src/lib/stm32f407vgt6_cube/Drivers/STM32F4xx_HAL_Driver/Src/stm32f4xx_hal_cortex.o
 .text.SysTick_Config
                0x0000000008001974       0x44 ./src/lib/stm32f407vgt6_cube/Drivers/STM32F4xx_HAL_Driver/Src/stm32f4xx_hal_cortex.o
 .text.HAL_NVIC_SetPriorityGrouping
                0x00000000080019b8       0x16 ./src/lib/stm32f407vgt6_cube/Drivers/STM32F4xx_HAL_Driver/Src/stm32f4xx_hal_cortex.o
                0x00000000080019b8                HAL_NVIC_SetPriorityGrouping
 .text.HAL_NVIC_SetPriority
                0x00000000080019ce       0x38 ./src/lib/stm32f407vgt6_cube/Drivers/STM32F4xx_HAL_Driver/Src/stm32f4xx_hal_cortex.o
                0x00000000080019ce                HAL_NVIC_SetPriority
 .text.HAL_NVIC_EnableIRQ
                0x0000000008001a06       0x1c ./src/lib/stm32f407vgt6_cube/Drivers/STM32F4xx_HAL_Driver/Src/stm32f4xx_hal_cortex.o
                0x0000000008001a06                HAL_NVIC_EnableIRQ
 .text.HAL_NVIC_DisableIRQ
                0x0000000008001a22       0x1c ./src/lib/stm32f407vgt6_cube/Drivers/STM32F4xx_HAL_Driver/Src/stm32f4xx_hal_cortex.o
                0x0000000008001a22                HAL_NVIC_DisableIRQ
 .text.HAL_SYSTICK_Config
                0x0000000008001a3e       0x18 ./src/lib/stm32f407vgt6_cube/Drivers/STM32F4xx_HAL_Driver/Src/stm32f4xx_hal_cortex.o
                0x0000000008001a3e                HAL_SYSTICK_Config
 *fill*         0x0000000008001a56        0x2 
 .text.HAL_DMA_Init
                0x0000000008001a58      0x15c ./src/lib/stm32f407vgt6_cube/Drivers/STM32F4xx_HAL_Driver/Src/stm32f4xx_hal_dma.o
                0x0000000008001a58                HAL_DMA_Init
 .text.HAL_DMA_DeInit
                0x0000000008001bb4       0xbc ./src/lib/stm32f407vgt6_cube/Drivers/STM32F4xx_HAL_Driver/Src/stm32f4xx_hal_dma.o
                0x0000000008001bb4                HAL_DMA_DeInit
 .text.HAL_DMA_Start_IT
                0x0000000008001c70       0xb0 ./src/lib/stm32f407vgt6_cube/Drivers/STM32F4xx_HAL_Driver/Src/stm32f4xx_hal_dma.o
                0x0000000008001c70                HAL_DMA_Start_IT
 .text.HAL_DMA_Abort
                0x0000000008001d20       0xe0 ./src/lib/stm32f407vgt6_cube/Drivers/STM32F4xx_HAL_Driver/Src/stm32f4xx_hal_dma.o
                0x0000000008001d20                HAL_DMA_Abort
 .text.HAL_DMA_Abort_IT
                0x0000000008001e00       0x42 ./src/lib/stm32f407vgt6_cube/Drivers/STM32F4xx_HAL_Driver/Src/stm32f4xx_hal_dma.o
                0x0000000008001e00                HAL_DMA_Abort_IT
 *fill*         0x0000000008001e42        0x2 
 .text.HAL_DMA_IRQHandler
                0x0000000008001e44      0x314 ./src/lib/stm32f407vgt6_cube/Drivers/STM32F4xx_HAL_Driver/Src/stm32f4xx_hal_dma.o
                0x0000000008001e44                HAL_DMA_IRQHandler
 .text.DMA_SetConfig
                0x0000000008002158       0x5a ./src/lib/stm32f407vgt6_cube/Drivers/STM32F4xx_HAL_Driver/Src/stm32f4xx_hal_dma.o
 *fill*         0x00000000080021b2        0x2 
 .text.DMA_CalcBaseAndBitshift
                0x00000000080021b4       0x68 ./src/lib/stm32f407vgt6_cube/Drivers/STM32F4xx_HAL_Driver/Src/stm32f4xx_hal_dma.o
 .text.DMA_CheckFifoParam
                0x000000000800221c       0xf4 ./src/lib/stm32f407vgt6_cube/Drivers/STM32F4xx_HAL_Driver/Src/stm32f4xx_hal_dma.o
 .text.HAL_GPIO_Init
                0x0000000008002310      0x334 ./src/lib/stm32f407vgt6_cube/Drivers/STM32F4xx_HAL_Driver/Src/stm32f4xx_hal_gpio.o
                0x0000000008002310                HAL_GPIO_Init
 .text.HAL_GPIO_DeInit
                0x0000000008002644      0x1f4 ./src/lib/stm32f407vgt6_cube/Drivers/STM32F4xx_HAL_Driver/Src/stm32f4xx_hal_gpio.o
                0x0000000008002644                HAL_GPIO_DeInit
 .text.HAL_GPIO_WritePin
                0x0000000008002838       0x30 ./src/lib/stm32f407vgt6_cube/Drivers/STM32F4xx_HAL_Driver/Src/stm32f4xx_hal_gpio.o
                0x0000000008002838                HAL_GPIO_WritePin
 .text.HAL_GPIO_TogglePin
                0x0000000008002868       0x32 ./src/lib/stm32f407vgt6_cube/Drivers/STM32F4xx_HAL_Driver/Src/stm32f4xx_hal_gpio.o
                0x0000000008002868                HAL_GPIO_TogglePin
 *fill*         0x000000000800289a        0x2 
 .text.HAL_RCC_OscConfig
                0x000000000800289c      0x4f0 ./src/lib/stm32f407vgt6_cube/Drivers/STM32F4xx_HAL_Driver/Src/stm32f4xx_hal_rcc.o
                0x000000000800289c                HAL_RCC_OscConfig
 .text.HAL_RCC_ClockConfig
                0x0000000008002d8c      0x1cc ./src/lib/stm32f407vgt6_cube/Drivers/STM32F4xx_HAL_Driver/Src/stm32f4xx_hal_rcc.o
                0x0000000008002d8c                HAL_RCC_ClockConfig
 .text.HAL_RCC_GetSysClockFreq
                0x0000000008002f58      0x18c ./src/lib/stm32f407vgt6_cube/Drivers/STM32F4xx_HAL_Driver/Src/stm32f4xx_hal_rcc.o
                0x0000000008002f58                HAL_RCC_GetSysClockFreq
 .text.HAL_RCC_GetHCLKFreq
                0x00000000080030e4       0x14 ./src/lib/stm32f407vgt6_cube/Drivers/STM32F4xx_HAL_Driver/Src/stm32f4xx_hal_rcc.o
                0x00000000080030e4                HAL_RCC_GetHCLKFreq
 .text.HAL_RCC_GetPCLK1Freq
                0x00000000080030f8       0x28 ./src/lib/stm32f407vgt6_cube/Drivers/STM32F4xx_HAL_Driver/Src/stm32f4xx_hal_rcc.o
                0x00000000080030f8                HAL_RCC_GetPCLK1Freq
 .text.HAL_RCC_GetPCLK2Freq
                0x0000000008003120       0x28 ./src/lib/stm32f407vgt6_cube/Drivers/STM32F4xx_HAL_Driver/Src/stm32f4xx_hal_rcc.o
                0x0000000008003120                HAL_RCC_GetPCLK2Freq
 .text.HAL_TIM_OC_Init
                0x0000000008003148       0x9e ./src/lib/stm32f407vgt6_cube/Drivers/STM32F4xx_HAL_Driver/Src/stm32f4xx_hal_tim.o
                0x0000000008003148                HAL_TIM_OC_Init
 *fill*         0x00000000080031e6        0x2 
 .text.HAL_TIM_OC_Start_IT
                0x00000000080031e8      0x22c ./src/lib/stm32f407vgt6_cube/Drivers/STM32F4xx_HAL_Driver/Src/stm32f4xx_hal_tim.o
                0x00000000080031e8                HAL_TIM_OC_Start_IT
 .text.HAL_TIM_IRQHandler
                0x0000000008003414      0x210 ./src/lib/stm32f407vgt6_cube/Drivers/STM32F4xx_HAL_Driver/Src/stm32f4xx_hal_tim.o
                0x0000000008003414                HAL_TIM_IRQHandler
 .text.HAL_TIM_OC_ConfigChannel
                0x0000000008003624       0xb8 ./src/lib/stm32f407vgt6_cube/Drivers/STM32F4xx_HAL_Driver/Src/stm32f4xx_hal_tim.o
                0x0000000008003624                HAL_TIM_OC_ConfigChannel
 .text.HAL_TIM_PeriodElapsedCallback
                0x00000000080036dc       0x12 ./src/lib/stm32f407vgt6_cube/Drivers/STM32F4xx_HAL_Driver/Src/stm32f4xx_hal_tim.o
                0x00000000080036dc                HAL_TIM_PeriodElapsedCallback
 .text.HAL_TIM_IC_CaptureCallback
                0x00000000080036ee       0x12 ./src/lib/stm32f407vgt6_cube/Drivers/STM32F4xx_HAL_Driver/Src/stm32f4xx_hal_tim.o
                0x00000000080036ee                HAL_TIM_IC_CaptureCallback
 .text.HAL_TIM_PWM_PulseFinishedCallback
                0x0000000008003700       0x12 ./src/lib/stm32f407vgt6_cube/Drivers/STM32F4xx_HAL_Driver/Src/stm32f4xx_hal_tim.o
                0x0000000008003700                HAL_TIM_PWM_PulseFinishedCallback
 .text.HAL_TIM_TriggerCallback
                0x0000000008003712       0x12 ./src/lib/stm32f407vgt6_cube/Drivers/STM32F4xx_HAL_Driver/Src/stm32f4xx_hal_tim.o
                0x0000000008003712                HAL_TIM_TriggerCallback
 .text.TIM_Base_SetConfig
                0x0000000008003724      0x13c ./src/lib/stm32f407vgt6_cube/Drivers/STM32F4xx_HAL_Driver/Src/stm32f4xx_hal_tim.o
                0x0000000008003724                TIM_Base_SetConfig
 .text.TIM_OC1_SetConfig
                0x0000000008003860       0xe0 ./src/lib/stm32f407vgt6_cube/Drivers/STM32F4xx_HAL_Driver/Src/stm32f4xx_hal_tim.o
 .text.TIM_OC2_SetConfig
                0x0000000008003940       0xe8 ./src/lib/stm32f407vgt6_cube/Drivers/STM32F4xx_HAL_Driver/Src/stm32f4xx_hal_tim.o
                0x0000000008003940                TIM_OC2_SetConfig
 .text.TIM_OC3_SetConfig
                0x0000000008003a28       0xe8 ./src/lib/stm32f407vgt6_cube/Drivers/STM32F4xx_HAL_Driver/Src/stm32f4xx_hal_tim.o
 .text.TIM_OC4_SetConfig
                0x0000000008003b10       0xa8 ./src/lib/stm32f407vgt6_cube/Drivers/STM32F4xx_HAL_Driver/Src/stm32f4xx_hal_tim.o
 .text.TIM_CCxChannelCmd
                0x0000000008003bb8       0x48 ./src/lib/stm32f407vgt6_cube/Drivers/STM32F4xx_HAL_Driver/Src/stm32f4xx_hal_tim.o
                0x0000000008003bb8                TIM_CCxChannelCmd
 .text.HAL_TIMEx_CommutCallback
                0x0000000008003c00       0x12 ./src/lib/stm32f407vgt6_cube/Drivers/STM32F4xx_HAL_Driver/Src/stm32f4xx_hal_tim_ex.o
                0x0000000008003c00                HAL_TIMEx_CommutCallback
 .text.HAL_TIMEx_BreakCallback
                0x0000000008003c12       0x12 ./src/lib/stm32f407vgt6_cube/Drivers/STM32F4xx_HAL_Driver/Src/stm32f4xx_hal_tim_ex.o
                0x0000000008003c12                HAL_TIMEx_BreakCallback
 .text.HAL_UART_Init
                0x0000000008003c24       0x9a ./src/lib/stm32f407vgt6_cube/Drivers/STM32F4xx_HAL_Driver/Src/stm32f4xx_hal_uart.o
                0x0000000008003c24                HAL_UART_Init
 .text.HAL_UART_DeInit
                0x0000000008003cbe       0x5e ./src/lib/stm32f407vgt6_cube/Drivers/STM32F4xx_HAL_Driver/Src/stm32f4xx_hal_uart.o
                0x0000000008003cbe                HAL_UART_DeInit
 .text.HAL_UART_Transmit
                0x0000000008003d1c      0x124 ./src/lib/stm32f407vgt6_cube/Drivers/STM32F4xx_HAL_Driver/Src/stm32f4xx_hal_uart.o
                0x0000000008003d1c                HAL_UART_Transmit
 .text.HAL_UART_Receive_IT
                0x0000000008003e40       0x60 ./src/lib/stm32f407vgt6_cube/Drivers/STM32F4xx_HAL_Driver/Src/stm32f4xx_hal_uart.o
                0x0000000008003e40                HAL_UART_Receive_IT
 .text.HAL_UART_Receive_DMA
                0x0000000008003ea0       0x60 ./src/lib/stm32f407vgt6_cube/Drivers/STM32F4xx_HAL_Driver/Src/stm32f4xx_hal_uart.o
                0x0000000008003ea0                HAL_UART_Receive_DMA
 .text.HAL_UART_IRQHandler
                0x0000000008003f00      0x51c ./src/lib/stm32f407vgt6_cube/Drivers/STM32F4xx_HAL_Driver/Src/stm32f4xx_hal_uart.o
                0x0000000008003f00                HAL_UART_IRQHandler
 .text.HAL_UART_TxCpltCallback
                0x000000000800441c       0x12 ./src/lib/stm32f407vgt6_cube/Drivers/STM32F4xx_HAL_Driver/Src/stm32f4xx_hal_uart.o
                0x000000000800441c                HAL_UART_TxCpltCallback
 .text.HAL_UART_RxHalfCpltCallback
                0x000000000800442e       0x12 ./src/lib/stm32f407vgt6_cube/Drivers/STM32F4xx_HAL_Driver/Src/stm32f4xx_hal_uart.o
                0x000000000800442e                HAL_UART_RxHalfCpltCallback
 .text.HAL_UART_ErrorCallback
                0x0000000008004440       0x12 ./src/lib/stm32f407vgt6_cube/Drivers/STM32F4xx_HAL_Driver/Src/stm32f4xx_hal_uart.o
                0x0000000008004440                HAL_UART_ErrorCallback
 .text.HAL_UARTEx_RxEventCallback
                0x0000000008004452       0x16 ./src/lib/stm32f407vgt6_cube/Drivers/STM32F4xx_HAL_Driver/Src/stm32f4xx_hal_uart.o
                0x0000000008004452                HAL_UARTEx_RxEventCallback
 .text.UART_DMAReceiveCplt
                0x0000000008004468      0x126 ./src/lib/stm32f407vgt6_cube/Drivers/STM32F4xx_HAL_Driver/Src/stm32f4xx_hal_uart.o
 .text.UART_DMARxHalfCplt
                0x000000000800458e       0x36 ./src/lib/stm32f407vgt6_cube/Drivers/STM32F4xx_HAL_Driver/Src/stm32f4xx_hal_uart.o
 .text.UART_DMAError
                0x00000000080045c4       0x94 ./src/lib/stm32f407vgt6_cube/Drivers/STM32F4xx_HAL_Driver/Src/stm32f4xx_hal_uart.o
 .text.UART_WaitOnFlagUntilTimeout
                0x0000000008004658       0xdc ./src/lib/stm32f407vgt6_cube/Drivers/STM32F4xx_HAL_Driver/Src/stm32f4xx_hal_uart.o
 .text.UART_Start_Receive_IT
                0x0000000008004734       0x7a ./src/lib/stm32f407vgt6_cube/Drivers/STM32F4xx_HAL_Driver/Src/stm32f4xx_hal_uart.o
                0x0000000008004734                UART_Start_Receive_IT
 *fill*         0x00000000080047ae        0x2 
 .text.UART_Start_Receive_DMA
                0x00000000080047b0      0x13c ./src/lib/stm32f407vgt6_cube/Drivers/STM32F4xx_HAL_Driver/Src/stm32f4xx_hal_uart.o
                0x00000000080047b0                UART_Start_Receive_DMA
 .text.UART_EndTxTransfer
                0x00000000080048ec       0x4e ./src/lib/stm32f407vgt6_cube/Drivers/STM32F4xx_HAL_Driver/Src/stm32f4xx_hal_uart.o
 .text.UART_EndRxTransfer
                0x000000000800493a       0xc4 ./src/lib/stm32f407vgt6_cube/Drivers/STM32F4xx_HAL_Driver/Src/stm32f4xx_hal_uart.o
 .text.UART_DMAAbortOnError
                0x00000000080049fe       0x28 ./src/lib/stm32f407vgt6_cube/Drivers/STM32F4xx_HAL_Driver/Src/stm32f4xx_hal_uart.o
 .text.UART_Transmit_IT
                0x0000000008004a26       0x9e ./src/lib/stm32f407vgt6_cube/Drivers/STM32F4xx_HAL_Driver/Src/stm32f4xx_hal_uart.o
 .text.UART_EndTransmit_IT
                0x0000000008004ac4       0x30 ./src/lib/stm32f407vgt6_cube/Drivers/STM32F4xx_HAL_Driver/Src/stm32f4xx_hal_uart.o
 .text.UART_Receive_IT
                0x0000000008004af4      0x176 ./src/lib/stm32f407vgt6_cube/Drivers/STM32F4xx_HAL_Driver/Src/stm32f4xx_hal_uart.o
 *fill*         0x0000000008004c6a        0x2 
 .text.UART_SetConfig
                0x0000000008004c6c      0x4f8 ./src/lib/stm32f407vgt6_cube/Drivers/STM32F4xx_HAL_Driver/Src/stm32f4xx_hal_uart.o
 .text.main     0x0000000008005164       0x20 ./src/main.o
                0x0000000008005164                main
 .text.__errno  0x0000000008005184        0xc c:/st/stm32cubeide_1.7.0/stm32cubeide/plugins/com.st.stm32cube.ide.mcu.externaltools.gnu-tools-for-stm32.10.3-2021.10.win32_1.0.200.202301161003/tools/bin/../lib/gcc/arm-none-eabi/10.3.1/../../../../arm-none-eabi/lib/thumb/v7e-m/nofp\libc_nano.a(lib_a-errno.o)
                0x0000000008005184                __errno
 .text.__libc_init_array
                0x0000000008005190       0x48 c:/st/stm32cubeide_1.7.0/stm32cubeide/plugins/com.st.stm32cube.ide.mcu.externaltools.gnu-tools-for-stm32.10.3-2021.10.win32_1.0.200.202301161003/tools/bin/../lib/gcc/arm-none-eabi/10.3.1/../../../../arm-none-eabi/lib/thumb/v7e-m/nofp\libc_nano.a(lib_a-init.o)
                0x0000000008005190                __libc_init_array
 .text._vsnprintf_r
                0x00000000080051d8       0x56 c:/st/stm32cubeide_1.7.0/stm32cubeide/plugins/com.st.stm32cube.ide.mcu.externaltools.gnu-tools-for-stm32.10.3-2021.10.win32_1.0.200.202301161003/tools/bin/../lib/gcc/arm-none-eabi/10.3.1/../../../../arm-none-eabi/lib/thumb/v7e-m/nofp\libc_nano.a(lib_a-vsnprintf.o)
                0x00000000080051d8                _vsniprintf_r
                0x00000000080051d8                _vsnprintf_r
 *fill*         0x000000000800522e        0x2 
 .text.vsnprintf
                0x0000000008005230       0x1c c:/st/stm32cubeide_1.7.0/stm32cubeide/plugins/com.st.stm32cube.ide.mcu.externaltools.gnu-tools-for-stm32.10.3-2021.10.win32_1.0.200.202301161003/tools/bin/../lib/gcc/arm-none-eabi/10.3.1/../../../../arm-none-eabi/lib/thumb/v7e-m/nofp\libc_nano.a(lib_a-vsnprintf.o)
                0x0000000008005230                vsniprintf
                0x0000000008005230                vsnprintf
 .text.__ssputs_r
                0x000000000800524c       0xb6 c:/st/stm32cubeide_1.7.0/stm32cubeide/plugins/com.st.stm32cube.ide.mcu.externaltools.gnu-tools-for-stm32.10.3-2021.10.win32_1.0.200.202301161003/tools/bin/../lib/gcc/arm-none-eabi/10.3.1/../../../../arm-none-eabi/lib/thumb/v7e-m/nofp\libc_nano.a(lib_a-nano-svfprintf.o)
                0x000000000800524c                __ssputs_r
 *fill*         0x0000000008005302        0x2 
 .text._svfprintf_r
                0x0000000008005304      0x200 c:/st/stm32cubeide_1.7.0/stm32cubeide/plugins/com.st.stm32cube.ide.mcu.externaltools.gnu-tools-for-stm32.10.3-2021.10.win32_1.0.200.202301161003/tools/bin/../lib/gcc/arm-none-eabi/10.3.1/../../../../arm-none-eabi/lib/thumb/v7e-m/nofp\libc_nano.a(lib_a-nano-svfprintf.o)
                0x0000000008005304                _svfiprintf_r
                0x0000000008005304                _svfprintf_r
 .text._printf_common
                0x0000000008005504       0xda c:/st/stm32cubeide_1.7.0/stm32cubeide/plugins/com.st.stm32cube.ide.mcu.externaltools.gnu-tools-for-stm32.10.3-2021.10.win32_1.0.200.202301161003/tools/bin/../lib/gcc/arm-none-eabi/10.3.1/../../../../arm-none-eabi/lib/thumb/v7e-m/nofp\libc_nano.a(lib_a-nano-vfprintf_i.o)
                0x0000000008005504                _printf_common
 *fill*         0x00000000080055de        0x2 
 .text._printf_i
                0x00000000080055e0      0x24c c:/st/stm32cubeide_1.7.0/stm32cubeide/plugins/com.st.stm32cube.ide.mcu.externaltools.gnu-tools-for-stm32.10.3-2021.10.win32_1.0.200.202301161003/tools/bin/../lib/gcc/arm-none-eabi/10.3.1/../../../../arm-none-eabi/lib/thumb/v7e-m/nofp\libc_nano.a(lib_a-nano-vfprintf_i.o)
                0x00000000080055e0                _printf_i
 .text.memcpy   0x000000000800582c       0x1c c:/st/stm32cubeide_1.7.0/stm32cubeide/plugins/com.st.stm32cube.ide.mcu.externaltools.gnu-tools-for-stm32.10.3-2021.10.win32_1.0.200.202301161003/tools/bin/../lib/gcc/arm-none-eabi/10.3.1/../../../../arm-none-eabi/lib/thumb/v7e-m/nofp\libc_nano.a(lib_a-memcpy-stub.o)
                0x000000000800582c                memcpy
 .text.memmove  0x0000000008005848       0x34 c:/st/stm32cubeide_1.7.0/stm32cubeide/plugins/com.st.stm32cube.ide.mcu.externaltools.gnu-tools-for-stm32.10.3-2021.10.win32_1.0.200.202301161003/tools/bin/../lib/gcc/arm-none-eabi/10.3.1/../../../../arm-none-eabi/lib/thumb/v7e-m/nofp\libc_nano.a(lib_a-memmove.o)
                0x0000000008005848                memmove
 .text._free_r  0x000000000800587c       0x94 c:/st/stm32cubeide_1.7.0/stm32cubeide/plugins/com.st.stm32cube.ide.mcu.externaltools.gnu-tools-for-stm32.10.3-2021.10.win32_1.0.200.202301161003/tools/bin/../lib/gcc/arm-none-eabi/10.3.1/../../../../arm-none-eabi/lib/thumb/v7e-m/nofp\libc_nano.a(lib_a-nano-freer.o)
                0x000000000800587c                _free_r
 .text.sbrk_aligned
                0x0000000008005910       0x40 c:/st/stm32cubeide_1.7.0/stm32cubeide/plugins/com.st.stm32cube.ide.mcu.externaltools.gnu-tools-for-stm32.10.3-2021.10.win32_1.0.200.202301161003/tools/bin/../lib/gcc/arm-none-eabi/10.3.1/../../../../arm-none-eabi/lib/thumb/v7e-m/nofp\libc_nano.a(lib_a-nano-mallocr.o)
 .text._malloc_r
                0x0000000008005950       0xe8 c:/st/stm32cubeide_1.7.0/stm32cubeide/plugins/com.st.stm32cube.ide.mcu.externaltools.gnu-tools-for-stm32.10.3-2021.10.win32_1.0.200.202301161003/tools/bin/../lib/gcc/arm-none-eabi/10.3.1/../../../../arm-none-eabi/lib/thumb/v7e-m/nofp\libc_nano.a(lib_a-nano-mallocr.o)
                0x0000000008005950                _malloc_r
 .text._realloc_r
                0x0000000008005a38       0x5e c:/st/stm32cubeide_1.7.0/stm32cubeide/plugins/com.st.stm32cube.ide.mcu.externaltools.gnu-tools-for-stm32.10.3-2021.10.win32_1.0.200.202301161003/tools/bin/../lib/gcc/arm-none-eabi/10.3.1/../../../../arm-none-eabi/lib/thumb/v7e-m/nofp\libc_nano.a(lib_a-nano-reallocr.o)
                0x0000000008005a38                _realloc_r
 *fill*         0x0000000008005a96        0x2 
 .text._sbrk_r  0x0000000008005a98       0x20 c:/st/stm32cubeide_1.7.0/stm32cubeide/plugins/com.st.stm32cube.ide.mcu.externaltools.gnu-tools-for-stm32.10.3-2021.10.win32_1.0.200.202301161003/tools/bin/../lib/gcc/arm-none-eabi/10.3.1/../../../../arm-none-eabi/lib/thumb/v7e-m/nofp\libc_nano.a(lib_a-sbrkr.o)
                0x0000000008005a98                _sbrk_r
 .text.__malloc_lock
                0x0000000008005ab8        0xc c:/st/stm32cubeide_1.7.0/stm32cubeide/plugins/com.st.stm32cube.ide.mcu.externaltools.gnu-tools-for-stm32.10.3-2021.10.win32_1.0.200.202301161003/tools/bin/../lib/gcc/arm-none-eabi/10.3.1/../../../../arm-none-eabi/lib/thumb/v7e-m/nofp\libc_nano.a(lib_a-mlock.o)
                0x0000000008005ab8                __malloc_lock
 .text.__malloc_unlock
                0x0000000008005ac4        0xc c:/st/stm32cubeide_1.7.0/stm32cubeide/plugins/com.st.stm32cube.ide.mcu.externaltools.gnu-tools-for-stm32.10.3-2021.10.win32_1.0.200.202301161003/tools/bin/../lib/gcc/arm-none-eabi/10.3.1/../../../../arm-none-eabi/lib/thumb/v7e-m/nofp\libc_nano.a(lib_a-mlock.o)
                0x0000000008005ac4                __malloc_unlock
 .text._malloc_usable_size_r
                0x0000000008005ad0       0x10 c:/st/stm32cubeide_1.7.0/stm32cubeide/plugins/com.st.stm32cube.ide.mcu.externaltools.gnu-tools-for-stm32.10.3-2021.10.win32_1.0.200.202301161003/tools/bin/../lib/gcc/arm-none-eabi/10.3.1/../../../../arm-none-eabi/lib/thumb/v7e-m/nofp\libc_nano.a(lib_a-nano-msizer.o)
                0x0000000008005ad0                _malloc_usable_size_r
 .text.__retarget_lock_acquire_recursive
                0x0000000008005ae0        0x2 c:/st/stm32cubeide_1.7.0/stm32cubeide/plugins/com.st.stm32cube.ide.mcu.externaltools.gnu-tools-for-stm32.10.3-2021.10.win32_1.0.200.202301161003/tools/bin/../lib/gcc/arm-none-eabi/10.3.1/../../../../arm-none-eabi/lib/thumb/v7e-m/nofp\libc_nano.a(lib_a-lock.o)
                0x0000000008005ae0                __retarget_lock_acquire_recursive
 .text.__retarget_lock_release_recursive
                0x0000000008005ae2        0x2 c:/st/stm32cubeide_1.7.0/stm32cubeide/plugins/com.st.stm32cube.ide.mcu.externaltools.gnu-tools-for-stm32.10.3-2021.10.win32_1.0.200.202301161003/tools/bin/../lib/gcc/arm-none-eabi/10.3.1/../../../../arm-none-eabi/lib/thumb/v7e-m/nofp\libc_nano.a(lib_a-lock.o)
                0x0000000008005ae2                __retarget_lock_release_recursive
 *(.glue_7)
 .glue_7        0x0000000008005ae4        0x0 linker stubs
 *(.glue_7t)
 .glue_7t       0x0000000008005ae4        0x0 linker stubs
 *(.eh_frame)
 .eh_frame      0x0000000008005ae4        0x0 c:/st/stm32cubeide_1.7.0/stm32cubeide/plugins/com.st.stm32cube.ide.mcu.externaltools.gnu-tools-for-stm32.10.3-2021.10.win32_1.0.200.202301161003/tools/bin/../lib/gcc/arm-none-eabi/10.3.1/thumb/v7e-m/nofp/crtbegin.o
 *(.init)
 .init          0x0000000008005ae4        0x4 c:/st/stm32cubeide_1.7.0/stm32cubeide/plugins/com.st.stm32cube.ide.mcu.externaltools.gnu-tools-for-stm32.10.3-2021.10.win32_1.0.200.202301161003/tools/bin/../lib/gcc/arm-none-eabi/10.3.1/thumb/v7e-m/nofp/crti.o
                0x0000000008005ae4                _init
 .init          0x0000000008005ae8        0x8 c:/st/stm32cubeide_1.7.0/stm32cubeide/plugins/com.st.stm32cube.ide.mcu.externaltools.gnu-tools-for-stm32.10.3-2021.10.win32_1.0.200.202301161003/tools/bin/../lib/gcc/arm-none-eabi/10.3.1/thumb/v7e-m/nofp/crtn.o
 *(.fini)
 .fini          0x0000000008005af0        0x4 c:/st/stm32cubeide_1.7.0/stm32cubeide/plugins/com.st.stm32cube.ide.mcu.externaltools.gnu-tools-for-stm32.10.3-2021.10.win32_1.0.200.202301161003/tools/bin/../lib/gcc/arm-none-eabi/10.3.1/thumb/v7e-m/nofp/crti.o
                0x0000000008005af0                _fini
 .fini          0x0000000008005af4        0x8 c:/st/stm32cubeide_1.7.0/stm32cubeide/plugins/com.st.stm32cube.ide.mcu.externaltools.gnu-tools-for-stm32.10.3-2021.10.win32_1.0.200.202301161003/tools/bin/../lib/gcc/arm-none-eabi/10.3.1/thumb/v7e-m/nofp/crtn.o
                0x0000000008005afc                . = ALIGN (0x4)
                0x0000000008005afc                _etext = .

.vfp11_veneer   0x0000000008005afc        0x0
 .vfp11_veneer  0x0000000008005afc        0x0 linker stubs

.v4_bx          0x0000000008005afc        0x0
 .v4_bx         0x0000000008005afc        0x0 linker stubs

.iplt           0x0000000008005afc        0x0
 .iplt          0x0000000008005afc        0x0 c:/st/stm32cubeide_1.7.0/stm32cubeide/plugins/com.st.stm32cube.ide.mcu.externaltools.gnu-tools-for-stm32.10.3-2021.10.win32_1.0.200.202301161003/tools/bin/../lib/gcc/arm-none-eabi/10.3.1/thumb/v7e-m/nofp/crtbegin.o

.rodata         0x0000000008005afc       0x78
                0x0000000008005afc                . = ALIGN (0x4)
 *(.rodata)
 .rodata        0x0000000008005afc       0x22 ./src/ap/ap.o
 *(.rodata*)
 *fill*         0x0000000008005b1e        0x2 
 .rodata.AHBPrescTable
                0x0000000008005b20       0x10 ./src/bsp/system_stm32f4xx.o
                0x0000000008005b20                AHBPrescTable
 .rodata.APBPrescTable
                0x0000000008005b30        0x8 ./src/bsp/system_stm32f4xx.o
                0x0000000008005b30                APBPrescTable
 .rodata.flagBitshiftOffset.0
                0x0000000008005b38        0x8 ./src/lib/stm32f407vgt6_cube/Drivers/STM32F4xx_HAL_Driver/Src/stm32f4xx_hal_dma.o
 .rodata._svfprintf_r.str1.1
                0x0000000008005b40       0x11 c:/st/stm32cubeide_1.7.0/stm32cubeide/plugins/com.st.stm32cube.ide.mcu.externaltools.gnu-tools-for-stm32.10.3-2021.10.win32_1.0.200.202301161003/tools/bin/../lib/gcc/arm-none-eabi/10.3.1/../../../../arm-none-eabi/lib/thumb/v7e-m/nofp\libc_nano.a(lib_a-nano-svfprintf.o)
 .rodata._printf_i.str1.1
                0x0000000008005b51       0x22 c:/st/stm32cubeide_1.7.0/stm32cubeide/plugins/com.st.stm32cube.ide.mcu.externaltools.gnu-tools-for-stm32.10.3-2021.10.win32_1.0.200.202301161003/tools/bin/../lib/gcc/arm-none-eabi/10.3.1/../../../../arm-none-eabi/lib/thumb/v7e-m/nofp\libc_nano.a(lib_a-nano-vfprintf_i.o)
                0x0000000008005b74                . = ALIGN (0x4)
 *fill*         0x0000000008005b73        0x1 

.ARM.extab      0x0000000008005b74        0x0
                0x0000000008005b74                . = ALIGN (0x4)
 *(.ARM.extab* .gnu.linkonce.armextab.*)
                0x0000000008005b74                . = ALIGN (0x4)

.ARM            0x0000000008005b74        0x8
                0x0000000008005b74                . = ALIGN (0x4)
                0x0000000008005b74                __exidx_start = .
 *(.ARM.exidx*)
 .ARM.exidx     0x0000000008005b74        0x8 c:/st/stm32cubeide_1.7.0/stm32cubeide/plugins/com.st.stm32cube.ide.mcu.externaltools.gnu-tools-for-stm32.10.3-2021.10.win32_1.0.200.202301161003/tools/bin/../lib/gcc/arm-none-eabi/10.3.1/thumb/v7e-m/nofp\libgcc.a(_udivmoddi4.o)
                0x0000000008005b7c                __exidx_end = .
                0x0000000008005b7c                . = ALIGN (0x4)

.rel.dyn        0x0000000008005b7c        0x0
 .rel.iplt      0x0000000008005b7c        0x0 c:/st/stm32cubeide_1.7.0/stm32cubeide/plugins/com.st.stm32cube.ide.mcu.externaltools.gnu-tools-for-stm32.10.3-2021.10.win32_1.0.200.202301161003/tools/bin/../lib/gcc/arm-none-eabi/10.3.1/thumb/v7e-m/nofp/crtbegin.o

.preinit_array  0x0000000008005b7c        0x0
                0x0000000008005b7c                . = ALIGN (0x4)
                0x0000000008005b7c                PROVIDE (__preinit_array_start = .)
 *(.preinit_array*)
                0x0000000008005b7c                PROVIDE (__preinit_array_end = .)
                0x0000000008005b7c                . = ALIGN (0x4)

.init_array     0x0000000008005b7c        0x4
                0x0000000008005b7c                . = ALIGN (0x4)
                0x0000000008005b7c                PROVIDE (__init_array_start = .)
 *(SORT_BY_NAME(.init_array.*))
 *(.init_array*)
 .init_array    0x0000000008005b7c        0x4 c:/st/stm32cubeide_1.7.0/stm32cubeide/plugins/com.st.stm32cube.ide.mcu.externaltools.gnu-tools-for-stm32.10.3-2021.10.win32_1.0.200.202301161003/tools/bin/../lib/gcc/arm-none-eabi/10.3.1/thumb/v7e-m/nofp/crtbegin.o
                0x0000000008005b80                PROVIDE (__init_array_end = .)
                0x0000000008005b80                . = ALIGN (0x4)

.fini_array     0x0000000008005b80        0x4
                0x0000000008005b80                . = ALIGN (0x4)
                [!provide]                        PROVIDE (__fini_array_start = .)
 *(SORT_BY_NAME(.fini_array.*))
 *(.fini_array*)
 .fini_array    0x0000000008005b80        0x4 c:/st/stm32cubeide_1.7.0/stm32cubeide/plugins/com.st.stm32cube.ide.mcu.externaltools.gnu-tools-for-stm32.10.3-2021.10.win32_1.0.200.202301161003/tools/bin/../lib/gcc/arm-none-eabi/10.3.1/thumb/v7e-m/nofp/crtbegin.o
                [!provide]                        PROVIDE (__fini_array_end = .)
                0x0000000008005b84                . = ALIGN (0x4)
                0x0000000008005b84                _sidata = LOADADDR (.data)

.data           0x0000000020000000       0xd0 load address 0x0000000008005b84
                0x0000000020000000                . = ALIGN (0x4)
                0x0000000020000000                _sdata = .
 *(.data)
 *(.data*)
 .data.SystemCoreClock
                0x0000000020000000        0x4 ./src/bsp/system_stm32f4xx.o
                0x0000000020000000                SystemCoreClock
 .data.button_tbl
                0x0000000020000004       0x18 ./src/hw/core/button.o
                0x0000000020000004                button_tbl
 .data.led_tbl  0x000000002000001c       0x28 ./src/hw/core/led.o
                0x000000002000001c                led_tbl
 .data.hwtimer_index
                0x0000000020000044       0x20 ./src/hw/core/timer.o
 .data.uwTickPrio
                0x0000000020000064        0x4 ./src/lib/stm32f407vgt6_cube/Drivers/STM32F4xx_HAL_Driver/Src/stm32f4xx_hal.o
                0x0000000020000064                uwTickPrio
 .data.uwTickFreq
                0x0000000020000068        0x1 ./src/lib/stm32f407vgt6_cube/Drivers/STM32F4xx_HAL_Driver/Src/stm32f4xx_hal.o
                0x0000000020000068                uwTickFreq
 *fill*         0x0000000020000069        0x3 
 .data._impure_ptr
                0x000000002000006c        0x4 c:/st/stm32cubeide_1.7.0/stm32cubeide/plugins/com.st.stm32cube.ide.mcu.externaltools.gnu-tools-for-stm32.10.3-2021.10.win32_1.0.200.202301161003/tools/bin/../lib/gcc/arm-none-eabi/10.3.1/../../../../arm-none-eabi/lib/thumb/v7e-m/nofp\libc_nano.a(lib_a-impure.o)
                0x000000002000006c                _impure_ptr
 .data.impure_data
                0x0000000020000070       0x60 c:/st/stm32cubeide_1.7.0/stm32cubeide/plugins/com.st.stm32cube.ide.mcu.externaltools.gnu-tools-for-stm32.10.3-2021.10.win32_1.0.200.202301161003/tools/bin/../lib/gcc/arm-none-eabi/10.3.1/../../../../arm-none-eabi/lib/thumb/v7e-m/nofp\libc_nano.a(lib_a-impure.o)
 *(.RamFunc)
 *(.RamFunc*)
                0x00000000200000d0                . = ALIGN (0x4)
                0x00000000200000d0                _edata = .
                0x0000000008005c54                _siccmram = LOADADDR (.ccmram)

.igot.plt       0x00000000200000d0        0x0 load address 0x0000000008005c54
 .igot.plt      0x00000000200000d0        0x0 c:/st/stm32cubeide_1.7.0/stm32cubeide/plugins/com.st.stm32cube.ide.mcu.externaltools.gnu-tools-for-stm32.10.3-2021.10.win32_1.0.200.202301161003/tools/bin/../lib/gcc/arm-none-eabi/10.3.1/thumb/v7e-m/nofp/crtbegin.o

.ccmram         0x0000000010000000        0x0 load address 0x0000000008005c54
                0x0000000010000000                . = ALIGN (0x4)
                0x0000000010000000                _sccmram = .
 *(.ccmram)
 *(.ccmram*)
                0x0000000010000000                . = ALIGN (0x4)
                0x0000000010000000                _eccmram = .
                0x0000000010000000                . = ALIGN (0x4)

.bss            0x00000000200000d0      0x458
                0x00000000200000d0                _sbss = .
                0x00000000200000d0                __bss_start__ = _sbss
 *(.bss)
 .bss           0x00000000200000d0       0x1c c:/st/stm32cubeide_1.7.0/stm32cubeide/plugins/com.st.stm32cube.ide.mcu.externaltools.gnu-tools-for-stm32.10.3-2021.10.win32_1.0.200.202301161003/tools/bin/../lib/gcc/arm-none-eabi/10.3.1/thumb/v7e-m/nofp/crtbegin.o
 *(.bss*)
 .bss.__sbrk_heap_end
                0x00000000200000ec        0x4 ./src/bsp/sysmem.o
 .bss.GPIO_InitStruct
                0x00000000200000f0       0x14 ./src/hw/core/button.o
 .bss.GPIO_InitStruct
                0x0000000020000104       0x14 ./src/hw/core/led.o
 .bss.sw_timer_counter
                0x0000000020000118        0x4 ./src/hw/core/swtimer.o
 .bss.sw_timer_handle_index
                0x000000002000011c        0x2 ./src/hw/core/swtimer.o
 *fill*         0x000000002000011e        0x2 
 .bss.swtimer_tbl
                0x0000000020000120       0xa0 ./src/hw/core/swtimer.o
 .bss.excute.0  0x00000000200001c0        0x1 ./src/hw/core/swtimer.o
 *fill*         0x00000000200001c1        0x3 
 .bss.timer_tbl
                0x00000000200001c4       0xcc ./src/hw/core/timer.o
 .bss.huart1    0x0000000020000290       0x44 ./src/hw/core/uart.o
                0x0000000020000290                huart1
 .bss.hdma_usart1_rx
                0x00000000200002d4       0x60 ./src/hw/core/uart.o
                0x00000000200002d4                hdma_usart1_rx
 .bss.qbuffer   0x0000000020000334       0x10 ./src/hw/core/uart.o
 .bss.uart_tbl  0x0000000020000344       0xd0 ./src/hw/core/uart.o
                0x0000000020000344                uart_tbl
 .bss.uart_rx_qbuf
                0x0000000020000414      0x100 ./src/hw/core/uart.o
 .bss.uwTick    0x0000000020000514        0x4 ./src/lib/stm32f407vgt6_cube/Drivers/STM32F4xx_HAL_Driver/Src/stm32f4xx_hal.o
                0x0000000020000514                uwTick
 .bss.__malloc_free_list
                0x0000000020000518        0x4 c:/st/stm32cubeide_1.7.0/stm32cubeide/plugins/com.st.stm32cube.ide.mcu.externaltools.gnu-tools-for-stm32.10.3-2021.10.win32_1.0.200.202301161003/tools/bin/../lib/gcc/arm-none-eabi/10.3.1/../../../../arm-none-eabi/lib/thumb/v7e-m/nofp\libc_nano.a(lib_a-nano-mallocr.o)
                0x0000000020000518                __malloc_free_list
 .bss.__malloc_sbrk_start
                0x000000002000051c        0x4 c:/st/stm32cubeide_1.7.0/stm32cubeide/plugins/com.st.stm32cube.ide.mcu.externaltools.gnu-tools-for-stm32.10.3-2021.10.win32_1.0.200.202301161003/tools/bin/../lib/gcc/arm-none-eabi/10.3.1/../../../../arm-none-eabi/lib/thumb/v7e-m/nofp\libc_nano.a(lib_a-nano-mallocr.o)
                0x000000002000051c                __malloc_sbrk_start
 .bss.errno     0x0000000020000520        0x4 c:/st/stm32cubeide_1.7.0/stm32cubeide/plugins/com.st.stm32cube.ide.mcu.externaltools.gnu-tools-for-stm32.10.3-2021.10.win32_1.0.200.202301161003/tools/bin/../lib/gcc/arm-none-eabi/10.3.1/../../../../arm-none-eabi/lib/thumb/v7e-m/nofp\libc_nano.a(lib_a-reent.o)
                0x0000000020000520                errno
 .bss.__lock___malloc_recursive_mutex
                0x0000000020000524        0x1 c:/st/stm32cubeide_1.7.0/stm32cubeide/plugins/com.st.stm32cube.ide.mcu.externaltools.gnu-tools-for-stm32.10.3-2021.10.win32_1.0.200.202301161003/tools/bin/../lib/gcc/arm-none-eabi/10.3.1/../../../../arm-none-eabi/lib/thumb/v7e-m/nofp\libc_nano.a(lib_a-lock.o)
                0x0000000020000524                __lock___malloc_recursive_mutex
 *(COMMON)
                0x0000000020000528                . = ALIGN (0x4)
 *fill*         0x0000000020000525        0x3 
                0x0000000020000528                _ebss = .
                0x0000000020000528                __bss_end__ = _ebss

._user_heap_stack
                0x0000000020000528      0x600
                0x0000000020000528                . = ALIGN (0x8)
                [!provide]                        PROVIDE (end = .)
                0x0000000020000528                PROVIDE (_end = .)
                0x0000000020000728                . = (. + _Min_Heap_Size)
 *fill*         0x0000000020000528      0x200 
                0x0000000020000b28                . = (. + _Min_Stack_Size)
 *fill*         0x0000000020000728      0x400 
                0x0000000020000b28                . = ALIGN (0x8)

/DISCARD/
 libc.a(*)
 libm.a(*)
 libgcc.a(*)

.ARM.attributes
                0x0000000000000000       0x2a
 *(.ARM.attributes)
 .ARM.attributes
                0x0000000000000000       0x1e c:/st/stm32cubeide_1.7.0/stm32cubeide/plugins/com.st.stm32cube.ide.mcu.externaltools.gnu-tools-for-stm32.10.3-2021.10.win32_1.0.200.202301161003/tools/bin/../lib/gcc/arm-none-eabi/10.3.1/thumb/v7e-m/nofp/crti.o
 .ARM.attributes
                0x000000000000001e       0x2e c:/st/stm32cubeide_1.7.0/stm32cubeide/plugins/com.st.stm32cube.ide.mcu.externaltools.gnu-tools-for-stm32.10.3-2021.10.win32_1.0.200.202301161003/tools/bin/../lib/gcc/arm-none-eabi/10.3.1/thumb/v7e-m/nofp/crtbegin.o
 .ARM.attributes
                0x000000000000004c       0x2e ./src/ap/ap.o
 .ARM.attributes
                0x000000000000007a       0x2e ./src/bsp/bsp.o
 .ARM.attributes
                0x00000000000000a8       0x2e ./src/bsp/stm32f4xx_hal_msp.o
 .ARM.attributes
                0x00000000000000d6       0x2e ./src/bsp/stm32f4xx_it.o
 .ARM.attributes
                0x0000000000000104       0x2e ./src/bsp/sysmem.o
 .ARM.attributes
                0x0000000000000132       0x2e ./src/bsp/system_stm32f4xx.o
 .ARM.attributes
                0x0000000000000160       0x21 ./src/bsp/startup/startup_stm32f407vgtx.o
 .ARM.attributes
                0x0000000000000181       0x2e ./src/common/core/qbuffer.o
 .ARM.attributes
                0x00000000000001af       0x2e ./src/hw/core/button.o
 .ARM.attributes
                0x00000000000001dd       0x2e ./src/hw/core/led.o
 .ARM.attributes
                0x000000000000020b       0x2e ./src/hw/core/swtimer.o
 .ARM.attributes
                0x0000000000000239       0x2e ./src/hw/core/timer.o
 .ARM.attributes
                0x0000000000000267       0x2e ./src/hw/core/uart.o
 .ARM.attributes
                0x0000000000000295       0x2e ./src/hw/hw.o
 .ARM.attributes
                0x00000000000002c3       0x2e ./src/lib/stm32f407vgt6_cube/Drivers/STM32F4xx_HAL_Driver/Src/stm32f4xx_hal.o
 .ARM.attributes
                0x00000000000002f1       0x2e ./src/lib/stm32f407vgt6_cube/Drivers/STM32F4xx_HAL_Driver/Src/stm32f4xx_hal_cortex.o
 .ARM.attributes
                0x000000000000031f       0x2e ./src/lib/stm32f407vgt6_cube/Drivers/STM32F4xx_HAL_Driver/Src/stm32f4xx_hal_dma.o
 .ARM.attributes
                0x000000000000034d       0x2e ./src/lib/stm32f407vgt6_cube/Drivers/STM32F4xx_HAL_Driver/Src/stm32f4xx_hal_gpio.o
 .ARM.attributes
                0x000000000000037b       0x2e ./src/lib/stm32f407vgt6_cube/Drivers/STM32F4xx_HAL_Driver/Src/stm32f4xx_hal_rcc.o
 .ARM.attributes
                0x00000000000003a9       0x2e ./src/lib/stm32f407vgt6_cube/Drivers/STM32F4xx_HAL_Driver/Src/stm32f4xx_hal_tim.o
 .ARM.attributes
                0x00000000000003d7       0x2e ./src/lib/stm32f407vgt6_cube/Drivers/STM32F4xx_HAL_Driver/Src/stm32f4xx_hal_tim_ex.o
 .ARM.attributes
                0x0000000000000405       0x2e ./src/lib/stm32f407vgt6_cube/Drivers/STM32F4xx_HAL_Driver/Src/stm32f4xx_hal_uart.o
 .ARM.attributes
                0x0000000000000433       0x2e ./src/main.o
 .ARM.attributes
                0x0000000000000461       0x2e c:/st/stm32cubeide_1.7.0/stm32cubeide/plugins/com.st.stm32cube.ide.mcu.externaltools.gnu-tools-for-stm32.10.3-2021.10.win32_1.0.200.202301161003/tools/bin/../lib/gcc/arm-none-eabi/10.3.1/../../../../arm-none-eabi/lib/thumb/v7e-m/nofp\libc_nano.a(lib_a-errno.o)
 .ARM.attributes
                0x000000000000048f       0x2e c:/st/stm32cubeide_1.7.0/stm32cubeide/plugins/com.st.stm32cube.ide.mcu.externaltools.gnu-tools-for-stm32.10.3-2021.10.win32_1.0.200.202301161003/tools/bin/../lib/gcc/arm-none-eabi/10.3.1/../../../../arm-none-eabi/lib/thumb/v7e-m/nofp\libc_nano.a(lib_a-impure.o)
 .ARM.attributes
                0x00000000000004bd       0x2e c:/st/stm32cubeide_1.7.0/stm32cubeide/plugins/com.st.stm32cube.ide.mcu.externaltools.gnu-tools-for-stm32.10.3-2021.10.win32_1.0.200.202301161003/tools/bin/../lib/gcc/arm-none-eabi/10.3.1/../../../../arm-none-eabi/lib/thumb/v7e-m/nofp\libc_nano.a(lib_a-init.o)
 .ARM.attributes
                0x00000000000004eb       0x2e c:/st/stm32cubeide_1.7.0/stm32cubeide/plugins/com.st.stm32cube.ide.mcu.externaltools.gnu-tools-for-stm32.10.3-2021.10.win32_1.0.200.202301161003/tools/bin/../lib/gcc/arm-none-eabi/10.3.1/../../../../arm-none-eabi/lib/thumb/v7e-m/nofp\libc_nano.a(lib_a-vsnprintf.o)
 .ARM.attributes
                0x0000000000000519       0x2e c:/st/stm32cubeide_1.7.0/stm32cubeide/plugins/com.st.stm32cube.ide.mcu.externaltools.gnu-tools-for-stm32.10.3-2021.10.win32_1.0.200.202301161003/tools/bin/../lib/gcc/arm-none-eabi/10.3.1/../../../../arm-none-eabi/lib/thumb/v7e-m/nofp\libc_nano.a(lib_a-nano-svfprintf.o)
 .ARM.attributes
                0x0000000000000547       0x2e c:/st/stm32cubeide_1.7.0/stm32cubeide/plugins/com.st.stm32cube.ide.mcu.externaltools.gnu-tools-for-stm32.10.3-2021.10.win32_1.0.200.202301161003/tools/bin/../lib/gcc/arm-none-eabi/10.3.1/../../../../arm-none-eabi/lib/thumb/v7e-m/nofp\libc_nano.a(lib_a-nano-vfprintf_i.o)
 .ARM.attributes
                0x0000000000000575       0x1c c:/st/stm32cubeide_1.7.0/stm32cubeide/plugins/com.st.stm32cube.ide.mcu.externaltools.gnu-tools-for-stm32.10.3-2021.10.win32_1.0.200.202301161003/tools/bin/../lib/gcc/arm-none-eabi/10.3.1/../../../../arm-none-eabi/lib/thumb/v7e-m/nofp\libc_nano.a(lib_a-memchr.o)
 .ARM.attributes
                0x0000000000000591       0x2e c:/st/stm32cubeide_1.7.0/stm32cubeide/plugins/com.st.stm32cube.ide.mcu.externaltools.gnu-tools-for-stm32.10.3-2021.10.win32_1.0.200.202301161003/tools/bin/../lib/gcc/arm-none-eabi/10.3.1/../../../../arm-none-eabi/lib/thumb/v7e-m/nofp\libc_nano.a(lib_a-memcpy-stub.o)
 .ARM.attributes
                0x00000000000005bf       0x2e c:/st/stm32cubeide_1.7.0/stm32cubeide/plugins/com.st.stm32cube.ide.mcu.externaltools.gnu-tools-for-stm32.10.3-2021.10.win32_1.0.200.202301161003/tools/bin/../lib/gcc/arm-none-eabi/10.3.1/../../../../arm-none-eabi/lib/thumb/v7e-m/nofp\libc_nano.a(lib_a-memmove.o)
 .ARM.attributes
                0x00000000000005ed       0x2e c:/st/stm32cubeide_1.7.0/stm32cubeide/plugins/com.st.stm32cube.ide.mcu.externaltools.gnu-tools-for-stm32.10.3-2021.10.win32_1.0.200.202301161003/tools/bin/../lib/gcc/arm-none-eabi/10.3.1/../../../../arm-none-eabi/lib/thumb/v7e-m/nofp\libc_nano.a(lib_a-nano-freer.o)
 .ARM.attributes
                0x000000000000061b       0x2e c:/st/stm32cubeide_1.7.0/stm32cubeide/plugins/com.st.stm32cube.ide.mcu.externaltools.gnu-tools-for-stm32.10.3-2021.10.win32_1.0.200.202301161003/tools/bin/../lib/gcc/arm-none-eabi/10.3.1/../../../../arm-none-eabi/lib/thumb/v7e-m/nofp\libc_nano.a(lib_a-nano-mallocr.o)
 .ARM.attributes
                0x0000000000000649       0x2e c:/st/stm32cubeide_1.7.0/stm32cubeide/plugins/com.st.stm32cube.ide.mcu.externaltools.gnu-tools-for-stm32.10.3-2021.10.win32_1.0.200.202301161003/tools/bin/../lib/gcc/arm-none-eabi/10.3.1/../../../../arm-none-eabi/lib/thumb/v7e-m/nofp\libc_nano.a(lib_a-nano-reallocr.o)
 .ARM.attributes
                0x0000000000000677       0x2e c:/st/stm32cubeide_1.7.0/stm32cubeide/plugins/com.st.stm32cube.ide.mcu.externaltools.gnu-tools-for-stm32.10.3-2021.10.win32_1.0.200.202301161003/tools/bin/../lib/gcc/arm-none-eabi/10.3.1/../../../../arm-none-eabi/lib/thumb/v7e-m/nofp\libc_nano.a(lib_a-sbrkr.o)
 .ARM.attributes
                0x00000000000006a5       0x2e c:/st/stm32cubeide_1.7.0/stm32cubeide/plugins/com.st.stm32cube.ide.mcu.externaltools.gnu-tools-for-stm32.10.3-2021.10.win32_1.0.200.202301161003/tools/bin/../lib/gcc/arm-none-eabi/10.3.1/../../../../arm-none-eabi/lib/thumb/v7e-m/nofp\libc_nano.a(lib_a-mlock.o)
 .ARM.attributes
                0x00000000000006d3       0x2e c:/st/stm32cubeide_1.7.0/stm32cubeide/plugins/com.st.stm32cube.ide.mcu.externaltools.gnu-tools-for-stm32.10.3-2021.10.win32_1.0.200.202301161003/tools/bin/../lib/gcc/arm-none-eabi/10.3.1/../../../../arm-none-eabi/lib/thumb/v7e-m/nofp\libc_nano.a(lib_a-nano-msizer.o)
 .ARM.attributes
                0x0000000000000701       0x2e c:/st/stm32cubeide_1.7.0/stm32cubeide/plugins/com.st.stm32cube.ide.mcu.externaltools.gnu-tools-for-stm32.10.3-2021.10.win32_1.0.200.202301161003/tools/bin/../lib/gcc/arm-none-eabi/10.3.1/../../../../arm-none-eabi/lib/thumb/v7e-m/nofp\libc_nano.a(lib_a-reent.o)
 .ARM.attributes
                0x000000000000072f       0x2e c:/st/stm32cubeide_1.7.0/stm32cubeide/plugins/com.st.stm32cube.ide.mcu.externaltools.gnu-tools-for-stm32.10.3-2021.10.win32_1.0.200.202301161003/tools/bin/../lib/gcc/arm-none-eabi/10.3.1/../../../../arm-none-eabi/lib/thumb/v7e-m/nofp\libc_nano.a(lib_a-lock.o)
 .ARM.attributes
                0x000000000000075d       0x1e c:/st/stm32cubeide_1.7.0/stm32cubeide/plugins/com.st.stm32cube.ide.mcu.externaltools.gnu-tools-for-stm32.10.3-2021.10.win32_1.0.200.202301161003/tools/bin/../lib/gcc/arm-none-eabi/10.3.1/thumb/v7e-m/nofp\libgcc.a(_aeabi_uldivmod.o)
 .ARM.attributes
                0x000000000000077b       0x2e c:/st/stm32cubeide_1.7.0/stm32cubeide/plugins/com.st.stm32cube.ide.mcu.externaltools.gnu-tools-for-stm32.10.3-2021.10.win32_1.0.200.202301161003/tools/bin/../lib/gcc/arm-none-eabi/10.3.1/thumb/v7e-m/nofp\libgcc.a(_udivmoddi4.o)
 .ARM.attributes
                0x00000000000007a9       0x1e c:/st/stm32cubeide_1.7.0/stm32cubeide/plugins/com.st.stm32cube.ide.mcu.externaltools.gnu-tools-for-stm32.10.3-2021.10.win32_1.0.200.202301161003/tools/bin/../lib/gcc/arm-none-eabi/10.3.1/thumb/v7e-m/nofp\libgcc.a(_dvmd_tls.o)
 .ARM.attributes
                0x00000000000007c7       0x1e c:/st/stm32cubeide_1.7.0/stm32cubeide/plugins/com.st.stm32cube.ide.mcu.externaltools.gnu-tools-for-stm32.10.3-2021.10.win32_1.0.200.202301161003/tools/bin/../lib/gcc/arm-none-eabi/10.3.1/thumb/v7e-m/nofp/crtn.o
OUTPUT(07_uart_int_cubemx.elf elf32-littlearm)
LOAD linker stubs
LOAD c:/st/stm32cubeide_1.7.0/stm32cubeide/plugins/com.st.stm32cube.ide.mcu.externaltools.gnu-tools-for-stm32.10.3-2021.10.win32_1.0.200.202301161003/tools/bin/../lib/gcc/arm-none-eabi/10.3.1/../../../../arm-none-eabi/lib/thumb/v7e-m/nofp\libc.a
LOAD c:/st/stm32cubeide_1.7.0/stm32cubeide/plugins/com.st.stm32cube.ide.mcu.externaltools.gnu-tools-for-stm32.10.3-2021.10.win32_1.0.200.202301161003/tools/bin/../lib/gcc/arm-none-eabi/10.3.1/../../../../arm-none-eabi/lib/thumb/v7e-m/nofp\libm.a
LOAD c:/st/stm32cubeide_1.7.0/stm32cubeide/plugins/com.st.stm32cube.ide.mcu.externaltools.gnu-tools-for-stm32.10.3-2021.10.win32_1.0.200.202301161003/tools/bin/../lib/gcc/arm-none-eabi/10.3.1/thumb/v7e-m/nofp\libgcc.a

.debug_info     0x0000000000000000     0xf01f
 .debug_info    0x0000000000000000      0x27a ./src/ap/ap.o
 .debug_info    0x000000000000027a      0x61e ./src/bsp/bsp.o
 .debug_info    0x0000000000000898      0x2af ./src/bsp/stm32f4xx_hal_msp.o
 .debug_info    0x0000000000000b47      0x69d ./src/bsp/stm32f4xx_it.o
 .debug_info    0x00000000000011e4      0x171 ./src/bsp/sysmem.o
 .debug_info    0x0000000000001355      0x361 ./src/bsp/system_stm32f4xx.o
 .debug_info    0x00000000000016b6       0x22 ./src/bsp/startup/startup_stm32f407vgtx.o
 .debug_info    0x00000000000016d8      0x2c3 ./src/common/core/qbuffer.o
 .debug_info    0x000000000000199b      0x4f3 ./src/hw/core/button.o
 .debug_info    0x0000000000001e8e      0x558 ./src/hw/core/led.o
 .debug_info    0x00000000000023e6      0x32a ./src/hw/core/swtimer.o
 .debug_info    0x0000000000002710      0xfba ./src/hw/core/timer.o
 .debug_info    0x00000000000036ca     0x12be ./src/hw/core/uart.o
 .debug_info    0x0000000000004988       0xcb ./src/hw/hw.o
 .debug_info    0x0000000000004a53      0x97c ./src/lib/stm32f407vgt6_cube/Drivers/STM32F4xx_HAL_Driver/Src/stm32f4xx_hal.o
 .debug_info    0x00000000000053cf      0xe1b ./src/lib/stm32f407vgt6_cube/Drivers/STM32F4xx_HAL_Driver/Src/stm32f4xx_hal_cortex.o
 .debug_info    0x00000000000061ea      0x94f ./src/lib/stm32f407vgt6_cube/Drivers/STM32F4xx_HAL_Driver/Src/stm32f4xx_hal_dma.o
 .debug_info    0x0000000000006b39      0x76a ./src/lib/stm32f407vgt6_cube/Drivers/STM32F4xx_HAL_Driver/Src/stm32f4xx_hal_gpio.o
 .debug_info    0x00000000000072a3      0x966 ./src/lib/stm32f407vgt6_cube/Drivers/STM32F4xx_HAL_Driver/Src/stm32f4xx_hal_rcc.o
 .debug_info    0x0000000000007c09     0x2bbe ./src/lib/stm32f407vgt6_cube/Drivers/STM32F4xx_HAL_Driver/Src/stm32f4xx_hal_tim.o
 .debug_info    0x000000000000a7c7     0x15e0 ./src/lib/stm32f407vgt6_cube/Drivers/STM32F4xx_HAL_Driver/Src/stm32f4xx_hal_tim_ex.o
 .debug_info    0x000000000000bda7     0x31bc ./src/lib/stm32f407vgt6_cube/Drivers/STM32F4xx_HAL_Driver/Src/stm32f4xx_hal_uart.o
 .debug_info    0x000000000000ef63       0xbc ./src/main.o

.debug_abbrev   0x0000000000000000     0x2695
 .debug_abbrev  0x0000000000000000      0x101 ./src/ap/ap.o
 .debug_abbrev  0x0000000000000101      0x1ed ./src/bsp/bsp.o
 .debug_abbrev  0x00000000000002ee       0xd4 ./src/bsp/stm32f4xx_hal_msp.o
 .debug_abbrev  0x00000000000003c2      0x166 ./src/bsp/stm32f4xx_it.o
 .debug_abbrev  0x0000000000000528       0xbb ./src/bsp/sysmem.o
 .debug_abbrev  0x00000000000005e3      0x116 ./src/bsp/system_stm32f4xx.o
 .debug_abbrev  0x00000000000006f9       0x12 ./src/bsp/startup/startup_stm32f407vgtx.o
 .debug_abbrev  0x000000000000070b       0xf5 ./src/common/core/qbuffer.o
 .debug_abbrev  0x0000000000000800      0x1a5 ./src/hw/core/button.o
 .debug_abbrev  0x00000000000009a5      0x197 ./src/hw/core/led.o
 .debug_abbrev  0x0000000000000b3c      0x14b ./src/hw/core/swtimer.o
 .debug_abbrev  0x0000000000000c87      0x277 ./src/hw/core/timer.o
 .debug_abbrev  0x0000000000000efe      0x319 ./src/hw/core/uart.o
 .debug_abbrev  0x0000000000001217       0x6f ./src/hw/hw.o
 .debug_abbrev  0x0000000000001286      0x20d ./src/lib/stm32f407vgt6_cube/Drivers/STM32F4xx_HAL_Driver/Src/stm32f4xx_hal.o
 .debug_abbrev  0x0000000000001493      0x316 ./src/lib/stm32f407vgt6_cube/Drivers/STM32F4xx_HAL_Driver/Src/stm32f4xx_hal_cortex.o
 .debug_abbrev  0x00000000000017a9      0x25b ./src/lib/stm32f407vgt6_cube/Drivers/STM32F4xx_HAL_Driver/Src/stm32f4xx_hal_dma.o
 .debug_abbrev  0x0000000000001a04      0x1c4 ./src/lib/stm32f407vgt6_cube/Drivers/STM32F4xx_HAL_Driver/Src/stm32f4xx_hal_gpio.o
 .debug_abbrev  0x0000000000001bc8      0x2aa ./src/lib/stm32f407vgt6_cube/Drivers/STM32F4xx_HAL_Driver/Src/stm32f4xx_hal_rcc.o
 .debug_abbrev  0x0000000000001e72      0x25d ./src/lib/stm32f407vgt6_cube/Drivers/STM32F4xx_HAL_Driver/Src/stm32f4xx_hal_tim.o
 .debug_abbrev  0x00000000000020cf      0x265 ./src/lib/stm32f407vgt6_cube/Drivers/STM32F4xx_HAL_Driver/Src/stm32f4xx_hal_tim_ex.o
 .debug_abbrev  0x0000000000002334      0x2f4 ./src/lib/stm32f407vgt6_cube/Drivers/STM32F4xx_HAL_Driver/Src/stm32f4xx_hal_uart.o
 .debug_abbrev  0x0000000000002628       0x6d ./src/main.o

.debug_aranges  0x0000000000000000      0xe70
 .debug_aranges
                0x0000000000000000       0x30 ./src/ap/ap.o
 .debug_aranges
                0x0000000000000030       0x40 ./src/bsp/bsp.o
 .debug_aranges
                0x0000000000000070       0x20 ./src/bsp/stm32f4xx_hal_msp.o
 .debug_aranges
                0x0000000000000090       0x70 ./src/bsp/stm32f4xx_it.o
 .debug_aranges
                0x0000000000000100       0x20 ./src/bsp/sysmem.o
 .debug_aranges
                0x0000000000000120       0x28 ./src/bsp/system_stm32f4xx.o
 .debug_aranges
                0x0000000000000148       0x28 ./src/bsp/startup/startup_stm32f407vgtx.o
 .debug_aranges
                0x0000000000000170       0x48 ./src/common/core/qbuffer.o
 .debug_aranges
                0x00000000000001b8       0x28 ./src/hw/core/button.o
 .debug_aranges
                0x00000000000001e0       0x38 ./src/hw/core/led.o
 .debug_aranges
                0x0000000000000218       0x58 ./src/hw/core/swtimer.o
 .debug_aranges
                0x0000000000000270       0x80 ./src/hw/core/timer.o
 .debug_aranges
                0x00000000000002f0       0x90 ./src/hw/core/uart.o
 .debug_aranges
                0x0000000000000380       0x20 ./src/hw/hw.o
 .debug_aranges
                0x00000000000003a0       0xf0 ./src/lib/stm32f407vgt6_cube/Drivers/STM32F4xx_HAL_Driver/Src/stm32f4xx_hal.o
 .debug_aranges
                0x0000000000000490      0x118 ./src/lib/stm32f407vgt6_cube/Drivers/STM32F4xx_HAL_Driver/Src/stm32f4xx_hal_cortex.o
 .debug_aranges
                0x00000000000005a8       0x90 ./src/lib/stm32f407vgt6_cube/Drivers/STM32F4xx_HAL_Driver/Src/stm32f4xx_hal_dma.o
 .debug_aranges
                0x0000000000000638       0x58 ./src/lib/stm32f407vgt6_cube/Drivers/STM32F4xx_HAL_Driver/Src/stm32f4xx_hal_gpio.o
 .debug_aranges
                0x0000000000000690       0x88 ./src/lib/stm32f407vgt6_cube/Drivers/STM32F4xx_HAL_Driver/Src/stm32f4xx_hal_rcc.o
 .debug_aranges
                0x0000000000000718      0x3d0 ./src/lib/stm32f407vgt6_cube/Drivers/STM32F4xx_HAL_Driver/Src/stm32f4xx_hal_tim.o
 .debug_aranges
                0x0000000000000ae8      0x168 ./src/lib/stm32f407vgt6_cube/Drivers/STM32F4xx_HAL_Driver/Src/stm32f4xx_hal_tim_ex.o
 .debug_aranges
                0x0000000000000c50      0x200 ./src/lib/stm32f407vgt6_cube/Drivers/STM32F4xx_HAL_Driver/Src/stm32f4xx_hal_uart.o
 .debug_aranges
                0x0000000000000e50       0x20 ./src/main.o

.debug_ranges   0x0000000000000000      0xd38
 .debug_ranges  0x0000000000000000       0x20 ./src/ap/ap.o
 .debug_ranges  0x0000000000000020       0x30 ./src/bsp/bsp.o
 .debug_ranges  0x0000000000000050       0x10 ./src/bsp/stm32f4xx_hal_msp.o
 .debug_ranges  0x0000000000000060       0x60 ./src/bsp/stm32f4xx_it.o
 .debug_ranges  0x00000000000000c0       0x10 ./src/bsp/sysmem.o
 .debug_ranges  0x00000000000000d0       0x18 ./src/bsp/system_stm32f4xx.o
 .debug_ranges  0x00000000000000e8       0x20 ./src/bsp/startup/startup_stm32f407vgtx.o
 .debug_ranges  0x0000000000000108       0x38 ./src/common/core/qbuffer.o
 .debug_ranges  0x0000000000000140       0x18 ./src/hw/core/button.o
 .debug_ranges  0x0000000000000158       0x28 ./src/hw/core/led.o
 .debug_ranges  0x0000000000000180       0x48 ./src/hw/core/swtimer.o
 .debug_ranges  0x00000000000001c8       0x70 ./src/hw/core/timer.o
 .debug_ranges  0x0000000000000238       0x80 ./src/hw/core/uart.o
 .debug_ranges  0x00000000000002b8       0x10 ./src/hw/hw.o
 .debug_ranges  0x00000000000002c8       0xe0 ./src/lib/stm32f407vgt6_cube/Drivers/STM32F4xx_HAL_Driver/Src/stm32f4xx_hal.o
 .debug_ranges  0x00000000000003a8      0x108 ./src/lib/stm32f407vgt6_cube/Drivers/STM32F4xx_HAL_Driver/Src/stm32f4xx_hal_cortex.o
 .debug_ranges  0x00000000000004b0       0x80 ./src/lib/stm32f407vgt6_cube/Drivers/STM32F4xx_HAL_Driver/Src/stm32f4xx_hal_dma.o
 .debug_ranges  0x0000000000000530       0x48 ./src/lib/stm32f407vgt6_cube/Drivers/STM32F4xx_HAL_Driver/Src/stm32f4xx_hal_gpio.o
 .debug_ranges  0x0000000000000578       0x78 ./src/lib/stm32f407vgt6_cube/Drivers/STM32F4xx_HAL_Driver/Src/stm32f4xx_hal_rcc.o
 .debug_ranges  0x00000000000005f0      0x3c0 ./src/lib/stm32f407vgt6_cube/Drivers/STM32F4xx_HAL_Driver/Src/stm32f4xx_hal_tim.o
 .debug_ranges  0x00000000000009b0      0x158 ./src/lib/stm32f407vgt6_cube/Drivers/STM32F4xx_HAL_Driver/Src/stm32f4xx_hal_tim_ex.o
 .debug_ranges  0x0000000000000b08      0x220 ./src/lib/stm32f407vgt6_cube/Drivers/STM32F4xx_HAL_Driver/Src/stm32f4xx_hal_uart.o
 .debug_ranges  0x0000000000000d28       0x10 ./src/main.o

.debug_macro    0x0000000000000000    0x2372f
 .debug_macro   0x0000000000000000      0x3dc ./src/ap/ap.o
 .debug_macro   0x00000000000003dc      0xa60 ./src/ap/ap.o
 .debug_macro   0x0000000000000e3c       0x22 ./src/ap/ap.o
 .debug_macro   0x0000000000000e5e       0x4c ./src/ap/ap.o
 .debug_macro   0x0000000000000eaa       0x18 ./src/ap/ap.o
 .debug_macro   0x0000000000000ec2       0x94 ./src/ap/ap.o
 .debug_macro   0x0000000000000f56       0x3c ./src/ap/ap.o
 .debug_macro   0x0000000000000f92       0x34 ./src/ap/ap.o
 .debug_macro   0x0000000000000fc6       0x16 ./src/ap/ap.o
 .debug_macro   0x0000000000000fdc       0x57 ./src/ap/ap.o
 .debug_macro   0x0000000000001033       0x97 ./src/ap/ap.o
 .debug_macro   0x00000000000010ca      0x341 ./src/ap/ap.o
 .debug_macro   0x000000000000140b       0xfd ./src/ap/ap.o
 .debug_macro   0x0000000000001508       0x10 ./src/ap/ap.o
 .debug_macro   0x0000000000001518       0x16 ./src/ap/ap.o
 .debug_macro   0x000000000000152e       0x43 ./src/ap/ap.o
 .debug_macro   0x0000000000001571       0x34 ./src/ap/ap.o
 .debug_macro   0x00000000000015a5       0x10 ./src/ap/ap.o
 .debug_macro   0x00000000000015b5       0x58 ./src/ap/ap.o
 .debug_macro   0x000000000000160d       0x71 ./src/ap/ap.o
 .debug_macro   0x000000000000167e       0x1c ./src/ap/ap.o
 .debug_macro   0x000000000000169a      0x12a ./src/ap/ap.o
 .debug_macro   0x00000000000017c4       0x10 ./src/ap/ap.o
 .debug_macro   0x00000000000017d4       0x6a ./src/ap/ap.o
 .debug_macro   0x000000000000183e       0x1c ./src/ap/ap.o
 .debug_macro   0x000000000000185a       0x52 ./src/ap/ap.o
 .debug_macro   0x00000000000018ac       0x22 ./src/ap/ap.o
 .debug_macro   0x00000000000018ce       0x10 ./src/ap/ap.o
 .debug_macro   0x00000000000018de       0x52 ./src/ap/ap.o
 .debug_macro   0x0000000000001930       0xd5 ./src/ap/ap.o
 .debug_macro   0x0000000000001a05       0x1c ./src/ap/ap.o
 .debug_macro   0x0000000000001a21       0x3d ./src/ap/ap.o
 .debug_macro   0x0000000000001a5e       0x16 ./src/ap/ap.o
 .debug_macro   0x0000000000001a74      0x145 ./src/ap/ap.o
 .debug_macro   0x0000000000001bb9       0x22 ./src/ap/ap.o
 .debug_macro   0x0000000000001bdb       0x16 ./src/ap/ap.o
 .debug_macro   0x0000000000001bf1       0x35 ./src/ap/ap.o
 .debug_macro   0x0000000000001c26       0x16 ./src/ap/ap.o
 .debug_macro   0x0000000000001c3c       0x29 ./src/ap/ap.o
 .debug_macro   0x0000000000001c65      0x103 ./src/ap/ap.o
 .debug_macro   0x0000000000001d68      0x1df ./src/ap/ap.o
 .debug_macro   0x0000000000001f47       0x4c ./src/ap/ap.o
 .debug_macro   0x0000000000001f93       0x70 ./src/ap/ap.o
 .debug_macro   0x0000000000002003      0x29b ./src/ap/ap.o
 .debug_macro   0x000000000000229e       0x2e ./src/ap/ap.o
 .debug_macro   0x00000000000022cc       0x2f ./src/ap/ap.o
 .debug_macro   0x00000000000022fb       0x1c ./src/ap/ap.o
 .debug_macro   0x0000000000002317       0x22 ./src/ap/ap.o
 .debug_macro   0x0000000000002339       0xd9 ./src/ap/ap.o
 .debug_macro   0x0000000000002412     0x102d ./src/ap/ap.o
 .debug_macro   0x000000000000343f      0x11f ./src/ap/ap.o
 .debug_macro   0x000000000000355e    0x15e82 ./src/ap/ap.o
 .debug_macro   0x00000000000193e0       0x6d ./src/ap/ap.o
 .debug_macro   0x000000000001944d     0x367e ./src/ap/ap.o
 .debug_macro   0x000000000001cacb       0x56 ./src/ap/ap.o
 .debug_macro   0x000000000001cb21      0x96b ./src/ap/ap.o
 .debug_macro   0x000000000001d48c      0x9fe ./src/ap/ap.o
 .debug_macro   0x000000000001de8a      0x115 ./src/ap/ap.o
 .debug_macro   0x000000000001df9f      0x13e ./src/ap/ap.o
 .debug_macro   0x000000000001e0dd       0xa5 ./src/ap/ap.o
 .debug_macro   0x000000000001e182      0x174 ./src/ap/ap.o
 .debug_macro   0x000000000001e2f6      0x287 ./src/ap/ap.o
 .debug_macro   0x000000000001e57d       0x5f ./src/ap/ap.o
 .debug_macro   0x000000000001e5dc      0x236 ./src/ap/ap.o
 .debug_macro   0x000000000001e812      0x12c ./src/ap/ap.o
 .debug_macro   0x000000000001e93e      0x21e ./src/ap/ap.o
 .debug_macro   0x000000000001eb5c       0x2e ./src/ap/ap.o
 .debug_macro   0x000000000001eb8a      0x11a ./src/ap/ap.o
 .debug_macro   0x000000000001eca4       0x7e ./src/ap/ap.o
 .debug_macro   0x000000000001ed22       0x89 ./src/ap/ap.o
 .debug_macro   0x000000000001edab      0x8e6 ./src/ap/ap.o
 .debug_macro   0x000000000001f691       0x47 ./src/ap/ap.o
 .debug_macro   0x000000000001f6d8      0x295 ./src/ap/ap.o
 .debug_macro   0x000000000001f96d      0x12d ./src/ap/ap.o
 .debug_macro   0x000000000001fa9a       0x40 ./src/ap/ap.o
 .debug_macro   0x000000000001fada       0x10 ./src/ap/ap.o
 .debug_macro   0x000000000001faea       0x10 ./src/ap/ap.o
 .debug_macro   0x000000000001fafa       0x28 ./src/ap/ap.o
 .debug_macro   0x000000000001fb22       0x10 ./src/ap/ap.o
 .debug_macro   0x000000000001fb32      0x381 ./src/bsp/bsp.o
 .debug_macro   0x000000000001feb3      0x3e6 ./src/bsp/stm32f4xx_hal_msp.o
 .debug_macro   0x0000000000020299      0x3f0 ./src/bsp/stm32f4xx_it.o
 .debug_macro   0x0000000000020689       0xff ./src/bsp/sysmem.o
 .debug_macro   0x0000000000020788      0x23b ./src/bsp/sysmem.o
 .debug_macro   0x00000000000209c3       0xda ./src/bsp/system_stm32f4xx.o
 .debug_macro   0x0000000000020a9d       0x8e ./src/bsp/system_stm32f4xx.o
 .debug_macro   0x0000000000020b2b       0x51 ./src/bsp/system_stm32f4xx.o
 .debug_macro   0x0000000000020b7c      0x220 ./src/common/core/qbuffer.o
 .debug_macro   0x0000000000020d9c      0x3a0 ./src/hw/core/button.o
 .debug_macro   0x000000000002113c      0x3a0 ./src/hw/core/led.o
 .debug_macro   0x00000000000214dc      0x39f ./src/hw/core/swtimer.o
 .debug_macro   0x000000000002187b       0x22 ./src/hw/core/swtimer.o
 .debug_macro   0x000000000002189d      0x3d6 ./src/hw/core/timer.o
 .debug_macro   0x0000000000021c73      0x3ce ./src/hw/core/uart.o
 .debug_macro   0x0000000000022041      0x3d2 ./src/hw/hw.o
 .debug_macro   0x0000000000022413      0x229 ./src/lib/stm32f407vgt6_cube/Drivers/STM32F4xx_HAL_Driver/Src/stm32f4xx_hal.o
 .debug_macro   0x000000000002263c       0x5c ./src/lib/stm32f407vgt6_cube/Drivers/STM32F4xx_HAL_Driver/Src/stm32f4xx_hal.o
 .debug_macro   0x0000000000022698      0x1c9 ./src/lib/stm32f407vgt6_cube/Drivers/STM32F4xx_HAL_Driver/Src/stm32f4xx_hal_cortex.o
 .debug_macro   0x0000000000022861      0x1cf ./src/lib/stm32f407vgt6_cube/Drivers/STM32F4xx_HAL_Driver/Src/stm32f4xx_hal_dma.o
 .debug_macro   0x0000000000022a30      0x1cf ./src/lib/stm32f407vgt6_cube/Drivers/STM32F4xx_HAL_Driver/Src/stm32f4xx_hal_gpio.o
 .debug_macro   0x0000000000022bff      0x1ed ./src/lib/stm32f407vgt6_cube/Drivers/STM32F4xx_HAL_Driver/Src/stm32f4xx_hal_rcc.o
 .debug_macro   0x0000000000022dec      0x1ca ./src/lib/stm32f407vgt6_cube/Drivers/STM32F4xx_HAL_Driver/Src/stm32f4xx_hal_tim.o
 .debug_macro   0x0000000000022fb6      0x1c9 ./src/lib/stm32f407vgt6_cube/Drivers/STM32F4xx_HAL_Driver/Src/stm32f4xx_hal_tim_ex.o
 .debug_macro   0x000000000002317f      0x1ca ./src/lib/stm32f407vgt6_cube/Drivers/STM32F4xx_HAL_Driver/Src/stm32f4xx_hal_uart.o
 .debug_macro   0x0000000000023349      0x3e6 ./src/main.o

.debug_line     0x0000000000000000    0x15de3
 .debug_line    0x0000000000000000      0xbb1 ./src/ap/ap.o
 .debug_line    0x0000000000000bb1      0xb1d ./src/bsp/bsp.o
 .debug_line    0x00000000000016ce      0xbfa ./src/bsp/stm32f4xx_hal_msp.o
 .debug_line    0x00000000000022c8      0xcec ./src/bsp/stm32f4xx_it.o
 .debug_line    0x0000000000002fb4      0x4ee ./src/bsp/sysmem.o
 .debug_line    0x00000000000034a2      0x587 ./src/bsp/system_stm32f4xx.o
 .debug_line    0x0000000000003a29       0x8b ./src/bsp/startup/startup_stm32f407vgtx.o
 .debug_line    0x0000000000003ab4      0x753 ./src/common/core/qbuffer.o
 .debug_line    0x0000000000004207      0xb8f ./src/hw/core/button.o
 .debug_line    0x0000000000004d96      0xbbf ./src/hw/core/led.o
 .debug_line    0x0000000000005955      0xccc ./src/hw/core/swtimer.o
 .debug_line    0x0000000000006621      0xd48 ./src/hw/core/timer.o
 .debug_line    0x0000000000007369      0xeef ./src/hw/core/uart.o
 .debug_line    0x0000000000008258      0xb6a ./src/hw/hw.o
 .debug_line    0x0000000000008dc2      0xb3b ./src/lib/stm32f407vgt6_cube/Drivers/STM32F4xx_HAL_Driver/Src/stm32f4xx_hal.o
 .debug_line    0x00000000000098fd      0xdea ./src/lib/stm32f407vgt6_cube/Drivers/STM32F4xx_HAL_Driver/Src/stm32f4xx_hal_cortex.o
 .debug_line    0x000000000000a6e7     0x109f ./src/lib/stm32f407vgt6_cube/Drivers/STM32F4xx_HAL_Driver/Src/stm32f4xx_hal_dma.o
 .debug_line    0x000000000000b786      0xcaf ./src/lib/stm32f407vgt6_cube/Drivers/STM32F4xx_HAL_Driver/Src/stm32f4xx_hal_gpio.o
 .debug_line    0x000000000000c435      0xeb5 ./src/lib/stm32f407vgt6_cube/Drivers/STM32F4xx_HAL_Driver/Src/stm32f4xx_hal_rcc.o
 .debug_line    0x000000000000d2ea     0x382f ./src/lib/stm32f407vgt6_cube/Drivers/STM32F4xx_HAL_Driver/Src/stm32f4xx_hal_tim.o
 .debug_line    0x0000000000010b19     0x1b38 ./src/lib/stm32f407vgt6_cube/Drivers/STM32F4xx_HAL_Driver/Src/stm32f4xx_hal_tim_ex.o
 .debug_line    0x0000000000012651     0x2be0 ./src/lib/stm32f407vgt6_cube/Drivers/STM32F4xx_HAL_Driver/Src/stm32f4xx_hal_uart.o
 .debug_line    0x0000000000015231      0xbb2 ./src/main.o

.debug_str      0x0000000000000000    0xcbc8a
 .debug_str     0x0000000000000000    0xc7691 ./src/ap/ap.o
                                      0xc7987 (size before relaxing)
 .debug_str     0x00000000000c7691      0x300 ./src/bsp/bsp.o
                                      0xc79a2 (size before relaxing)
 .debug_str     0x00000000000c7991       0x38 ./src/bsp/stm32f4xx_hal_msp.o
                                      0xc79b5 (size before relaxing)
 .debug_str     0x00000000000c79c9      0x510 ./src/bsp/stm32f4xx_it.o
                                      0xc7dfd (size before relaxing)
 .debug_str     0x00000000000c7ed9      0x4d9 ./src/bsp/sysmem.o
                                       0x5d5f (size before relaxing)
 .debug_str     0x00000000000c83b2       0xc4 ./src/bsp/system_stm32f4xx.o
                                      0x8811e (size before relaxing)
 .debug_str     0x00000000000c8476       0x39 ./src/bsp/startup/startup_stm32f407vgtx.o
                                         0x78 (size before relaxing)
 .debug_str     0x00000000000c84af       0xc9 ./src/common/core/qbuffer.o
                                       0x805e (size before relaxing)
 .debug_str     0x00000000000c8578      0x115 ./src/hw/core/button.o
                                      0xc79b3 (size before relaxing)
 .debug_str     0x00000000000c868d       0x61 ./src/hw/core/led.o
                                      0xc79b1 (size before relaxing)
 .debug_str     0x00000000000c86ee      0x100 ./src/hw/core/swtimer.o
                                      0xc7903 (size before relaxing)
 .debug_str     0x00000000000c87ee      0xa0d ./src/hw/core/timer.o
                                      0xc85f9 (size before relaxing)
 .debug_str     0x00000000000c91fb      0x23f ./src/hw/core/uart.o
                                      0xc85e9 (size before relaxing)
 .debug_str     0x00000000000c943a       0x16 ./src/hw/hw.o
                                      0xc78ae (size before relaxing)
 .debug_str     0x00000000000c9450      0x5ec ./src/lib/stm32f407vgt6_cube/Drivers/STM32F4xx_HAL_Driver/Src/stm32f4xx_hal.o
                                      0xc436d (size before relaxing)
 .debug_str     0x00000000000c9a3c      0x392 ./src/lib/stm32f407vgt6_cube/Drivers/STM32F4xx_HAL_Driver/Src/stm32f4xx_hal_cortex.o
                                      0xc40a0 (size before relaxing)
 .debug_str     0x00000000000c9dce      0x30f ./src/lib/stm32f407vgt6_cube/Drivers/STM32F4xx_HAL_Driver/Src/stm32f4xx_hal_dma.o
                                      0xc3c03 (size before relaxing)
 .debug_str     0x00000000000ca0dd      0x118 ./src/lib/stm32f407vgt6_cube/Drivers/STM32F4xx_HAL_Driver/Src/stm32f4xx_hal_gpio.o
                                      0xc3964 (size before relaxing)
 .debug_str     0x00000000000ca1f5      0x24e ./src/lib/stm32f407vgt6_cube/Drivers/STM32F4xx_HAL_Driver/Src/stm32f4xx_hal_rcc.o
                                      0xc3c1d (size before relaxing)
 .debug_str     0x00000000000ca443      0xd75 ./src/lib/stm32f407vgt6_cube/Drivers/STM32F4xx_HAL_Driver/Src/stm32f4xx_hal_tim.o
                                      0xc4b63 (size before relaxing)
 .debug_str     0x00000000000cb1b8      0x51e ./src/lib/stm32f407vgt6_cube/Drivers/STM32F4xx_HAL_Driver/Src/stm32f4xx_hal_tim_ex.o
                                      0xc437f (size before relaxing)
 .debug_str     0x00000000000cb6d6      0x5a1 ./src/lib/stm32f407vgt6_cube/Drivers/STM32F4xx_HAL_Driver/Src/stm32f4xx_hal_uart.o
                                      0xc41bc (size before relaxing)
 .debug_str     0x00000000000cbc77       0x13 ./src/main.o
                                      0xc789b (size before relaxing)

.comment        0x0000000000000000       0x50
 .comment       0x0000000000000000       0x50 ./src/ap/ap.o
                                         0x51 (size before relaxing)
 .comment       0x0000000000000050       0x51 ./src/bsp/bsp.o
 .comment       0x0000000000000050       0x51 ./src/bsp/stm32f4xx_hal_msp.o
 .comment       0x0000000000000050       0x51 ./src/bsp/stm32f4xx_it.o
 .comment       0x0000000000000050       0x51 ./src/bsp/sysmem.o
 .comment       0x0000000000000050       0x51 ./src/bsp/system_stm32f4xx.o
 .comment       0x0000000000000050       0x51 ./src/common/core/qbuffer.o
 .comment       0x0000000000000050       0x51 ./src/hw/core/button.o
 .comment       0x0000000000000050       0x51 ./src/hw/core/led.o
 .comment       0x0000000000000050       0x51 ./src/hw/core/swtimer.o
 .comment       0x0000000000000050       0x51 ./src/hw/core/timer.o
 .comment       0x0000000000000050       0x51 ./src/hw/core/uart.o
 .comment       0x0000000000000050       0x51 ./src/hw/hw.o
 .comment       0x0000000000000050       0x51 ./src/lib/stm32f407vgt6_cube/Drivers/STM32F4xx_HAL_Driver/Src/stm32f4xx_hal.o
 .comment       0x0000000000000050       0x51 ./src/lib/stm32f407vgt6_cube/Drivers/STM32F4xx_HAL_Driver/Src/stm32f4xx_hal_cortex.o
 .comment       0x0000000000000050       0x51 ./src/lib/stm32f407vgt6_cube/Drivers/STM32F4xx_HAL_Driver/Src/stm32f4xx_hal_dma.o
 .comment       0x0000000000000050       0x51 ./src/lib/stm32f407vgt6_cube/Drivers/STM32F4xx_HAL_Driver/Src/stm32f4xx_hal_gpio.o
 .comment       0x0000000000000050       0x51 ./src/lib/stm32f407vgt6_cube/Drivers/STM32F4xx_HAL_Driver/Src/stm32f4xx_hal_rcc.o
 .comment       0x0000000000000050       0x51 ./src/lib/stm32f407vgt6_cube/Drivers/STM32F4xx_HAL_Driver/Src/stm32f4xx_hal_tim.o
 .comment       0x0000000000000050       0x51 ./src/lib/stm32f407vgt6_cube/Drivers/STM32F4xx_HAL_Driver/Src/stm32f4xx_hal_tim_ex.o
 .comment       0x0000000000000050       0x51 ./src/lib/stm32f407vgt6_cube/Drivers/STM32F4xx_HAL_Driver/Src/stm32f4xx_hal_uart.o
 .comment       0x0000000000000050       0x51 ./src/main.o

.debug_frame    0x0000000000000000     0x3e18
 .debug_frame   0x0000000000000000       0x78 ./src/ap/ap.o
 .debug_frame   0x0000000000000078       0xb0 ./src/bsp/bsp.o
 .debug_frame   0x0000000000000128       0x38 ./src/bsp/stm32f4xx_hal_msp.o
 .debug_frame   0x0000000000000160      0x13c ./src/bsp/stm32f4xx_it.o
 .debug_frame   0x000000000000029c       0x34 ./src/bsp/sysmem.o
 .debug_frame   0x00000000000002d0       0x58 ./src/bsp/system_stm32f4xx.o
 .debug_frame   0x0000000000000328       0xf8 ./src/common/core/qbuffer.o