19:16:11 **** Incremental Build of configuration Debug for project 09_uart2_3 ****
make -j16 all 
arm-none-eabi-gcc "../src/hw/core/uart.c" -mcpu=cortex-m4 -std=gnu11 -g3 -DSTM32F407xx -c -I"D:/work/1000_Git/stm32f407vgt6/09_uart2_3/src/lib/stm32f407vgt6_cube/Drivers/CMSIS/Device/ST/STM32F4xx/Include" -I"D:/work/1000_Git/stm32f407vgt6/09_uart2_3/src/lib/stm32f407vgt6_cube/Drivers/CMSIS/Include" -I"D:/work/1000_Git/stm32f407vgt6/09_uart2_3/src" -I"D:/work/1000_Git/stm32f407vgt6/09_uart2_3/src/lib/stm32f407vgt6_cube/Drivers/STM32F4xx_HAL_Driver/Inc" -I"D:/work/1000_Git/stm32f407vgt6/09_uart2_3/src/ap" -I"D:/work/1000_Git/stm32f407vgt6/09_uart2_3/src/bsp" -I"D:/work/1000_Git/stm32f407vgt6/09_uart2_3/src/common" -I"D:/work/1000_Git/stm32f407vgt6/09_uart2_3/src/hw" -I"D:/work/1000_Git/stm32f407vgt6/09_uart2_3/src/bsp/ldscript" -I"D:/work/1000_Git/stm32f407vgt6/09_uart2_3/src/bsp/startup" -I"D:/work/1000_Git/stm32f407vgt6/09_uart2_3/src/common/include" -I"D:/work/1000_Git/stm32f407vgt6/09_uart2_3/src/common/core" -I"D:/work/1000_Git/stm32f407vgt6/09_uart2_3/src/lib/stm32f407vgt6_cube/Middlewares/ST/STM32_USB_Device_Library/Class/CDC/Inc" -I"D:/work/1000_Git/stm32f407vgt6/09_uart2_3/src/lib/stm32f407vgt6_cube/Middlewares/ST/STM32_USB_Device_Library/Core/Inc" -I"D:/work/1000_Git/stm32f407vgt6/09_uart2_3/src/lib/stm32f407vgt6_cube/USB_DEVICE/App" -I"D:/work/1000_Git/stm32f407vgt6/09_uart2_3/src/lib/stm32f407vgt6_cube/USB_DEVICE/Target" -O0 -ffunction-sections -fdata-sections -Wall -fstack-usage -fcyclomatic-complexity -MMD -MP -MF"src/hw/core/uart.d" -MT"src/hw/core/uart.o" --specs=nano.specs -mfloat-abi=soft -mthumb -o "src/hw/core/uart.o"
arm-none-eabi-gcc -o "09_uart2_3.elf" @"objects.list"   -mcpu=cortex-m4 -T"D:\work\1000_Git\stm32f407vgt6\09_uart2_3\src\bsp\ldscript\STM32F407VGTX_FLASH.ld" --specs=nosys.specs -Wl,-Map="09_uart2_3.map" -Wl,--gc-sections -static --specs=nano.specs -mfloat-abi=soft -mthumb -Wl,--start-group -lc -lm -Wl,--end-group
Finished building target: 09_uart2_3.elf
 
arm-none-eabi-size   09_uart2_3.elf 
arm-none-eabi-objdump -h -S  09_uart2_3.elf  > "09_uart2_3.list"
arm-none-eabi-objcopy  -O ihex  09_uart2_3.elf  "09_uart2_3.hex"
arm-none-eabi-objcopy  -O binary  09_uart2_3.elf  "09_uart2_3.bin"
   text	   data	    bss	    dec	    hex	filename
  44760	    416	  12424	  57600	   e100	09_uart2_3.elf
Finished building: default.size.stdout
 
Finished building: 09_uart2_3.hex
Finished building: 09_uart2_3.bin
 
 
Finished building: 09_uart2_3.list
 

19:16:12 Build Finished. 0 errors, 0 warnings. (took 1s.233ms)

