23:42:10 **** Incremental Build of configuration Debug for project 09_uart2_3 ****
make -j16 all 
arm-none-eabi-gcc "../src/hw/core/uart.c" -mcpu=cortex-m4 -std=gnu11 -g3 -DSTM32F407xx -c -I"D:/git/stm32f407vgt6/stm32f407vgt6_fw/09_uart2_3/src/lib/stm32f407vgt6_cube/Drivers/CMSIS/Device/ST/STM32F4xx/Include" -I"D:/git/stm32f407vgt6/stm32f407vgt6_fw/09_uart2_3/src/lib/stm32f407vgt6_cube/Drivers/CMSIS/Include" -I"D:/git/stm32f407vgt6/stm32f407vgt6_fw/09_uart2_3/src" -I"D:/git/stm32f407vgt6/stm32f407vgt6_fw/09_uart2_3/src/lib/stm32f407vgt6_cube/Drivers/STM32F4xx_HAL_Driver/Inc" -I"D:/git/stm32f407vgt6/stm32f407vgt6_fw/09_uart2_3/src/ap" -I"D:/git/stm32f407vgt6/stm32f407vgt6_fw/09_uart2_3/src/bsp" -I"D:/git/stm32f407vgt6/stm32f407vgt6_fw/09_uart2_3/src/common" -I"D:/git/stm32f407vgt6/stm32f407vgt6_fw/09_uart2_3/src/hw" -I"D:/git/stm32f407vgt6/stm32f407vgt6_fw/09_uart2_3/src/bsp/ldscript" -I"D:/git/stm32f407vgt6/stm32f407vgt6_fw/09_uart2_3/src/bsp/startup" -I"D:/git/stm32f407vgt6/stm32f407vgt6_fw/09_uart2_3/src/common/include" -I"D:/git/stm32f407vgt6/stm32f407vgt6_fw/09_uart2_3/src/common/core" -I"D:/git/stm32f407vgt6/stm32f407vgt6_fw/09_uart2_3/src/lib/stm32f407vgt6_cube/Middlewares/ST/STM32_USB_Device_Library/Class/CDC/Inc" -I"D:/git/stm32f407vgt6/stm32f407vgt6_fw/09_uart2_3/src/lib/stm32f407vgt6_cube/Middlewares/ST/STM32_USB_Device_Library/Core/Inc" -I"D:/git/stm32f407vgt6/stm32f407vgt6_fw/09_uart2_3/src/lib/stm32f407vgt6_cube/USB_DEVICE/App" -I"D:/git/stm32f407vgt6/stm32f407vgt6_fw/09_uart2_3/src/lib/stm32f407vgt6_cube/USB_DEVICE/Target" -O0 -ffunction-sections -fdata-sections -Wall -fstack-usage -fcyclomatic-complexity -MMD -MP -MF"src/hw/core/uart.d" -MT"src/hw/core/uart.o" --specs=nano.specs -mfloat-abi=soft -mthumb -o "src/hw/core/uart.o"
arm-none-eabi-gcc -mcpu=cortex-m4 -g3 -c -I"D:/git/stm32f407vgt6/stm32f407vgt6_fw/09_uart2_3/src/common/core" -I"D:/git/stm32f407vgt6/stm32f407vgt6_fw/09_uart2_3/src/lib/stm32f407vgt6_cube/Middlewares/ST/STM32_USB_Device_Library/Class/CDC/Inc" -I"D:/git/stm32f407vgt6/stm32f407vgt6_fw/09_uart2_3/src/lib/stm32f407vgt6_cube/Middlewares/ST/STM32_USB_Device_Library/Core/Inc" -I"D:/git/stm32f407vgt6/stm32f407vgt6_fw/09_uart2_3/src/lib/stm32f407vgt6_cube/USB_DEVICE/App" -I"D:/git/stm32f407vgt6/stm32f407vgt6_fw/09_uart2_3/src/lib/stm32f407vgt6_cube/USB_DEVICE/Target" -x assembler-with-cpp -MMD -MP -MF"src/bsp/startup/startup_stm32f407vgtx.d" -MT"src/bsp/startup/startup_stm32f407vgtx.o" --specs=nano.specs -mfloat-abi=soft -mthumb -o "src/bsp/startup/startup_stm32f407vgtx.o" "../src/bsp/startup/startup_stm32f407vgtx.s"
arm-none-eabi-gcc "../src/bsp/bsp.c" -mcpu=cortex-m4 -std=gnu11 -g3 -DSTM32F407xx -c -I"D:/git/stm32f407vgt6/stm32f407vgt6_fw/09_uart2_3/src/lib/stm32f407vgt6_cube/Drivers/CMSIS/Device/ST/STM32F4xx/Include" -I"D:/git/stm32f407vgt6/stm32f407vgt6_fw/09_uart2_3/src/lib/stm32f407vgt6_cube/Drivers/CMSIS/Include" -I"D:/git/stm32f407vgt6/stm32f407vgt6_fw/09_uart2_3/src" -I"D:/git/stm32f407vgt6/stm32f407vgt6_fw/09_uart2_3/src/lib/stm32f407vgt6_cube/Drivers/STM32F4xx_HAL_Driver/Inc" -I"D:/git/stm32f407vgt6/stm32f407vgt6_fw/09_uart2_3/src/ap" -I"D:/git/stm32f407vgt6/stm32f407vgt6_fw/09_uart2_3/src/bsp" -I"D:/git/stm32f407vgt6/stm32f407vgt6_fw/09_uart2_3/src/common" -I"D:/git/stm32f407vgt6/stm32f407vgt6_fw/09_uart2_3/src/hw" -I"D:/git/stm32f407vgt6/stm32f407vgt6_fw/09_uart2_3/src/bsp/ldscript" -I"D:/git/stm32f407vgt6/stm32f407vgt6_fw/09_uart2_3/src/bsp/startup" -I"D:/git/stm32f407vgt6/stm32f407vgt6_fw/09_uart2_3/src/common/include" -I"D:/git/stm32f407vgt6/stm32f407vgt6_fw/09_uart2_3/src/common/core" -I"D:/git/stm32f407vgt6/stm32f407vgt6_fw/09_uart2_3/src/lib/stm32f407vgt6_cube/Middlewares/ST/STM32_USB_Device_Library/Class/CDC/Inc" -I"D:/git/stm32f407vgt6/stm32f407vgt6_fw/09_uart2_3/src/lib/stm32f407vgt6_cube/Middlewares/ST/STM32_USB_Device_Library/Core/Inc" -I"D:/git/stm32f407vgt6/stm32f407vgt6_fw/09_uart2_3/src/lib/stm32f407vgt6_cube/USB_DEVICE/App" -I"D:/git/stm32f407vgt6/stm32f407vgt6_fw/09_uart2_3/src/lib/stm32f407vgt6_cube/USB_DEVICE/Target" -O0 -ffunction-sections -fdata-sections -Wall -fstack-usage -fcyclomatic-complexity -MMD -MP -MF"src/bsp/bsp.d" -MT"src/bsp/bsp.o" --specs=nano.specs -mfloat-abi=soft -mthumb -o "src/bsp/bsp.o"
arm-none-eabi-gcc "../src/bsp/stm32f4xx_hal_msp.c" -mcpu=cortex-m4 -std=gnu11 -g3 -DSTM32F407xx -c -I"D:/git/stm32f407vgt6/stm32f407vgt6_fw/09_uart2_3/src/lib/stm32f407vgt6_cube/Drivers/CMSIS/Device/ST/STM32F4xx/Include" -I"D:/git/stm32f407vgt6/stm32f407vgt6_fw/09_uart2_3/src/lib/stm32f407vgt6_cube/Drivers/CMSIS/Include" -I"D:/git/stm32f407vgt6/stm32f407vgt6_fw/09_uart2_3/src" -I"D:/git/stm32f407vgt6/stm32f407vgt6_fw/09_uart2_3/src/lib/stm32f407vgt6_cube/Drivers/STM32F4xx_HAL_Driver/Inc" -I"D:/git/stm32f407vgt6/stm32f407vgt6_fw/09_uart2_3/src/ap" -I"D:/git/stm32f407vgt6/stm32f407vgt6_fw/09_uart2_3/src/bsp" -I"D:/git/stm32f407vgt6/stm32f407vgt6_fw/09_uart2_3/src/common" -I"D:/git/stm32f407vgt6/stm32f407vgt6_fw/09_uart2_3/src/hw" -I"D:/git/stm32f407vgt6/stm32f407vgt6_fw/09_uart2_3/src/bsp/ldscript" -I"D:/git/stm32f407vgt6/stm32f407vgt6_fw/09_uart2_3/src/bsp/startup" -I"D:/git/stm32f407vgt6/stm32f407vgt6_fw/09_uart2_3/src/common/include" -I"D:/git/stm32f407vgt6/stm32f407vgt6_fw/09_uart2_3/src/common/core" -I"D:/git/stm32f407vgt6/stm32f407vgt6_fw/09_uart2_3/src/lib/stm32f407vgt6_cube/Middlewares/ST/STM32_USB_Device_Library/Class/CDC/Inc" -I"D:/git/stm32f407vgt6/stm32f407vgt6_fw/09_uart2_3/src/lib/stm32f407vgt6_cube/Middlewares/ST/STM32_USB_Device_Library/Core/Inc" -I"D:/git/stm32f407vgt6/stm32f407vgt6_fw/09_uart2_3/src/lib/stm32f407vgt6_cube/USB_DEVICE/App" -I"D:/git/stm32f407vgt6/stm32f407vgt6_fw/09_uart2_3/src/lib/stm32f407vgt6_cube/USB_DEVICE/Target" -O0 -ffunction-sections -fdata-sections -Wall -fstack-usage -fcyclomatic-complexity -MMD -MP -MF"src/bsp/stm32f4xx_hal_msp.d" -MT"src/bsp/stm32f4xx_hal_msp.o" --specs=nano.specs -mfloat-abi=soft -mthumb -o "src/bsp/stm32f4xx_hal_msp.o"
arm-none-eabi-gcc "../src/bsp/stm32f4xx_it.c" -mcpu=cortex-m4 -std=gnu11 -g3 -DSTM32F407xx -c -I"D:/git/stm32f407vgt6/stm32f407vgt6_fw/09_uart2_3/src/lib/stm32f407vgt6_cube/Drivers/CMSIS/Device/ST/STM32F4xx/Include" -I"D:/git/stm32f407vgt6/stm32f407vgt6_fw/09_uart2_3/src/lib/stm32f407vgt6_cube/Drivers/CMSIS/Include" -I"D:/git/stm32f407vgt6/stm32f407vgt6_fw/09_uart2_3/src" -I"D:/git/stm32f407vgt6/stm32f407vgt6_fw/09_uart2_3/src/lib/stm32f407vgt6_cube/Drivers/STM32F4xx_HAL_Driver/Inc" -I"D:/git/stm32f407vgt6/stm32f407vgt6_fw/09_uart2_3/src/ap" -I"D:/git/stm32f407vgt6/stm32f407vgt6_fw/09_uart2_3/src/bsp" -I"D:/git/stm32f407vgt6/stm32f407vgt6_fw/09_uart2_3/src/common" -I"D:/git/stm32f407vgt6/stm32f407vgt6_fw/09_uart2_3/src/hw" -I"D:/git/stm32f407vgt6/stm32f407vgt6_fw/09_uart2_3/src/bsp/ldscript" -I"D:/git/stm32f407vgt6/stm32f407vgt6_fw/09_uart2_3/src/bsp/startup" -I"D:/git/stm32f407vgt6/stm32f407vgt6_fw/09_uart2_3/src/common/include" -I"D:/git/stm32f407vgt6/stm32f407vgt6_fw/09_uart2_3/src/common/core" -I"D:/git/stm32f407vgt6/stm32f407vgt6_fw/09_uart2_3/src/lib/stm32f407vgt6_cube/Middlewares/ST/STM32_USB_Device_Library/Class/CDC/Inc" -I"D:/git/stm32f407vgt6/stm32f407vgt6_fw/09_uart2_3/src/lib/stm32f407vgt6_cube/Middlewares/ST/STM32_USB_Device_Library/Core/Inc" -I"D:/git/stm32f407vgt6/stm32f407vgt6_fw/09_uart2_3/src/lib/stm32f407vgt6_cube/USB_DEVICE/App" -I"D:/git/stm32f407vgt6/stm32f407vgt6_fw/09_uart2_3/src/lib/stm32f407vgt6_cube/USB_DEVICE/Target" -O0 -ffunction-sections -fdata-sections -Wall -fstack-usage -fcyclomatic-complexity -MMD -MP -MF"src/bsp/stm32f4xx_it.d" -MT"src/bsp/stm32f4xx_it.o" --specs=nano.specs -mfloat-abi=soft -mthumb -o "src/bsp/stm32f4xx_it.o"
arm-none-eabi-gcc "../src/bsp/syscalls.c" -mcpu=cortex-m4 -std=gnu11 -g3 -DSTM32F407xx -c -I"D:/git/stm32f407vgt6/stm32f407vgt6_fw/09_uart2_3/src/lib/stm32f407vgt6_cube/Drivers/CMSIS/Device/ST/STM32F4xx/Include" -I"D:/git/stm32f407vgt6/stm32f407vgt6_fw/09_uart2_3/src/lib/stm32f407vgt6_cube/Drivers/CMSIS/Include" -I"D:/git/stm32f407vgt6/stm32f407vgt6_fw/09_uart2_3/src" -I"D:/git/stm32f407vgt6/stm32f407vgt6_fw/09_uart2_3/src/lib/stm32f407vgt6_cube/Drivers/STM32F4xx_HAL_Driver/Inc" -I"D:/git/stm32f407vgt6/stm32f407vgt6_fw/09_uart2_3/src/ap" -I"D:/git/stm32f407vgt6/stm32f407vgt6_fw/09_uart2_3/src/bsp" -I"D:/git/stm32f407vgt6/stm32f407vgt6_fw/09_uart2_3/src/common" -I"D:/git/stm32f407vgt6/stm32f407vgt6_fw/09_uart2_3/src/hw" -I"D:/git/stm32f407vgt6/stm32f407vgt6_fw/09_uart2_3/src/bsp/ldscript" -I"D:/git/stm32f407vgt6/stm32f407vgt6_fw/09_uart2_3/src/bsp/startup" -I"D:/git/stm32f407vgt6/stm32f407vgt6_fw/09_uart2_3/src/common/include" -I"D:/git/stm32f407vgt6/stm32f407vgt6_fw/09_uart2_3/src/common/core" -I"D:/git/stm32f407vgt6/stm32f407vgt6_fw/09_uart2_3/src/lib/stm32f407vgt6_cube/Middlewares/ST/STM32_USB_Device_Library/Class/CDC/Inc" -I"D:/git/stm32f407vgt6/stm32f407vgt6_fw/09_uart2_3/src/lib/stm32f407vgt6_cube/Middlewares/ST/STM32_USB_Device_Library/Core/Inc" -I"D:/git/stm32f407vgt6/stm32f407vgt6_fw/09_uart2_3/src/lib/stm32f407vgt6_cube/USB_DEVICE/App" -I"D:/git/stm32f407vgt6/stm32f407vgt6_fw/09_uart2_3/src/lib/stm32f407vgt6_cube/USB_DEVICE/Target" -O0 -ffunction-sections -fdata-sections -Wall -fstack-usage -fcyclomatic-complexity -MMD -MP -MF"src/bsp/syscalls.d" -MT"src/bsp/syscalls.o" --specs=nano.specs -mfloat-abi=soft -mthumb -o "src/bsp/syscalls.o"
arm-none-eabi-gcc "../src/bsp/sysmem.c" -mcpu=cortex-m4 -std=gnu11 -g3 -DSTM32F407xx -c -I"D:/git/stm32f407vgt6/stm32f407vgt6_fw/09_uart2_3/src/lib/stm32f407vgt6_cube/Drivers/CMSIS/Device/ST/STM32F4xx/Include" -I"D:/git/stm32f407vgt6/stm32f407vgt6_fw/09_uart2_3/src/lib/stm32f407vgt6_cube/Drivers/CMSIS/Include" -I"D:/git/stm32f407vgt6/stm32f407vgt6_fw/09_uart2_3/src" -I"D:/git/stm32f407vgt6/stm32f407vgt6_fw/09_uart2_3/src/lib/stm32f407vgt6_cube/Drivers/STM32F4xx_HAL_Driver/Inc" -I"D:/git/stm32f407vgt6/stm32f407vgt6_fw/09_uart2_3/src/ap" -I"D:/git/stm32f407vgt6/stm32f407vgt6_fw/09_uart2_3/src/bsp" -I"D:/git/stm32f407vgt6/stm32f407vgt6_fw/09_uart2_3/src/common" -I"D:/git/stm32f407vgt6/stm32f407vgt6_fw/09_uart2_3/src/hw" -I"D:/git/stm32f407vgt6/stm32f407vgt6_fw/09_uart2_3/src/bsp/ldscript" -I"D:/git/stm32f407vgt6/stm32f407vgt6_fw/09_uart2_3/src/bsp/startup" -I"D:/git/stm32f407vgt6/stm32f407vgt6_fw/09_uart2_3/src/common/include" -I"D:/git/stm32f407vgt6/stm32f407vgt6_fw/09_uart2_3/src/common/core" -I"D:/git/stm32f407vgt6/stm32f407vgt6_fw/09_uart2_3/src/lib/stm32f407vgt6_cube/Middlewares/ST/STM32_USB_Device_Library/Class/CDC/Inc" -I"D:/git/stm32f407vgt6/stm32f407vgt6_fw/09_uart2_3/src/lib/stm32f407vgt6_cube/Middlewares/ST/STM32_USB_Device_Library/Core/Inc" -I"D:/git/stm32f407vgt6/stm32f407vgt6_fw/09_uart2_3/src/lib/stm32f407vgt6_cube/USB_DEVICE/App" -I"D:/git/stm32f407vgt6/stm32f407vgt6_fw/09_uart2_3/src/lib/stm32f407vgt6_cube/USB_DEVICE/Target" -O0 -ffunction-sections -fdata-sections -Wall -fstack-usage -fcyclomatic-complexity -MMD -MP -MF"src/bsp/sysmem.d" -MT"src/bsp/sysmem.o" --specs=nano.specs -mfloat-abi=soft -mthumb -o "src/bsp/sysmem.o"
arm-none-eabi-gcc "../src/bsp/system_stm32f4xx.c" -mcpu=cortex-m4 -std=gnu11 -g3 -DSTM32F407xx -c -I"D:/git/stm32f407vgt6/stm32f407vgt6_fw/09_uart2_3/src/lib/stm32f407vgt6_cube/Drivers/CMSIS/Device/ST/STM32F4xx/Include" -I"D:/git/stm32f407vgt6/stm32f407vgt6_fw/09_uart2_3/src/lib/stm32f407vgt6_cube/Drivers/CMSIS/Include" -I"D:/git/stm32f407vgt6/stm32f407vgt6_fw/09_uart2_3/src" -I"D:/git/stm32f407vgt6/stm32f407vgt6_fw/09_uart2_3/src/lib/stm32f407vgt6_cube/Drivers/STM32F4xx_HAL_Driver/Inc" -I"D:/git/stm32f407vgt6/stm32f407vgt6_fw/09_uart2_3/src/ap" -I"D:/git/stm32f407vgt6/stm32f407vgt6_fw/09_uart2_3/src/bsp" -I"D:/git/stm32f407vgt6/stm32f407vgt6_fw/09_uart2_3/src/common" -I"D:/git/stm32f407vgt6/stm32f407vgt6_fw/09_uart2_3/src/hw" -I"D:/git/stm32f407vgt6/stm32f407vgt6_fw/09_uart2_3/src/bsp/ldscript" -I"D:/git/stm32f407vgt6/stm32f407vgt6_fw/09_uart2_3/src/bsp/startup" -I"D:/git/stm32f407vgt6/stm32f407vgt6_fw/09_uart2_3/src/common/include" -I"D:/git/stm32f407vgt6/stm32f407vgt6_fw/09_uart2_3/src/common/core" -I"D:/git/stm32f407vgt6/stm32f407vgt6_fw/09_uart2_3/src/lib/stm32f407vgt6_cube/Middlewares/ST/STM32_USB_Device_Library/Class/CDC/Inc" -I"D:/git/stm32f407vgt6/stm32f407vgt6_fw/09_uart2_3/src/lib/stm32f407vgt6_cube/Middlewares/ST/STM32_USB_Device_Library/Core/Inc" -I"D:/git/stm32f407vgt6/stm32f407vgt6_fw/09_uart2_3/src/lib/stm32f407vgt6_cube/USB_DEVICE/App" -I"D:/git/stm32f407vgt6/stm32f407vgt6_fw/09_uart2_3/src/lib/stm32f407vgt6_cube/USB_DEVICE/Target" -O0 -ffunction-sections -fdata-sections -Wall -fstack-usage -fcyclomatic-complexity -MMD -MP -MF"src/bsp/system_stm32f4xx.d" -MT"src/bsp/system_stm32f4xx.o" --specs=nano.specs -mfloat-abi=soft -mthumb -o "src/bsp/system_stm32f4xx.o"
arm-none-eabi-gcc "../src/ap/ap.c" -mcpu=cortex-m4 -std=gnu11 -g3 -DSTM32F407xx -c -I"D:/git/stm32f407vgt6/stm32f407vgt6_fw/09_uart2_3/src/lib/stm32f407vgt6_cube/Drivers/CMSIS/Device/ST/STM32F4xx/Include" -I"D:/git/stm32f407vgt6/stm32f407vgt6_fw/09_uart2_3/src/lib/stm32f407vgt6_cube/Drivers/CMSIS/Include" -I"D:/git/stm32f407vgt6/stm32f407vgt6_fw/09_uart2_3/src" -I"D:/git/stm32f407vgt6/stm32f407vgt6_fw/09_uart2_3/src/lib/stm32f407vgt6_cube/Drivers/STM32F4xx_HAL_Driver/Inc" -I"D:/git/stm32f407vgt6/stm32f407vgt6_fw/09_uart2_3/src/ap" -I"D:/git/stm32f407vgt6/stm32f407vgt6_fw/09_uart2_3/src/bsp" -I"D:/git/stm32f407vgt6/stm32f407vgt6_fw/09_uart2_3/src/common" -I"D:/git/stm32f407vgt6/stm32f407vgt6_fw/09_uart2_3/src/hw" -I"D:/git/stm32f407vgt6/stm32f407vgt6_fw/09_uart2_3/src/bsp/ldscript" -I"D:/git/stm32f407vgt6/stm32f407vgt6_fw/09_uart2_3/src/bsp/startup" -I"D:/git/stm32f407vgt6/stm32f407vgt6_fw/09_uart2_3/src/common/include" -I"D:/git/stm32f407vgt6/stm32f407vgt6_fw/09_uart2_3/src/common/core" -I"D:/git/stm32f407vgt6/stm32f407vgt6_fw/09_uart2_3/src/lib/stm32f407vgt6_cube/Middlewares/ST/STM32_USB_Device_Library/Class/CDC/Inc" -I"D:/git/stm32f407vgt6/stm32f407vgt6_fw/09_uart2_3/src/lib/stm32f407vgt6_cube/Middlewares/ST/STM32_USB_Device_Library/Core/Inc" -I"D:/git/stm32f407vgt6/stm32f407vgt6_fw/09_uart2_3/src/lib/stm32f407vgt6_cube/USB_DEVICE/App" -I"D:/git/stm32f407vgt6/stm32f407vgt6_fw/09_uart2_3/src/lib/stm32f407vgt6_cube/USB_DEVICE/Target" -O0 -ffunction-sections -fdata-sections -Wall -fstack-usage -fcyclomatic-complexity -MMD -MP -MF"src/ap/ap.d" -MT"src/ap/ap.o" --specs=nano.specs -mfloat-abi=soft -mthumb -o "src/ap/ap.o"
arm-none-eabi-gcc "../src/main.c" -mcpu=cortex-m4 -std=gnu11 -g3 -DSTM32F407xx -c -I"D:/git/stm32f407vgt6/stm32f407vgt6_fw/09_uart2_3/src/lib/stm32f407vgt6_cube/Drivers/CMSIS/Device/ST/STM32F4xx/Include" -I"D:/git/stm32f407vgt6/stm32f407vgt6_fw/09_uart2_3/src/lib/stm32f407vgt6_cube/Drivers/CMSIS/Include" -I"D:/git/stm32f407vgt6/stm32f407vgt6_fw/09_uart2_3/src" -I"D:/git/stm32f407vgt6/stm32f407vgt6_fw/09_uart2_3/src/lib/stm32f407vgt6_cube/Drivers/STM32F4xx_HAL_Driver/Inc" -I"D:/git/stm32f407vgt6/stm32f407vgt6_fw/09_uart2_3/src/ap" -I"D:/git/stm32f407vgt6/stm32f407vgt6_fw/09_uart2_3/src/bsp" -I"D:/git/stm32f407vgt6/stm32f407vgt6_fw/09_uart2_3/src/common" -I"D:/git/stm32f407vgt6/stm32f407vgt6_fw/09_uart2_3/src/hw" -I"D:/git/stm32f407vgt6/stm32f407vgt6_fw/09_uart2_3/src/bsp/ldscript" -I"D:/git/stm32f407vgt6/stm32f407vgt6_fw/09_uart2_3/src/bsp/startup" -I"D:/git/stm32f407vgt6/stm32f407vgt6_fw/09_uart2_3/src/common/include" -I"D:/git/stm32f407vgt6/stm32f407vgt6_fw/09_uart2_3/src/common/core" -I"D:/git/stm32f407vgt6/stm32f407vgt6_fw/09_uart2_3/src/lib/stm32f407vgt6_cube/Middlewares/ST/STM32_USB_Device_Library/Class/CDC/Inc" -I"D:/git/stm32f407vgt6/stm32f407vgt6_fw/09_uart2_3/src/lib/stm32f407vgt6_cube/Middlewares/ST/STM32_USB_Device_Library/Core/Inc" -I"D:/git/stm32f407vgt6/stm32f407vgt6_fw/09_uart2_3/src/lib/stm32f407vgt6_cube/USB_DEVICE/App" -I"D:/git/stm32f407vgt6/stm32f407vgt6_fw/09_uart2_3/src/lib/stm32f407vgt6_cube/USB_DEVICE/Target" -O0 -ffunction-sections -fdata-sections -Wall -fstack-usage -fcyclomatic-complexity -MMD -MP -MF"src/main.d" -MT"src/main.o" --specs=nano.specs -mfloat-abi=soft -mthumb -o "src/main.o"
../src/hw/core/uart.c: In function 'uartRead':
../src/hw/core/uart.c:329:12: warning: variable 'p_uart' set but not used [-Wunused-but-set-variable]
  329 |   uart_t  *p_uart;
      |            ^~~~~~
arm-none-eabi-gcc -o "09_uart2_3.elf" @"objects.list"   -mcpu=cortex-m4 -T"D:\git\stm32f407vgt6\stm32f407vgt6_fw\09_uart2_3\src\bsp\ldscript\STM32F407VGTX_FLASH.ld" --specs=nosys.specs -Wl,-Map="09_uart2_3.map" -Wl,--gc-sections -static --specs=nano.specs -mfloat-abi=soft -mthumb -Wl,--start-group -lc -lm -Wl,--end-group
Finished building target: 09_uart2_3.elf
 
arm-none-eabi-size   09_uart2_3.elf 
arm-none-eabi-objdump -h -S  09_uart2_3.elf  > "09_uart2_3.list"
arm-none-eabi-objcopy  -O ihex  09_uart2_3.elf  "09_uart2_3.hex"
   text	   data	    bss	    dec	    hex	filename
  46824	    468	  10572	  57864	   e208	09_uart2_3.elf
arm-none-eabi-objcopy  -O binary  09_uart2_3.elf  "09_uart2_3.bin"
Finished building: default.size.stdout
 
Finished building: 09_uart2_3.hex
Finished building: 09_uart2_3.bin
 
 
Finished building: 09_uart2_3.list
 

23:42:11 Build Finished. 0 errors, 1 warnings. (took 1s.758ms)

