00:28:42 **** Build of configuration Debug for project 09_uart2_3 ****
make -j16 all 
arm-none-eabi-gcc "../src/lib/stm32f407vgt6_cube/USB_DEVICE/Target/usbd_conf.c" -mcpu=cortex-m4 -std=gnu11 -g3 -DSTM32F407xx -c -I"D:/git/stm32f407vgt6/stm32f407vgt6_fw/09_uart2_3/src/lib/stm32f407vgt6_cube/Drivers/CMSIS/Device/ST/STM32F4xx/Include" -I"D:/git/stm32f407vgt6/stm32f407vgt6_fw/09_uart2_3/src/lib/stm32f407vgt6_cube/Drivers/CMSIS/Include" -I"D:/git/stm32f407vgt6/stm32f407vgt6_fw/09_uart2_3/src" -I"D:/git/stm32f407vgt6/stm32f407vgt6_fw/09_uart2_3/src/lib/stm32f407vgt6_cube/Drivers/STM32F4xx_HAL_Driver/Inc" -I"D:/git/stm32f407vgt6/stm32f407vgt6_fw/09_uart2_3/src/ap" -I"D:/git/stm32f407vgt6/stm32f407vgt6_fw/09_uart2_3/src/bsp" -I"D:/git/stm32f407vgt6/stm32f407vgt6_fw/09_uart2_3/src/common" -I"D:/git/stm32f407vgt6/stm32f407vgt6_fw/09_uart2_3/src/hw" -I"D:/git/stm32f407vgt6/stm32f407vgt6_fw/09_uart2_3/src/bsp/ldscript" -I"D:/git/stm32f407vgt6/stm32f407vgt6_fw/09_uart2_3/src/bsp/startup" -I"D:/git/stm32f407vgt6/stm32f407vgt6_fw/09_uart2_3/src/common/include" -I"D:/git/stm32f407vgt6/stm32f407vgt6_fw/09_uart2_3/src/common/core" -I"D:/git/stm32f407vgt6/stm32f407vgt6_fw/09_uart2_3/src/lib/stm32f407vgt6_cube/Middlewares/ST/STM32_USB_Device_Library/Class/CDC/Inc" -I"D:/git/stm32f407vgt6/stm32f407vgt6_fw/09_uart2_3/src/lib/stm32f407vgt6_cube/Middlewares/ST/STM32_USB_Device_Library/Core/Inc" -I"D:/git/stm32f407vgt6/stm32f407vgt6_fw/09_uart2_3/src/lib/stm32f407vgt6_cube/USB_DEVICE/App" -I"D:/git/stm32f407vgt6/stm32f407vgt6_fw/09_uart2_3/src/lib/stm32f407vgt6_cube/USB_DEVICE/Target" -O0 -ffunction-sections -fdata-sections -Wall -fstack-usage -fcyclomatic-complexity -MMD -MP -MF"src/lib/stm32f407vgt6_cube/USB_DEVICE/Target/usbd_conf.d" -MT"src/lib/stm32f407vgt6_cube/USB_DEVICE/Target/usbd_conf.o" --specs=nano.specs -mfloat-abi=soft -mthumb -o "src/lib/stm32f407vgt6_cube/USB_DEVICE/Target/usbd_conf.o"
arm-none-eabi-gcc "../src/lib/stm32f407vgt6_cube/USB_DEVICE/App/usb_device.c" -mcpu=cortex-m4 -std=gnu11 -g3 -DSTM32F407xx -c -I"D:/git/stm32f407vgt6/stm32f407vgt6_fw/09_uart2_3/src/lib/stm32f407vgt6_cube/Drivers/CMSIS/Device/ST/STM32F4xx/Include" -I"D:/git/stm32f407vgt6/stm32f407vgt6_fw/09_uart2_3/src/lib/stm32f407vgt6_cube/Drivers/CMSIS/Include" -I"D:/git/stm32f407vgt6/stm32f407vgt6_fw/09_uart2_3/src" -I"D:/git/stm32f407vgt6/stm32f407vgt6_fw/09_uart2_3/src/lib/stm32f407vgt6_cube/Drivers/STM32F4xx_HAL_Driver/Inc" -I"D:/git/stm32f407vgt6/stm32f407vgt6_fw/09_uart2_3/src/ap" -I"D:/git/stm32f407vgt6/stm32f407vgt6_fw/09_uart2_3/src/bsp" -I"D:/git/stm32f407vgt6/stm32f407vgt6_fw/09_uart2_3/src/common" -I"D:/git/stm32f407vgt6/stm32f407vgt6_fw/09_uart2_3/src/hw" -I"D:/git/stm32f407vgt6/stm32f407vgt6_fw/09_uart2_3/src/bsp/ldscript" -I"D:/git/stm32f407vgt6/stm32f407vgt6_fw/09_uart2_3/src/bsp/startup" -I"D:/git/stm32f407vgt6/stm32f407vgt6_fw/09_uart2_3/src/common/include" -I"D:/git/stm32f407vgt6/stm32f407vgt6_fw/09_uart2_3/src/common/core" -I"D:/git/stm32f407vgt6/stm32f407vgt6_fw/09_uart2_3/src/lib/stm32f407vgt6_cube/Middlewares/ST/STM32_USB_Device_Library/Class/CDC/Inc" -I"D:/git/stm32f407vgt6/stm32f407vgt6_fw/09_uart2_3/src/lib/stm32f407vgt6_cube/Middlewares/ST/STM32_USB_Device_Library/Core/Inc" -I"D:/git/stm32f407vgt6/stm32f407vgt6_fw/09_uart2_3/src/lib/stm32f407vgt6_cube/USB_DEVICE/App" -I"D:/git/stm32f407vgt6/stm32f407vgt6_fw/09_uart2_3/src/lib/stm32f407vgt6_cube/USB_DEVICE/Target" -O0 -ffunction-sections -fdata-sections -Wall -fstack-usage -fcyclomatic-complexity -MMD -MP -MF"src/lib/stm32f407vgt6_cube/USB_DEVICE/App/usb_device.d" -MT"src/lib/stm32f407vgt6_cube/USB_DEVICE/App/usb_device.o" --specs=nano.specs -mfloat-abi=soft -mthumb -o "src/lib/stm32f407vgt6_cube/USB_DEVICE/App/usb_device.o"
arm-none-eabi-gcc "../src/lib/stm32f407vgt6_cube/USB_DEVICE/App/usbd_cdc_if.c" -mcpu=cortex-m4 -std=gnu11 -g3 -DSTM32F407xx -c -I"D:/git/stm32f407vgt6/stm32f407vgt6_fw/09_uart2_3/src/lib/stm32f407vgt6_cube/Drivers/CMSIS/Device/ST/STM32F4xx/Include" -I"D:/git/stm32f407vgt6/stm32f407vgt6_fw/09_uart2_3/src/lib/stm32f407vgt6_cube/Drivers/CMSIS/Include" -I"D:/git/stm32f407vgt6/stm32f407vgt6_fw/09_uart2_3/src" -I"D:/git/stm32f407vgt6/stm32f407vgt6_fw/09_uart2_3/src/lib/stm32f407vgt6_cube/Drivers/STM32F4xx_HAL_Driver/Inc" -I"D:/git/stm32f407vgt6/stm32f407vgt6_fw/09_uart2_3/src/ap" -I"D:/git/stm32f407vgt6/stm32f407vgt6_fw/09_uart2_3/src/bsp" -I"D:/git/stm32f407vgt6/stm32f407vgt6_fw/09_uart2_3/src/common" -I"D:/git/stm32f407vgt6/stm32f407vgt6_fw/09_uart2_3/src/hw" -I"D:/git/stm32f407vgt6/stm32f407vgt6_fw/09_uart2_3/src/bsp/ldscript" -I"D:/git/stm32f407vgt6/stm32f407vgt6_fw/09_uart2_3/src/bsp/startup" -I"D:/git/stm32f407vgt6/stm32f407vgt6_fw/09_uart2_3/src/common/include" -I"D:/git/stm32f407vgt6/stm32f407vgt6_fw/09_uart2_3/src/common/core" -I"D:/git/stm32f407vgt6/stm32f407vgt6_fw/09_uart2_3/src/lib/stm32f407vgt6_cube/Middlewares/ST/STM32_USB_Device_Library/Class/CDC/Inc" -I"D:/git/stm32f407vgt6/stm32f407vgt6_fw/09_uart2_3/src/lib/stm32f407vgt6_cube/Middlewares/ST/STM32_USB_Device_Library/Core/Inc" -I"D:/git/stm32f407vgt6/stm32f407vgt6_fw/09_uart2_3/src/lib/stm32f407vgt6_cube/USB_DEVICE/App" -I"D:/git/stm32f407vgt6/stm32f407vgt6_fw/09_uart2_3/src/lib/stm32f407vgt6_cube/USB_DEVICE/Target" -O0 -ffunction-sections -fdata-sections -Wall -fstack-usage -fcyclomatic-complexity -MMD -MP -MF"src/lib/stm32f407vgt6_cube/USB_DEVICE/App/usbd_cdc_if.d" -MT"src/lib/stm32f407vgt6_cube/USB_DEVICE/App/usbd_cdc_if.o" --specs=nano.specs -mfloat-abi=soft -mthumb -o "src/lib/stm32f407vgt6_cube/USB_DEVICE/App/usbd_cdc_if.o"
arm-none-eabi-gcc "../src/lib/stm32f407vgt6_cube/USB_DEVICE/App/usbd_desc.c" -mcpu=cortex-m4 -std=gnu11 -g3 -DSTM32F407xx -c -I"D:/git/stm32f407vgt6/stm32f407vgt6_fw/09_uart2_3/src/lib/stm32f407vgt6_cube/Drivers/CMSIS/Device/ST/STM32F4xx/Include" -I"D:/git/stm32f407vgt6/stm32f407vgt6_fw/09_uart2_3/src/lib/stm32f407vgt6_cube/Drivers/CMSIS/Include" -I"D:/git/stm32f407vgt6/stm32f407vgt6_fw/09_uart2_3/src" -I"D:/git/stm32f407vgt6/stm32f407vgt6_fw/09_uart2_3/src/lib/stm32f407vgt6_cube/Drivers/STM32F4xx_HAL_Driver/Inc" -I"D:/git/stm32f407vgt6/stm32f407vgt6_fw/09_uart2_3/src/ap" -I"D:/git/stm32f407vgt6/stm32f407vgt6_fw/09_uart2_3/src/bsp" -I"D:/git/stm32f407vgt6/stm32f407vgt6_fw/09_uart2_3/src/common" -I"D:/git/stm32f407vgt6/stm32f407vgt6_fw/09_uart2_3/src/hw" -I"D:/git/stm32f407vgt6/stm32f407vgt6_fw/09_uart2_3/src/bsp/ldscript" -I"D:/git/stm32f407vgt6/stm32f407vgt6_fw/09_uart2_3/src/bsp/startup" -I"D:/git/stm32f407vgt6/stm32f407vgt6_fw/09_uart2_3/src/common/include" -I"D:/git/stm32f407vgt6/stm32f407vgt6_fw/09_uart2_3/src/common/core" -I"D:/git/stm32f407vgt6/stm32f407vgt6_fw/09_uart2_3/src/lib/stm32f407vgt6_cube/Middlewares/ST/STM32_USB_Device_Library/Class/CDC/Inc" -I"D:/git/stm32f407vgt6/stm32f407vgt6_fw/09_uart2_3/src/lib/stm32f407vgt6_cube/Middlewares/ST/STM32_USB_Device_Library/Core/Inc" -I"D:/git/stm32f407vgt6/stm32f407vgt6_fw/09_uart2_3/src/lib/stm32f407vgt6_cube/USB_DEVICE/App" -I"D:/git/stm32f407vgt6/stm32f407vgt6_fw/09_uart2_3/src/lib/stm32f407vgt6_cube/USB_DEVICE/Target" -O0 -ffunction-sections -fdata-sections -Wall -fstack-usage -fcyclomatic-complexity -MMD -MP -MF"src/lib/stm32f407vgt6_cube/USB_DEVICE/App/usbd_desc.d" -MT"src/lib/stm32f407vgt6_cube/USB_DEVICE/App/usbd_desc.o" --specs=nano.specs -mfloat-abi=soft -mthumb -o "src/lib/stm32f407vgt6_cube/USB_DEVICE/App/usbd_desc.o"
arm-none-eabi-gcc "../src/lib/stm32f407vgt6_cube/Middlewares/ST/STM32_USB_Device_Library/Core/Src/usbd_core.c" -mcpu=cortex-m4 -std=gnu11 -g3 -DSTM32F407xx -c -I"D:/git/stm32f407vgt6/stm32f407vgt6_fw/09_uart2_3/src/lib/stm32f407vgt6_cube/Drivers/CMSIS/Device/ST/STM32F4xx/Include" -I"D:/git/stm32f407vgt6/stm32f407vgt6_fw/09_uart2_3/src/lib/stm32f407vgt6_cube/Drivers/CMSIS/Include" -I"D:/git/stm32f407vgt6/stm32f407vgt6_fw/09_uart2_3/src" -I"D:/git/stm32f407vgt6/stm32f407vgt6_fw/09_uart2_3/src/lib/stm32f407vgt6_cube/Drivers/STM32F4xx_HAL_Driver/Inc" -I"D:/git/stm32f407vgt6/stm32f407vgt6_fw/09_uart2_3/src/ap" -I"D:/git/stm32f407vgt6/stm32f407vgt6_fw/09_uart2_3/src/bsp" -I"D:/git/stm32f407vgt6/stm32f407vgt6_fw/09_uart2_3/src/common" -I"D:/git/stm32f407vgt6/stm32f407vgt6_fw/09_uart2_3/src/hw" -I"D:/git/stm32f407vgt6/stm32f407vgt6_fw/09_uart2_3/src/bsp/ldscript" -I"D:/git/stm32f407vgt6/stm32f407vgt6_fw/09_uart2_3/src/bsp/startup" -I"D:/git/stm32f407vgt6/stm32f407vgt6_fw/09_uart2_3/src/common/include" -I"D:/git/stm32f407vgt6/stm32f407vgt6_fw/09_uart2_3/src/common/core" -I"D:/git/stm32f407vgt6/stm32f407vgt6_fw/09_uart2_3/src/lib/stm32f407vgt6_cube/Middlewares/ST/STM32_USB_Device_Library/Class/CDC/Inc" -I"D:/git/stm32f407vgt6/stm32f407vgt6_fw/09_uart2_3/src/lib/stm32f407vgt6_cube/Middlewares/ST/STM32_USB_Device_Library/Core/Inc" -I"D:/git/stm32f407vgt6/stm32f407vgt6_fw/09_uart2_3/src/lib/stm32f407vgt6_cube/USB_DEVICE/App" -I"D:/git/stm32f407vgt6/stm32f407vgt6_fw/09_uart2_3/src/lib/stm32f407vgt6_cube/USB_DEVICE/Target" -O0 -ffunction-sections -fdata-sections -Wall -fstack-usage -fcyclomatic-complexity -MMD -MP -MF"src/lib/stm32f407vgt6_cube/Middlewares/ST/STM32_USB_Device_Library/Core/Src/usbd_core.d" -MT"src/lib/stm32f407vgt6_cube/Middlewares/ST/STM32_USB_Device_Library/Core/Src/usbd_core.o" --specs=nano.specs -mfloat-abi=soft -mthumb -o "src/lib/stm32f407vgt6_cube/Middlewares/ST/STM32_USB_Device_Library/Core/Src/usbd_core.o"
arm-none-eabi-gcc "../src/lib/stm32f407vgt6_cube/Middlewares/ST/STM32_USB_Device_Library/Core/Src/usbd_ctlreq.c" -mcpu=cortex-m4 -std=gnu11 -g3 -DSTM32F407xx -c -I"D:/git/stm32f407vgt6/stm32f407vgt6_fw/09_uart2_3/src/lib/stm32f407vgt6_cube/Drivers/CMSIS/Device/ST/STM32F4xx/Include" -I"D:/git/stm32f407vgt6/stm32f407vgt6_fw/09_uart2_3/src/lib/stm32f407vgt6_cube/Drivers/CMSIS/Include" -I"D:/git/stm32f407vgt6/stm32f407vgt6_fw/09_uart2_3/src" -I"D:/git/stm32f407vgt6/stm32f407vgt6_fw/09_uart2_3/src/lib/stm32f407vgt6_cube/Drivers/STM32F4xx_HAL_Driver/Inc" -I"D:/git/stm32f407vgt6/stm32f407vgt6_fw/09_uart2_3/src/ap" -I"D:/git/stm32f407vgt6/stm32f407vgt6_fw/09_uart2_3/src/bsp" -I"D:/git/stm32f407vgt6/stm32f407vgt6_fw/09_uart2_3/src/common" -I"D:/git/stm32f407vgt6/stm32f407vgt6_fw/09_uart2_3/src/hw" -I"D:/git/stm32f407vgt6/stm32f407vgt6_fw/09_uart2_3/src/bsp/ldscript" -I"D:/git/stm32f407vgt6/stm32f407vgt6_fw/09_uart2_3/src/bsp/startup" -I"D:/git/stm32f407vgt6/stm32f407vgt6_fw/09_uart2_3/src/common/include" -I"D:/git/stm32f407vgt6/stm32f407vgt6_fw/09_uart2_3/src/common/core" -I"D:/git/stm32f407vgt6/stm32f407vgt6_fw/09_uart2_3/src/lib/stm32f407vgt6_cube/Middlewares/ST/STM32_USB_Device_Library/Class/CDC/Inc" -I"D:/git/stm32f407vgt6/stm32f407vgt6_fw/09_uart2_3/src/lib/stm32f407vgt6_cube/Middlewares/ST/STM32_USB_Device_Library/Core/Inc" -I"D:/git/stm32f407vgt6/stm32f407vgt6_fw/09_uart2_3/src/lib/stm32f407vgt6_cube/USB_DEVICE/App" -I"D:/git/stm32f407vgt6/stm32f407vgt6_fw/09_uart2_3/src/lib/stm32f407vgt6_cube/USB_DEVICE/Target" -O0 -ffunction-sections -fdata-sections -Wall -fstack-usage -fcyclomatic-complexity -MMD -MP -MF"src/lib/stm32f407vgt6_cube/Middlewares/ST/STM32_USB_Device_Library/Core/Src/usbd_ctlreq.d" -MT"src/lib/stm32f407vgt6_cube/Middlewares/ST/STM32_USB_Device_Library/Core/Src/usbd_ctlreq.o" --specs=nano.specs -mfloat-abi=soft -mthumb -o "src/lib/stm32f407vgt6_cube/Middlewares/ST/STM32_USB_Device_Library/Core/Src/usbd_ctlreq.o"
arm-none-eabi-gcc "../src/lib/stm32f407vgt6_cube/Middlewares/ST/STM32_USB_Device_Library/Core/Src/usbd_ioreq.c" -mcpu=cortex-m4 -std=gnu11 -g3 -DSTM32F407xx -c -I"D:/git/stm32f407vgt6/stm32f407vgt6_fw/09_uart2_3/src/lib/stm32f407vgt6_cube/Drivers/CMSIS/Device/ST/STM32F4xx/Include" -I"D:/git/stm32f407vgt6/stm32f407vgt6_fw/09_uart2_3/src/lib/stm32f407vgt6_cube/Drivers/CMSIS/Include" -I"D:/git/stm32f407vgt6/stm32f407vgt6_fw/09_uart2_3/src" -I"D:/git/stm32f407vgt6/stm32f407vgt6_fw/09_uart2_3/src/lib/stm32f407vgt6_cube/Drivers/STM32F4xx_HAL_Driver/Inc" -I"D:/git/stm32f407vgt6/stm32f407vgt6_fw/09_uart2_3/src/ap" -I"D:/git/stm32f407vgt6/stm32f407vgt6_fw/09_uart2_3/src/bsp" -I"D:/git/stm32f407vgt6/stm32f407vgt6_fw/09_uart2_3/src/common" -I"D:/git/stm32f407vgt6/stm32f407vgt6_fw/09_uart2_3/src/hw" -I"D:/git/stm32f407vgt6/stm32f407vgt6_fw/09_uart2_3/src/bsp/ldscript" -I"D:/git/stm32f407vgt6/stm32f407vgt6_fw/09_uart2_3/src/bsp/startup" -I"D:/git/stm32f407vgt6/stm32f407vgt6_fw/09_uart2_3/src/common/include" -I"D:/git/stm32f407vgt6/stm32f407vgt6_fw/09_uart2_3/src/common/core" -I"D:/git/stm32f407vgt6/stm32f407vgt6_fw/09_uart2_3/src/lib/stm32f407vgt6_cube/Middlewares/ST/STM32_USB_Device_Library/Class/CDC/Inc" -I"D:/git/stm32f407vgt6/stm32f407vgt6_fw/09_uart2_3/src/lib/stm32f407vgt6_cube/Middlewares/ST/STM32_USB_Device_Library/Core/Inc" -I"D:/git/stm32f407vgt6/stm32f407vgt6_fw/09_uart2_3/src/lib/stm32f407vgt6_cube/USB_DEVICE/App" -I"D:/git/stm32f407vgt6/stm32f407vgt6_fw/09_uart2_3/src/lib/stm32f407vgt6_cube/USB_DEVICE/Target" -O0 -ffunction-sections -fdata-sections -Wall -fstack-usage -fcyclomatic-complexity -MMD -MP -MF"src/lib/stm32f407vgt6_cube/Middlewares/ST/STM32_USB_Device_Library/Core/Src/usbd_ioreq.d" -MT"src/lib/stm32f407vgt6_cube/Middlewares/ST/STM32_USB_Device_Library/Core/Src/usbd_ioreq.o" --specs=nano.specs -mfloat-abi=soft -mthumb -o "src/lib/stm32f407vgt6_cube/Middlewares/ST/STM32_USB_Device_Library/Core/Src/usbd_ioreq.o"
arm-none-eabi-gcc "../src/lib/stm32f407vgt6_cube/Middlewares/ST/STM32_USB_Device_Library/Class/CDC/Src/usbd_cdc.c" -mcpu=cortex-m4 -std=gnu11 -g3 -DSTM32F407xx -c -I"D:/git/stm32f407vgt6/stm32f407vgt6_fw/09_uart2_3/src/lib/stm32f407vgt6_cube/Drivers/CMSIS/Device/ST/STM32F4xx/Include" -I"D:/git/stm32f407vgt6/stm32f407vgt6_fw/09_uart2_3/src/lib/stm32f407vgt6_cube/Drivers/CMSIS/Include" -I"D:/git/stm32f407vgt6/stm32f407vgt6_fw/09_uart2_3/src" -I"D:/git/stm32f407vgt6/stm32f407vgt6_fw/09_uart2_3/src/lib/stm32f407vgt6_cube/Drivers/STM32F4xx_HAL_Driver/Inc" -I"D:/git/stm32f407vgt6/stm32f407vgt6_fw/09_uart2_3/src/ap" -I"D:/git/stm32f407vgt6/stm32f407vgt6_fw/09_uart2_3/src/bsp" -I"D:/git/stm32f407vgt6/stm32f407vgt6_fw/09_uart2_3/src/common" -I"D:/git/stm32f407vgt6/stm32f407vgt6_fw/09_uart2_3/src/hw" -I"D:/git/stm32f407vgt6/stm32f407vgt6_fw/09_uart2_3/src/bsp/ldscript" -I"D:/git/stm32f407vgt6/stm32f407vgt6_fw/09_uart2_3/src/bsp/startup" -I"D:/git/stm32f407vgt6/stm32f407vgt6_fw/09_uart2_3/src/common/include" -I"D:/git/stm32f407vgt6/stm32f407vgt6_fw/09_uart2_3/src/common/core" -I"D:/git/stm32f407vgt6/stm32f407vgt6_fw/09_uart2_3/src/lib/stm32f407vgt6_cube/Middlewares/ST/STM32_USB_Device_Library/Class/CDC/Inc" -I"D:/git/stm32f407vgt6/stm32f407vgt6_fw/09_uart2_3/src/lib/stm32f407vgt6_cube/Middlewares/ST/STM32_USB_Device_Library/Core/Inc" -I"D:/git/stm32f407vgt6/stm32f407vgt6_fw/09_uart2_3/src/lib/stm32f407vgt6_cube/USB_DEVICE/App" -I"D:/git/stm32f407vgt6/stm32f407vgt6_fw/09_uart2_3/src/lib/stm32f407vgt6_cube/USB_DEVICE/Target" -O0 -ffunction-sections -fdata-sections -Wall -fstack-usage -fcyclomatic-complexity -MMD -MP -MF"src/lib/stm32f407vgt6_cube/Middlewares/ST/STM32_USB_Device_Library/Class/CDC/Src/usbd_cdc.d" -MT"src/lib/stm32f407vgt6_cube/Middlewares/ST/STM32_USB_Device_Library/Class/CDC/Src/usbd_cdc.o" --specs=nano.specs -mfloat-abi=soft -mthumb -o "src/lib/stm32f407vgt6_cube/Middlewares/ST/STM32_USB_Device_Library/Class/CDC/Src/usbd_cdc.o"
arm-none-eabi-gcc "../src/lib/stm32f407vgt6_cube/Drivers/STM32F4xx_HAL_Driver/Src/stm32f4xx_hal.c" -mcpu=cortex-m4 -std=gnu11 -g3 -DSTM32F407xx -c -I"D:/git/stm32f407vgt6/stm32f407vgt6_fw/09_uart2_3/src/lib/stm32f407vgt6_cube/Drivers/CMSIS/Device/ST/STM32F4xx/Include" -I"D:/git/stm32f407vgt6/stm32f407vgt6_fw/09_uart2_3/src/lib/stm32f407vgt6_cube/Drivers/CMSIS/Include" -I"D:/git/stm32f407vgt6/stm32f407vgt6_fw/09_uart2_3/src" -I"D:/git/stm32f407vgt6/stm32f407vgt6_fw/09_uart2_3/src/lib/stm32f407vgt6_cube/Drivers/STM32F4xx_HAL_Driver/Inc" -I"D:/git/stm32f407vgt6/stm32f407vgt6_fw/09_uart2_3/src/ap" -I"D:/git/stm32f407vgt6/stm32f407vgt6_fw/09_uart2_3/src/bsp" -I"D:/git/stm32f407vgt6/stm32f407vgt6_fw/09_uart2_3/src/common" -I"D:/git/stm32f407vgt6/stm32f407vgt6_fw/09_uart2_3/src/hw" -I"D:/git/stm32f407vgt6/stm32f407vgt6_fw/09_uart2_3/src/bsp/ldscript" -I"D:/git/stm32f407vgt6/stm32f407vgt6_fw/09_uart2_3/src/bsp/startup" -I"D:/git/stm32f407vgt6/stm32f407vgt6_fw/09_uart2_3/src/common/include" -I"D:/git/stm32f407vgt6/stm32f407vgt6_fw/09_uart2_3/src/common/core" -I"D:/git/stm32f407vgt6/stm32f407vgt6_fw/09_uart2_3/src/lib/stm32f407vgt6_cube/Middlewares/ST/STM32_USB_Device_Library/Class/CDC/Inc" -I"D:/git/stm32f407vgt6/stm32f407vgt6_fw/09_uart2_3/src/lib/stm32f407vgt6_cube/Middlewares/ST/STM32_USB_Device_Library/Core/Inc" -I"D:/git/stm32f407vgt6/stm32f407vgt6_fw/09_uart2_3/src/lib/stm32f407vgt6_cube/USB_DEVICE/App" -I"D:/git/stm32f407vgt6/stm32f407vgt6_fw/09_uart2_3/src/lib/stm32f407vgt6_cube/USB_DEVICE/Target" -O0 -ffunction-sections -fdata-sections -Wall -fstack-usage -fcyclomatic-complexity -MMD -MP -MF"src/lib/stm32f407vgt6_cube/Drivers/STM32F4xx_HAL_Driver/Src/stm32f4xx_hal.d" -MT"src/lib/stm32f407vgt6_cube/Drivers/STM32F4xx_HAL_Driver/Src/stm32f4xx_hal.o" --specs=nano.specs -mfloat-abi=soft -mthumb -o "src/lib/stm32f407vgt6_cube/Drivers/STM32F4xx_HAL_Driver/Src/stm32f4xx_hal.o"
arm-none-eabi-gcc "../src/lib/stm32f407vgt6_cube/Drivers/STM32F4xx_HAL_Driver/Src/stm32f4xx_hal_cortex.c" -mcpu=cortex-m4 -std=gnu11 -g3 -DSTM32F407xx -c -I"D:/git/stm32f407vgt6/stm32f407vgt6_fw/09_uart2_3/src/lib/stm32f407vgt6_cube/Drivers/CMSIS/Device/ST/STM32F4xx/Include" -I"D:/git/stm32f407vgt6/stm32f407vgt6_fw/09_uart2_3/src/lib/stm32f407vgt6_cube/Drivers/CMSIS/Include" -I"D:/git/stm32f407vgt6/stm32f407vgt6_fw/09_uart2_3/src" -I"D:/git/stm32f407vgt6/stm32f407vgt6_fw/09_uart2_3/src/lib/stm32f407vgt6_cube/Drivers/STM32F4xx_HAL_Driver/Inc" -I"D:/git/stm32f407vgt6/stm32f407vgt6_fw/09_uart2_3/src/ap" -I"D:/git/stm32f407vgt6/stm32f407vgt6_fw/09_uart2_3/src/bsp" -I"D:/git/stm32f407vgt6/stm32f407vgt6_fw/09_uart2_3/src/common" -I"D:/git/stm32f407vgt6/stm32f407vgt6_fw/09_uart2_3/src/hw" -I"D:/git/stm32f407vgt6/stm32f407vgt6_fw/09_uart2_3/src/bsp/ldscript" -I"D:/git/stm32f407vgt6/stm32f407vgt6_fw/09_uart2_3/src/bsp/startup" -I"D:/git/stm32f407vgt6/stm32f407vgt6_fw/09_uart2_3/src/common/include" -I"D:/git/stm32f407vgt6/stm32f407vgt6_fw/09_uart2_3/src/common/core" -I"D:/git/stm32f407vgt6/stm32f407vgt6_fw/09_uart2_3/src/lib/stm32f407vgt6_cube/Middlewares/ST/STM32_USB_Device_Library/Class/CDC/Inc" -I"D:/git/stm32f407vgt6/stm32f407vgt6_fw/09_uart2_3/src/lib/stm32f407vgt6_cube/Middlewares/ST/STM32_USB_Device_Library/Core/Inc" -I"D:/git/stm32f407vgt6/stm32f407vgt6_fw/09_uart2_3/src/lib/stm32f407vgt6_cube/USB_DEVICE/App" -I"D:/git/stm32f407vgt6/stm32f407vgt6_fw/09_uart2_3/src/lib/stm32f407vgt6_cube/USB_DEVICE/Target" -O0 -ffunction-sections -fdata-sections -Wall -fstack-usage -fcyclomatic-complexity -MMD -MP -MF"src/lib/stm32f407vgt6_cube/Drivers/STM32F4xx_HAL_Driver/Src/stm32f4xx_hal_cortex.d" -MT"src/lib/stm32f407vgt6_cube/Drivers/STM32F4xx_HAL_Driver/Src/stm32f4xx_hal_cortex.o" --specs=nano.specs -mfloat-abi=soft -mthumb -o "src/lib/stm32f407vgt6_cube/Drivers/STM32F4xx_HAL_Driver/Src/stm32f4xx_hal_cortex.o"
arm-none-eabi-gcc "../src/lib/stm32f407vgt6_cube/Drivers/STM32F4xx_HAL_Driver/Src/stm32f4xx_hal_dma.c" -mcpu=cortex-m4 -std=gnu11 -g3 -DSTM32F407xx -c -I"D:/git/stm32f407vgt6/stm32f407vgt6_fw/09_uart2_3/src/lib/stm32f407vgt6_cube/Drivers/CMSIS/Device/ST/STM32F4xx/Include" -I"D:/git/stm32f407vgt6/stm32f407vgt6_fw/09_uart2_3/src/lib/stm32f407vgt6_cube/Drivers/CMSIS/Include" -I"D:/git/stm32f407vgt6/stm32f407vgt6_fw/09_uart2_3/src" -I"D:/git/stm32f407vgt6/stm32f407vgt6_fw/09_uart2_3/src/lib/stm32f407vgt6_cube/Drivers/STM32F4xx_HAL_Driver/Inc" -I"D:/git/stm32f407vgt6/stm32f407vgt6_fw/09_uart2_3/src/ap" -I"D:/git/stm32f407vgt6/stm32f407vgt6_fw/09_uart2_3/src/bsp" -I"D:/git/stm32f407vgt6/stm32f407vgt6_fw/09_uart2_3/src/common" -I"D:/git/stm32f407vgt6/stm32f407vgt6_fw/09_uart2_3/src/hw" -I"D:/git/stm32f407vgt6/stm32f407vgt6_fw/09_uart2_3/src/bsp/ldscript" -I"D:/git/stm32f407vgt6/stm32f407vgt6_fw/09_uart2_3/src/bsp/startup" -I"D:/git/stm32f407vgt6/stm32f407vgt6_fw/09_uart2_3/src/common/include" -I"D:/git/stm32f407vgt6/stm32f407vgt6_fw/09_uart2_3/src/common/core" -I"D:/git/stm32f407vgt6/stm32f407vgt6_fw/09_uart2_3/src/lib/stm32f407vgt6_cube/Middlewares/ST/STM32_USB_Device_Library/Class/CDC/Inc" -I"D:/git/stm32f407vgt6/stm32f407vgt6_fw/09_uart2_3/src/lib/stm32f407vgt6_cube/Middlewares/ST/STM32_USB_Device_Library/Core/Inc" -I"D:/git/stm32f407vgt6/stm32f407vgt6_fw/09_uart2_3/src/lib/stm32f407vgt6_cube/USB_DEVICE/App" -I"D:/git/stm32f407vgt6/stm32f407vgt6_fw/09_uart2_3/src/lib/stm32f407vgt6_cube/USB_DEVICE/Target" -O0 -ffunction-sections -fdata-sections -Wall -fstack-usage -fcyclomatic-complexity -MMD -MP -MF"src/lib/stm32f407vgt6_cube/Drivers/STM32F4xx_HAL_Driver/Src/stm32f4xx_hal_dma.d" -MT"src/lib/stm32f407vgt6_cube/Drivers/STM32F4xx_HAL_Driver/Src/stm32f4xx_hal_dma.o" --specs=nano.specs -mfloat-abi=soft -mthumb -o "src/lib/stm32f407vgt6_cube/Drivers/STM32F4xx_HAL_Driver/Src/stm32f4xx_hal_dma.o"
arm-none-eabi-gcc "../src/lib/stm32f407vgt6_cube/Drivers/STM32F4xx_HAL_Driver/Src/stm32f4xx_hal_dma_ex.c" -mcpu=cortex-m4 -std=gnu11 -g3 -DSTM32F407xx -c -I"D:/git/stm32f407vgt6/stm32f407vgt6_fw/09_uart2_3/src/lib/stm32f407vgt6_cube/Drivers/CMSIS/Device/ST/STM32F4xx/Include" -I"D:/git/stm32f407vgt6/stm32f407vgt6_fw/09_uart2_3/src/lib/stm32f407vgt6_cube/Drivers/CMSIS/Include" -I"D:/git/stm32f407vgt6/stm32f407vgt6_fw/09_uart2_3/src" -I"D:/git/stm32f407vgt6/stm32f407vgt6_fw/09_uart2_3/src/lib/stm32f407vgt6_cube/Drivers/STM32F4xx_HAL_Driver/Inc" -I"D:/git/stm32f407vgt6/stm32f407vgt6_fw/09_uart2_3/src/ap" -I"D:/git/stm32f407vgt6/stm32f407vgt6_fw/09_uart2_3/src/bsp" -I"D:/git/stm32f407vgt6/stm32f407vgt6_fw/09_uart2_3/src/common" -I"D:/git/stm32f407vgt6/stm32f407vgt6_fw/09_uart2_3/src/hw" -I"D:/git/stm32f407vgt6/stm32f407vgt6_fw/09_uart2_3/src/bsp/ldscript" -I"D:/git/stm32f407vgt6/stm32f407vgt6_fw/09_uart2_3/src/bsp/startup" -I"D:/git/stm32f407vgt6/stm32f407vgt6_fw/09_uart2_3/src/common/include" -I"D:/git/stm32f407vgt6/stm32f407vgt6_fw/09_uart2_3/src/common/core" -I"D:/git/stm32f407vgt6/stm32f407vgt6_fw/09_uart2_3/src/lib/stm32f407vgt6_cube/Middlewares/ST/STM32_USB_Device_Library/Class/CDC/Inc" -I"D:/git/stm32f407vgt6/stm32f407vgt6_fw/09_uart2_3/src/lib/stm32f407vgt6_cube/Middlewares/ST/STM32_USB_Device_Library/Core/Inc" -I"D:/git/stm32f407vgt6/stm32f407vgt6_fw/09_uart2_3/src/lib/stm32f407vgt6_cube/USB_DEVICE/App" -I"D:/git/stm32f407vgt6/stm32f407vgt6_fw/09_uart2_3/src/lib/stm32f407vgt6_cube/USB_DEVICE/Target" -O0 -ffunction-sections -fdata-sections -Wall -fstack-usage -fcyclomatic-complexity -MMD -MP -MF"src/lib/stm32f407vgt6_cube/Drivers/STM32F4xx_HAL_Driver/Src/stm32f4xx_hal_dma_ex.d" -MT"src/lib/stm32f407vgt6_cube/Drivers/STM32F4xx_HAL_Driver/Src/stm32f4xx_hal_dma_ex.o" --specs=nano.specs -mfloat-abi=soft -mthumb -o "src/lib/stm32f407vgt6_cube/Drivers/STM32F4xx_HAL_Driver/Src/stm32f4xx_hal_dma_ex.o"
arm-none-eabi-gcc "../src/lib/stm32f407vgt6_cube/Drivers/STM32F4xx_HAL_Driver/Src/stm32f4xx_hal_exti.c" -mcpu=cortex-m4 -std=gnu11 -g3 -DSTM32F407xx -c -I"D:/git/stm32f407vgt6/stm32f407vgt6_fw/09_uart2_3/src/lib/stm32f407vgt6_cube/Drivers/CMSIS/Device/ST/STM32F4xx/Include" -I"D:/git/stm32f407vgt6/stm32f407vgt6_fw/09_uart2_3/src/lib/stm32f407vgt6_cube/Drivers/CMSIS/Include" -I"D:/git/stm32f407vgt6/stm32f407vgt6_fw/09_uart2_3/src" -I"D:/git/stm32f407vgt6/stm32f407vgt6_fw/09_uart2_3/src/lib/stm32f407vgt6_cube/Drivers/STM32F4xx_HAL_Driver/Inc" -I"D:/git/stm32f407vgt6/stm32f407vgt6_fw/09_uart2_3/src/ap" -I"D:/git/stm32f407vgt6/stm32f407vgt6_fw/09_uart2_3/src/bsp" -I"D:/git/stm32f407vgt6/stm32f407vgt6_fw/09_uart2_3/src/common" -I"D:/git/stm32f407vgt6/stm32f407vgt6_fw/09_uart2_3/src/hw" -I"D:/git/stm32f407vgt6/stm32f407vgt6_fw/09_uart2_3/src/bsp/ldscript" -I"D:/git/stm32f407vgt6/stm32f407vgt6_fw/09_uart2_3/src/bsp/startup" -I"D:/git/stm32f407vgt6/stm32f407vgt6_fw/09_uart2_3/src/common/include" -I"D:/git/stm32f407vgt6/stm32f407vgt6_fw/09_uart2_3/src/common/core" -I"D:/git/stm32f407vgt6/stm32f407vgt6_fw/09_uart2_3/src/lib/stm32f407vgt6_cube/Middlewares/ST/STM32_USB_Device_Library/Class/CDC/Inc" -I"D:/git/stm32f407vgt6/stm32f407vgt6_fw/09_uart2_3/src/lib/stm32f407vgt6_cube/Middlewares/ST/STM32_USB_Device_Library/Core/Inc" -I"D:/git/stm32f407vgt6/stm32f407vgt6_fw/09_uart2_3/src/lib/stm32f407vgt6_cube/USB_DEVICE/App" -I"D:/git/stm32f407vgt6/stm32f407vgt6_fw/09_uart2_3/src/lib/stm32f407vgt6_cube/USB_DEVICE/Target" -O0 -ffunction-sections -fdata-sections -Wall -fstack-usage -fcyclomatic-complexity -MMD -MP -MF"src/lib/stm32f407vgt6_cube/Drivers/STM32F4xx_HAL_Driver/Src/stm32f4xx_hal_exti.d" -MT"src/lib/stm32f407vgt6_cube/Drivers/STM32F4xx_HAL_Driver/Src/stm32f4xx_hal_exti.o" --specs=nano.specs -mfloat-abi=soft -mthumb -o "src/lib/stm32f407vgt6_cube/Drivers/STM32F4xx_HAL_Driver/Src/stm32f4xx_hal_exti.o"
arm-none-eabi-gcc "../src/lib/stm32f407vgt6_cube/Drivers/STM32F4xx_HAL_Driver/Src/stm32f4xx_hal_flash.c" -mcpu=cortex-m4 -std=gnu11 -g3 -DSTM32F407xx -c -I"D:/git/stm32f407vgt6/stm32f407vgt6_fw/09_uart2_3/src/lib/stm32f407vgt6_cube/Drivers/CMSIS/Device/ST/STM32F4xx/Include" -I"D:/git/stm32f407vgt6/stm32f407vgt6_fw/09_uart2_3/src/lib/stm32f407vgt6_cube/Drivers/CMSIS/Include" -I"D:/git/stm32f407vgt6/stm32f407vgt6_fw/09_uart2_3/src" -I"D:/git/stm32f407vgt6/stm32f407vgt6_fw/09_uart2_3/src/lib/stm32f407vgt6_cube/Drivers/STM32F4xx_HAL_Driver/Inc" -I"D:/git/stm32f407vgt6/stm32f407vgt6_fw/09_uart2_3/src/ap" -I"D:/git/stm32f407vgt6/stm32f407vgt6_fw/09_uart2_3/src/bsp" -I"D:/git/stm32f407vgt6/stm32f407vgt6_fw/09_uart2_3/src/common" -I"D:/git/stm32f407vgt6/stm32f407vgt6_fw/09_uart2_3/src/hw" -I"D:/git/stm32f407vgt6/stm32f407vgt6_fw/09_uart2_3/src/bsp/ldscript" -I"D:/git/stm32f407vgt6/stm32f407vgt6_fw/09_uart2_3/src/bsp/startup" -I"D:/git/stm32f407vgt6/stm32f407vgt6_fw/09_uart2_3/src/common/include" -I"D:/git/stm32f407vgt6/stm32f407vgt6_fw/09_uart2_3/src/common/core" -I"D:/git/stm32f407vgt6/stm32f407vgt6_fw/09_uart2_3/src/lib/stm32f407vgt6_cube/Middlewares/ST/STM32_USB_Device_Library/Class/CDC/Inc" -I"D:/git/stm32f407vgt6/stm32f407vgt6_fw/09_uart2_3/src/lib/stm32f407vgt6_cube/Middlewares/ST/STM32_USB_Device_Library/Core/Inc" -I"D:/git/stm32f407vgt6/stm32f407vgt6_fw/09_uart2_3/src/lib/stm32f407vgt6_cube/USB_DEVICE/App" -I"D:/git/stm32f407vgt6/stm32f407vgt6_fw/09_uart2_3/src/lib/stm32f407vgt6_cube/USB_DEVICE/Target" -O0 -ffunction-sections -fdata-sections -Wall -fstack-usage -fcyclomatic-complexity -MMD -MP -MF"src/lib/stm32f407vgt6_cube/Drivers/STM32F4xx_HAL_Driver/Src/stm32f4xx_hal_flash.d" -MT"src/lib/stm32f407vgt6_cube/Drivers/STM32F4xx_HAL_Driver/Src/stm32f4xx_hal_flash.o" --specs=nano.specs -mfloat-abi=soft -mthumb -o "src/lib/stm32f407vgt6_cube/Drivers/STM32F4xx_HAL_Driver/Src/stm32f4xx_hal_flash.o"
arm-none-eabi-gcc "../src/lib/stm32f407vgt6_cube/Drivers/STM32F4xx_HAL_Driver/Src/stm32f4xx_hal_flash_ex.c" -mcpu=cortex-m4 -std=gnu11 -g3 -DSTM32F407xx -c -I"D:/git/stm32f407vgt6/stm32f407vgt6_fw/09_uart2_3/src/lib/stm32f407vgt6_cube/Drivers/CMSIS/Device/ST/STM32F4xx/Include" -I"D:/git/stm32f407vgt6/stm32f407vgt6_fw/09_uart2_3/src/lib/stm32f407vgt6_cube/Drivers/CMSIS/Include" -I"D:/git/stm32f407vgt6/stm32f407vgt6_fw/09_uart2_3/src" -I"D:/git/stm32f407vgt6/stm32f407vgt6_fw/09_uart2_3/src/lib/stm32f407vgt6_cube/Drivers/STM32F4xx_HAL_Driver/Inc" -I"D:/git/stm32f407vgt6/stm32f407vgt6_fw/09_uart2_3/src/ap" -I"D:/git/stm32f407vgt6/stm32f407vgt6_fw/09_uart2_3/src/bsp" -I"D:/git/stm32f407vgt6/stm32f407vgt6_fw/09_uart2_3/src/common" -I"D:/git/stm32f407vgt6/stm32f407vgt6_fw/09_uart2_3/src/hw" -I"D:/git/stm32f407vgt6/stm32f407vgt6_fw/09_uart2_3/src/bsp/ldscript" -I"D:/git/stm32f407vgt6/stm32f407vgt6_fw/09_uart2_3/src/bsp/startup" -I"D:/git/stm32f407vgt6/stm32f407vgt6_fw/09_uart2_3/src/common/include" -I"D:/git/stm32f407vgt6/stm32f407vgt6_fw/09_uart2_3/src/common/core" -I"D:/git/stm32f407vgt6/stm32f407vgt6_fw/09_uart2_3/src/lib/stm32f407vgt6_cube/Middlewares/ST/STM32_USB_Device_Library/Class/CDC/Inc" -I"D:/git/stm32f407vgt6/stm32f407vgt6_fw/09_uart2_3/src/lib/stm32f407vgt6_cube/Middlewares/ST/STM32_USB_Device_Library/Core/Inc" -I"D:/git/stm32f407vgt6/stm32f407vgt6_fw/09_uart2_3/src/lib/stm32f407vgt6_cube/USB_DEVICE/App" -I"D:/git/stm32f407vgt6/stm32f407vgt6_fw/09_uart2_3/src/lib/stm32f407vgt6_cube/USB_DEVICE/Target" -O0 -ffunction-sections -fdata-sections -Wall -fstack-usage -fcyclomatic-complexity -MMD -MP -MF"src/lib/stm32f407vgt6_cube/Drivers/STM32F4xx_HAL_Driver/Src/stm32f4xx_hal_flash_ex.d" -MT"src/lib/stm32f407vgt6_cube/Drivers/STM32F4xx_HAL_Driver/Src/stm32f4xx_hal_flash_ex.o" --specs=nano.specs -mfloat-abi=soft -mthumb -o "src/lib/stm32f407vgt6_cube/Drivers/STM32F4xx_HAL_Driver/Src/stm32f4xx_hal_flash_ex.o"
arm-none-eabi-gcc "../src/lib/stm32f407vgt6_cube/Drivers/STM32F4xx_HAL_Driver/Src/stm32f4xx_hal_flash_ramfunc.c" -mcpu=cortex-m4 -std=gnu11 -g3 -DSTM32F407xx -c -I"D:/git/stm32f407vgt6/stm32f407vgt6_fw/09_uart2_3/src/lib/stm32f407vgt6_cube/Drivers/CMSIS/Device/ST/STM32F4xx/Include" -I"D:/git/stm32f407vgt6/stm32f407vgt6_fw/09_uart2_3/src/lib/stm32f407vgt6_cube/Drivers/CMSIS/Include" -I"D:/git/stm32f407vgt6/stm32f407vgt6_fw/09_uart2_3/src" -I"D:/git/stm32f407vgt6/stm32f407vgt6_fw/09_uart2_3/src/lib/stm32f407vgt6_cube/Drivers/STM32F4xx_HAL_Driver/Inc" -I"D:/git/stm32f407vgt6/stm32f407vgt6_fw/09_uart2_3/src/ap" -I"D:/git/stm32f407vgt6/stm32f407vgt6_fw/09_uart2_3/src/bsp" -I"D:/git/stm32f407vgt6/stm32f407vgt6_fw/09_uart2_3/src/common" -I"D:/git/stm32f407vgt6/stm32f407vgt6_fw/09_uart2_3/src/hw" -I"D:/git/stm32f407vgt6/stm32f407vgt6_fw/09_uart2_3/src/bsp/ldscript" -I"D:/git/stm32f407vgt6/stm32f407vgt6_fw/09_uart2_3/src/bsp/startup" -I"D:/git/stm32f407vgt6/stm32f407vgt6_fw/09_uart2_3/src/common/include" -I"D:/git/stm32f407vgt6/stm32f407vgt6_fw/09_uart2_3/src/common/core" -I"D:/git/stm32f407vgt6/stm32f407vgt6_fw/09_uart2_3/src/lib/stm32f407vgt6_cube/Middlewares/ST/STM32_USB_Device_Library/Class/CDC/Inc" -I"D:/git/stm32f407vgt6/stm32f407vgt6_fw/09_uart2_3/src/lib/stm32f407vgt6_cube/Middlewares/ST/STM32_USB_Device_Library/Core/Inc" -I"D:/git/stm32f407vgt6/stm32f407vgt6_fw/09_uart2_3/src/lib/stm32f407vgt6_cube/USB_DEVICE/App" -I"D:/git/stm32f407vgt6/stm32f407vgt6_fw/09_uart2_3/src/lib/stm32f407vgt6_cube/USB_DEVICE/Target" -O0 -ffunction-sections -fdata-sections -Wall -fstack-usage -fcyclomatic-complexity -MMD -MP -MF"src/lib/stm32f407vgt6_cube/Drivers/STM32F4xx_HAL_Driver/Src/stm32f4xx_hal_flash_ramfunc.d" -MT"src/lib/stm32f407vgt6_cube/Drivers/STM32F4xx_HAL_Driver/Src/stm32f4xx_hal_flash_ramfunc.o" --specs=nano.specs -mfloat-abi=soft -mthumb -o "src/lib/stm32f407vgt6_cube/Drivers/STM32F4xx_HAL_Driver/Src/stm32f4xx_hal_flash_ramfunc.o"
../src/lib/stm32f407vgt6_cube/USB_DEVICE/App/usb_device.c: In function 'MX_USB_DEVICE_Init':
../src/lib/stm32f407vgt6_cube/USB_DEVICE/App/usb_device.c:73:5: warning: implicit declaration of function 'Error_Handler' [-Wimplicit-function-declaration]
   73 |     Error_Handler();
      |     ^~~~~~~~~~~~~
arm-none-eabi-gcc "../src/lib/stm32f407vgt6_cube/Drivers/STM32F4xx_HAL_Driver/Src/stm32f4xx_hal_gpio.c" -mcpu=cortex-m4 -std=gnu11 -g3 -DSTM32F407xx -c -I"D:/git/stm32f407vgt6/stm32f407vgt6_fw/09_uart2_3/src/lib/stm32f407vgt6_cube/Drivers/CMSIS/Device/ST/STM32F4xx/Include" -I"D:/git/stm32f407vgt6/stm32f407vgt6_fw/09_uart2_3/src/lib/stm32f407vgt6_cube/Drivers/CMSIS/Include" -I"D:/git/stm32f407vgt6/stm32f407vgt6_fw/09_uart2_3/src" -I"D:/git/stm32f407vgt6/stm32f407vgt6_fw/09_uart2_3/src/lib/stm32f407vgt6_cube/Drivers/STM32F4xx_HAL_Driver/Inc" -I"D:/git/stm32f407vgt6/stm32f407vgt6_fw/09_uart2_3/src/ap" -I"D:/git/stm32f407vgt6/stm32f407vgt6_fw/09_uart2_3/src/bsp" -I"D:/git/stm32f407vgt6/stm32f407vgt6_fw/09_uart2_3/src/common" -I"D:/git/stm32f407vgt6/stm32f407vgt6_fw/09_uart2_3/src/hw" -I"D:/git/stm32f407vgt6/stm32f407vgt6_fw/09_uart2_3/src/bsp/ldscript" -I"D:/git/stm32f407vgt6/stm32f407vgt6_fw/09_uart2_3/src/bsp/startup" -I"D:/git/stm32f407vgt6/stm32f407vgt6_fw/09_uart2_3/src/common/include" -I"D:/git/stm32f407vgt6/stm32f407vgt6_fw/09_uart2_3/src/common/core" -I"D:/git/stm32f407vgt6/stm32f407vgt6_fw/09_uart2_3/src/lib/stm32f407vgt6_cube/Middlewares/ST/STM32_USB_Device_Library/Class/CDC/Inc" -I"D:/git/stm32f407vgt6/stm32f407vgt6_fw/09_uart2_3/src/lib/stm32f407vgt6_cube/Middlewares/ST/STM32_USB_Device_Library/Core/Inc" -I"D:/git/stm32f407vgt6/stm32f407vgt6_fw/09_uart2_3/src/lib/stm32f407vgt6_cube/USB_DEVICE/App" -I"D:/git/stm32f407vgt6/stm32f407vgt6_fw/09_uart2_3/src/lib/stm32f407vgt6_cube/USB_DEVICE/Target" -O0 -ffunction-sections -fdata-sections -Wall -fstack-usage -fcyclomatic-complexity -MMD -MP -MF"src/lib/stm32f407vgt6_cube/Drivers/STM32F4xx_HAL_Driver/Src/stm32f4xx_hal_gpio.d" -MT"src/lib/stm32f407vgt6_cube/Drivers/STM32F4xx_HAL_Driver/Src/stm32f4xx_hal_gpio.o" --specs=nano.specs -mfloat-abi=soft -mthumb -o "src/lib/stm32f407vgt6_cube/Drivers/STM32F4xx_HAL_Driver/Src/stm32f4xx_hal_gpio.o"
arm-none-eabi-gcc "../src/lib/stm32f407vgt6_cube/Drivers/STM32F4xx_HAL_Driver/Src/stm32f4xx_hal_pcd.c" -mcpu=cortex-m4 -std=gnu11 -g3 -DSTM32F407xx -c -I"D:/git/stm32f407vgt6/stm32f407vgt6_fw/09_uart2_3/src/lib/stm32f407vgt6_cube/Drivers/CMSIS/Device/ST/STM32F4xx/Include" -I"D:/git/stm32f407vgt6/stm32f407vgt6_fw/09_uart2_3/src/lib/stm32f407vgt6_cube/Drivers/CMSIS/Include" -I"D:/git/stm32f407vgt6/stm32f407vgt6_fw/09_uart2_3/src" -I"D:/git/stm32f407vgt6/stm32f407vgt6_fw/09_uart2_3/src/lib/stm32f407vgt6_cube/Drivers/STM32F4xx_HAL_Driver/Inc" -I"D:/git/stm32f407vgt6/stm32f407vgt6_fw/09_uart2_3/src/ap" -I"D:/git/stm32f407vgt6/stm32f407vgt6_fw/09_uart2_3/src/bsp" -I"D:/git/stm32f407vgt6/stm32f407vgt6_fw/09_uart2_3/src/common" -I"D:/git/stm32f407vgt6/stm32f407vgt6_fw/09_uart2_3/src/hw" -I"D:/git/stm32f407vgt6/stm32f407vgt6_fw/09_uart2_3/src/bsp/ldscript" -I"D:/git/stm32f407vgt6/stm32f407vgt6_fw/09_uart2_3/src/bsp/startup" -I"D:/git/stm32f407vgt6/stm32f407vgt6_fw/09_uart2_3/src/common/include" -I"D:/git/stm32f407vgt6/stm32f407vgt6_fw/09_uart2_3/src/common/core" -I"D:/git/stm32f407vgt6/stm32f407vgt6_fw/09_uart2_3/src/lib/stm32f407vgt6_cube/Middlewares/ST/STM32_USB_Device_Library/Class/CDC/Inc" -I"D:/git/stm32f407vgt6/stm32f407vgt6_fw/09_uart2_3/src/lib/stm32f407vgt6_cube/Middlewares/ST/STM32_USB_Device_Library/Core/Inc" -I"D:/git/stm32f407vgt6/stm32f407vgt6_fw/09_uart2_3/src/lib/stm32f407vgt6_cube/USB_DEVICE/App" -I"D:/git/stm32f407vgt6/stm32f407vgt6_fw/09_uart2_3/src/lib/stm32f407vgt6_cube/USB_DEVICE/Target" -O0 -ffunction-sections -fdata-sections -Wall -fstack-usage -fcyclomatic-complexity -MMD -MP -MF"src/lib/stm32f407vgt6_cube/Drivers/STM32F4xx_HAL_Driver/Src/stm32f4xx_hal_pcd.d" -MT"src/lib/stm32f407vgt6_cube/Drivers/STM32F4xx_HAL_Driver/Src/stm32f4xx_hal_pcd.o" --specs=nano.specs -mfloat-abi=soft -mthumb -o "src/lib/stm32f407vgt6_cube/Drivers/STM32F4xx_HAL_Driver/Src/stm32f4xx_hal_pcd.o"
arm-none-eabi-gcc "../src/lib/stm32f407vgt6_cube/Drivers/STM32F4xx_HAL_Driver/Src/stm32f4xx_hal_pcd_ex.c" -mcpu=cortex-m4 -std=gnu11 -g3 -DSTM32F407xx -c -I"D:/git/stm32f407vgt6/stm32f407vgt6_fw/09_uart2_3/src/lib/stm32f407vgt6_cube/Drivers/CMSIS/Device/ST/STM32F4xx/Include" -I"D:/git/stm32f407vgt6/stm32f407vgt6_fw/09_uart2_3/src/lib/stm32f407vgt6_cube/Drivers/CMSIS/Include" -I"D:/git/stm32f407vgt6/stm32f407vgt6_fw/09_uart2_3/src" -I"D:/git/stm32f407vgt6/stm32f407vgt6_fw/09_uart2_3/src/lib/stm32f407vgt6_cube/Drivers/STM32F4xx_HAL_Driver/Inc" -I"D:/git/stm32f407vgt6/stm32f407vgt6_fw/09_uart2_3/src/ap" -I"D:/git/stm32f407vgt6/stm32f407vgt6_fw/09_uart2_3/src/bsp" -I"D:/git/stm32f407vgt6/stm32f407vgt6_fw/09_uart2_3/src/common" -I"D:/git/stm32f407vgt6/stm32f407vgt6_fw/09_uart2_3/src/hw" -I"D:/git/stm32f407vgt6/stm32f407vgt6_fw/09_uart2_3/src/bsp/ldscript" -I"D:/git/stm32f407vgt6/stm32f407vgt6_fw/09_uart2_3/src/bsp/startup" -I"D:/git/stm32f407vgt6/stm32f407vgt6_fw/09_uart2_3/src/common/include" -I"D:/git/stm32f407vgt6/stm32f407vgt6_fw/09_uart2_3/src/common/core" -I"D:/git/stm32f407vgt6/stm32f407vgt6_fw/09_uart2_3/src/lib/stm32f407vgt6_cube/Middlewares/ST/STM32_USB_Device_Library/Class/CDC/Inc" -I"D:/git/stm32f407vgt6/stm32f407vgt6_fw/09_uart2_3/src/lib/stm32f407vgt6_cube/Middlewares/ST/STM32_USB_Device_Library/Core/Inc" -I"D:/git/stm32f407vgt6/stm32f407vgt6_fw/09_uart2_3/src/lib/stm32f407vgt6_cube/USB_DEVICE/App" -I"D:/git/stm32f407vgt6/stm32f407vgt6_fw/09_uart2_3/src/lib/stm32f407vgt6_cube/USB_DEVICE/Target" -O0 -ffunction-sections -fdata-sections -Wall -fstack-usage -fcyclomatic-complexity -MMD -MP -MF"src/lib/stm32f407vgt6_cube/Drivers/STM32F4xx_HAL_Driver/Src/stm32f4xx_hal_pcd_ex.d" -MT"src/lib/stm32f407vgt6_cube/Drivers/STM32F4xx_HAL_Driver/Src/stm32f4xx_hal_pcd_ex.o" --specs=nano.specs -mfloat-abi=soft -mthumb -o "src/lib/stm32f407vgt6_cube/Drivers/STM32F4xx_HAL_Driver/Src/stm32f4xx_hal_pcd_ex.o"
arm-none-eabi-gcc "../src/lib/stm32f407vgt6_cube/Drivers/STM32F4xx_HAL_Driver/Src/stm32f4xx_hal_pwr.c" -mcpu=cortex-m4 -std=gnu11 -g3 -DSTM32F407xx -c -I"D:/git/stm32f407vgt6/stm32f407vgt6_fw/09_uart2_3/src/lib/stm32f407vgt6_cube/Drivers/CMSIS/Device/ST/STM32F4xx/Include" -I"D:/git/stm32f407vgt6/stm32f407vgt6_fw/09_uart2_3/src/lib/stm32f407vgt6_cube/Drivers/CMSIS/Include" -I"D:/git/stm32f407vgt6/stm32f407vgt6_fw/09_uart2_3/src" -I"D:/git/stm32f407vgt6/stm32f407vgt6_fw/09_uart2_3/src/lib/stm32f407vgt6_cube/Drivers/STM32F4xx_HAL_Driver/Inc" -I"D:/git/stm32f407vgt6/stm32f407vgt6_fw/09_uart2_3/src/ap" -I"D:/git/stm32f407vgt6/stm32f407vgt6_fw/09_uart2_3/src/bsp" -I"D:/git/stm32f407vgt6/stm32f407vgt6_fw/09_uart2_3/src/common" -I"D:/git/stm32f407vgt6/stm32f407vgt6_fw/09_uart2_3/src/hw" -I"D:/git/stm32f407vgt6/stm32f407vgt6_fw/09_uart2_3/src/bsp/ldscript" -I"D:/git/stm32f407vgt6/stm32f407vgt6_fw/09_uart2_3/src/bsp/startup" -I"D:/git/stm32f407vgt6/stm32f407vgt6_fw/09_uart2_3/src/common/include" -I"D:/git/stm32f407vgt6/stm32f407vgt6_fw/09_uart2_3/src/common/core" -I"D:/git/stm32f407vgt6/stm32f407vgt6_fw/09_uart2_3/src/lib/stm32f407vgt6_cube/Middlewares/ST/STM32_USB_Device_Library/Class/CDC/Inc" -I"D:/git/stm32f407vgt6/stm32f407vgt6_fw/09_uart2_3/src/lib/stm32f407vgt6_cube/Middlewares/ST/STM32_USB_Device_Library/Core/Inc" -I"D:/git/stm32f407vgt6/stm32f407vgt6_fw/09_uart2_3/src/lib/stm32f407vgt6_cube/USB_DEVICE/App" -I"D:/git/stm32f407vgt6/stm32f407vgt6_fw/09_uart2_3/src/lib/stm32f407vgt6_cube/USB_DEVICE/Target" -O0 -ffunction-sections -fdata-sections -Wall -fstack-usage -fcyclomatic-complexity -MMD -MP -MF"src/lib/stm32f407vgt6_cube/Drivers/STM32F4xx_HAL_Driver/Src/stm32f4xx_hal_pwr.d" -MT"src/lib/stm32f407vgt6_cube/Drivers/STM32F4xx_HAL_Driver/Src/stm32f4xx_hal_pwr.o" --specs=nano.specs -mfloat-abi=soft -mthumb -o "src/lib/stm32f407vgt6_cube/Drivers/STM32F4xx_HAL_Driver/Src/stm32f4xx_hal_pwr.o"
arm-none-eabi-gcc "../src/lib/stm32f407vgt6_cube/Drivers/STM32F4xx_HAL_Driver/Src/stm32f4xx_hal_pwr_ex.c" -mcpu=cortex-m4 -std=gnu11 -g3 -DSTM32F407xx -c -I"D:/git/stm32f407vgt6/stm32f407vgt6_fw/09_uart2_3/src/lib/stm32f407vgt6_cube/Drivers/CMSIS/Device/ST/STM32F4xx/Include" -I"D:/git/stm32f407vgt6/stm32f407vgt6_fw/09_uart2_3/src/lib/stm32f407vgt6_cube/Drivers/CMSIS/Include" -I"D:/git/stm32f407vgt6/stm32f407vgt6_fw/09_uart2_3/src" -I"D:/git/stm32f407vgt6/stm32f407vgt6_fw/09_uart2_3/src/lib/stm32f407vgt6_cube/Drivers/STM32F4xx_HAL_Driver/Inc" -I"D:/git/stm32f407vgt6/stm32f407vgt6_fw/09_uart2_3/src/ap" -I"D:/git/stm32f407vgt6/stm32f407vgt6_fw/09_uart2_3/src/bsp" -I"D:/git/stm32f407vgt6/stm32f407vgt6_fw/09_uart2_3/src/common" -I"D:/git/stm32f407vgt6/stm32f407vgt6_fw/09_uart2_3/src/hw" -I"D:/git/stm32f407vgt6/stm32f407vgt6_fw/09_uart2_3/src/bsp/ldscript" -I"D:/git/stm32f407vgt6/stm32f407vgt6_fw/09_uart2_3/src/bsp/startup" -I"D:/git/stm32f407vgt6/stm32f407vgt6_fw/09_uart2_3/src/common/include" -I"D:/git/stm32f407vgt6/stm32f407vgt6_fw/09_uart2_3/src/common/core" -I"D:/git/stm32f407vgt6/stm32f407vgt6_fw/09_uart2_3/src/lib/stm32f407vgt6_cube/Middlewares/ST/STM32_USB_Device_Library/Class/CDC/Inc" -I"D:/git/stm32f407vgt6/stm32f407vgt6_fw/09_uart2_3/src/lib/stm32f407vgt6_cube/Middlewares/ST/STM32_USB_Device_Library/Core/Inc" -I"D:/git/stm32f407vgt6/stm32f407vgt6_fw/09_uart2_3/src/lib/stm32f407vgt6_cube/USB_DEVICE/App" -I"D:/git/stm32f407vgt6/stm32f407vgt6_fw/09_uart2_3/src/lib/stm32f407vgt6_cube/USB_DEVICE/Target" -O0 -ffunction-sections -fdata-sections -Wall -fstack-usage -fcyclomatic-complexity -MMD -MP -MF"src/lib/stm32f407vgt6_cube/Drivers/STM32F4xx_HAL_Driver/Src/stm32f4xx_hal_pwr_ex.d" -MT"src/lib/stm32f407vgt6_cube/Drivers/STM32F4xx_HAL_Driver/Src/stm32f4xx_hal_pwr_ex.o" --specs=nano.specs -mfloat-abi=soft -mthumb -o "src/lib/stm32f407vgt6_cube/Drivers/STM32F4xx_HAL_Driver/Src/stm32f4xx_hal_pwr_ex.o"
arm-none-eabi-gcc "../src/lib/stm32f407vgt6_cube/Drivers/STM32F4xx_HAL_Driver/Src/stm32f4xx_hal_rcc.c" -mcpu=cortex-m4 -std=gnu11 -g3 -DSTM32F407xx -c -I"D:/git/stm32f407vgt6/stm32f407vgt6_fw/09_uart2_3/src/lib/stm32f407vgt6_cube/Drivers/CMSIS/Device/ST/STM32F4xx/Include" -I"D:/git/stm32f407vgt6/stm32f407vgt6_fw/09_uart2_3/src/lib/stm32f407vgt6_cube/Drivers/CMSIS/Include" -I"D:/git/stm32f407vgt6/stm32f407vgt6_fw/09_uart2_3/src" -I"D:/git/stm32f407vgt6/stm32f407vgt6_fw/09_uart2_3/src/lib/stm32f407vgt6_cube/Drivers/STM32F4xx_HAL_Driver/Inc" -I"D:/git/stm32f407vgt6/stm32f407vgt6_fw/09_uart2_3/src/ap" -I"D:/git/stm32f407vgt6/stm32f407vgt6_fw/09_uart2_3/src/bsp" -I"D:/git/stm32f407vgt6/stm32f407vgt6_fw/09_uart2_3/src/common" -I"D:/git/stm32f407vgt6/stm32f407vgt6_fw/09_uart2_3/src/hw" -I"D:/git/stm32f407vgt6/stm32f407vgt6_fw/09_uart2_3/src/bsp/ldscript" -I"D:/git/stm32f407vgt6/stm32f407vgt6_fw/09_uart2_3/src/bsp/startup" -I"D:/git/stm32f407vgt6/stm32f407vgt6_fw/09_uart2_3/src/common/include" -I"D:/git/stm32f407vgt6/stm32f407vgt6_fw/09_uart2_3/src/common/core" -I"D:/git/stm32f407vgt6/stm32f407vgt6_fw/09_uart2_3/src/lib/stm32f407vgt6_cube/Middlewares/ST/STM32_USB_Device_Library/Class/CDC/Inc" -I"D:/git/stm32f407vgt6/stm32f407vgt6_fw/09_uart2_3/src/lib/stm32f407vgt6_cube/Middlewares/ST/STM32_USB_Device_Library/Core/Inc" -I"D:/git/stm32f407vgt6/stm32f407vgt6_fw/09_uart2_3/src/lib/stm32f407vgt6_cube/USB_DEVICE/App" -I"D:/git/stm32f407vgt6/stm32f407vgt6_fw/09_uart2_3/src/lib/stm32f407vgt6_cube/USB_DEVICE/Target" -O0 -ffunction-sections -fdata-sections -Wall -fstack-usage -fcyclomatic-complexity -MMD -MP -MF"src/lib/stm32f407vgt6_cube/Drivers/STM32F4xx_HAL_Driver/Src/stm32f4xx_hal_rcc.d" -MT"src/lib/stm32f407vgt6_cube/Drivers/STM32F4xx_HAL_Driver/Src/stm32f4xx_hal_rcc.o" --specs=nano.specs -mfloat-abi=soft -mthumb -o "src/lib/stm32f407vgt6_cube/Drivers/STM32F4xx_HAL_Driver/Src/stm32f4xx_hal_rcc.o"
arm-none-eabi-gcc "../src/lib/stm32f407vgt6_cube/Drivers/STM32F4xx_HAL_Driver/Src/stm32f4xx_hal_rcc_ex.c" -mcpu=cortex-m4 -std=gnu11 -g3 -DSTM32F407xx -c -I"D:/git/stm32f407vgt6/stm32f407vgt6_fw/09_uart2_3/src/lib/stm32f407vgt6_cube/Drivers/CMSIS/Device/ST/STM32F4xx/Include" -I"D:/git/stm32f407vgt6/stm32f407vgt6_fw/09_uart2_3/src/lib/stm32f407vgt6_cube/Drivers/CMSIS/Include" -I"D:/git/stm32f407vgt6/stm32f407vgt6_fw/09_uart2_3/src" -I"D:/git/stm32f407vgt6/stm32f407vgt6_fw/09_uart2_3/src/lib/stm32f407vgt6_cube/Drivers/STM32F4xx_HAL_Driver/Inc" -I"D:/git/stm32f407vgt6/stm32f407vgt6_fw/09_uart2_3/src/ap" -I"D:/git/stm32f407vgt6/stm32f407vgt6_fw/09_uart2_3/src/bsp" -I"D:/git/stm32f407vgt6/stm32f407vgt6_fw/09_uart2_3/src/common" -I"D:/git/stm32f407vgt6/stm32f407vgt6_fw/09_uart2_3/src/hw" -I"D:/git/stm32f407vgt6/stm32f407vgt6_fw/09_uart2_3/src/bsp/ldscript" -I"D:/git/stm32f407vgt6/stm32f407vgt6_fw/09_uart2_3/src/bsp/startup" -I"D:/git/stm32f407vgt6/stm32f407vgt6_fw/09_uart2_3/src/common/include" -I"D:/git/stm32f407vgt6/stm32f407vgt6_fw/09_uart2_3/src/common/core" -I"D:/git/stm32f407vgt6/stm32f407vgt6_fw/09_uart2_3/src/lib/stm32f407vgt6_cube/Middlewares/ST/STM32_USB_Device_Library/Class/CDC/Inc" -I"D:/git/stm32f407vgt6/stm32f407vgt6_fw/09_uart2_3/src/lib/stm32f407vgt6_cube/Middlewares/ST/STM32_USB_Device_Library/Core/Inc" -I"D:/git/stm32f407vgt6/stm32f407vgt6_fw/09_uart2_3/src/lib/stm32f407vgt6_cube/USB_DEVICE/App" -I"D:/git/stm32f407vgt6/stm32f407vgt6_fw/09_uart2_3/src/lib/stm32f407vgt6_cube/USB_DEVICE/Target" -O0 -ffunction-sections -fdata-sections -Wall -fstack-usage -fcyclomatic-complexity -MMD -MP -MF"src/lib/stm32f407vgt6_cube/Drivers/STM32F4xx_HAL_Driver/Src/stm32f4xx_hal_rcc_ex.d" -MT"src/lib/stm32f407vgt6_cube/Drivers/STM32F4xx_HAL_Driver/Src/stm32f4xx_hal_rcc_ex.o" --specs=nano.specs -mfloat-abi=soft -mthumb -o "src/lib/stm32f407vgt6_cube/Drivers/STM32F4xx_HAL_Driver/Src/stm32f4xx_hal_rcc_ex.o"
arm-none-eabi-gcc "../src/lib/stm32f407vgt6_cube/Drivers/STM32F4xx_HAL_Driver/Src/stm32f4xx_hal_tim.c" -mcpu=cortex-m4 -std=gnu11 -g3 -DSTM32F407xx -c -I"D:/git/stm32f407vgt6/stm32f407vgt6_fw/09_uart2_3/src/lib/stm32f407vgt6_cube/Drivers/CMSIS/Device/ST/STM32F4xx/Include" -I"D:/git/stm32f407vgt6/stm32f407vgt6_fw/09_uart2_3/src/lib/stm32f407vgt6_cube/Drivers/CMSIS/Include" -I"D:/git/stm32f407vgt6/stm32f407vgt6_fw/09_uart2_3/src" -I"D:/git/stm32f407vgt6/stm32f407vgt6_fw/09_uart2_3/src/lib/stm32f407vgt6_cube/Drivers/STM32F4xx_HAL_Driver/Inc" -I"D:/git/stm32f407vgt6/stm32f407vgt6_fw/09_uart2_3/src/ap" -I"D:/git/stm32f407vgt6/stm32f407vgt6_fw/09_uart2_3/src/bsp" -I"D:/git/stm32f407vgt6/stm32f407vgt6_fw/09_uart2_3/src/common" -I"D:/git/stm32f407vgt6/stm32f407vgt6_fw/09_uart2_3/src/hw" -I"D:/git/stm32f407vgt6/stm32f407vgt6_fw/09_uart2_3/src/bsp/ldscript" -I"D:/git/stm32f407vgt6/stm32f407vgt6_fw/09_uart2_3/src/bsp/startup" -I"D:/git/stm32f407vgt6/stm32f407vgt6_fw/09_uart2_3/src/common/include" -I"D:/git/stm32f407vgt6/stm32f407vgt6_fw/09_uart2_3/src/common/core" -I"D:/git/stm32f407vgt6/stm32f407vgt6_fw/09_uart2_3/src/lib/stm32f407vgt6_cube/Middlewares/ST/STM32_USB_Device_Library/Class/CDC/Inc" -I"D:/git/stm32f407vgt6/stm32f407vgt6_fw/09_uart2_3/src/lib/stm32f407vgt6_cube/Middlewares/ST/STM32_USB_Device_Library/Core/Inc" -I"D:/git/stm32f407vgt6/stm32f407vgt6_fw/09_uart2_3/src/lib/stm32f407vgt6_cube/USB_DEVICE/App" -I"D:/git/stm32f407vgt6/stm32f407vgt6_fw/09_uart2_3/src/lib/stm32f407vgt6_cube/USB_DEVICE/Target" -O0 -ffunction-sections -fdata-sections -Wall -fstack-usage -fcyclomatic-complexity -MMD -MP -MF"src/lib/stm32f407vgt6_cube/Drivers/STM32F4xx_HAL_Driver/Src/stm32f4xx_hal_tim.d" -MT"src/lib/stm32f407vgt6_cube/Drivers/STM32F4xx_HAL_Driver/Src/stm32f4xx_hal_tim.o" --specs=nano.specs -mfloat-abi=soft -mthumb -o "src/lib/stm32f407vgt6_cube/Drivers/STM32F4xx_HAL_Driver/Src/stm32f4xx_hal_tim.o"
arm-none-eabi-gcc "../src/lib/stm32f407vgt6_cube/Drivers/STM32F4xx_HAL_Driver/Src/stm32f4xx_hal_tim_ex.c" -mcpu=cortex-m4 -std=gnu11 -g3 -DSTM32F407xx -c -I"D:/git/stm32f407vgt6/stm32f407vgt6_fw/09_uart2_3/src/lib/stm32f407vgt6_cube/Drivers/CMSIS/Device/ST/STM32F4xx/Include" -I"D:/git/stm32f407vgt6/stm32f407vgt6_fw/09_uart2_3/src/lib/stm32f407vgt6_cube/Drivers/CMSIS/Include" -I"D:/git/stm32f407vgt6/stm32f407vgt6_fw/09_uart2_3/src" -I"D:/git/stm32f407vgt6/stm32f407vgt6_fw/09_uart2_3/src/lib/stm32f407vgt6_cube/Drivers/STM32F4xx_HAL_Driver/Inc" -I"D:/git/stm32f407vgt6/stm32f407vgt6_fw/09_uart2_3/src/ap" -I"D:/git/stm32f407vgt6/stm32f407vgt6_fw/09_uart2_3/src/bsp" -I"D:/git/stm32f407vgt6/stm32f407vgt6_fw/09_uart2_3/src/common" -I"D:/git/stm32f407vgt6/stm32f407vgt6_fw/09_uart2_3/src/hw" -I"D:/git/stm32f407vgt6/stm32f407vgt6_fw/09_uart2_3/src/bsp/ldscript" -I"D:/git/stm32f407vgt6/stm32f407vgt6_fw/09_uart2_3/src/bsp/startup" -I"D:/git/stm32f407vgt6/stm32f407vgt6_fw/09_uart2_3/src/common/include" -I"D:/git/stm32f407vgt6/stm32f407vgt6_fw/09_uart2_3/src/common/core" -I"D:/git/stm32f407vgt6/stm32f407vgt6_fw/09_uart2_3/src/lib/stm32f407vgt6_cube/Middlewares/ST/STM32_USB_Device_Library/Class/CDC/Inc" -I"D:/git/stm32f407vgt6/stm32f407vgt6_fw/09_uart2_3/src/lib/stm32f407vgt6_cube/Middlewares/ST/STM32_USB_Device_Library/Core/Inc" -I"D:/git/stm32f407vgt6/stm32f407vgt6_fw/09_uart2_3/src/lib/stm32f407vgt6_cube/USB_DEVICE/App" -I"D:/git/stm32f407vgt6/stm32f407vgt6_fw/09_uart2_3/src/lib/stm32f407vgt6_cube/USB_DEVICE/Target" -O0 -ffunction-sections -fdata-sections -Wall -fstack-usage -fcyclomatic-complexity -MMD -MP -MF"src/lib/stm32f407vgt6_cube/Drivers/STM32F4xx_HAL_Driver/Src/stm32f4xx_hal_tim_ex.d" -MT"src/lib/stm32f407vgt6_cube/Drivers/STM32F4xx_HAL_Driver/Src/stm32f4xx_hal_tim_ex.o" --specs=nano.specs -mfloat-abi=soft -mthumb -o "src/lib/stm32f407vgt6_cube/Drivers/STM32F4xx_HAL_Driver/Src/stm32f4xx_hal_tim_ex.o"
arm-none-eabi-gcc "../src/lib/stm32f407vgt6_cube/Drivers/STM32F4xx_HAL_Driver/Src/stm32f4xx_hal_uart.c" -mcpu=cortex-m4 -std=gnu11 -g3 -DSTM32F407xx -c -I"D:/git/stm32f407vgt6/stm32f407vgt6_fw/09_uart2_3/src/lib/stm32f407vgt6_cube/Drivers/CMSIS/Device/ST/STM32F4xx/Include" -I"D:/git/stm32f407vgt6/stm32f407vgt6_fw/09_uart2_3/src/lib/stm32f407vgt6_cube/Drivers/CMSIS/Include" -I"D:/git/stm32f407vgt6/stm32f407vgt6_fw/09_uart2_3/src" -I"D:/git/stm32f407vgt6/stm32f407vgt6_fw/09_uart2_3/src/lib/stm32f407vgt6_cube/Drivers/STM32F4xx_HAL_Driver/Inc" -I"D:/git/stm32f407vgt6/stm32f407vgt6_fw/09_uart2_3/src/ap" -I"D:/git/stm32f407vgt6/stm32f407vgt6_fw/09_uart2_3/src/bsp" -I"D:/git/stm32f407vgt6/stm32f407vgt6_fw/09_uart2_3/src/common" -I"D:/git/stm32f407vgt6/stm32f407vgt6_fw/09_uart2_3/src/hw" -I"D:/git/stm32f407vgt6/stm32f407vgt6_fw/09_uart2_3/src/bsp/ldscript" -I"D:/git/stm32f407vgt6/stm32f407vgt6_fw/09_uart2_3/src/bsp/startup" -I"D:/git/stm32f407vgt6/stm32f407vgt6_fw/09_uart2_3/src/common/include" -I"D:/git/stm32f407vgt6/stm32f407vgt6_fw/09_uart2_3/src/common/core" -I"D:/git/stm32f407vgt6/stm32f407vgt6_fw/09_uart2_3/src/lib/stm32f407vgt6_cube/Middlewares/ST/STM32_USB_Device_Library/Class/CDC/Inc" -I"D:/git/stm32f407vgt6/stm32f407vgt6_fw/09_uart2_3/src/lib/stm32f407vgt6_cube/Middlewares/ST/STM32_USB_Device_Library/Core/Inc" -I"D:/git/stm32f407vgt6/stm32f407vgt6_fw/09_uart2_3/src/lib/stm32f407vgt6_cube/USB_DEVICE/App" -I"D:/git/stm32f407vgt6/stm32f407vgt6_fw/09_uart2_3/src/lib/stm32f407vgt6_cube/USB_DEVICE/Target" -O0 -ffunction-sections -fdata-sections -Wall -fstack-usage -fcyclomatic-complexity -MMD -MP -MF"src/lib/stm32f407vgt6_cube/Drivers/STM32F4xx_HAL_Driver/Src/stm32f4xx_hal_uart.d" -MT"src/lib/stm32f407vgt6_cube/Drivers/STM32F4xx_HAL_Driver/Src/stm32f4xx_hal_uart.o" --specs=nano.specs -mfloat-abi=soft -mthumb -o "src/lib/stm32f407vgt6_cube/Drivers/STM32F4xx_HAL_Driver/Src/stm32f4xx_hal_uart.o"
arm-none-eabi-gcc "../src/lib/stm32f407vgt6_cube/Drivers/STM32F4xx_HAL_Driver/Src/stm32f4xx_ll_usb.c" -mcpu=cortex-m4 -std=gnu11 -g3 -DSTM32F407xx -c -I"D:/git/stm32f407vgt6/stm32f407vgt6_fw/09_uart2_3/src/lib/stm32f407vgt6_cube/Drivers/CMSIS/Device/ST/STM32F4xx/Include" -I"D:/git/stm32f407vgt6/stm32f407vgt6_fw/09_uart2_3/src/lib/stm32f407vgt6_cube/Drivers/CMSIS/Include" -I"D:/git/stm32f407vgt6/stm32f407vgt6_fw/09_uart2_3/src" -I"D:/git/stm32f407vgt6/stm32f407vgt6_fw/09_uart2_3/src/lib/stm32f407vgt6_cube/Drivers/STM32F4xx_HAL_Driver/Inc" -I"D:/git/stm32f407vgt6/stm32f407vgt6_fw/09_uart2_3/src/ap" -I"D:/git/stm32f407vgt6/stm32f407vgt6_fw/09_uart2_3/src/bsp" -I"D:/git/stm32f407vgt6/stm32f407vgt6_fw/09_uart2_3/src/common" -I"D:/git/stm32f407vgt6/stm32f407vgt6_fw/09_uart2_3/src/hw" -I"D:/git/stm32f407vgt6/stm32f407vgt6_fw/09_uart2_3/src/bsp/ldscript" -I"D:/git/stm32f407vgt6/stm32f407vgt6_fw/09_uart2_3/src/bsp/startup" -I"D:/git/stm32f407vgt6/stm32f407vgt6_fw/09_uart2_3/src/common/include" -I"D:/git/stm32f407vgt6/stm32f407vgt6_fw/09_uart2_3/src/common/core" -I"D:/git/stm32f407vgt6/stm32f407vgt6_fw/09_uart2_3/src/lib/stm32f407vgt6_cube/Middlewares/ST/STM32_USB_Device_Library/Class/CDC/Inc" -I"D:/git/stm32f407vgt6/stm32f407vgt6_fw/09_uart2_3/src/lib/stm32f407vgt6_cube/Middlewares/ST/STM32_USB_Device_Library/Core/Inc" -I"D:/git/stm32f407vgt6/stm32f407vgt6_fw/09_uart2_3/src/lib/stm32f407vgt6_cube/USB_DEVICE/App" -I"D:/git/stm32f407vgt6/stm32f407vgt6_fw/09_uart2_3/src/lib/stm32f407vgt6_cube/USB_DEVICE/Target" -O0 -ffunction-sections -fdata-sections -Wall -fstack-usage -fcyclomatic-complexity -MMD -MP -MF"src/lib/stm32f407vgt6_cube/Drivers/STM32F4xx_HAL_Driver/Src/stm32f4xx_ll_usb.d" -MT"src/lib/stm32f407vgt6_cube/Drivers/STM32F4xx_HAL_Driver/Src/stm32f4xx_ll_usb.o" --specs=nano.specs -mfloat-abi=soft -mthumb -o "src/lib/stm32f407vgt6_cube/Drivers/STM32F4xx_HAL_Driver/Src/stm32f4xx_ll_usb.o"
arm-none-eabi-gcc "../src/hw/core/button.c" -mcpu=cortex-m4 -std=gnu11 -g3 -DSTM32F407xx -c -I"D:/git/stm32f407vgt6/stm32f407vgt6_fw/09_uart2_3/src/lib/stm32f407vgt6_cube/Drivers/CMSIS/Device/ST/STM32F4xx/Include" -I"D:/git/stm32f407vgt6/stm32f407vgt6_fw/09_uart2_3/src/lib/stm32f407vgt6_cube/Drivers/CMSIS/Include" -I"D:/git/stm32f407vgt6/stm32f407vgt6_fw/09_uart2_3/src" -I"D:/git/stm32f407vgt6/stm32f407vgt6_fw/09_uart2_3/src/lib/stm32f407vgt6_cube/Drivers/STM32F4xx_HAL_Driver/Inc" -I"D:/git/stm32f407vgt6/stm32f407vgt6_fw/09_uart2_3/src/ap" -I"D:/git/stm32f407vgt6/stm32f407vgt6_fw/09_uart2_3/src/bsp" -I"D:/git/stm32f407vgt6/stm32f407vgt6_fw/09_uart2_3/src/common" -I"D:/git/stm32f407vgt6/stm32f407vgt6_fw/09_uart2_3/src/hw" -I"D:/git/stm32f407vgt6/stm32f407vgt6_fw/09_uart2_3/src/bsp/ldscript" -I"D:/git/stm32f407vgt6/stm32f407vgt6_fw/09_uart2_3/src/bsp/startup" -I"D:/git/stm32f407vgt6/stm32f407vgt6_fw/09_uart2_3/src/common/include" -I"D:/git/stm32f407vgt6/stm32f407vgt6_fw/09_uart2_3/src/common/core" -I"D:/git/stm32f407vgt6/stm32f407vgt6_fw/09_uart2_3/src/lib/stm32f407vgt6_cube/Middlewares/ST/STM32_USB_Device_Library/Class/CDC/Inc" -I"D:/git/stm32f407vgt6/stm32f407vgt6_fw/09_uart2_3/src/lib/stm32f407vgt6_cube/Middlewares/ST/STM32_USB_Device_Library/Core/Inc" -I"D:/git/stm32f407vgt6/stm32f407vgt6_fw/09_uart2_3/src/lib/stm32f407vgt6_cube/USB_DEVICE/App" -I"D:/git/stm32f407vgt6/stm32f407vgt6_fw/09_uart2_3/src/lib/stm32f407vgt6_cube/USB_DEVICE/Target" -O0 -ffunction-sections -fdata-sections -Wall -fstack-usage -fcyclomatic-complexity -MMD -MP -MF"src/hw/core/button.d" -MT"src/hw/core/button.o" --specs=nano.specs -mfloat-abi=soft -mthumb -o "src/hw/core/button.o"
arm-none-eabi-gcc "../src/hw/core/led.c" -mcpu=cortex-m4 -std=gnu11 -g3 -DSTM32F407xx -c -I"D:/git/stm32f407vgt6/stm32f407vgt6_fw/09_uart2_3/src/lib/stm32f407vgt6_cube/Drivers/CMSIS/Device/ST/STM32F4xx/Include" -I"D:/git/stm32f407vgt6/stm32f407vgt6_fw/09_uart2_3/src/lib/stm32f407vgt6_cube/Drivers/CMSIS/Include" -I"D:/git/stm32f407vgt6/stm32f407vgt6_fw/09_uart2_3/src" -I"D:/git/stm32f407vgt6/stm32f407vgt6_fw/09_uart2_3/src/lib/stm32f407vgt6_cube/Drivers/STM32F4xx_HAL_Driver/Inc" -I"D:/git/stm32f407vgt6/stm32f407vgt6_fw/09_uart2_3/src/ap" -I"D:/git/stm32f407vgt6/stm32f407vgt6_fw/09_uart2_3/src/bsp" -I"D:/git/stm32f407vgt6/stm32f407vgt6_fw/09_uart2_3/src/common" -I"D:/git/stm32f407vgt6/stm32f407vgt6_fw/09_uart2_3/src/hw" -I"D:/git/stm32f407vgt6/stm32f407vgt6_fw/09_uart2_3/src/bsp/ldscript" -I"D:/git/stm32f407vgt6/stm32f407vgt6_fw/09_uart2_3/src/bsp/startup" -I"D:/git/stm32f407vgt6/stm32f407vgt6_fw/09_uart2_3/src/common/include" -I"D:/git/stm32f407vgt6/stm32f407vgt6_fw/09_uart2_3/src/common/core" -I"D:/git/stm32f407vgt6/stm32f407vgt6_fw/09_uart2_3/src/lib/stm32f407vgt6_cube/Middlewares/ST/STM32_USB_Device_Library/Class/CDC/Inc" -I"D:/git/stm32f407vgt6/stm32f407vgt6_fw/09_uart2_3/src/lib/stm32f407vgt6_cube/Middlewares/ST/STM32_USB_Device_Library/Core/Inc" -I"D:/git/stm32f407vgt6/stm32f407vgt6_fw/09_uart2_3/src/lib/stm32f407vgt6_cube/USB_DEVICE/App" -I"D:/git/stm32f407vgt6/stm32f407vgt6_fw/09_uart2_3/src/lib/stm32f407vgt6_cube/USB_DEVICE/Target" -O0 -ffunction-sections -fdata-sections -Wall -fstack-usage -fcyclomatic-complexity -MMD -MP -MF"src/hw/core/led.d" -MT"src/hw/core/led.o" --specs=nano.specs -mfloat-abi=soft -mthumb -o "src/hw/core/led.o"
arm-none-eabi-gcc "../src/hw/core/swtimer.c" -mcpu=cortex-m4 -std=gnu11 -g3 -DSTM32F407xx -c -I"D:/git/stm32f407vgt6/stm32f407vgt6_fw/09_uart2_3/src/lib/stm32f407vgt6_cube/Drivers/CMSIS/Device/ST/STM32F4xx/Include" -I"D:/git/stm32f407vgt6/stm32f407vgt6_fw/09_uart2_3/src/lib/stm32f407vgt6_cube/Drivers/CMSIS/Include" -I"D:/git/stm32f407vgt6/stm32f407vgt6_fw/09_uart2_3/src" -I"D:/git/stm32f407vgt6/stm32f407vgt6_fw/09_uart2_3/src/lib/stm32f407vgt6_cube/Drivers/STM32F4xx_HAL_Driver/Inc" -I"D:/git/stm32f407vgt6/stm32f407vgt6_fw/09_uart2_3/src/ap" -I"D:/git/stm32f407vgt6/stm32f407vgt6_fw/09_uart2_3/src/bsp" -I"D:/git/stm32f407vgt6/stm32f407vgt6_fw/09_uart2_3/src/common" -I"D:/git/stm32f407vgt6/stm32f407vgt6_fw/09_uart2_3/src/hw" -I"D:/git/stm32f407vgt6/stm32f407vgt6_fw/09_uart2_3/src/bsp/ldscript" -I"D:/git/stm32f407vgt6/stm32f407vgt6_fw/09_uart2_3/src/bsp/startup" -I"D:/git/stm32f407vgt6/stm32f407vgt6_fw/09_uart2_3/src/common/include" -I"D:/git/stm32f407vgt6/stm32f407vgt6_fw/09_uart2_3/src/common/core" -I"D:/git/stm32f407vgt6/stm32f407vgt6_fw/09_uart2_3/src/lib/stm32f407vgt6_cube/Middlewares/ST/STM32_USB_Device_Library/Class/CDC/Inc" -I"D:/git/stm32f407vgt6/stm32f407vgt6_fw/09_uart2_3/src/lib/stm32f407vgt6_cube/Middlewares/ST/STM32_USB_Device_Library/Core/Inc" -I"D:/git/stm32f407vgt6/stm32f407vgt6_fw/09_uart2_3/src/lib/stm32f407vgt6_cube/USB_DEVICE/App" -I"D:/git/stm32f407vgt6/stm32f407vgt6_fw/09_uart2_3/src/lib/stm32f407vgt6_cube/USB_DEVICE/Target" -O0 -ffunction-sections -fdata-sections -Wall -fstack-usage -fcyclomatic-complexity -MMD -MP -MF"src/hw/core/swtimer.d" -MT"src/hw/core/swtimer.o" --specs=nano.specs -mfloat-abi=soft -mthumb -o "src/hw/core/swtimer.o"
arm-none-eabi-gcc "../src/hw/core/timer.c" -mcpu=cortex-m4 -std=gnu11 -g3 -DSTM32F407xx -c -I"D:/git/stm32f407vgt6/stm32f407vgt6_fw/09_uart2_3/src/lib/stm32f407vgt6_cube/Drivers/CMSIS/Device/ST/STM32F4xx/Include" -I"D:/git/stm32f407vgt6/stm32f407vgt6_fw/09_uart2_3/src/lib/stm32f407vgt6_cube/Drivers/CMSIS/Include" -I"D:/git/stm32f407vgt6/stm32f407vgt6_fw/09_uart2_3/src" -I"D:/git/stm32f407vgt6/stm32f407vgt6_fw/09_uart2_3/src/lib/stm32f407vgt6_cube/Drivers/STM32F4xx_HAL_Driver/Inc" -I"D:/git/stm32f407vgt6/stm32f407vgt6_fw/09_uart2_3/src/ap" -I"D:/git/stm32f407vgt6/stm32f407vgt6_fw/09_uart2_3/src/bsp" -I"D:/git/stm32f407vgt6/stm32f407vgt6_fw/09_uart2_3/src/common" -I"D:/git/stm32f407vgt6/stm32f407vgt6_fw/09_uart2_3/src/hw" -I"D:/git/stm32f407vgt6/stm32f407vgt6_fw/09_uart2_3/src/bsp/ldscript" -I"D:/git/stm32f407vgt6/stm32f407vgt6_fw/09_uart2_3/src/bsp/startup" -I"D:/git/stm32f407vgt6/stm32f407vgt6_fw/09_uart2_3/src/common/include" -I"D:/git/stm32f407vgt6/stm32f407vgt6_fw/09_uart2_3/src/common/core" -I"D:/git/stm32f407vgt6/stm32f407vgt6_fw/09_uart2_3/src/lib/stm32f407vgt6_cube/Middlewares/ST/STM32_USB_Device_Library/Class/CDC/Inc" -I"D:/git/stm32f407vgt6/stm32f407vgt6_fw/09_uart2_3/src/lib/stm32f407vgt6_cube/Middlewares/ST/STM32_USB_Device_Library/Core/Inc" -I"D:/git/stm32f407vgt6/stm32f407vgt6_fw/09_uart2_3/src/lib/stm32f407vgt6_cube/USB_DEVICE/App" -I"D:/git/stm32f407vgt6/stm32f407vgt6_fw/09_uart2_3/src/lib/stm32f407vgt6_cube/USB_DEVICE/Target" -O0 -ffunction-sections -fdata-sections -Wall -fstack-usage -fcyclomatic-complexity -MMD -MP -MF"src/hw/core/timer.d" -MT"src/hw/core/timer.o" --specs=nano.specs -mfloat-abi=soft -mthumb -o "src/hw/core/timer.o"
arm-none-eabi-gcc "../src/hw/core/uart.c" -mcpu=cortex-m4 -std=gnu11 -g3 -DSTM32F407xx -c -I"D:/git/stm32f407vgt6/stm32f407vgt6_fw/09_uart2_3/src/lib/stm32f407vgt6_cube/Drivers/CMSIS/Device/ST/STM32F4xx/Include" -I"D:/git/stm32f407vgt6/stm32f407vgt6_fw/09_uart2_3/src/lib/stm32f407vgt6_cube/Drivers/CMSIS/Include" -I"D:/git/stm32f407vgt6/stm32f407vgt6_fw/09_uart2_3/src" -I"D:/git/stm32f407vgt6/stm32f407vgt6_fw/09_uart2_3/src/lib/stm32f407vgt6_cube/Drivers/STM32F4xx_HAL_Driver/Inc" -I"D:/git/stm32f407vgt6/stm32f407vgt6_fw/09_uart2_3/src/ap" -I"D:/git/stm32f407vgt6/stm32f407vgt6_fw/09_uart2_3/src/bsp" -I"D:/git/stm32f407vgt6/stm32f407vgt6_fw/09_uart2_3/src/common" -I"D:/git/stm32f407vgt6/stm32f407vgt6_fw/09_uart2_3/src/hw" -I"D:/git/stm32f407vgt6/stm32f407vgt6_fw/09_uart2_3/src/bsp/ldscript" -I"D:/git/stm32f407vgt6/stm32f407vgt6_fw/09_uart2_3/src/bsp/startup" -I"D:/git/stm32f407vgt6/stm32f407vgt6_fw/09_uart2_3/src/common/include" -I"D:/git/stm32f407vgt6/stm32f407vgt6_fw/09_uart2_3/src/common/core" -I"D:/git/stm32f407vgt6/stm32f407vgt6_fw/09_uart2_3/src/lib/stm32f407vgt6_cube/Middlewares/ST/STM32_USB_Device_Library/Class/CDC/Inc" -I"D:/git/stm32f407vgt6/stm32f407vgt6_fw/09_uart2_3/src/lib/stm32f407vgt6_cube/Middlewares/ST/STM32_USB_Device_Library/Core/Inc" -I"D:/git/stm32f407vgt6/stm32f407vgt6_fw/09_uart2_3/src/lib/stm32f407vgt6_cube/USB_DEVICE/App" -I"D:/git/stm32f407vgt6/stm32f407vgt6_fw/09_uart2_3/src/lib/stm32f407vgt6_cube/USB_DEVICE/Target" -O0 -ffunction-sections -fdata-sections -Wall -fstack-usage -fcyclomatic-complexity -MMD -MP -MF"src/hw/core/uart.d" -MT"src/hw/core/uart.o" --specs=nano.specs -mfloat-abi=soft -mthumb -o "src/hw/core/uart.o"
arm-none-eabi-gcc "../src/hw/hw.c" -mcpu=cortex-m4 -std=gnu11 -g3 -DSTM32F407xx -c -I"D:/git/stm32f407vgt6/stm32f407vgt6_fw/09_uart2_3/src/lib/stm32f407vgt6_cube/Drivers/CMSIS/Device/ST/STM32F4xx/Include" -I"D:/git/stm32f407vgt6/stm32f407vgt6_fw/09_uart2_3/src/lib/stm32f407vgt6_cube/Drivers/CMSIS/Include" -I"D:/git/stm32f407vgt6/stm32f407vgt6_fw/09_uart2_3/src" -I"D:/git/stm32f407vgt6/stm32f407vgt6_fw/09_uart2_3/src/lib/stm32f407vgt6_cube/Drivers/STM32F4xx_HAL_Driver/Inc" -I"D:/git/stm32f407vgt6/stm32f407vgt6_fw/09_uart2_3/src/ap" -I"D:/git/stm32f407vgt6/stm32f407vgt6_fw/09_uart2_3/src/bsp" -I"D:/git/stm32f407vgt6/stm32f407vgt6_fw/09_uart2_3/src/common" -I"D:/git/stm32f407vgt6/stm32f407vgt6_fw/09_uart2_3/src/hw" -I"D:/git/stm32f407vgt6/stm32f407vgt6_fw/09_uart2_3/src/bsp/ldscript" -I"D:/git/stm32f407vgt6/stm32f407vgt6_fw/09_uart2_3/src/bsp/startup" -I"D:/git/stm32f407vgt6/stm32f407vgt6_fw/09_uart2_3/src/common/include" -I"D:/git/stm32f407vgt6/stm32f407vgt6_fw/09_uart2_3/src/common/core" -I"D:/git/stm32f407vgt6/stm32f407vgt6_fw/09_uart2_3/src/lib/stm32f407vgt6_cube/Middlewares/ST/STM32_USB_Device_Library/Class/CDC/Inc" -I"D:/git/stm32f407vgt6/stm32f407vgt6_fw/09_uart2_3/src/lib/stm32f407vgt6_cube/Middlewares/ST/STM32_USB_Device_Library/Core/Inc" -I"D:/git/stm32f407vgt6/stm32f407vgt6_fw/09_uart2_3/src/lib/stm32f407vgt6_cube/USB_DEVICE/App" -I"D:/git/stm32f407vgt6/stm32f407vgt6_fw/09_uart2_3/src/lib/stm32f407vgt6_cube/USB_DEVICE/Target" -O0 -ffunction-sections -fdata-sections -Wall -fstack-usage -fcyclomatic-complexity -MMD -MP -MF"src/hw/hw.d" -MT"src/hw/hw.o" --specs=nano.specs -mfloat-abi=soft -mthumb -o "src/hw/hw.o"
arm-none-eabi-gcc "../src/common/core/qbuffer.c" -mcpu=cortex-m4 -std=gnu11 -g3 -DSTM32F407xx -c -I"D:/git/stm32f407vgt6/stm32f407vgt6_fw/09_uart2_3/src/lib/stm32f407vgt6_cube/Drivers/CMSIS/Device/ST/STM32F4xx/Include" -I"D:/git/stm32f407vgt6/stm32f407vgt6_fw/09_uart2_3/src/lib/stm32f407vgt6_cube/Drivers/CMSIS/Include" -I"D:/git/stm32f407vgt6/stm32f407vgt6_fw/09_uart2_3/src" -I"D:/git/stm32f407vgt6/stm32f407vgt6_fw/09_uart2_3/src/lib/stm32f407vgt6_cube/Drivers/STM32F4xx_HAL_Driver/Inc" -I"D:/git/stm32f407vgt6/stm32f407vgt6_fw/09_uart2_3/src/ap" -I"D:/git/stm32f407vgt6/stm32f407vgt6_fw/09_uart2_3/src/bsp" -I"D:/git/stm32f407vgt6/stm32f407vgt6_fw/09_uart2_3/src/common" -I"D:/git/stm32f407vgt6/stm32f407vgt6_fw/09_uart2_3/src/hw" -I"D:/git/stm32f407vgt6/stm32f407vgt6_fw/09_uart2_3/src/bsp/ldscript" -I"D:/git/stm32f407vgt6/stm32f407vgt6_fw/09_uart2_3/src/bsp/startup" -I"D:/git/stm32f407vgt6/stm32f407vgt6_fw/09_uart2_3/src/common/include" -I"D:/git/stm32f407vgt6/stm32f407vgt6_fw/09_uart2_3/src/common/core" -I"D:/git/stm32f407vgt6/stm32f407vgt6_fw/09_uart2_3/src/lib/stm32f407vgt6_cube/Middlewares/ST/STM32_USB_Device_Library/Class/CDC/Inc" -I"D:/git/stm32f407vgt6/stm32f407vgt6_fw/09_uart2_3/src/lib/stm32f407vgt6_cube/Middlewares/ST/STM32_USB_Device_Library/Core/Inc" -I"D:/git/stm32f407vgt6/stm32f407vgt6_fw/09_uart2_3/src/lib/stm32f407vgt6_cube/USB_DEVICE/App" -I"D:/git/stm32f407vgt6/stm32f407vgt6_fw/09_uart2_3/src/lib/stm32f407vgt6_cube/USB_DEVICE/Target" -O0 -ffunction-sections -fdata-sections -Wall -fstack-usage -fcyclomatic-complexity -MMD -MP -MF"src/common/core/qbuffer.d" -MT"src/common/core/qbuffer.o" --specs=nano.specs -mfloat-abi=soft -mthumb -o "src/common/core/qbuffer.o"
arm-none-eabi-gcc -mcpu=cortex-m4 -g3 -c -I"D:/git/stm32f407vgt6/stm32f407vgt6_fw/09_uart2_3/src/common/core" -I"D:/git/stm32f407vgt6/stm32f407vgt6_fw/09_uart2_3/src/lib/stm32f407vgt6_cube/Middlewares/ST/STM32_USB_Device_Library/Class/CDC/Inc" -I"D:/git/stm32f407vgt6/stm32f407vgt6_fw/09_uart2_3/src/lib/stm32f407vgt6_cube/Middlewares/ST/STM32_USB_Device_Library/Core/Inc" -I"D:/git/stm32f407vgt6/stm32f407vgt6_fw/09_uart2_3/src/lib/stm32f407vgt6_cube/USB_DEVICE/App" -I"D:/git/stm32f407vgt6/stm32f407vgt6_fw/09_uart2_3/src/lib/stm32f407vgt6_cube/USB_DEVICE/Target" -x assembler-with-cpp -MMD -MP -MF"src/bsp/startup/startup_stm32f407vgtx.d" -MT"src/bsp/startup/startup_stm32f407vgtx.o" --specs=nano.specs -mfloat-abi=soft -mthumb -o "src/bsp/startup/startup_stm32f407vgtx.o" "../src/bsp/startup/startup_stm32f407vgtx.s"
arm-none-eabi-gcc "../src/bsp/bsp.c" -mcpu=cortex-m4 -std=gnu11 -g3 -DSTM32F407xx -c -I"D:/git/stm32f407vgt6/stm32f407vgt6_fw/09_uart2_3/src/lib/stm32f407vgt6_cube/Drivers/CMSIS/Device/ST/STM32F4xx/Include" -I"D:/git/stm32f407vgt6/stm32f407vgt6_fw/09_uart2_3/src/lib/stm32f407vgt6_cube/Drivers/CMSIS/Include" -I"D:/git/stm32f407vgt6/stm32f407vgt6_fw/09_uart2_3/src" -I"D:/git/stm32f407vgt6/stm32f407vgt6_fw/09_uart2_3/src/lib/stm32f407vgt6_cube/Drivers/STM32F4xx_HAL_Driver/Inc" -I"D:/git/stm32f407vgt6/stm32f407vgt6_fw/09_uart2_3/src/ap" -I"D:/git/stm32f407vgt6/stm32f407vgt6_fw/09_uart2_3/src/bsp" -I"D:/git/stm32f407vgt6/stm32f407vgt6_fw/09_uart2_3/src/common" -I"D:/git/stm32f407vgt6/stm32f407vgt6_fw/09_uart2_3/src/hw" -I"D:/git/stm32f407vgt6/stm32f407vgt6_fw/09_uart2_3/src/bsp/ldscript" -I"D:/git/stm32f407vgt6/stm32f407vgt6_fw/09_uart2_3/src/bsp/startup" -I"D:/git/stm32f407vgt6/stm32f407vgt6_fw/09_uart2_3/src/common/include" -I"D:/git/stm32f407vgt6/stm32f407vgt6_fw/09_uart2_3/src/common/core" -I"D:/git/stm32f407vgt6/stm32f407vgt6_fw/09_uart2_3/src/lib/stm32f407vgt6_cube/Middlewares/ST/STM32_USB_Device_Library/Class/CDC/Inc" -I"D:/git/stm32f407vgt6/stm32f407vgt6_fw/09_uart2_3/src/lib/stm32f407vgt6_cube/Middlewares/ST/STM32_USB_Device_Library/Core/Inc" -I"D:/git/stm32f407vgt6/stm32f407vgt6_fw/09_uart2_3/src/lib/stm32f407vgt6_cube/USB_DEVICE/App" -I"D:/git/stm32f407vgt6/stm32f407vgt6_fw/09_uart2_3/src/lib/stm32f407vgt6_cube/USB_DEVICE/Target" -O0 -ffunction-sections -fdata-sections -Wall -fstack-usage -fcyclomatic-complexity -MMD -MP -MF"src/bsp/bsp.d" -MT"src/bsp/bsp.o" --specs=nano.specs -mfloat-abi=soft -mthumb -o "src/bsp/bsp.o"
arm-none-eabi-gcc "../src/bsp/stm32f4xx_hal_msp.c" -mcpu=cortex-m4 -std=gnu11 -g3 -DSTM32F407xx -c -I"D:/git/stm32f407vgt6/stm32f407vgt6_fw/09_uart2_3/src/lib/stm32f407vgt6_cube/Drivers/CMSIS/Device/ST/STM32F4xx/Include" -I"D:/git/stm32f407vgt6/stm32f407vgt6_fw/09_uart2_3/src/lib/stm32f407vgt6_cube/Drivers/CMSIS/Include" -I"D:/git/stm32f407vgt6/stm32f407vgt6_fw/09_uart2_3/src" -I"D:/git/stm32f407vgt6/stm32f407vgt6_fw/09_uart2_3/src/lib/stm32f407vgt6_cube/Drivers/STM32F4xx_HAL_Driver/Inc" -I"D:/git/stm32f407vgt6/stm32f407vgt6_fw/09_uart2_3/src/ap" -I"D:/git/stm32f407vgt6/stm32f407vgt6_fw/09_uart2_3/src/bsp" -I"D:/git/stm32f407vgt6/stm32f407vgt6_fw/09_uart2_3/src/common" -I"D:/git/stm32f407vgt6/stm32f407vgt6_fw/09_uart2_3/src/hw" -I"D:/git/stm32f407vgt6/stm32f407vgt6_fw/09_uart2_3/src/bsp/ldscript" -I"D:/git/stm32f407vgt6/stm32f407vgt6_fw/09_uart2_3/src/bsp/startup" -I"D:/git/stm32f407vgt6/stm32f407vgt6_fw/09_uart2_3/src/common/include" -I"D:/git/stm32f407vgt6/stm32f407vgt6_fw/09_uart2_3/src/common/core" -I"D:/git/stm32f407vgt6/stm32f407vgt6_fw/09_uart2_3/src/lib/stm32f407vgt6_cube/Middlewares/ST/STM32_USB_Device_Library/Class/CDC/Inc" -I"D:/git/stm32f407vgt6/stm32f407vgt6_fw/09_uart2_3/src/lib/stm32f407vgt6_cube/Middlewares/ST/STM32_USB_Device_Library/Core/Inc" -I"D:/git/stm32f407vgt6/stm32f407vgt6_fw/09_uart2_3/src/lib/stm32f407vgt6_cube/USB_DEVICE/App" -I"D:/git/stm32f407vgt6/stm32f407vgt6_fw/09_uart2_3/src/lib/stm32f407vgt6_cube/USB_DEVICE/Target" -O0 -ffunction-sections -fdata-sections -Wall -fstack-usage -fcyclomatic-complexity -MMD -MP -MF"src/bsp/stm32f4xx_hal_msp.d" -MT"src/bsp/stm32f4xx_hal_msp.o" --specs=nano.specs -mfloat-abi=soft -mthumb -o "src/bsp/stm32f4xx_hal_msp.o"
arm-none-eabi-gcc "../src/bsp/stm32f4xx_it.c" -mcpu=cortex-m4 -std=gnu11 -g3 -DSTM32F407xx -c -I"D:/git/stm32f407vgt6/stm32f407vgt6_fw/09_uart2_3/src/lib/stm32f407vgt6_cube/Drivers/CMSIS/Device/ST/STM32F4xx/Include" -I"D:/git/stm32f407vgt6/stm32f407vgt6_fw/09_uart2_3/src/lib/stm32f407vgt6_cube/Drivers/CMSIS/Include" -I"D:/git/stm32f407vgt6/stm32f407vgt6_fw/09_uart2_3/src" -I"D:/git/stm32f407vgt6/stm32f407vgt6_fw/09_uart2_3/src/lib/stm32f407vgt6_cube/Drivers/STM32F4xx_HAL_Driver/Inc" -I"D:/git/stm32f407vgt6/stm32f407vgt6_fw/09_uart2_3/src/ap" -I"D:/git/stm32f407vgt6/stm32f407vgt6_fw/09_uart2_3/src/bsp" -I"D:/git/stm32f407vgt6/stm32f407vgt6_fw/09_uart2_3/src/common" -I"D:/git/stm32f407vgt6/stm32f407vgt6_fw/09_uart2_3/src/hw" -I"D:/git/stm32f407vgt6/stm32f407vgt6_fw/09_uart2_3/src/bsp/ldscript" -I"D:/git/stm32f407vgt6/stm32f407vgt6_fw/09_uart2_3/src/bsp/startup" -I"D:/git/stm32f407vgt6/stm32f407vgt6_fw/09_uart2_3/src/common/include" -I"D:/git/stm32f407vgt6/stm32f407vgt6_fw/09_uart2_3/src/common/core" -I"D:/git/stm32f407vgt6/stm32f407vgt6_fw/09_uart2_3/src/lib/stm32f407vgt6_cube/Middlewares/ST/STM32_USB_Device_Library/Class/CDC/Inc" -I"D:/git/stm32f407vgt6/stm32f407vgt6_fw/09_uart2_3/src/lib/stm32f407vgt6_cube/Middlewares/ST/STM32_USB_Device_Library/Core/Inc" -I"D:/git/stm32f407vgt6/stm32f407vgt6_fw/09_uart2_3/src/lib/stm32f407vgt6_cube/USB_DEVICE/App" -I"D:/git/stm32f407vgt6/stm32f407vgt6_fw/09_uart2_3/src/lib/stm32f407vgt6_cube/USB_DEVICE/Target" -O0 -ffunction-sections -fdata-sections -Wall -fstack-usage -fcyclomatic-complexity -MMD -MP -MF"src/bsp/stm32f4xx_it.d" -MT"src/bsp/stm32f4xx_it.o" --specs=nano.specs -mfloat-abi=soft -mthumb -o "src/bsp/stm32f4xx_it.o"
../src/hw/core/timer.c: In function 'HAL_TIM_OC_DelayElapsedCallback':
../src/hw/core/timer.c:227:3: warning: implicit declaration of function 'swtimerISR' [-Wimplicit-function-declaration]
  227 |   swtimerISR();
      |   ^~~~~~~~~~
arm-none-eabi-gcc "../src/bsp/syscalls.c" -mcpu=cortex-m4 -std=gnu11 -g3 -DSTM32F407xx -c -I"D:/git/stm32f407vgt6/stm32f407vgt6_fw/09_uart2_3/src/lib/stm32f407vgt6_cube/Drivers/CMSIS/Device/ST/STM32F4xx/Include" -I"D:/git/stm32f407vgt6/stm32f407vgt6_fw/09_uart2_3/src/lib/stm32f407vgt6_cube/Drivers/CMSIS/Include" -I"D:/git/stm32f407vgt6/stm32f407vgt6_fw/09_uart2_3/src" -I"D:/git/stm32f407vgt6/stm32f407vgt6_fw/09_uart2_3/src/lib/stm32f407vgt6_cube/Drivers/STM32F4xx_HAL_Driver/Inc" -I"D:/git/stm32f407vgt6/stm32f407vgt6_fw/09_uart2_3/src/ap" -I"D:/git/stm32f407vgt6/stm32f407vgt6_fw/09_uart2_3/src/bsp" -I"D:/git/stm32f407vgt6/stm32f407vgt6_fw/09_uart2_3/src/common" -I"D:/git/stm32f407vgt6/stm32f407vgt6_fw/09_uart2_3/src/hw" -I"D:/git/stm32f407vgt6/stm32f407vgt6_fw/09_uart2_3/src/bsp/ldscript" -I"D:/git/stm32f407vgt6/stm32f407vgt6_fw/09_uart2_3/src/bsp/startup" -I"D:/git/stm32f407vgt6/stm32f407vgt6_fw/09_uart2_3/src/common/include" -I"D:/git/stm32f407vgt6/stm32f407vgt6_fw/09_uart2_3/src/common/core" -I"D:/git/stm32f407vgt6/stm32f407vgt6_fw/09_uart2_3/src/lib/stm32f407vgt6_cube/Middlewares/ST/STM32_USB_Device_Library/Class/CDC/Inc" -I"D:/git/stm32f407vgt6/stm32f407vgt6_fw/09_uart2_3/src/lib/stm32f407vgt6_cube/Middlewares/ST/STM32_USB_Device_Library/Core/Inc" -I"D:/git/stm32f407vgt6/stm32f407vgt6_fw/09_uart2_3/src/lib/stm32f407vgt6_cube/USB_DEVICE/App" -I"D:/git/stm32f407vgt6/stm32f407vgt6_fw/09_uart2_3/src/lib/stm32f407vgt6_cube/USB_DEVICE/Target" -O0 -ffunction-sections -fdata-sections -Wall -fstack-usage -fcyclomatic-complexity -MMD -MP -MF"src/bsp/syscalls.d" -MT"src/bsp/syscalls.o" --specs=nano.specs -mfloat-abi=soft -mthumb -o "src/bsp/syscalls.o"
arm-none-eabi-gcc "../src/bsp/sysmem.c" -mcpu=cortex-m4 -std=gnu11 -g3 -DSTM32F407xx -c -I"D:/git/stm32f407vgt6/stm32f407vgt6_fw/09_uart2_3/src/lib/stm32f407vgt6_cube/Drivers/CMSIS/Device/ST/STM32F4xx/Include" -I"D:/git/stm32f407vgt6/stm32f407vgt6_fw/09_uart2_3/src/lib/stm32f407vgt6_cube/Drivers/CMSIS/Include" -I"D:/git/stm32f407vgt6/stm32f407vgt6_fw/09_uart2_3/src" -I"D:/git/stm32f407vgt6/stm32f407vgt6_fw/09_uart2_3/src/lib/stm32f407vgt6_cube/Drivers/STM32F4xx_HAL_Driver/Inc" -I"D:/git/stm32f407vgt6/stm32f407vgt6_fw/09_uart2_3/src/ap" -I"D:/git/stm32f407vgt6/stm32f407vgt6_fw/09_uart2_3/src/bsp" -I"D:/git/stm32f407vgt6/stm32f407vgt6_fw/09_uart2_3/src/common" -I"D:/git/stm32f407vgt6/stm32f407vgt6_fw/09_uart2_3/src/hw" -I"D:/git/stm32f407vgt6/stm32f407vgt6_fw/09_uart2_3/src/bsp/ldscript" -I"D:/git/stm32f407vgt6/stm32f407vgt6_fw/09_uart2_3/src/bsp/startup" -I"D:/git/stm32f407vgt6/stm32f407vgt6_fw/09_uart2_3/src/common/include" -I"D:/git/stm32f407vgt6/stm32f407vgt6_fw/09_uart2_3/src/common/core" -I"D:/git/stm32f407vgt6/stm32f407vgt6_fw/09_uart2_3/src/lib/stm32f407vgt6_cube/Middlewares/ST/STM32_USB_Device_Library/Class/CDC/Inc" -I"D:/git/stm32f407vgt6/stm32f407vgt6_fw/09_uart2_3/src/lib/stm32f407vgt6_cube/Middlewares/ST/STM32_USB_Device_Library/Core/Inc" -I"D:/git/stm32f407vgt6/stm32f407vgt6_fw/09_uart2_3/src/lib/stm32f407vgt6_cube/USB_DEVICE/App" -I"D:/git/stm32f407vgt6/stm32f407vgt6_fw/09_uart2_3/src/lib/stm32f407vgt6_cube/USB_DEVICE/Target" -O0 -ffunction-sections -fdata-sections -Wall -fstack-usage -fcyclomatic-complexity -MMD -MP -MF"src/bsp/sysmem.d" -MT"src/bsp/sysmem.o" --specs=nano.specs -mfloat-abi=soft -mthumb -o "src/bsp/sysmem.o"
arm-none-eabi-gcc "../src/bsp/system_stm32f4xx.c" -mcpu=cortex-m4 -std=gnu11 -g3 -DSTM32F407xx -c -I"D:/git/stm32f407vgt6/stm32f407vgt6_fw/09_uart2_3/src/lib/stm32f407vgt6_cube/Drivers/CMSIS/Device/ST/STM32F4xx/Include" -I"D:/git/stm32f407vgt6/stm32f407vgt6_fw/09_uart2_3/src/lib/stm32f407vgt6_cube/Drivers/CMSIS/Include" -I"D:/git/stm32f407vgt6/stm32f407vgt6_fw/09_uart2_3/src" -I"D:/git/stm32f407vgt6/stm32f407vgt6_fw/09_uart2_3/src/lib/stm32f407vgt6_cube/Drivers/STM32F4xx_HAL_Driver/Inc" -I"D:/git/stm32f407vgt6/stm32f407vgt6_fw/09_uart2_3/src/ap" -I"D:/git/stm32f407vgt6/stm32f407vgt6_fw/09_uart2_3/src/bsp" -I"D:/git/stm32f407vgt6/stm32f407vgt6_fw/09_uart2_3/src/common" -I"D:/git/stm32f407vgt6/stm32f407vgt6_fw/09_uart2_3/src/hw" -I"D:/git/stm32f407vgt6/stm32f407vgt6_fw/09_uart2_3/src/bsp/ldscript" -I"D:/git/stm32f407vgt6/stm32f407vgt6_fw/09_uart2_3/src/bsp/startup" -I"D:/git/stm32f407vgt6/stm32f407vgt6_fw/09_uart2_3/src/common/include" -I"D:/git/stm32f407vgt6/stm32f407vgt6_fw/09_uart2_3/src/common/core" -I"D:/git/stm32f407vgt6/stm32f407vgt6_fw/09_uart2_3/src/lib/stm32f407vgt6_cube/Middlewares/ST/STM32_USB_Device_Library/Class/CDC/Inc" -I"D:/git/stm32f407vgt6/stm32f407vgt6_fw/09_uart2_3/src/lib/stm32f407vgt6_cube/Middlewares/ST/STM32_USB_Device_Library/Core/Inc" -I"D:/git/stm32f407vgt6/stm32f407vgt6_fw/09_uart2_3/src/lib/stm32f407vgt6_cube/USB_DEVICE/App" -I"D:/git/stm32f407vgt6/stm32f407vgt6_fw/09_uart2_3/src/lib/stm32f407vgt6_cube/USB_DEVICE/Target" -O0 -ffunction-sections -fdata-sections -Wall -fstack-usage -fcyclomatic-complexity -MMD -MP -MF"src/bsp/system_stm32f4xx.d" -MT"src/bsp/system_stm32f4xx.o" --specs=nano.specs -mfloat-abi=soft -mthumb -o "src/bsp/system_stm32f4xx.o"
arm-none-eabi-gcc "../src/ap/ap.c" -mcpu=cortex-m4 -std=gnu11 -g3 -DSTM32F407xx -c -I"D:/git/stm32f407vgt6/stm32f407vgt6_fw/09_uart2_3/src/lib/stm32f407vgt6_cube/Drivers/CMSIS/Device/ST/STM32F4xx/Include" -I"D:/git/stm32f407vgt6/stm32f407vgt6_fw/09_uart2_3/src/lib/stm32f407vgt6_cube/Drivers/CMSIS/Include" -I"D:/git/stm32f407vgt6/stm32f407vgt6_fw/09_uart2_3/src" -I"D:/git/stm32f407vgt6/stm32f407vgt6_fw/09_uart2_3/src/lib/stm32f407vgt6_cube/Drivers/STM32F4xx_HAL_Driver/Inc" -I"D:/git/stm32f407vgt6/stm32f407vgt6_fw/09_uart2_3/src/ap" -I"D:/git/stm32f407vgt6/stm32f407vgt6_fw/09_uart2_3/src/bsp" -I"D:/git/stm32f407vgt6/stm32f407vgt6_fw/09_uart2_3/src/common" -I"D:/git/stm32f407vgt6/stm32f407vgt6_fw/09_uart2_3/src/hw" -I"D:/git/stm32f407vgt6/stm32f407vgt6_fw/09_uart2_3/src/bsp/ldscript" -I"D:/git/stm32f407vgt6/stm32f407vgt6_fw/09_uart2_3/src/bsp/startup" -I"D:/git/stm32f407vgt6/stm32f407vgt6_fw/09_uart2_3/src/common/include" -I"D:/git/stm32f407vgt6/stm32f407vgt6_fw/09_uart2_3/src/common/core" -I"D:/git/stm32f407vgt6/stm32f407vgt6_fw/09_uart2_3/src/lib/stm32f407vgt6_cube/Middlewares/ST/STM32_USB_Device_Library/Class/CDC/Inc" -I"D:/git/stm32f407vgt6/stm32f407vgt6_fw/09_uart2_3/src/lib/stm32f407vgt6_cube/Middlewares/ST/STM32_USB_Device_Library/Core/Inc" -I"D:/git/stm32f407vgt6/stm32f407vgt6_fw/09_uart2_3/src/lib/stm32f407vgt6_cube/USB_DEVICE/App" -I"D:/git/stm32f407vgt6/stm32f407vgt6_fw/09_uart2_3/src/lib/stm32f407vgt6_cube/USB_DEVICE/Target" -O0 -ffunction-sections -fdata-sections -Wall -fstack-usage -fcyclomatic-complexity -MMD -MP -MF"src/ap/ap.d" -MT"src/ap/ap.o" --specs=nano.specs -mfloat-abi=soft -mthumb -o "src/ap/ap.o"
arm-none-eabi-gcc "../src/main.c" -mcpu=cortex-m4 -std=gnu11 -g3 -DSTM32F407xx -c -I"D:/git/stm32f407vgt6/stm32f407vgt6_fw/09_uart2_3/src/lib/stm32f407vgt6_cube/Drivers/CMSIS/Device/ST/STM32F4xx/Include" -I"D:/git/stm32f407vgt6/stm32f407vgt6_fw/09_uart2_3/src/lib/stm32f407vgt6_cube/Drivers/CMSIS/Include" -I"D:/git/stm32f407vgt6/stm32f407vgt6_fw/09_uart2_3/src" -I"D:/git/stm32f407vgt6/stm32f407vgt6_fw/09_uart2_3/src/lib/stm32f407vgt6_cube/Drivers/STM32F4xx_HAL_Driver/Inc" -I"D:/git/stm32f407vgt6/stm32f407vgt6_fw/09_uart2_3/src/ap" -I"D:/git/stm32f407vgt6/stm32f407vgt6_fw/09_uart2_3/src/bsp" -I"D:/git/stm32f407vgt6/stm32f407vgt6_fw/09_uart2_3/src/common" -I"D:/git/stm32f407vgt6/stm32f407vgt6_fw/09_uart2_3/src/hw" -I"D:/git/stm32f407vgt6/stm32f407vgt6_fw/09_uart2_3/src/bsp/ldscript" -I"D:/git/stm32f407vgt6/stm32f407vgt6_fw/09_uart2_3/src/bsp/startup" -I"D:/git/stm32f407vgt6/stm32f407vgt6_fw/09_uart2_3/src/common/include" -I"D:/git/stm32f407vgt6/stm32f407vgt6_fw/09_uart2_3/src/common/core" -I"D:/git/stm32f407vgt6/stm32f407vgt6_fw/09_uart2_3/src/lib/stm32f407vgt6_cube/Middlewares/ST/STM32_USB_Device_Library/Class/CDC/Inc" -I"D:/git/stm32f407vgt6/stm32f407vgt6_fw/09_uart2_3/src/lib/stm32f407vgt6_cube/Middlewares/ST/STM32_USB_Device_Library/Core/Inc" -I"D:/git/stm32f407vgt6/stm32f407vgt6_fw/09_uart2_3/src/lib/stm32f407vgt6_cube/USB_DEVICE/App" -I"D:/git/stm32f407vgt6/stm32f407vgt6_fw/09_uart2_3/src/lib/stm32f407vgt6_cube/USB_DEVICE/Target" -O0 -ffunction-sections -fdata-sections -Wall -fstack-usage -fcyclomatic-complexity -MMD -MP -MF"src/main.d" -MT"src/main.o" --specs=nano.specs -mfloat-abi=soft -mthumb -o "src/main.o"
arm-none-eabi-gcc -o "09_uart2_3.elf" @"objects.list"   -mcpu=cortex-m4 -T"D:\git\stm32f407vgt6\stm32f407vgt6_fw\09_uart2_3\src\bsp\ldscript\STM32F407VGTX_FLASH.ld" --specs=nosys.specs -Wl,-Map="09_uart2_3.map" -Wl,--gc-sections -static --specs=nano.specs -mfloat-abi=soft -mthumb -Wl,--start-group -lc -lm -Wl,--end-group
Finished building target: 09_uart2_3.elf
 
arm-none-eabi-size   09_uart2_3.elf 
arm-none-eabi-objdump -h -S  09_uart2_3.elf  > "09_uart2_3.list"
   text	   data	    bss	    dec	    hex	filename
  47476	    468	  11156	  59100	   e6dc	09_uart2_3.elf
arm-none-eabi-objcopy  -O ihex  09_uart2_3.elf  "09_uart2_3.hex"
arm-none-eabi-objcopy  -O binary  09_uart2_3.elf  "09_uart2_3.bin"
Finished building: default.size.stdout
 
Finished building: 09_uart2_3.hex
Finished building: 09_uart2_3.bin
 
 
Finished building: 09_uart2_3.list
 
00:28:49 **** Incremental Build of configuration Debug for project 09_uart2_3 ****
make -j16 all 
arm-none-eabi-size   09_uart2_3.elf 
   text	   data	    bss	    dec	    hex	filename
  47476	    468	  11156	  59100	   e6dc	09_uart2_3.elf
Finished building: default.size.stdout
 
00:29:42 **** Incremental Build of configuration Debug for project 09_uart2_3 ****
make -j16 all 
[...]
Finished building target: 09_uart2_3.elf
 
arm-none-eabi-size   09_uart2_3.elf 
arm-none-eabi-objdump -h -S  09_uart2_3.elf  > "09_uart2_3.list"
   text	   data	    bss	    dec	    hex	filename
  44632	    436	  11148	  56216	   db98	09_uart2_3.elf
arm-none-eabi-objcopy  -O ihex  09_uart2_3.elf  "09_uart2_3.hex"
arm-none-eabi-objcopy  -O binary  09_uart2_3.elf  "09_uart2_3.bin"
Finished building: default.size.stdout
 
Finished building: 09_uart2_3.hex
Finished building: 09_uart2_3.bin
 
 
Finished building: 09_uart2_3.list
 
00:08:57 **** Incremental Build of configuration Debug for project 09_uart2_3 ****
make -j16 all 
arm-none-eabi-size   09_uart2_3.elf 
   text	   data	    bss	    dec	    hex	filename
  44632	    436	  11148	  56216	   db98	09_uart2_3.elf
Finished building: default.size.stdout
 
00:10:28 **** Incremental Build of configuration Debug for project 09_uart2_3 ****
make -j16 all 
arm-none-eabi-gcc "../src/hw/core/uart.c" -mcpu=cortex-m4 -std=gnu11 -g3 -DSTM32F407xx -c -I"D:/git/stm32f407vgt6/stm32f407vgt6_fw/09_uart2_3/src/lib/stm32f407vgt6_cube/Drivers/CMSIS/Device/ST/STM32F4xx/Include" -I"D:/git/stm32f407vgt6/stm32f407vgt6_fw/09_uart2_3/src/lib/stm32f407vgt6_cube/Drivers/CMSIS/Include" -I"D:/git/stm32f407vgt6/stm32f407vgt6_fw/09_uart2_3/src" -I"D:/git/stm32f407vgt6/stm32f407vgt6_fw/09_uart2_3/src/lib/stm32f407vgt6_cube/Drivers/STM32F4xx_HAL_Driver/Inc" -I"D:/git/stm32f407vgt6/stm32f407vgt6_fw/09_uart2_3/src/ap" -I"D:/git/stm32f407vgt6/stm32f407vgt6_fw/09_uart2_3/src/bsp" -I"D:/git/stm32f407vgt6/stm32f407vgt6_fw/09_uart2_3/src/common" -I"D:/git/stm32f407vgt6/stm32f407vgt6_fw/09_uart2_3/src/hw" -I"D:/git/stm32f407vgt6/stm32f407vgt6_fw/09_uart2_3/src/bsp/ldscript" -I"D:/git/stm32f407vgt6/stm32f407vgt6_fw/09_uart2_3/src/bsp/startup" -I"D:/git/stm32f407vgt6/stm32f407vgt6_fw/09_uart2_3/src/common/include" -I"D:/git/stm32f407vgt6/stm32f407vgt6_fw/09_uart2_3/src/common/core" -I"D:/git/stm32f407vgt6/stm32f407vgt6_fw/09_uart2_3/src/lib/stm32f407vgt6_cube/Middlewares/ST/STM32_USB_Device_Library/Class/CDC/Inc" -I"D:/git/stm32f407vgt6/stm32f407vgt6_fw/09_uart2_3/src/lib/stm32f407vgt6_cube/Middlewares/ST/STM32_USB_Device_Library/Core/Inc" -I"D:/git/stm32f407vgt6/stm32f407vgt6_fw/09_uart2_3/src/lib/stm32f407vgt6_cube/USB_DEVICE/App" -I"D:/git/stm32f407vgt6/stm32f407vgt6_fw/09_uart2_3/src/lib/stm32f407vgt6_cube/USB_DEVICE/Target" -O0 -ffunction-sections -fdata-sections -Wall -fstack-usage -fcyclomatic-complexity -MMD -MP -MF"src/hw/core/uart.d" -MT"src/hw/core/uart.o" --specs=nano.specs -mfloat-abi=soft -mthumb -o "src/hw/core/uart.o"
arm-none-eabi-gcc -o "09_uart2_3.elf" @"objects.list"   -mcpu=cortex-m4 -T"D:\git\stm32f407vgt6\stm32f407vgt6_fw\09_uart2_3\src\bsp\ldscript\STM32F407VGTX_FLASH.ld" --specs=nosys.specs -Wl,-Map="09_uart2_3.map" -Wl,--gc-sections -static --specs=nano.specs -mfloat-abi=soft -mthumb -Wl,--start-group -lc -lm -Wl,--end-group
Finished building target: 09_uart2_3.elf
 
arm-none-eabi-size   09_uart2_3.elf 
arm-none-eabi-objdump -h -S  09_uart2_3.elf  > "09_uart2_3.list"
   text	   data	    bss	    dec	    hex	filename
  44624	    436	  11148	  56208	   db90	09_uart2_3.elf
arm-none-eabi-objcopy  -O ihex  09_uart2_3.elf  "09_uart2_3.hex"
arm-none-eabi-objcopy  -O binary  09_uart2_3.elf  "09_uart2_3.bin"
Finished building: default.size.stdout
 
Finished building: 09_uart2_3.hex
Finished building: 09_uart2_3.bin
 
 
Finished building: 09_uart2_3.list
 
00:10:34 **** Incremental Build of configuration Debug for project 09_uart2_3 ****
make -j16 all 
arm-none-eabi-gcc "../src/hw/core/uart.c" -mcpu=cortex-m4 -std=gnu11 -g3 -DSTM32F407xx -c -I"D:/git/stm32f407vgt6/stm32f407vgt6_fw/09_uart2_3/src/lib/stm32f407vgt6_cube/Drivers/CMSIS/Device/ST/STM32F4xx/Include" -I"D:/git/stm32f407vgt6/stm32f407vgt6_fw/09_uart2_3/src/lib/stm32f407vgt6_cube/Drivers/CMSIS/Include" -I"D:/git/stm32f407vgt6/stm32f407vgt6_fw/09_uart2_3/src" -I"D:/git/stm32f407vgt6/stm32f407vgt6_fw/09_uart2_3/src/lib/stm32f407vgt6_cube/Drivers/STM32F4xx_HAL_Driver/Inc" -I"D:/git/stm32f407vgt6/stm32f407vgt6_fw/09_uart2_3/src/ap" -I"D:/git/stm32f407vgt6/stm32f407vgt6_fw/09_uart2_3/src/bsp" -I"D:/git/stm32f407vgt6/stm32f407vgt6_fw/09_uart2_3/src/common" -I"D:/git/stm32f407vgt6/stm32f407vgt6_fw/09_uart2_3/src/hw" -I"D:/git/stm32f407vgt6/stm32f407vgt6_fw/09_uart2_3/src/bsp/ldscript" -I"D:/git/stm32f407vgt6/stm32f407vgt6_fw/09_uart2_3/src/bsp/startup" -I"D:/git/stm32f407vgt6/stm32f407vgt6_fw/09_uart2_3/src/common/include" -I"D:/git/stm32f407vgt6/stm32f407vgt6_fw/09_uart2_3/src/common/core" -I"D:/git/stm32f407vgt6/stm32f407vgt6_fw/09_uart2_3/src/lib/stm32f407vgt6_cube/Middlewares/ST/STM32_USB_Device_Library/Class/CDC/Inc" -I"D:/git/stm32f407vgt6/stm32f407vgt6_fw/09_uart2_3/src/lib/stm32f407vgt6_cube/Middlewares/ST/STM32_USB_Device_Library/Core/Inc" -I"D:/git/stm32f407vgt6/stm32f407vgt6_fw/09_uart2_3/src/lib/stm32f407vgt6_cube/USB_DEVICE/App" -I"D:/git/stm32f407vgt6/stm32f407vgt6_fw/09_uart2_3/src/lib/stm32f407vgt6_cube/USB_DEVICE/Target" -O0 -ffunction-sections -fdata-sections -Wall -fstack-usage -fcyclomatic-complexity -MMD -MP -MF"src/hw/core/uart.d" -MT"src/hw/core/uart.o" --specs=nano.specs -mfloat-abi=soft -mthumb -o "src/hw/core/uart.o"
arm-none-eabi-gcc -o "09_uart2_3.elf" @"objects.list"   -mcpu=cortex-m4 -T"D:\git\stm32f407vgt6\stm32f407vgt6_fw\09_uart2_3\src\bsp\ldscript\STM32F407VGTX_FLASH.ld" --specs=nosys.specs -Wl,-Map="09_uart2_3.map" -Wl,--gc-sections -static --specs=nano.specs -mfloat-abi=soft -mthumb -Wl,--start-group -lc -lm -Wl,--end-group
Finished building target: 09_uart2_3.elf
 
arm-none-eabi-size   09_uart2_3.elf 
arm-none-eabi-objdump -h -S  09_uart2_3.elf  > "09_uart2_3.list"
   text	   data	    bss	    dec	    hex	filename
  44624	    436	  11148	  56208	   db90	09_uart2_3.elf
arm-none-eabi-objcopy  -O ihex  09_uart2_3.elf  "09_uart2_3.hex"
arm-none-eabi-objcopy  -O binary  09_uart2_3.elf  "09_uart2_3.bin"
Finished building: default.size.stdout
 
Finished building: 09_uart2_3.hex
Finished building: 09_uart2_3.bin
 
 
Finished building: 09_uart2_3.list
 
00:10:38 **** Incremental Build of configuration Debug for project 09_uart2_3 ****
make -j16 all 
arm-none-eabi-size   09_uart2_3.elf 
   text	   data	    bss	    dec	    hex	filename
  44624	    436	  11148	  56208	   db90	09_uart2_3.elf
Finished building: default.size.stdout
 
00:12:43 **** Incremental Build of configuration Debug for project 09_uart2_3 ****
make -j16 all 
arm-none-eabi-gcc "../src/hw/core/uart.c" -mcpu=cortex-m4 -std=gnu11 -g3 -DSTM32F407xx -c -I"D:/git/stm32f407vgt6/stm32f407vgt6_fw/09_uart2_3/src/lib/stm32f407vgt6_cube/Drivers/CMSIS/Device/ST/STM32F4xx/Include" -I"D:/git/stm32f407vgt6/stm32f407vgt6_fw/09_uart2_3/src/lib/stm32f407vgt6_cube/Drivers/CMSIS/Include" -I"D:/git/stm32f407vgt6/stm32f407vgt6_fw/09_uart2_3/src" -I"D:/git/stm32f407vgt6/stm32f407vgt6_fw/09_uart2_3/src/lib/stm32f407vgt6_cube/Drivers/STM32F4xx_HAL_Driver/Inc" -I"D:/git/stm32f407vgt6/stm32f407vgt6_fw/09_uart2_3/src/ap" -I"D:/git/stm32f407vgt6/stm32f407vgt6_fw/09_uart2_3/src/bsp" -I"D:/git/stm32f407vgt6/stm32f407vgt6_fw/09_uart2_3/src/common" -I"D:/git/stm32f407vgt6/stm32f407vgt6_fw/09_uart2_3/src/hw" -I"D:/git/stm32f407vgt6/stm32f407vgt6_fw/09_uart2_3/src/bsp/ldscript" -I"D:/git/stm32f407vgt6/stm32f407vgt6_fw/09_uart2_3/src/bsp/startup" -I"D:/git/stm32f407vgt6/stm32f407vgt6_fw/09_uart2_3/src/common/include" -I"D:/git/stm32f407vgt6/stm32f407vgt6_fw/09_uart2_3/src/common/core" -I"D:/git/stm32f407vgt6/stm32f407vgt6_fw/09_uart2_3/src/lib/stm32f407vgt6_cube/Middlewares/ST/STM32_USB_Device_Library/Class/CDC/Inc" -I"D:/git/stm32f407vgt6/stm32f407vgt6_fw/09_uart2_3/src/lib/stm32f407vgt6_cube/Middlewares/ST/STM32_USB_Device_Library/Core/Inc" -I"D:/git/stm32f407vgt6/stm32f407vgt6_fw/09_uart2_3/src/lib/stm32f407vgt6_cube/USB_DEVICE/App" -I"D:/git/stm32f407vgt6/stm32f407vgt6_fw/09_uart2_3/src/lib/stm32f407vgt6_cube/USB_DEVICE/Target" -O0 -ffunction-sections -fdata-sections -Wall -fstack-usage -fcyclomatic-complexity -MMD -MP -MF"src/hw/core/uart.d" -MT"src/hw/core/uart.o" --specs=nano.specs -mfloat-abi=soft -mthumb -o "src/hw/core/uart.o"
arm-none-eabi-gcc -o "09_uart2_3.elf" @"objects.list"   -mcpu=cortex-m4 -T"D:\git\stm32f407vgt6\stm32f407vgt6_fw\09_uart2_3\src\bsp\ldscript\STM32F407VGTX_FLASH.ld" --specs=nosys.specs -Wl,-Map="09_uart2_3.map" -Wl,--gc-sections -static --specs=nano.specs -mfloat-abi=soft -mthumb -Wl,--start-group -lc -lm -Wl,--end-group
Finished building target: 09_uart2_3.elf
 
arm-none-eabi-size   09_uart2_3.elf 
arm-none-eabi-objdump -h -S  09_uart2_3.elf  > "09_uart2_3.list"
   text	   data	    bss	    dec	    hex	filename
  44624	    436	  11148	  56208	   db90	09_uart2_3.elf
arm-none-eabi-objcopy  -O ihex  09_uart2_3.elf  "09_uart2_3.hex"
arm-none-eabi-objcopy  -O binary  09_uart2_3.elf  "09_uart2_3.bin"
Finished building: default.size.stdout
 
Finished building: 09_uart2_3.hex
Finished building: 09_uart2_3.bin
 
 
Finished building: 09_uart2_3.list
 
00:12:46 **** Incremental Build of configuration Debug for project 09_uart2_3 ****
make -j16 all 
arm-none-eabi-size   09_uart2_3.elf 
   text	   data	    bss	    dec	    hex	filename
  44624	    436	  11148	  56208	   db90	09_uart2_3.elf
Finished building: default.size.stdout
 
00:15:16 **** Incremental Build of configuration Debug for project 09_uart2_3 ****
make -j16 all 
arm-none-eabi-gcc "../src/hw/core/uart.c" -mcpu=cortex-m4 -std=gnu11 -g3 -DSTM32F407xx -c -I"D:/git/stm32f407vgt6/stm32f407vgt6_fw/09_uart2_3/src/lib/stm32f407vgt6_cube/Drivers/CMSIS/Device/ST/STM32F4xx/Include" -I"D:/git/stm32f407vgt6/stm32f407vgt6_fw/09_uart2_3/src/lib/stm32f407vgt6_cube/Drivers/CMSIS/Include" -I"D:/git/stm32f407vgt6/stm32f407vgt6_fw/09_uart2_3/src" -I"D:/git/stm32f407vgt6/stm32f407vgt6_fw/09_uart2_3/src/lib/stm32f407vgt6_cube/Drivers/STM32F4xx_HAL_Driver/Inc" -I"D:/git/stm32f407vgt6/stm32f407vgt6_fw/09_uart2_3/src/ap" -I"D:/git/stm32f407vgt6/stm32f407vgt6_fw/09_uart2_3/src/bsp" -I"D:/git/stm32f407vgt6/stm32f407vgt6_fw/09_uart2_3/src/common" -I"D:/git/stm32f407vgt6/stm32f407vgt6_fw/09_uart2_3/src/hw" -I"D:/git/stm32f407vgt6/stm32f407vgt6_fw/09_uart2_3/src/bsp/ldscript" -I"D:/git/stm32f407vgt6/stm32f407vgt6_fw/09_uart2_3/src/bsp/startup" -I"D:/git/stm32f407vgt6/stm32f407vgt6_fw/09_uart2_3/src/common/include" -I"D:/git/stm32f407vgt6/stm32f407vgt6_fw/09_uart2_3/src/common/core" -I"D:/git/stm32f407vgt6/stm32f407vgt6_fw/09_uart2_3/src/lib/stm32f407vgt6_cube/Middlewares/ST/STM32_USB_Device_Library/Class/CDC/Inc" -I"D:/git/stm32f407vgt6/stm32f407vgt6_fw/09_uart2_3/src/lib/stm32f407vgt6_cube/Middlewares/ST/STM32_USB_Device_Library/Core/Inc" -I"D:/git/stm32f407vgt6/stm32f407vgt6_fw/09_uart2_3/src/lib/stm32f407vgt6_cube/USB_DEVICE/App" -I"D:/git/stm32f407vgt6/stm32f407vgt6_fw/09_uart2_3/src/lib/stm32f407vgt6_cube/USB_DEVICE/Target" -O0 -ffunction-sections -fdata-sections -Wall -fstack-usage -fcyclomatic-complexity -MMD -MP -MF"src/hw/core/uart.d" -MT"src/hw/core/uart.o" --specs=nano.specs -mfloat-abi=soft -mthumb -o "src/hw/core/uart.o"
arm-none-eabi-gcc -o "09_uart2_3.elf" @"objects.list"   -mcpu=cortex-m4 -T"D:\git\stm32f407vgt6\stm32f407vgt6_fw\09_uart2_3\src\bsp\ldscript\STM32F407VGTX_FLASH.ld" --specs=nosys.specs -Wl,-Map="09_uart2_3.map" -Wl,--gc-sections -static --specs=nano.specs -mfloat-abi=soft -mthumb -Wl,--start-group -lc -lm -Wl,--end-group
Finished building target: 09_uart2_3.elf
 
arm-none-eabi-size   09_uart2_3.elf 
arm-none-eabi-objdump -h -S  09_uart2_3.elf  > "09_uart2_3.list"
   text	   data	    bss	    dec	    hex	filename
  44636	    436	  11148	  56220	   db9c	09_uart2_3.elf
arm-none-eabi-objcopy  -O ihex  09_uart2_3.elf  "09_uart2_3.hex"
arm-none-eabi-objcopy  -O binary  09_uart2_3.elf  "09_uart2_3.bin"
Finished building: default.size.stdout
 
Finished building: 09_uart2_3.hex
Finished building: 09_uart2_3.bin
 
 
Finished building: 09_uart2_3.list
 
00:15:20 **** Incremental Build of configuration Debug for project 09_uart2_3 ****
make -j16 all 
arm-none-eabi-size   09_uart2_3.elf 
   text	   data	    bss	    dec	    hex	filename
  44636	    436	  11148	  56220	   db9c	09_uart2_3.elf
Finished building: default.size.stdout
 
00:21:57 **** Incremental Build of configuration Debug for project 09_uart2_3 ****
make -j16 all 
arm-none-eabi-gcc "../src/hw/core/uart.c" -mcpu=cortex-m4 -std=gnu11 -g3 -DSTM32F407xx -c -I"D:/git/stm32f407vgt6/stm32f407vgt6_fw/09_uart2_3/src/lib/stm32f407vgt6_cube/Drivers/CMSIS/Device/ST/STM32F4xx/Include" -I"D:/git/stm32f407vgt6/stm32f407vgt6_fw/09_uart2_3/src/lib/stm32f407vgt6_cube/Drivers/CMSIS/Include" -I"D:/git/stm32f407vgt6/stm32f407vgt6_fw/09_uart2_3/src" -I"D:/git/stm32f407vgt6/stm32f407vgt6_fw/09_uart2_3/src/lib/stm32f407vgt6_cube/Drivers/STM32F4xx_HAL_Driver/Inc" -I"D:/git/stm32f407vgt6/stm32f407vgt6_fw/09_uart2_3/src/ap" -I"D:/git/stm32f407vgt6/stm32f407vgt6_fw/09_uart2_3/src/bsp" -I"D:/git/stm32f407vgt6/stm32f407vgt6_fw/09_uart2_3/src/common" -I"D:/git/stm32f407vgt6/stm32f407vgt6_fw/09_uart2_3/src/hw" -I"D:/git/stm32f407vgt6/stm32f407vgt6_fw/09_uart2_3/src/bsp/ldscript" -I"D:/git/stm32f407vgt6/stm32f407vgt6_fw/09_uart2_3/src/bsp/startup" -I"D:/git/stm32f407vgt6/stm32f407vgt6_fw/09_uart2_3/src/common/include" -I"D:/git/stm32f407vgt6/stm32f407vgt6_fw/09_uart2_3/src/common/core" -I"D:/git/stm32f407vgt6/stm32f407vgt6_fw/09_uart2_3/src/lib/stm32f407vgt6_cube/Middlewares/ST/STM32_USB_Device_Library/Class/CDC/Inc" -I"D:/git/stm32f407vgt6/stm32f407vgt6_fw/09_uart2_3/src/lib/stm32f407vgt6_cube/Middlewares/ST/STM32_USB_Device_Library/Core/Inc" -I"D:/git/stm32f407vgt6/stm32f407vgt6_fw/09_uart2_3/src/lib/stm32f407vgt6_cube/USB_DEVICE/App" -I"D:/git/stm32f407vgt6/stm32f407vgt6_fw/09_uart2_3/src/lib/stm32f407vgt6_cube/USB_DEVICE/Target" -O0 -ffunction-sections -fdata-sections -Wall -fstack-usage -fcyclomatic-complexity -MMD -MP -MF"src/hw/core/uart.d" -MT"src/hw/core/uart.o" --specs=nano.specs -mfloat-abi=soft -mthumb -o "src/hw/core/uart.o"
../src/hw/core/uart.c: In function 'uartStartRx':
../src/hw/core/uart.c:250:55: error: 'qbuffer_t' has no member named 'in'
  250 |         p_uart->qbuffer_rx.ptr_in = p_uart->qbuffer_rx.in - p_uart->hdma_rx.Instance->NDTR;
      |                                                       ^
make: *** [src/hw/core/subdir.mk:31: src/hw/core/uart.o] Error 1
"make -j16 all" terminated with exit code 2. Build might be incomplete.
00:22:12 **** Incremental Build of configuration Debug for project 09_uart2_3 ****
make -j16 all 
arm-none-eabi-gcc "../src/hw/core/uart.c" -mcpu=cortex-m4 -std=gnu11 -g3 -DSTM32F407xx -c -I"D:/git/stm32f407vgt6/stm32f407vgt6_fw/09_uart2_3/src/lib/stm32f407vgt6_cube/Drivers/CMSIS/Device/ST/STM32F4xx/Include" -I"D:/git/stm32f407vgt6/stm32f407vgt6_fw/09_uart2_3/src/lib/stm32f407vgt6_cube/Drivers/CMSIS/Include" -I"D:/git/stm32f407vgt6/stm32f407vgt6_fw/09_uart2_3/src" -I"D:/git/stm32f407vgt6/stm32f407vgt6_fw/09_uart2_3/src/lib/stm32f407vgt6_cube/Drivers/STM32F4xx_HAL_Driver/Inc" -I"D:/git/stm32f407vgt6/stm32f407vgt6_fw/09_uart2_3/src/ap" -I"D:/git/stm32f407vgt6/stm32f407vgt6_fw/09_uart2_3/src/bsp" -I"D:/git/stm32f407vgt6/stm32f407vgt6_fw/09_uart2_3/src/common" -I"D:/git/stm32f407vgt6/stm32f407vgt6_fw/09_uart2_3/src/hw" -I"D:/git/stm32f407vgt6/stm32f407vgt6_fw/09_uart2_3/src/bsp/ldscript" -I"D:/git/stm32f407vgt6/stm32f407vgt6_fw/09_uart2_3/src/bsp/startup" -I"D:/git/stm32f407vgt6/stm32f407vgt6_fw/09_uart2_3/src/common/include" -I"D:/git/stm32f407vgt6/stm32f407vgt6_fw/09_uart2_3/src/common/core" -I"D:/git/stm32f407vgt6/stm32f407vgt6_fw/09_uart2_3/src/lib/stm32f407vgt6_cube/Middlewares/ST/STM32_USB_Device_Library/Class/CDC/Inc" -I"D:/git/stm32f407vgt6/stm32f407vgt6_fw/09_uart2_3/src/lib/stm32f407vgt6_cube/Middlewares/ST/STM32_USB_Device_Library/Core/Inc" -I"D:/git/stm32f407vgt6/stm32f407vgt6_fw/09_uart2_3/src/lib/stm32f407vgt6_cube/USB_DEVICE/App" -I"D:/git/stm32f407vgt6/stm32f407vgt6_fw/09_uart2_3/src/lib/stm32f407vgt6_cube/USB_DEVICE/Target" -O0 -ffunction-sections -fdata-sections -Wall -fstack-usage -fcyclomatic-complexity -MMD -MP -MF"src/hw/core/uart.d" -MT"src/hw/core/uart.o" --specs=nano.specs -mfloat-abi=soft -mthumb -o "src/hw/core/uart.o"
arm-none-eabi-gcc -o "09_uart2_3.elf" @"objects.list"   -mcpu=cortex-m4 -T"D:\git\stm32f407vgt6\stm32f407vgt6_fw\09_uart2_3\src\bsp\ldscript\STM32F407VGTX_FLASH.ld" --specs=nosys.specs -Wl,-Map="09_uart2_3.map" -Wl,--gc-sections -static --specs=nano.specs -mfloat-abi=soft -mthumb -Wl,--start-group -lc -lm -Wl,--end-group
Finished building target: 09_uart2_3.elf
 
arm-none-eabi-size   09_uart2_3.elf 
arm-none-eabi-objdump -h -S  09_uart2_3.elf  > "09_uart2_3.list"
   text	   data	    bss	    dec	    hex	filename
  44636	    436	  11148	  56220	   db9c	09_uart2_3.elf
arm-none-eabi-objcopy  -O ihex  09_uart2_3.elf  "09_uart2_3.hex"
arm-none-eabi-objcopy  -O binary  09_uart2_3.elf  "09_uart2_3.bin"
Finished building: default.size.stdout
 
Finished building: 09_uart2_3.hex
Finished building: 09_uart2_3.bin
 
 
Finished building: 09_uart2_3.list
 
00:22:16 **** Incremental Build of configuration Debug for project 09_uart2_3 ****
make -j16 all 
arm-none-eabi-size   09_uart2_3.elf 
   text	   data	    bss	    dec	    hex	filename
  44636	    436	  11148	  56220	   db9c	09_uart2_3.elf
Finished building: default.size.stdout
 
00:27:12 **** Incremental Build of configuration Debug for project 09_uart2_3 ****
make -j16 all 
arm-none-eabi-gcc "../src/hw/core/uart.c" -mcpu=cortex-m4 -std=gnu11 -g3 -DSTM32F407xx -c -I"D:/git/stm32f407vgt6/stm32f407vgt6_fw/09_uart2_3/src/lib/stm32f407vgt6_cube/Drivers/CMSIS/Device/ST/STM32F4xx/Include" -I"D:/git/stm32f407vgt6/stm32f407vgt6_fw/09_uart2_3/src/lib/stm32f407vgt6_cube/Drivers/CMSIS/Include" -I"D:/git/stm32f407vgt6/stm32f407vgt6_fw/09_uart2_3/src" -I"D:/git/stm32f407vgt6/stm32f407vgt6_fw/09_uart2_3/src/lib/stm32f407vgt6_cube/Drivers/STM32F4xx_HAL_Driver/Inc" -I"D:/git/stm32f407vgt6/stm32f407vgt6_fw/09_uart2_3/src/ap" -I"D:/git/stm32f407vgt6/stm32f407vgt6_fw/09_uart2_3/src/bsp" -I"D:/git/stm32f407vgt6/stm32f407vgt6_fw/09_uart2_3/src/common" -I"D:/git/stm32f407vgt6/stm32f407vgt6_fw/09_uart2_3/src/hw" -I"D:/git/stm32f407vgt6/stm32f407vgt6_fw/09_uart2_3/src/bsp/ldscript" -I"D:/git/stm32f407vgt6/stm32f407vgt6_fw/09_uart2_3/src/bsp/startup" -I"D:/git/stm32f407vgt6/stm32f407vgt6_fw/09_uart2_3/src/common/include" -I"D:/git/stm32f407vgt6/stm32f407vgt6_fw/09_uart2_3/src/common/core" -I"D:/git/stm32f407vgt6/stm32f407vgt6_fw/09_uart2_3/src/lib/stm32f407vgt6_cube/Middlewares/ST/STM32_USB_Device_Library/Class/CDC/Inc" -I"D:/git/stm32f407vgt6/stm32f407vgt6_fw/09_uart2_3/src/lib/stm32f407vgt6_cube/Middlewares/ST/STM32_USB_Device_Library/Core/Inc" -I"D:/git/stm32f407vgt6/stm32f407vgt6_fw/09_uart2_3/src/lib/stm32f407vgt6_cube/USB_DEVICE/App" -I"D:/git/stm32f407vgt6/stm32f407vgt6_fw/09_uart2_3/src/lib/stm32f407vgt6_cube/USB_DEVICE/Target" -O0 -ffunction-sections -fdata-sections -Wall -fstack-usage -fcyclomatic-complexity -MMD -MP -MF"src/hw/core/uart.d" -MT"src/hw/core/uart.o" --specs=nano.specs -mfloat-abi=soft -mthumb -o "src/hw/core/uart.o"
arm-none-eabi-gcc -o "09_uart2_3.elf" @"objects.list"   -mcpu=cortex-m4 -T"D:\git\stm32f407vgt6\stm32f407vgt6_fw\09_uart2_3\src\bsp\ldscript\STM32F407VGTX_FLASH.ld" --specs=nosys.specs -Wl,-Map="09_uart2_3.map" -Wl,--gc-sections -static --specs=nano.specs -mfloat-abi=soft -mthumb -Wl,--start-group -lc -lm -Wl,--end-group
Finished building target: 09_uart2_3.elf
 
arm-none-eabi-size   09_uart2_3.elf 
arm-none-eabi-objdump -h -S  09_uart2_3.elf  > "09_uart2_3.list"
   text	   data	    bss	    dec	    hex	filename
  44636	    436	  11148	  56220	   db9c	09_uart2_3.elf
arm-none-eabi-objcopy  -O ihex  09_uart2_3.elf  "09_uart2_3.hex"
arm-none-eabi-objcopy  -O binary  09_uart2_3.elf  "09_uart2_3.bin"
Finished building: default.size.stdout
 
Finished building: 09_uart2_3.hex
Finished building: 09_uart2_3.bin
 
 
Finished building: 09_uart2_3.list
 
